 Fermi distribution function

Calculation with static geometry


********************************************************************************
 iSCC Total electronic   Diff electronic      SCC error    
   15   -0.86312659E+02    0.15378352E-06    0.51522384E-05
********************************************************************************

 Total charge:     1.00000000

 Atomic gross charges (e)
 Atom           Charge
    1       0.02182906
    2      -0.04450007
    3       0.01997540
    4      -0.02935112
    5       0.04689997
    6       0.11616061
    7      -0.07368289
    8      -0.04999544
    9       0.01893042
   10       0.12383952
   11      -0.04962089
   12       0.04265791
   13       0.11827554
   14       0.11277083
   15       0.01830043
   16      -0.04868675
   17      -0.06413297
   18       0.11299326
   19      -0.08204162
   20      -0.07107712
   21       0.04205906
   22       0.11243290
   23      -0.05938373
   24       0.10090003
   25       0.11703398
   26       0.12091890
   27       0.04695895
   28      -0.06670802
   29       0.10225427
   30      -0.07554674
   31      -0.05575327
   32       0.10393711
   33      -0.04089847
   34       0.11193523
   35       0.10534750
   36       0.09489149
   37       0.03270193
   38      -0.12027524
   39       0.03984224
   40      -0.13874215
   41       0.03426292
   42       0.11357428
   43      -0.17570859
   44      -0.16877891
   45       0.03553878
   46       0.11920125
   47      -0.08294805
   48       0.03375870
   49       0.11558493
   50       0.11343184
   51       0.04160751
   52      -0.13704351
   53      -0.09330068
   54       0.11898054
   55      -0.13222825
   56      -0.15496401
   57       0.03481869
   58       0.10875276
   59      -0.09449470
   60       0.09099309
   61       0.07958303
   62       0.10844626
   63       0.04871882
   64      -0.11400044
   65       0.08203522
   66      -0.11614343
   67      -0.09290932
   68       0.09485848
   69      -0.10655081
   70       0.10724845
   71       0.09538301
   72       0.07884207


 Atomic net (on-site) populations and hybridisation ratios
 Atom       Population         Hybrid.
    1       2.72629556      0.31842611
    2       2.81033329      0.29741668
    3       2.73828602      0.31542849
    4       2.79442749      0.30139313
    5       2.69787417      0.32553146
    6       0.55937837      0.44062163
    7       2.84025001      0.28993750
    8       2.82167018      0.29458245
    9       2.72985119      0.31753720
   10       0.54944740      0.45055260
   11       2.78752590      0.30311853
   12       2.72667444      0.31833139
   13       0.54372242      0.45627758
   14       0.55775522      0.44224478
   15       2.73551069      0.31612233
   16       2.81627223      0.29593194
   17       2.78508466      0.30372884
   18       0.56419378      0.43580622
   19       2.81920388      0.29519903
   20       2.83003353      0.29249162
   21       2.71331643      0.32167089
   22       0.56103576      0.43896424
   23       2.80239340      0.29940165
   24       0.56357978      0.43642022
   25       0.54624062      0.45375938
   26       0.53944100      0.46055900
   27       2.70733444      0.32316639
   28       2.81872828      0.29531793
   29       0.56974978      0.43025022
   30       2.82045429      0.29488643
   31       2.77861467      0.30534633
   32       0.56727633      0.43272367
   33       2.77589523      0.30602619
   34       0.55915772      0.44084228
   35       0.56118312      0.43881688
   36       0.57964064      0.42035936
   37       2.71273436      0.32181641
   38       2.86682763      0.28329309
   39       2.71207382      0.32198155
   40       2.89729203      0.27567699
   41       2.72004275      0.31998931
   42       0.55313804      0.44686196
   43       2.91642095      0.27089476
   44       2.93578987      0.26605253
   45       2.71121701      0.32219575
   46       0.54080812      0.45919188
   47       2.81186656      0.29703336
   48       2.72360311      0.31909922
   49       0.53953108      0.46046892
   50       0.55283343      0.44716657
   51       2.69810902      0.32547275
   52       2.89514794      0.27621301
   53       2.81437458      0.29640635
   54       0.54255968      0.45744032
   55       2.85970555      0.28507361
   56       2.91460590      0.27134853
   57       2.71060177      0.32234956
   58       0.55884196      0.44115804
   59       2.82600684      0.29349829
   60       0.57501818      0.42498182
   61       0.58448116      0.41551884
   62       0.56324558      0.43675442
   63       2.67992421      0.33001895
   64       2.84863609      0.28784098
   65       0.58441321      0.41558679
   66       2.88172323      0.27956919
   67       2.79907879      0.30023030
   68       0.57046558      0.42953442
   69       2.85163645      0.28709089
   70       0.56444742      0.43555258
   71       0.56766545      0.43233455
   72       0.59281695      0.40718305

Nr. of electrons (up):    102.00000000
Atom populations (up)
 Atom       Population
    1       1.98019908
    2       2.08227855
    3       1.97852107
    4       2.08852110
    5       1.97903882
    6       0.43845097
    7       2.10843543
    8       2.11062097
    9       1.98162563
   10       0.43383460
   11       2.04420486
   12       1.97810482
   13       0.43707173
   14       0.43879819
   15       1.97922465
   16       2.08381760
   17       2.04832844
   18       0.44235297
   19       2.06514814
   20       2.10774502
   21       1.98067176
   22       0.44040927
   23       2.04088919
   24       0.44867808
   25       0.44016819
   26       0.43575345
   27       1.97506495
   28       2.05648979
   29       0.44822124
   30       2.06286697
   31       2.04162130
   32       0.44673697
   33       2.03284954
   34       0.44261934
   35       0.44659072
   36       0.45182301
   37       1.98355886
   38       2.06058330
   39       1.98009400
   40       2.06995701
   41       1.98280177
   42       0.44318833
   43       2.08786356
   44       2.08444673
   45       1.98217153
   46       0.44036840
   47       2.04169746
   48       1.98323364
   49       0.44220710
   50       0.44328092
   51       1.97921258
   52       2.06892718
   53       2.04660645
   54       0.44049772
   55       2.06607254
   56       2.07751995
   57       1.98260519
   58       0.44560109
   59       2.04753687
   60       0.45450603
   61       0.46021094
   62       0.44577472
   63       1.97573099
   64       2.05713597
   65       0.45896631
   66       2.05808826
   67       2.04652735
   68       0.45256315
   69       2.05343885
   70       0.44637472
   71       0.45230465
   72       0.46056951

l-shell populations (up)
 Atom Sh.   l       Population
    1   1   0       0.58955932
    1   2   1       1.39063976
    2   1   0       0.62707613
    2   2   1       1.45520242
    3   1   0       0.59262578
    3   2   1       1.38589529
    4   1   0       0.62871365
    4   2   1       1.45980745
    5   1   0       0.58914889
    5   2   1       1.38988993
    6   1   0       0.43845097
    7   1   0       0.62878618
    7   2   1       1.47964925
    8   1   0       0.63079854
    8   2   1       1.47982243
    9   1   0       0.58939138
    9   2   1       1.39223424
   10   1   0       0.43383460
   11   1   0       0.61704709
   11   2   1       1.42715777
   12   1   0       0.59663769
   12   2   1       1.38146713
   13   1   0       0.43707173
   14   1   0       0.43879819
   15   1   0       0.59087576
   15   2   1       1.38834889
   16   1   0       0.62771951
   16   2   1       1.45609808
   17   1   0       0.61354028
   17   2   1       1.43478815
   18   1   0       0.44235297
   19   1   0       0.61957828
   19   2   1       1.44556985
   20   1   0       0.62654437
   20   2   1       1.48120065
   21   1   0       0.59251456
   21   2   1       1.38815720
   22   1   0       0.44040927
   23   1   0       0.62020484
   23   2   1       1.42068435
   24   1   0       0.44867808
   25   1   0       0.44016819
   26   1   0       0.43575345
   27   1   0       0.59179257
   27   2   1       1.38327238
   28   1   0       0.62164027
   28   2   1       1.43484953
   29   1   0       0.44822124
   30   1   0       0.62011762
   30   2   1       1.44274935
   31   1   0       0.61487315
   31   2   1       1.42674815
   32   1   0       0.44673697
   33   1   0       0.61654072
   33   2   1       1.41630881
   34   1   0       0.44261934
   35   1   0       0.44659072
   36   1   0       0.45182301
   37   1   0       0.58943010
   37   2   1       1.39412876
   38   1   0       0.61934590
   38   2   1       1.44123740
   39   1   0       0.59096315
   39   2   1       1.38913085
   40   1   0       0.62231687
   40   2   1       1.44764014
   41   1   0       0.59137327
   41   2   1       1.39142850
   42   1   0       0.44318833
   43   1   0       0.61818739
   43   2   1       1.46967617
   44   1   0       0.62448581
   44   2   1       1.45996092
   45   1   0       0.58898418
   45   2   1       1.39318736
   46   1   0       0.44036840
   47   1   0       0.61540432
   47   2   1       1.42629314
   48   1   0       0.59183089
   48   2   1       1.39140275
   49   1   0       0.44220710
   50   1   0       0.44328092
   51   1   0       0.58737112
   51   2   1       1.39184146
   52   1   0       0.62164969
   52   2   1       1.44727749
   53   1   0       0.61188478
   53   2   1       1.43472167
   54   1   0       0.44049772
   55   1   0       0.61399600
   55   2   1       1.45207654
   56   1   0       0.62157932
   56   2   1       1.45594063
   57   1   0       0.58750603
   57   2   1       1.39509915
   58   1   0       0.44560109
   59   1   0       0.61527289
   59   2   1       1.43226398
   60   1   0       0.45450603
   61   1   0       0.46021094
   62   1   0       0.44577472
   63   1   0       0.58324913
   63   2   1       1.39248186
   64   1   0       0.61536333
   64   2   1       1.44177264
   65   1   0       0.45896631
   66   1   0       0.62546170
   66   2   1       1.43262657
   67   1   0       0.60911027
   67   2   1       1.43741709
   68   1   0       0.45256315
   69   1   0       0.61847805
   69   2   1       1.43496080
   70   1   0       0.44637472
   71   1   0       0.45230465
   72   1   0       0.46056951

Orbital populations (up)
 Atom Sh.   l   m       Population  Label
    1   1   0   0       0.58955932  s
    1   2   1  -1       0.47736171  p_y
    1   2   1   0       0.45592104  p_z
    1   2   1   1       0.45735701  p_x
    2   1   0   0       0.62707613  s
    2   2   1  -1       0.50146314  p_y
    2   2   1   0       0.46732556  p_z
    2   2   1   1       0.48641372  p_x
    3   1   0   0       0.59262578  s
    3   2   1  -1       0.47665709  p_y
    3   2   1   0       0.45312405  p_z
    3   2   1   1       0.45611415  p_x
    4   1   0   0       0.62871365  s
    4   2   1  -1       0.50453544  p_y
    4   2   1   0       0.46887336  p_z
    4   2   1   1       0.48639864  p_x
    5   1   0   0       0.58914889  s
    5   2   1  -1       0.47349450  p_y
    5   2   1   0       0.45816592  p_z
    5   2   1   1       0.45822952  p_x
    6   1   0   0       0.43845097  s
    7   1   0   0       0.62878618  s
    7   2   1  -1       0.51769771  p_y
    7   2   1   0       0.46775686  p_z
    7   2   1   1       0.49419468  p_x
    8   1   0   0       0.63079854  s
    8   2   1  -1       0.52083331  p_y
    8   2   1   0       0.47110202  p_z
    8   2   1   1       0.48788710  p_x
    9   1   0   0       0.58939138  s
    9   2   1  -1       0.47969513  p_y
    9   2   1   0       0.45596767  p_z
    9   2   1   1       0.45657144  p_x
   10   1   0   0       0.43383460  s
   11   1   0   0       0.61704709  s
   11   2   1  -1       0.48901416  p_y
   11   2   1   0       0.46177560  p_z
   11   2   1   1       0.47636801  p_x
   12   1   0   0       0.59663769  s
   12   2   1  -1       0.47432204  p_y
   12   2   1   0       0.44931087  p_z
   12   2   1   1       0.45783422  p_x
   13   1   0   0       0.43707173  s
   14   1   0   0       0.43879819  s
   15   1   0   0       0.59087576  s
   15   2   1  -1       0.47810860  p_y
   15   2   1   0       0.45399905  p_z
   15   2   1   1       0.45624125  p_x
   16   1   0   0       0.62771951  s
   16   2   1  -1       0.50118259  p_y
   16   2   1   0       0.46734813  p_z
   16   2   1   1       0.48756736  p_x
   17   1   0   0       0.61354028  s
   17   2   1  -1       0.48619443  p_y
   17   2   1   0       0.47513085  p_z
   17   2   1   1       0.47346287  p_x
   18   1   0   0       0.44235297  s
   19   1   0   0       0.61957828  s
   19   2   1  -1       0.49982669  p_y
   19   2   1   0       0.45957459  p_z
   19   2   1   1       0.48616858  p_x
   20   1   0   0       0.62654437  s
   20   2   1  -1       0.51894506  p_y
   20   2   1   0       0.47256081  p_z
   20   2   1   1       0.48969478  p_x
   21   1   0   0       0.59251456  s
   21   2   1  -1       0.47653950  p_y
   21   2   1   0       0.45394395  p_z
   21   2   1   1       0.45767375  p_x
   22   1   0   0       0.44040927  s
   23   1   0   0       0.62020484  s
   23   2   1  -1       0.48243989  p_y
   23   2   1   0       0.47487187  p_z
   23   2   1   1       0.46337259  p_x
   24   1   0   0       0.44867808  s
   25   1   0   0       0.44016819  s
   26   1   0   0       0.43575345  s
   27   1   0   0       0.59179257  s
   27   2   1  -1       0.47236153  p_y
   27   2   1   0       0.44830094  p_z
   27   2   1   1       0.46260991  p_x
   28   1   0   0       0.62164027  s
   28   2   1  -1       0.49365108  p_y
   28   2   1   0       0.45955923  p_z
   28   2   1   1       0.48163922  p_x
   29   1   0   0       0.44822124  s
   30   1   0   0       0.62011762  s
   30   2   1  -1       0.49994018  p_y
   30   2   1   0       0.45893429  p_z
   30   2   1   1       0.48387488  p_x
   31   1   0   0       0.61487315  s
   31   2   1  -1       0.48181997  p_y
   31   2   1   0       0.47669072  p_z
   31   2   1   1       0.46823747  p_x
   32   1   0   0       0.44673697  s
   33   1   0   0       0.61654072  s
   33   2   1  -1       0.47462637  p_y
   33   2   1   0       0.47231890  p_z
   33   2   1   1       0.46936354  p_x
   34   1   0   0       0.44261934  s
   35   1   0   0       0.44659072  s
   36   1   0   0       0.45182301  s
   37   1   0   0       0.58943010  s
   37   2   1  -1       0.48126521  p_y
   37   2   1   0       0.45380983  p_z
   37   2   1   1       0.45905372  p_x
   38   1   0   0       0.61934590  s
   38   2   1  -1       0.49213005  p_y
   38   2   1   0       0.46701682  p_z
   38   2   1   1       0.48209053  p_x
   39   1   0   0       0.59096315  s
   39   2   1  -1       0.47908457  p_y
   39   2   1   0       0.45109136  p_z
   39   2   1   1       0.45895492  p_x
   40   1   0   0       0.62231687  s
   40   2   1  -1       0.49774644  p_y
   40   2   1   0       0.46564592  p_z
   40   2   1   1       0.48424778  p_x
   41   1   0   0       0.59137327  s
   41   2   1  -1       0.47999691  p_y
   41   2   1   0       0.45484165  p_z
   41   2   1   1       0.45658993  p_x
   42   1   0   0       0.44318833  s
   43   1   0   0       0.61818739  s
   43   2   1  -1       0.51378062  p_y
   43   2   1   0       0.46694592  p_z
   43   2   1   1       0.48894963  p_x
   44   1   0   0       0.62448581  s
   44   2   1  -1       0.51284030  p_y
   44   2   1   0       0.46329062  p_z
   44   2   1   1       0.48383000  p_x
   45   1   0   0       0.58898418  s
   45   2   1  -1       0.47924336  p_y
   45   2   1   0       0.45398374  p_z
   45   2   1   1       0.45996027  p_x
   46   1   0   0       0.44036840  s
   47   1   0   0       0.61540432  s
   47   2   1  -1       0.48270784  p_y
   47   2   1   0       0.46515178  p_z
   47   2   1   1       0.47843351  p_x
   48   1   0   0       0.59183089  s
   48   2   1  -1       0.47790524  p_y
   48   2   1   0       0.45193287  p_z
   48   2   1   1       0.46156464  p_x
   49   1   0   0       0.44220710  s
   50   1   0   0       0.44328092  s
   51   1   0   0       0.58737112  s
   51   2   1  -1       0.48002101  p_y
   51   2   1   0       0.45022792  p_z
   51   2   1   1       0.46159252  p_x
   52   1   0   0       0.62164969  s
   52   2   1  -1       0.50189600  p_y
   52   2   1   0       0.46389910  p_z
   52   2   1   1       0.48148239  p_x
   53   1   0   0       0.61188478  s
   53   2   1  -1       0.49668130  p_y
   53   2   1   0       0.47041838  p_z
   53   2   1   1       0.46762198  p_x
   54   1   0   0       0.44049772  s
   55   1   0   0       0.61399600  s
   55   2   1  -1       0.50262144  p_y
   55   2   1   0       0.46762795  p_z
   55   2   1   1       0.48182714  p_x
   56   1   0   0       0.62157932  s
   56   2   1  -1       0.50657138  p_y
   56   2   1   0       0.46492870  p_z
   56   2   1   1       0.48444055  p_x
   57   1   0   0       0.58750603  s
   57   2   1  -1       0.48279435  p_y
   57   2   1   0       0.44905231  p_z
   57   2   1   1       0.46325249  p_x
   58   1   0   0       0.44560109  s
   59   1   0   0       0.61527289  s
   59   2   1  -1       0.49218672  p_y
   59   2   1   0       0.47284854  p_z
   59   2   1   1       0.46722872  p_x
   60   1   0   0       0.45450603  s
   61   1   0   0       0.46021094  s
   62   1   0   0       0.44577472  s
   63   1   0   0       0.58324913  s
   63   2   1  -1       0.47855623  p_y
   63   2   1   0       0.45321228  p_z
   63   2   1   1       0.46071334  p_x
   64   1   0   0       0.61536333  s
   64   2   1  -1       0.50059958  p_y
   64   2   1   0       0.46331494  p_z
   64   2   1   1       0.47785813  p_x
   65   1   0   0       0.45896631  s
   66   1   0   0       0.62546170  s
   66   2   1  -1       0.49208738  p_y
   66   2   1   0       0.46069005  p_z
   66   2   1   1       0.47984914  p_x
   67   1   0   0       0.60911027  s
   67   2   1  -1       0.49297223  p_y
   67   2   1   0       0.47645110  p_z
   67   2   1   1       0.46799375  p_x
   68   1   0   0       0.45256315  s
   69   1   0   0       0.61847805  s
   69   2   1  -1       0.50011743  p_y
   69   2   1   0       0.46382438  p_z
   69   2   1   1       0.47101898  p_x
   70   1   0   0       0.44637472  s
   71   1   0   0       0.45230465  s
   72   1   0   0       0.46056951  s

Nr. of electrons (down):    101.00000000
Atom populations (down)
 Atom       Population
    1       1.99797186
    2       1.96222152
    3       2.00150353
    4       1.94083003
    5       1.97406120
    6       0.44538842
    7       1.96524746
    8       1.93937447
    9       1.99944395
   10       0.44232588
   11       2.00541603
   12       1.97923727
   13       0.44465273
   14       0.44843097
   15       2.00247492
   16       1.96486915
   17       2.01580453
   18       0.44465377
   19       2.01689348
   20       1.96333209
   21       1.97726918
   22       0.44715783
   23       2.01849453
   24       0.45042190
   25       0.44279783
   26       0.44332765
   27       1.97797610
   28       2.01021822
   29       0.44952449
   30       2.01267977
   31       2.01413197
   32       0.44932591
   33       2.00804893
   34       0.44544542
   35       0.44806178
   36       0.45328550
   37       1.98373921
   38       2.05969195
   39       1.98006376
   40       2.06878514
   41       1.98293532
   42       0.44323739
   43       2.08784504
   44       2.08433218
   45       1.98228968
   46       0.44043035
   47       2.04125059
   48       1.98300766
   49       0.44220797
   50       0.44328724
   51       1.97917991
   52       2.06811633
   53       2.04669423
   54       0.44052173
   55       2.06615571
   56       2.07744406
   57       1.98257612
   58       0.44564615
   59       2.04695783
   60       0.45450088
   61       0.46020603
   62       0.44577902
   63       1.97555019
   64       2.05686447
   65       0.45899847
   66       2.05805516
   67       2.04638197
   68       0.45257837
   69       2.05311196
   70       0.44637683
   71       0.45231234
   72       0.46058842

l-shell populations (down)
 Atom Sh.   l       Population
    1   1   0       0.59332062
    1   2   1       1.40465125
    2   1   0       0.62160385
    2   2   1       1.34061767
    3   1   0       0.59731728
    3   2   1       1.40418625
    4   1   0       0.62169101
    4   2   1       1.31913902
    5   1   0       0.59090510
    5   2   1       1.38315610
    6   1   0       0.44538842
    7   1   0       0.62211512
    7   2   1       1.34313234
    8   1   0       0.62259935
    8   2   1       1.31677513
    9   1   0       0.59317444
    9   2   1       1.40626951
   10   1   0       0.44232588
   11   1   0       0.61580199
   11   2   1       1.38961404
   12   1   0       0.59918154
   12   2   1       1.38005573
   13   1   0       0.44465273
   14   1   0       0.44843097
   15   1   0       0.59553163
   15   2   1       1.40694329
   16   1   0       0.62228455
   16   2   1       1.34258461
   17   1   0       0.61286931
   17   2   1       1.40293522
   18   1   0       0.44465377
   19   1   0       0.61770410
   19   2   1       1.39918938
   20   1   0       0.61982564
   20   2   1       1.34350645
   21   1   0       0.59440410
   21   2   1       1.38286508
   22   1   0       0.44715783
   23   1   0       0.62023398
   23   2   1       1.39826056
   24   1   0       0.45042190
   25   1   0       0.44279783
   26   1   0       0.44332765
   27   1   0       0.59440996
   27   2   1       1.38356615
   28   1   0       0.61998084
   28   2   1       1.39023738
   29   1   0       0.44952449
   30   1   0       0.61817008
   30   2   1       1.39450970
   31   1   0       0.61453570
   31   2   1       1.39959628
   32   1   0       0.44932591
   33   1   0       0.61641106
   33   2   1       1.39163788
   34   1   0       0.44544542
   35   1   0       0.44806178
   36   1   0       0.45328550
   37   1   0       0.58946322
   37   2   1       1.39427599
   38   1   0       0.61930263
   38   2   1       1.44038931
   39   1   0       0.59096138
   39   2   1       1.38910238
   40   1   0       0.62226130
   40   2   1       1.44652384
   41   1   0       0.59139821
   41   2   1       1.39153711
   42   1   0       0.44323739
   43   1   0       0.61818947
   43   2   1       1.46965557
   44   1   0       0.62448158
   44   2   1       1.45985061
   45   1   0       0.58901331
   45   2   1       1.39327637
   46   1   0       0.44043035
   47   1   0       0.61538180
   47   2   1       1.42586880
   48   1   0       0.59181945
   48   2   1       1.39118821
   49   1   0       0.44220797
   50   1   0       0.44328724
   51   1   0       0.58737055
   51   2   1       1.39180936
   52   1   0       0.62161243
   52   2   1       1.44650390
   53   1   0       0.61190153
   53   2   1       1.43479271
   54   1   0       0.44052173
   55   1   0       0.61400964
   55   2   1       1.45214607
   56   1   0       0.62157844
   56   2   1       1.45586562
   57   1   0       0.58752030
   57   2   1       1.39505582
   58   1   0       0.44564615
   59   1   0       0.61524457
   59   2   1       1.43171326
   60   1   0       0.45450088
   61   1   0       0.46020603
   62   1   0       0.44577902
   63   1   0       0.58324366
   63   2   1       1.39230653
   64   1   0       0.61535345
   64   2   1       1.44151102
   65   1   0       0.45899847
   66   1   0       0.62546659
   66   2   1       1.43258858
   67   1   0       0.60911123
   67   2   1       1.43727073
   68   1   0       0.45257837
   69   1   0       0.61846545
   69   2   1       1.43464651
   70   1   0       0.44637683
   71   1   0       0.45231234
   72   1   0       0.46058842

Orbital populations (down)
 Atom Sh.   l   m       Population  Label
    1   1   0   0       0.59332062  s
    1   2   1  -1       0.48368826  p_y
    1   2   1   0       0.46116160  p_z
    1   2   1   1       0.45980139  p_x
    2   1   0   0       0.62160385  s
    2   2   1  -1       0.42719259  p_y
    2   2   1   0       0.44875530  p_z
    2   2   1   1       0.46466978  p_x
    3   1   0   0       0.59731728  s
    3   2   1  -1       0.48477333  p_y
    3   2   1   0       0.45966833  p_z
    3   2   1   1       0.45974459  p_x
    4   1   0   0       0.62169101  s
    4   2   1  -1       0.41014172  p_y
    4   2   1   0       0.44759999  p_z
    4   2   1   1       0.46139731  p_x
    5   1   0   0       0.59090510  s
    5   2   1  -1       0.46660895  p_y
    5   2   1   0       0.45931060  p_z
    5   2   1   1       0.45723656  p_x
    6   1   0   0       0.44538842  s
    7   1   0   0       0.62211512  s
    7   2   1  -1       0.42956806  p_y
    7   2   1   0       0.44394688  p_z
    7   2   1   1       0.46961741  p_x
    8   1   0   0       0.62259935  s
    8   2   1  -1       0.40764160  p_y
    8   2   1   0       0.44463273  p_z
    8   2   1   1       0.46450079  p_x
    9   1   0   0       0.59317444  s
    9   2   1  -1       0.48569061  p_y
    9   2   1   0       0.46115925  p_z
    9   2   1   1       0.45941965  p_x
   10   1   0   0       0.44232588  s
   11   1   0   0       0.61580199  s
   11   2   1  -1       0.46150137  p_y
   11   2   1   0       0.45771891  p_z
   11   2   1   1       0.47039376  p_x
   12   1   0   0       0.59918154  s
   12   2   1  -1       0.46990342  p_y
   12   2   1   0       0.45141180  p_z
   12   2   1   1       0.45874051  p_x
   13   1   0   0       0.44465273  s
   14   1   0   0       0.44843097  s
   15   1   0   0       0.59553163  s
   15   2   1  -1       0.48663038  p_y
   15   2   1   0       0.46064150  p_z
   15   2   1   1       0.45967141  p_x
   16   1   0   0       0.62228455  s
   16   2   1  -1       0.42665395  p_y
   16   2   1   0       0.44596236  p_z
   16   2   1   1       0.46996829  p_x
   17   1   0   0       0.61286931  s
   17   2   1  -1       0.46364899  p_y
   17   2   1   0       0.47113872  p_z
   17   2   1   1       0.46814751  p_x
   18   1   0   0       0.44465377  s
   19   1   0   0       0.61770410  s
   19   2   1  -1       0.46820326  p_y
   19   2   1   0       0.45402173  p_z
   19   2   1   1       0.47696439  p_x
   20   1   0   0       0.61982564  s
   20   2   1  -1       0.42410371  p_y
   20   2   1   0       0.44988353  p_z
   20   2   1   1       0.46951921  p_x
   21   1   0   0       0.59440410  s
   21   2   1  -1       0.47089961  p_y
   21   2   1   0       0.45507553  p_z
   21   2   1   1       0.45688995  p_x
   22   1   0   0       0.44715783  s
   23   1   0   0       0.62023398  s
   23   2   1  -1       0.46629025  p_y
   23   2   1   0       0.47191075  p_z
   23   2   1   1       0.46005956  p_x
   24   1   0   0       0.45042190  s
   25   1   0   0       0.44279783  s
   26   1   0   0       0.44332765  s
   27   1   0   0       0.59440996  s
   27   2   1  -1       0.46998819  p_y
   27   2   1   0       0.45115878  p_z
   27   2   1   1       0.46241918  p_x
   28   1   0   0       0.61998084  s
   28   2   1  -1       0.46320965  p_y
   28   2   1   0       0.45273320  p_z
   28   2   1   1       0.47429452  p_x
   29   1   0   0       0.44952449  s
   30   1   0   0       0.61817008  s
   30   2   1  -1       0.46690909  p_y
   30   2   1   0       0.45457621  p_z
   30   2   1   1       0.47302440  p_x
   31   1   0   0       0.61453570  s
   31   2   1  -1       0.46586676  p_y
   31   2   1   0       0.47178627  p_z
   31   2   1   1       0.46194325  p_x
   32   1   0   0       0.44932591  s
   33   1   0   0       0.61641106  s
   33   2   1  -1       0.46039567  p_y
   33   2   1   0       0.46862596  p_z
   33   2   1   1       0.46261624  p_x
   34   1   0   0       0.44544542  s
   35   1   0   0       0.44806178  s
   36   1   0   0       0.45328550  s
   37   1   0   0       0.58946322  s
   37   2   1  -1       0.48133886  p_y
   37   2   1   0       0.45384820  p_z
   37   2   1   1       0.45908893  p_x
   38   1   0   0       0.61930263  s
   38   2   1  -1       0.49150725  p_y
   38   2   1   0       0.46697630  p_z
   38   2   1   1       0.48190576  p_x
   39   1   0   0       0.59096138  s
   39   2   1  -1       0.47906535  p_y
   39   2   1   0       0.45108987  p_z
   39   2   1   1       0.45894716  p_x
   40   1   0   0       0.62226130  s
   40   2   1  -1       0.49697321  p_y
   40   2   1   0       0.46558542  p_z
   40   2   1   1       0.48396521  p_x
   41   1   0   0       0.59139821  s
   41   2   1  -1       0.48005197  p_y
   41   2   1   0       0.45486969  p_z
   41   2   1   1       0.45661545  p_x
   42   1   0   0       0.44323739  s
   43   1   0   0       0.61818947  s
   43   2   1  -1       0.51376177  p_y
   43   2   1   0       0.46694809  p_z
   43   2   1   1       0.48894571  p_x
   44   1   0   0       0.62448158  s
   44   2   1  -1       0.51275675  p_y
   44   2   1   0       0.46328726  p_z
   44   2   1   1       0.48380660  p_x
   45   1   0   0       0.58901331  s
   45   2   1  -1       0.47927934  p_y
   45   2   1   0       0.45401413  p_z
   45   2   1   1       0.45998290  p_x
   46   1   0   0       0.44043035  s
   47   1   0   0       0.61538180  s
   47   2   1  -1       0.48239851  p_y
   47   2   1   0       0.46511373  p_z
   47   2   1   1       0.47835655  p_x
   48   1   0   0       0.59181945  s
   48   2   1  -1       0.47775333  p_y
   48   2   1   0       0.45191314  p_z
   48   2   1   1       0.46152174  p_x
   49   1   0   0       0.44220797  s
   50   1   0   0       0.44328724  s
   51   1   0   0       0.58737055  s
   51   2   1  -1       0.47999412  p_y
   51   2   1   0       0.45022902  p_z
   51   2   1   1       0.46158623  p_x
   52   1   0   0       0.62161243  s
   52   2   1  -1       0.50130602  p_y
   52   2   1   0       0.46386328  p_z
   52   2   1   1       0.48133460  p_x
   53   1   0   0       0.61190153  s
   53   2   1  -1       0.49671390  p_y
   53   2   1   0       0.47043550  p_z
   53   2   1   1       0.46764330  p_x
   54   1   0   0       0.44052173  s
   55   1   0   0       0.61400964  s
   55   2   1  -1       0.50265855  p_y
   55   2   1   0       0.46764177  p_z
   55   2   1   1       0.48184575  p_x
   56   1   0   0       0.62157844  s
   56   2   1  -1       0.50651936  p_y
   56   2   1   0       0.46493013  p_z
   56   2   1   1       0.48441613  p_x
   57   1   0   0       0.58752030  s
   57   2   1  -1       0.48274336  p_y
   57   2   1   0       0.44906412  p_z
   57   2   1   1       0.46324834  p_x
   58   1   0   0       0.44564615  s
   59   1   0   0       0.61524457  s
   59   2   1  -1       0.49181983  p_y
   59   2   1   0       0.47278263  p_z
   59   2   1   1       0.46711080  p_x
   60   1   0   0       0.45450088  s
   61   1   0   0       0.46020603  s
   62   1   0   0       0.44577902  s
   63   1   0   0       0.58324366  s
   63   2   1  -1       0.47842744  p_y
   63   2   1   0       0.45320814  p_z
   63   2   1   1       0.46067095  p_x
   64   1   0   0       0.61535345  s
   64   2   1  -1       0.50040274  p_y
   64   2   1   0       0.46330528  p_z
   64   2   1   1       0.47780300  p_x
   65   1   0   0       0.45899847  s
   66   1   0   0       0.62546659  s
   66   2   1  -1       0.49204906  p_y
   66   2   1   0       0.46069749  p_z
   66   2   1   1       0.47984202  p_x
   67   1   0   0       0.60911123  s
   67   2   1  -1       0.49285757  p_y
   67   2   1   0       0.47644693  p_z
   67   2   1   1       0.46796623  p_x
   68   1   0   0       0.45257837  s
   69   1   0   0       0.61846545  s
   69   2   1  -1       0.49987952  p_y
   69   2   1   0       0.46381297  p_z
   69   2   1   1       0.47095402  p_x
   70   1   0   0       0.44637683  s
   71   1   0   0       0.45231234  s
   72   1   0   0       0.46058842  s

Spin  up
Fermi level:                        -0.1968922066 H           -5.3577 eV
Band energy:                       -45.4990123144 H        -1238.0911 eV
TS:                                  0.0000000000 H            0.0000 eV
Band free energy (E-TS):           -45.4990123144 H        -1238.0911 eV
Extrapolated E(0K):                -45.4990123144 H        -1238.0911 eV
Input / Output electrons (up):    102.0000000004    102.0000000000

Spin  down
Fermi level:                        -0.2116805384 H           -5.7601 eV
Band energy:                       -45.2039723788 H        -1230.0627 eV
TS:                                  0.0000000000 H            0.0000 eV
Band free energy (E-TS):           -45.2039723788 H        -1230.0627 eV
Extrapolated E(0K):                -45.2039723788 H        -1230.0627 eV
Input / Output electrons (down):    100.9999999996    101.0000000000

Energy H0:                         -86.3434462042 H        -2349.5247 eV
Energy SCC:                          0.0323153889 H            0.8793 eV
Energy SPIN:                        -0.0015507330 H           -0.0422 eV
Energy 3rd:                          0.0000226001 H            0.0006 eV
Total Electronic energy:           -86.3126589481 H        -2348.6869 eV
Repulsive energy:                    0.7877672962 H           21.4362 eV
Total energy:                      -85.5248916519 H        -2327.2507 eV
Extrapolated to 0:                 -85.5248916519 H        -2327.2507 eV
Total Mermin free energy:          -85.5248916519 H        -2327.2507 eV
Force related energy:              -85.5248916519 H        -2327.2507 eV

Constraints converged

SCC converged

