 KPT            1  SPIN            1  KWEIGHT    1.0000000000000000     
     1   -19.293  2.00000
     2   -19.156  2.00000
     3   -19.061  2.00000
     4   -18.844  2.00000
     5   -18.540  2.00000
     6   -18.339  2.00000
     7   -17.852  2.00000
     8   -17.669  2.00000
     9   -17.325  2.00000
    10   -17.190  2.00000
    11   -17.062  2.00000
    12   -16.950  2.00000
    13   -16.857  2.00000
    14   -16.777  2.00000
    15   -16.519  2.00000
    16   -16.360  2.00000
    17   -16.129  2.00000
    18   -16.003  2.00000
    19   -15.833  2.00000
    20   -15.680  2.00000
    21   -14.896  2.00000
    22   -14.737  2.00000
    23   -14.317  2.00000
    24   -14.167  2.00000
    25   -13.321  2.00000
    26   -13.283  2.00000
    27   -13.181  2.00000
    28   -13.147  2.00000
    29   -12.677  2.00000
    30   -12.587  2.00000
    31   -12.476  2.00000
    32   -12.436  2.00000
    33   -12.428  2.00000
    34   -12.356  2.00000
    35   -12.302  2.00000
    36   -12.123  2.00000
    37   -11.035  2.00000
    38   -10.924  2.00000
    39   -10.578  2.00000
    40   -10.550  2.00000
    41   -10.436  2.00000
    42   -10.385  2.00000
    43   -10.053  2.00000
    44    -9.986  2.00000
    45    -9.899  2.00000
    46    -9.869  2.00000
    47    -9.863  2.00000
    48    -9.736  2.00000
    49    -9.459  2.00000
    50    -9.401  2.00000
    51    -9.358  2.00000
    52    -9.316  2.00000
    53    -9.296  2.00000
    54    -9.261  2.00000
    55    -9.173  2.00000
    56    -9.165  2.00000
    57    -9.128  2.00000
    58    -9.036  2.00000
    59    -8.885  2.00000
    60    -8.874  2.00000
    61    -8.757  2.00000
    62    -8.648  2.00000
    63    -8.622  2.00000
    64    -8.536  2.00000
    65    -8.518  2.00000
    66    -8.477  2.00000
    67    -8.400  2.00000
    68    -8.364  2.00000
    69    -8.341  2.00000
    70    -8.289  2.00000
    71    -8.267  2.00000
    72    -8.247  2.00000
    73    -8.153  2.00000
    74    -8.108  2.00000
    75    -7.852  2.00000
    76    -7.815  2.00000
    77    -7.725  2.00000
    78    -7.610  2.00000
    79    -7.579  2.00000
    80    -7.457  2.00000
    81    -7.442  2.00000
    82    -7.317  2.00000
    83    -7.282  2.00000
    84    -7.275  2.00000
    85    -7.132  2.00000
    86    -7.080  2.00000
    87    -6.990  2.00000
    88    -6.959  2.00000
    89    -6.897  2.00000
    90    -6.811  2.00000
    91    -6.798  2.00000
    92    -6.660  2.00000
    93    -6.635  2.00000
    94    -6.633  2.00000
    95    -6.484  2.00000
    96    -6.308  2.00000
    97    -6.019  2.00000
    98    -5.931  2.00000
    99    -5.678  2.00000
   100    -5.544  2.00000
   101    -4.591  2.00000
   102    -4.473  2.00000
   103    -3.271  0.00000
   104    -3.180  0.00000
   105    -2.005  0.00000
   106    -1.988  0.00000
   107    -1.251  0.00000
   108    -1.196  0.00000
   109    -0.949  0.00000
   110    -0.832  0.00000
   111    -0.433  0.00000
   112    -0.331  0.00000
   113     0.025  0.00000
   114     0.109  0.00000
   115     0.664  0.00000
   116     0.768  0.00000
   117     1.128  0.00000
   118     1.223  0.00000
   119     2.481  0.00000
   120     2.671  0.00000
   121     3.737  0.00000
   122     3.879  0.00000
   123     4.632  0.00000
   124     4.646  0.00000
   125     7.532  0.00000
   126     7.878  0.00000
   127     7.999  0.00000
   128     8.225  0.00000
   129     8.318  0.00000
   130     8.922  0.00000
   131     8.936  0.00000
   132     9.111  0.00000
   133     9.508  0.00000
   134     9.787  0.00000
   135    10.500  0.00000
   136    10.773  0.00000
   137    10.784  0.00000
   138    11.003  0.00000
   139    11.379  0.00000
   140    11.715  0.00000
   141    11.743  0.00000
   142    11.894  0.00000
   143    11.941  0.00000
   144    12.194  0.00000
   145    12.414  0.00000
   146    12.829  0.00000
   147    13.182  0.00000
   148    13.672  0.00000
   149    13.828  0.00000
   150    13.964  0.00000
   151    14.431  0.00000
   152    14.536  0.00000
   153    15.307  0.00000
   154    15.485  0.00000
   155    16.242  0.00000
   156    16.614  0.00000
   157    16.754  0.00000
   158    16.797  0.00000
   159    17.338  0.00000
   160    17.386  0.00000
   161    17.684  0.00000
   162    17.743  0.00000
   163    17.987  0.00000
   164    18.151  0.00000
   165    18.155  0.00000
   166    18.260  0.00000
   167    19.208  0.00000
   168    19.429  0.00000
   169    19.593  0.00000
   170    20.308  0.00000
   171    20.333  0.00000
   172    20.680  0.00000
   173    20.818  0.00000
   174    21.096  0.00000
   175    21.811  0.00000
   176    21.872  0.00000
   177    22.156  0.00000
   178    22.285  0.00000
   179    22.419  0.00000
   180    22.584  0.00000
   181    23.196  0.00000
   182    23.342  0.00000
   183    23.796  0.00000
   184    24.107  0.00000
   185    24.797  0.00000
   186    24.856  0.00000
   187    25.340  0.00000
   188    25.456  0.00000
   189    26.021  0.00000
   190    26.056  0.00000
   191    26.304  0.00000
   192    26.964  0.00000
   193    27.126  0.00000
   194    27.560  0.00000
   195    28.016  0.00000
   196    28.523  0.00000
   197    28.935  0.00000
   198    29.560  0.00000
   199    30.323  0.00000
   200    31.169  0.00000
   201    31.171  0.00000
   202    32.034  0.00000
   203    33.078  0.00000
   204    34.046  0.00000

