|===============================================================================
|
|  DFTB+ release 24.1
|
|  Copyright (C) 2006 - 2024  DFTB+ developers group
|
|===============================================================================
|
|  When publishing results obtained with DFTB+, please cite the following
|  reference:
|
|  * DFTB+, a software package for efficient approximate density functional
|    theory based atomistic simulations, J. Chem. Phys. 152, 124101 (2020).
|    [doi: 10.1063/1.5143190]
|
|  You should also cite additional publications crediting the parametrization
|  data you use. Please consult the documentation of the SK-files for the
|  references.
|
|===============================================================================

Reading input file 'dftb_in.hsd'
Parser version: 14

--------------------------------------------------------------------------------
***  Converting input from parser version 10 to parser version 14 ...
***  Done.

Reading SK-files:
/home/takahashi/qmmm/sk/3ob/C-C.skf
/home/takahashi/qmmm/sk/3ob/C-H.skf
/home/takahashi/qmmm/sk/3ob/H-H.skf
Done.


Processed input in HSD format written to 'dftb_pin.hsd'

Starting initialization...
--------------------------------------------------------------------------------
OpenMP threads:              4
Chosen random seed:          411225804
Current stacksize:           unlimited
Mode:                        Static calculation
Self consistent charges:     Yes
SCC-tolerance:                 0.100000E-04
Max. scc iterations:                    300
Shell resolved Hubbard:      No
Spin polarisation:           No
Nr. of up electrons:           102.000000
Nr. of down electrons:         102.000000
Periodic boundaries:         No
Electronic solver:           Relatively robust
Mixer:                       Broyden mixer
Mixing parameter:                  0.200000
Maximal SCC-cycles:                     300
Nr. of chrg. vec. in memory:            300
Electronic temperature:              0.100000E-07 H      0.272114E-06 eV
Initial charges:             Set automatically (system chrg:   0.000E+00)
Included shells:             C:  s, p
                             H:  s
Full 3rd order correction    Yes
Damped SCC                   Yes
Damped species(s):           H                                                 
Extra options:
                             Mulliken analysis
                             Force calculation
Force type                   original
                             External charges specified

--------------------------------------------------------------------------------

***  Geometry step: 0

 iSCC Total electronic   Diff electronic      SCC error    
    1    0.00000000E+00    0.00000000E+00    0.20347413E+00
    2   -0.86539836E+02   -0.86539836E+02    0.12473375E+00
    3   -0.86559144E+02   -0.19307969E-01    0.90639609E-01
    4   -0.86565499E+02   -0.63557398E-02    0.32128091E-01
    5   -0.86565940E+02   -0.44101732E-03    0.81054255E-02
    6   -0.86566175E+02   -0.23489026E-03    0.18719194E-02
    7   -0.86566215E+02   -0.40244440E-04    0.10977172E-02
    8   -0.86566218E+02   -0.21026659E-05    0.40900901E-03
    9   -0.86566218E+02   -0.20542574E-06    0.12334372E-03
   10   -0.86566218E+02   -0.35389661E-07    0.34122714E-04
   11   -0.86566218E+02   -0.92457810E-08    0.14838564E-04
   12   -0.86566218E+02   -0.40874681E-09    0.10502942E-04
   13   -0.86566218E+02   -0.41978865E-10    0.28740351E-05
>> Charges saved for restart in charges.bin

Total Energy:                      -85.7217341593 H        -2332.6071 eV
Extrapolated to 0K:                -85.7217341593 H        -2332.6071 eV
Total Mermin free energy:          -85.7217341593 H        -2332.6071 eV
Force related energy:              -85.7217341593 H        -2332.6071 eV


--------------------------------------------------------------------------------
DFTB+ running times                          cpu [s]             wall clock [s]
--------------------------------------------------------------------------------
Pre-SCC initialisation                 +       0.01 (  1.4%)       0.00 (  3.4%)
SCC                                    +       0.96 ( 91.6%)       0.13 ( 88.6%)
Post-SCC processing                    +       0.07 (  7.0%)       0.01 (  7.4%)
--------------------------------------------------------------------------------
Missing                                +       0.00 (  0.1%)       0.00 (  0.7%)
Total                                  =       1.05 (100.0%)       0.15 (100.0%)
--------------------------------------------------------------------------------
