 Fermi distribution function

Calculation with static geometry


********************************************************************************
 iSCC Total electronic   Diff electronic      SCC error    
   18   -0.86242265E+02   -0.19814664E-07    0.48689709E-06
********************************************************************************

 Total charge:     1.00000000

 Atomic gross charges (e)
 Atom           Charge
    1       0.02723262
    2      -0.04503460
    3       0.01876399
    4      -0.02663214
    5       0.04817045
    6       0.11470678
    7      -0.06776387
    8      -0.04681811
    9       0.02393512
   10       0.12233182
   11      -0.05445438
   12       0.04572738
   13       0.12009696
   14       0.11472106
   15       0.01995748
   16      -0.04594653
   17      -0.06506542
   18       0.11316952
   19      -0.07803714
   20      -0.07243512
   21       0.04701544
   22       0.10797902
   23      -0.06272802
   24       0.09629354
   25       0.11657030
   26       0.12361804
   27       0.04635527
   28      -0.06308087
   29       0.09887990
   30      -0.07936381
   31      -0.05597969
   32       0.10031478
   33      -0.04939054
   34       0.11383494
   35       0.10420996
   36       0.08889328
   37       0.04252389
   38      -0.11209774
   39       0.05737950
   40      -0.10865078
   41       0.04805243
   42       0.09585138
   43      -0.16707533
   44      -0.16373890
   45       0.04007392
   46       0.10438640
   47      -0.08561016
   48       0.06476495
   49       0.07033189
   50       0.06890316
   51       0.05133296
   52      -0.11147583
   53      -0.08195106
   54       0.10179543
   55      -0.12904232
   56      -0.17128978
   57       0.03870986
   58       0.09825927
   59      -0.07067497
   60       0.09854833
   61       0.07018940
   62       0.06750095
   63       0.05172048
   64      -0.09388727
   65       0.09776288
   66      -0.13437170
   67      -0.09733741
   68       0.09212844
   69      -0.08824995
   70       0.08533446
   71       0.09340652
   72       0.07644928


 Atomic net (on-site) populations and hybridisation ratios
 Atom       Population         Hybrid.
    1       2.72178284      0.31955429
    2       2.80842635      0.29789341
    3       2.74297290      0.31425677
    4       2.79606884      0.30098279
    5       2.69993087      0.32501728
    6       0.55961168      0.44038832
    7       2.83208847      0.29197788
    8       2.81889147      0.29527713
    9       2.72385517      0.31903621
   10       0.54960874      0.45039126
   11       2.79887787      0.30028053
   12       2.71907608      0.32023098
   13       0.54313827      0.45686173
   14       0.55550677      0.44449323
   15       2.73242512      0.31689372
   16       2.81039157      0.29740211
   17       2.78595687      0.30351078
   18       0.56196408      0.43803592
   19       2.81882620      0.29529345
   20       2.83218207      0.29195448
   21       2.70775657      0.32306086
   22       0.56536425      0.43463575
   23       2.80064654      0.29983836
   24       0.56920441      0.43079559
   25       0.54693464      0.45306536
   26       0.53771265      0.46228735
   27       2.70887414      0.32278147
   28       2.81447145      0.29638214
   29       0.57304177      0.42695823
   30       2.82408353      0.29397912
   31       2.78306598      0.30423350
   32       0.57051833      0.42948167
   33       2.78518361      0.30370410
   34       0.55721607      0.44278393
   35       0.56179749      0.43820251
   36       0.58466573      0.41533427
   37       2.69109146      0.32722714
   38       2.87452554      0.28136862
   39       2.67035104      0.33241224
   40       2.87215934      0.28196017
   41       2.69360374      0.32659907
   42       0.57460599      0.42539401
   43       2.94425648      0.26393588
   44       2.93408023      0.26647994
   45       2.69650299      0.32587425
   46       0.56179790      0.43820210
   47       2.83204457      0.29198886
   48       2.67365540      0.33158615
   49       0.60690787      0.39309213
   50       0.60709838      0.39290162
   51       2.68564256      0.32858936
   52       2.88523078      0.27869231
   53       2.80155192      0.29961202
   54       0.56319650      0.43680350
   55       2.88172099      0.27956975
   56       2.95444648      0.26138838
   57       2.70537552      0.32365612
   58       0.57283542      0.42716458
   59       2.79587660      0.30103085
   60       0.56404160      0.43595840
   61       0.60202334      0.39797666
   62       0.60849958      0.39150042
   63       2.68885647      0.32778588
   64       2.84822968      0.28794258
   65       0.57167938      0.42832062
   66       2.87646052      0.28088487
   67       2.82266232      0.29433442
   68       0.57465902      0.42534098
   69       2.81607241      0.29598190
   70       0.57522469      0.42477531
   71       0.57316209      0.42683791
   72       0.58955131      0.41044869

Nr. of electrons (up):    102.00000000
Atom populations (up)
 Atom       Population
    1       1.97703514
    2       2.08334122
    3       1.97930283
    4       2.09185787
    5       1.97849227
    6       0.43915171
    7       2.10371114
    8       2.10884033
    9       1.97881480
   10       0.43434072
   11       2.04667976
   12       1.97710706
   13       0.43624082
   14       0.43784787
   15       1.97858478
   16       2.08238723
   17       2.04839387
   18       0.44226711
   19       2.06280894
   20       2.10756142
   21       1.97860444
   22       0.44264855
   23       2.04221786
   24       0.45100223
   25       0.44041052
   26       0.43442566
   27       1.97577440
   28       2.05365123
   29       0.44993158
   30       2.06338661
   31       2.04210121
   32       0.44860740
   33       2.03653502
   34       0.44174565
   35       0.44715359
   36       0.45485995
   37       1.97865560
   38       2.05638009
   39       1.97133271
   40       2.05492777
   41       1.97593185
   42       0.45205585
   43       2.08362546
   44       2.08197794
   45       1.97987368
   46       0.44777415
   47       2.04289610
   48       1.96767328
   49       0.46482866
   50       0.46554228
   51       1.97433095
   52       2.05634721
   53       2.04097109
   54       0.44909728
   55       2.06454168
   56       2.08568775
   57       1.98058668
   58       0.45083673
   59       2.03539731
   60       0.45072615
   61       0.46490397
   62       0.46624910
   63       1.97421856
   64       2.04721378
   65       0.45111520
   66       2.06713916
   67       2.04863416
   68       0.45392070
   69       2.04438687
   70       0.45733821
   71       0.45329868
   72       0.46176060

l-shell populations (up)
 Atom Sh.   l       Population
    1   1   0       0.58958398
    1   2   1       1.38745116
    2   1   0       0.62643469
    2   2   1       1.45690652
    3   1   0       0.59374198
    3   2   1       1.38556085
    4   1   0       0.62998679
    4   2   1       1.46187108
    5   1   0       0.58986932
    5   2   1       1.38862295
    6   1   0       0.43915171
    7   1   0       0.62812017
    7   2   1       1.47559097
    8   1   0       0.63108676
    8   2   1       1.47775357
    9   1   0       0.58868971
    9   2   1       1.39012509
   10   1   0       0.43434072
   11   1   0       0.61922020
   11   2   1       1.42745956
   12   1   0       0.59526988
   12   2   1       1.38183718
   13   1   0       0.43624082
   14   1   0       0.43784787
   15   1   0       0.59039674
   15   2   1       1.38818804
   16   1   0       0.62621203
   16   2   1       1.45617519
   17   1   0       0.61316617
   17   2   1       1.43522770
   18   1   0       0.44226711
   19   1   0       0.62031982
   19   2   1       1.44248912
   20   1   0       0.62699148
   20   2   1       1.48056995
   21   1   0       0.59193832
   21   2   1       1.38666612
   22   1   0       0.44264855
   23   1   0       0.61853592
   23   2   1       1.42368194
   24   1   0       0.45100223
   25   1   0       0.44041052
   26   1   0       0.43442566
   27   1   0       0.59200545
   27   2   1       1.38376895
   28   1   0       0.62090104
   28   2   1       1.43275019
   29   1   0       0.44993158
   30   1   0       0.62046151
   30   2   1       1.44292510
   31   1   0       0.61573448
   31   2   1       1.42636674
   32   1   0       0.44860740
   33   1   0       0.61694570
   33   2   1       1.41958932
   34   1   0       0.44174565
   35   1   0       0.44715359
   36   1   0       0.45485995
   37   1   0       0.58449066
   37   2   1       1.39416494
   38   1   0       0.61970548
   38   2   1       1.43667461
   39   1   0       0.58181042
   39   2   1       1.38952228
   40   1   0       0.62017906
   40   2   1       1.43474871
   41   1   0       0.58729500
   41   2   1       1.38863685
   42   1   0       0.45205585
   43   1   0       0.62250201
   43   2   1       1.46112345
   44   1   0       0.61936628
   44   2   1       1.46261166
   45   1   0       0.58568091
   45   2   1       1.39419277
   46   1   0       0.44777415
   47   1   0       0.61802362
   47   2   1       1.42487247
   48   1   0       0.58584023
   48   2   1       1.38183305
   49   1   0       0.46482866
   50   1   0       0.46554228
   51   1   0       0.58485990
   51   2   1       1.38947105
   52   1   0       0.62258018
   52   2   1       1.43376703
   53   1   0       0.61229200
   53   2   1       1.42867909
   54   1   0       0.44909728
   55   1   0       0.61917342
   55   2   1       1.44536826
   56   1   0       0.62400559
   56   2   1       1.46168216
   57   1   0       0.58732876
   57   2   1       1.39325792
   58   1   0       0.45083673
   59   1   0       0.61475791
   59   2   1       1.42063940
   60   1   0       0.45072615
   61   1   0       0.46490397
   62   1   0       0.46624910
   63   1   0       0.58547144
   63   2   1       1.38874712
   64   1   0       0.62014876
   64   2   1       1.42706502
   65   1   0       0.45111520
   66   1   0       0.61540809
   66   2   1       1.45173107
   67   1   0       0.61405198
   67   2   1       1.43458218
   68   1   0       0.45392070
   69   1   0       0.61345446
   69   2   1       1.43093242
   70   1   0       0.45733821
   71   1   0       0.45329868
   72   1   0       0.46176060

Orbital populations (up)
 Atom Sh.   l   m       Population  Label
    1   1   0   0       0.58958398  s
    1   2   1  -1       0.47493600  p_y
    1   2   1   0       0.45556963  p_z
    1   2   1   1       0.45694553  p_x
    2   1   0   0       0.62643469  s
    2   2   1  -1       0.50225712  p_y
    2   2   1   0       0.46814220  p_z
    2   2   1   1       0.48650721  p_x
    3   1   0   0       0.59374198  s
    3   2   1  -1       0.47642500  p_y
    3   2   1   0       0.45334688  p_z
    3   2   1   1       0.45578897  p_x
    4   1   0   0       0.62998679  s
    4   2   1  -1       0.50693832  p_y
    4   2   1   0       0.46930651  p_z
    4   2   1   1       0.48562625  p_x
    5   1   0   0       0.58986932  s
    5   2   1  -1       0.47303045  p_y
    5   2   1   0       0.45778340  p_z
    5   2   1   1       0.45780909  p_x
    6   1   0   0       0.43915171  s
    7   1   0   0       0.62812017  s
    7   2   1  -1       0.51514926  p_y
    7   2   1   0       0.46657088  p_z
    7   2   1   1       0.49387082  p_x
    8   1   0   0       0.63108676  s
    8   2   1  -1       0.51980762  p_y
    8   2   1   0       0.47000387  p_z
    8   2   1   1       0.48794208  p_x
    9   1   0   0       0.58868971  s
    9   2   1  -1       0.47783114  p_y
    9   2   1   0       0.45571032  p_z
    9   2   1   1       0.45658362  p_x
   10   1   0   0       0.43434072  s
   11   1   0   0       0.61922020  s
   11   2   1  -1       0.49036539  p_y
   11   2   1   0       0.46152471  p_z
   11   2   1   1       0.47556945  p_x
   12   1   0   0       0.59526988  s
   12   2   1  -1       0.47424892  p_y
   12   2   1   0       0.44912309  p_z
   12   2   1   1       0.45846517  p_x
   13   1   0   0       0.43624082  s
   14   1   0   0       0.43784787  s
   15   1   0   0       0.59039674  s
   15   2   1  -1       0.47790989  p_y
   15   2   1   0       0.45405596  p_z
   15   2   1   1       0.45622219  p_x
   16   1   0   0       0.62621203  s
   16   2   1  -1       0.50184393  p_y
   16   2   1   0       0.46754078  p_z
   16   2   1   1       0.48679048  p_x
   17   1   0   0       0.61316617  s
   17   2   1  -1       0.48647000  p_y
   17   2   1   0       0.47495961  p_z
   17   2   1   1       0.47379808  p_x
   18   1   0   0       0.44226711  s
   19   1   0   0       0.62031982  s
   19   2   1  -1       0.49913730  p_y
   19   2   1   0       0.45913092  p_z
   19   2   1   1       0.48422091  p_x
   20   1   0   0       0.62699148  s
   20   2   1  -1       0.51832961  p_y
   20   2   1   0       0.47255417  p_z
   20   2   1   1       0.48968617  p_x
   21   1   0   0       0.59193832  s
   21   2   1  -1       0.47534359  p_y
   21   2   1   0       0.45325469  p_z
   21   2   1   1       0.45806785  p_x
   22   1   0   0       0.44264855  s
   23   1   0   0       0.61853592  s
   23   2   1  -1       0.48478098  p_y
   23   2   1   0       0.47403399  p_z
   23   2   1   1       0.46486697  p_x
   24   1   0   0       0.45100223  s
   25   1   0   0       0.44041052  s
   26   1   0   0       0.43442566  s
   27   1   0   0       0.59200545  s
   27   2   1  -1       0.47277710  p_y
   27   2   1   0       0.44790634  p_z
   27   2   1   1       0.46308550  p_x
   28   1   0   0       0.62090104  s
   28   2   1  -1       0.49396797  p_y
   28   2   1   0       0.45897321  p_z
   28   2   1   1       0.47980900  p_x
   29   1   0   0       0.44993158  s
   30   1   0   0       0.62046151  s
   30   2   1  -1       0.50108198  p_y
   30   2   1   0       0.45803407  p_z
   30   2   1   1       0.48380905  p_x
   31   1   0   0       0.61573448  s
   31   2   1  -1       0.48115734  p_y
   31   2   1   0       0.47551800  p_z
   31   2   1   1       0.46969140  p_x
   32   1   0   0       0.44860740  s
   33   1   0   0       0.61694570  s
   33   2   1  -1       0.47701138  p_y
   33   2   1   0       0.47245496  p_z
   33   2   1   1       0.47012298  p_x
   34   1   0   0       0.44174565  s
   35   1   0   0       0.44715359  s
   36   1   0   0       0.45485995  s
   37   1   0   0       0.58449066  s
   37   2   1  -1       0.48115762  p_y
   37   2   1   0       0.44886539  p_z
   37   2   1   1       0.46414193  p_x
   38   1   0   0       0.61970548  s
   38   2   1  -1       0.49552396  p_y
   38   2   1   0       0.45888207  p_z
   38   2   1   1       0.48226859  p_x
   39   1   0   0       0.58181042  s
   39   2   1  -1       0.47705996  p_y
   39   2   1   0       0.44708958  p_z
   39   2   1   1       0.46537274  p_x
   40   1   0   0       0.62017906  s
   40   2   1  -1       0.49432555  p_y
   40   2   1   0       0.45910564  p_z
   40   2   1   1       0.48131751  p_x
   41   1   0   0       0.58729500  s
   41   2   1  -1       0.47689799  p_y
   41   2   1   0       0.44826687  p_z
   41   2   1   1       0.46347199  p_x
   42   1   0   0       0.45205585  s
   43   1   0   0       0.62250201  s
   43   2   1  -1       0.52412282  p_y
   43   2   1   0       0.45812159  p_z
   43   2   1   1       0.47887904  p_x
   44   1   0   0       0.61936628  s
   44   2   1  -1       0.52626972  p_y
   44   2   1   0       0.45761804  p_z
   44   2   1   1       0.47872390  p_x
   45   1   0   0       0.58568091  s
   45   2   1  -1       0.48388328  p_y
   45   2   1   0       0.44631032  p_z
   45   2   1   1       0.46399916  p_x
   46   1   0   0       0.44777415  s
   47   1   0   0       0.61802362  s
   47   2   1  -1       0.48847374  p_y
   47   2   1   0       0.45923099  p_z
   47   2   1   1       0.47716773  p_x
   48   1   0   0       0.58584023  s
   48   2   1  -1       0.47600091  p_y
   48   2   1   0       0.44491582  p_z
   48   2   1   1       0.46091632  p_x
   49   1   0   0       0.46482866  s
   50   1   0   0       0.46554228  s
   51   1   0   0       0.58485990  s
   51   2   1  -1       0.47786783  p_y
   51   2   1   0       0.44686579  p_z
   51   2   1   1       0.46473744  p_x
   52   1   0   0       0.62258018  s
   52   2   1  -1       0.49367967  p_y
   52   2   1   0       0.45541480  p_z
   52   2   1   1       0.48467256  p_x
   53   1   0   0       0.61229200  s
   53   2   1  -1       0.49234640  p_y
   53   2   1   0       0.46379690  p_z
   53   2   1   1       0.47253579  p_x
   54   1   0   0       0.44909728  s
   55   1   0   0       0.61917342  s
   55   2   1  -1       0.51192863  p_y
   55   2   1   0       0.45849940  p_z
   55   2   1   1       0.47494023  p_x
   56   1   0   0       0.62400559  s
   56   2   1  -1       0.51438141  p_y
   56   2   1   0       0.45626548  p_z
   56   2   1   1       0.49103527  p_x
   57   1   0   0       0.58732876  s
   57   2   1  -1       0.48287488  p_y
   57   2   1   0       0.44383381  p_z
   57   2   1   1       0.46654922  p_x
   58   1   0   0       0.45083673  s
   59   1   0   0       0.61475791  s
   59   2   1  -1       0.48099769  p_y
   59   2   1   0       0.47339768  p_z
   59   2   1   1       0.46624403  p_x
   60   1   0   0       0.45072615  s
   61   1   0   0       0.46490397  s
   62   1   0   0       0.46624910  s
   63   1   0   0       0.58547144  s
   63   2   1  -1       0.47807411  p_y
   63   2   1   0       0.44473197  p_z
   63   2   1   1       0.46594104  p_x
   64   1   0   0       0.62014876  s
   64   2   1  -1       0.49492611  p_y
   64   2   1   0       0.45677292  p_z
   64   2   1   1       0.47536599  p_x
   65   1   0   0       0.45111520  s
   66   1   0   0       0.61540809  s
   66   2   1  -1       0.50183550  p_y
   66   2   1   0       0.45755944  p_z
   66   2   1   1       0.49233613  p_x
   67   1   0   0       0.61405198  s
   67   2   1  -1       0.49189299  p_y
   67   2   1   0       0.47225176  p_z
   67   2   1   1       0.47043743  p_x
   68   1   0   0       0.45392070  s
   69   1   0   0       0.61345446  s
   69   2   1  -1       0.49008402  p_y
   69   2   1   0       0.46159488  p_z
   69   2   1   1       0.47925352  p_x
   70   1   0   0       0.45733821  s
   71   1   0   0       0.45329868  s
   72   1   0   0       0.46176060  s

Nr. of electrons (down):    101.00000000
Atom populations (down)
 Atom       Population
    1       1.99573224
    2       1.96169338
    3       2.00193317
    4       1.93477426
    5       1.97333728
    6       0.44614151
    7       1.96405274
    8       1.93797778
    9       1.99725008
   10       0.44332747
   11       2.00777462
   12       1.97716555
   13       0.44366222
   14       0.44743107
   15       2.00145774
   16       1.96355930
   17       2.01667155
   18       0.44456337
   19       2.01522820
   20       1.96487370
   21       1.97438012
   22       0.44937242
   23       2.02051015
   24       0.45270423
   25       0.44301919
   26       0.44195630
   27       1.97787033
   28       2.00942964
   29       0.45118852
   30       2.01597721
   31       2.01387848
   32       0.45107782
   33       2.01285552
   34       0.44441941
   35       0.44863645
   36       0.45624677
   37       1.97882050
   38       2.05571765
   39       1.97128780
   40       2.05372301
   41       1.97601572
   42       0.45209277
   43       2.08344987
   44       2.08176096
   45       1.98005239
   46       0.44783945
   47       2.04271407
   48       1.96756177
   49       0.46483944
   50       0.46555456
   51       1.97433609
   52       2.05512862
   53       2.04097997
   54       0.44910729
   55       2.06450064
   56       2.08560203
   57       1.98070346
   58       0.45090400
   59       2.03527765
   60       0.45072552
   61       0.46490663
   62       0.46624995
   63       1.97406097
   64       2.04667349
   65       0.45112192
   66       2.06723254
   67       2.04870325
   68       0.45395085
   69       2.04386308
   70       0.45732733
   71       0.45329480
   72       0.46179012

l-shell populations (down)
 Atom Sh.   l       Population
    1   1   0       0.59351694
    1   2   1       1.40221530
    2   1   0       0.62088000
    2   2   1       1.34081338
    3   1   0       0.59838256
    3   2   1       1.40355061
    4   1   0       0.62249534
    4   2   1       1.31227892
    5   1   0       0.59164620
    5   2   1       1.38169109
    6   1   0       0.44614151
    7   1   0       0.62162383
    7   2   1       1.34242890
    8   1   0       0.62290879
    8   2   1       1.31506898
    9   1   0       0.59262351
    9   2   1       1.40462657
   10   1   0       0.44332747
   11   1   0       0.61795270
   11   2   1       1.38982193
   12   1   0       0.59771763
   12   2   1       1.37944792
   13   1   0       0.44366222
   14   1   0       0.44743107
   15   1   0       0.59499305
   15   2   1       1.40646470
   16   1   0       0.62079140
   16   2   1       1.34276791
   17   1   0       0.61252392
   17   2   1       1.40414763
   18   1   0       0.44456337
   19   1   0       0.61847295
   19   2   1       1.39675525
   20   1   0       0.62036475
   20   2   1       1.34450896
   21   1   0       0.59378197
   21   2   1       1.38059815
   22   1   0       0.44937242
   23   1   0       0.61857877
   23   2   1       1.40193138
   24   1   0       0.45270423
   25   1   0       0.44301919
   26   1   0       0.44195630
   27   1   0       0.59454356
   27   2   1       1.38332678
   28   1   0       0.61934815
   28   2   1       1.39008149
   29   1   0       0.45118852
   30   1   0       0.61862731
   30   2   1       1.39734990
   31   1   0       0.61532392
   31   2   1       1.39855456
   32   1   0       0.45107782
   33   1   0       0.61682968
   33   2   1       1.39602584
   34   1   0       0.44441941
   35   1   0       0.44863645
   36   1   0       0.45624677
   37   1   0       0.58452109
   37   2   1       1.39429942
   38   1   0       0.61967305
   38   2   1       1.43604460
   39   1   0       0.58181159
   39   2   1       1.38947620
   40   1   0       0.62012138
   40   2   1       1.43360162
   41   1   0       0.58731027
   41   2   1       1.38870545
   42   1   0       0.45209277
   43   1   0       0.62249571
   43   2   1       1.46095417
   44   1   0       0.61935664
   44   2   1       1.46240432
   45   1   0       0.58571875
   45   2   1       1.39433365
   46   1   0       0.44783945
   47   1   0       0.61801432
   47   2   1       1.42469975
   48   1   0       0.58583698
   48   2   1       1.38172480
   49   1   0       0.46483944
   50   1   0       0.46555456
   51   1   0       0.58486176
   51   2   1       1.38947433
   52   1   0       0.62252223
   52   2   1       1.43260639
   53   1   0       0.61229618
   53   2   1       1.42868379
   54   1   0       0.44910729
   55   1   0       0.61917418
   55   2   1       1.44532645
   56   1   0       0.62400435
   56   2   1       1.46159768
   57   1   0       0.58735747
   57   2   1       1.39334599
   58   1   0       0.45090400
   59   1   0       0.61475298
   59   2   1       1.42052467
   60   1   0       0.45072552
   61   1   0       0.46490663
   62   1   0       0.46624995
   63   1   0       0.58546374
   63   2   1       1.38859722
   64   1   0       0.62012220
   64   2   1       1.42655129
   65   1   0       0.45112192
   66   1   0       0.61542166
   66   2   1       1.45181088
   67   1   0       0.61406821
   67   2   1       1.43463505
   68   1   0       0.45395085
   69   1   0       0.61342731
   69   2   1       1.43043577
   70   1   0       0.45732733
   71   1   0       0.45329480
   72   1   0       0.46179012

Orbital populations (down)
 Atom Sh.   l   m       Population  Label
    1   1   0   0       0.59351694  s
    1   2   1  -1       0.48170062  p_y
    1   2   1   0       0.46104970  p_z
    1   2   1   1       0.45946498  p_x
    2   1   0   0       0.62088000  s
    2   2   1  -1       0.42742812  p_y
    2   2   1   0       0.44916207  p_z
    2   2   1   1       0.46422319  p_x
    3   1   0   0       0.59838256  s
    3   2   1  -1       0.48443254  p_y
    3   2   1   0       0.45978373  p_z
    3   2   1   1       0.45933435  p_x
    4   1   0   0       0.62249534  s
    4   2   1  -1       0.40567557  p_y
    4   2   1   0       0.44704914  p_z
    4   2   1   1       0.45955421  p_x
    5   1   0   0       0.59164620  s
    5   2   1  -1       0.46587466  p_y
    5   2   1   0       0.45897422  p_z
    5   2   1   1       0.45684222  p_x
    6   1   0   0       0.44614151  s
    7   1   0   0       0.62162383  s
    7   2   1  -1       0.42932428  p_y
    7   2   1   0       0.44317844  p_z
    7   2   1   1       0.46992618  p_x
    8   1   0   0       0.62290879  s
    8   2   1  -1       0.40591669  p_y
    8   2   1   0       0.44403826  p_z
    8   2   1   1       0.46511404  p_x
    9   1   0   0       0.59262351  s
    9   2   1  -1       0.48392839  p_y
    9   2   1   0       0.46107458  p_z
    9   2   1   1       0.45962360  p_x
   10   1   0   0       0.44332747  s
   11   1   0   0       0.61795270  s
   11   2   1  -1       0.46240076  p_y
   11   2   1   0       0.45760021  p_z
   11   2   1   1       0.46982096  p_x
   12   1   0   0       0.59771763  s
   12   2   1  -1       0.46916483  p_y
   12   2   1   0       0.45108905  p_z
   12   2   1   1       0.45919404  p_x
   13   1   0   0       0.44366222  s
   14   1   0   0       0.44743107  s
   15   1   0   0       0.59499305  s
   15   2   1  -1       0.48628010  p_y
   15   2   1   0       0.46059988  p_z
   15   2   1   1       0.45958472  p_x
   16   1   0   0       0.62079140  s
   16   2   1  -1       0.42678338  p_y
   16   2   1   0       0.44609112  p_z
   16   2   1   1       0.46989341  p_x
   17   1   0   0       0.61252392  s
   17   2   1  -1       0.46463284  p_y
   17   2   1   0       0.47088323  p_z
   17   2   1   1       0.46863156  p_x
   18   1   0   0       0.44456337  s
   19   1   0   0       0.61847295  s
   19   2   1  -1       0.46784547  p_y
   19   2   1   0       0.45375415  p_z
   19   2   1   1       0.47515562  p_x
   20   1   0   0       0.62036475  s
   20   2   1  -1       0.42418238  p_y
   20   2   1   0       0.44979640  p_z
   20   2   1   1       0.47053017  p_x
   21   1   0   0       0.59378197  s
   21   2   1  -1       0.46915063  p_y
   21   2   1   0       0.45435370  p_z
   21   2   1   1       0.45709382  p_x
   22   1   0   0       0.44937242  s
   23   1   0   0       0.61857877  s
   23   2   1  -1       0.46923490  p_y
   23   2   1   0       0.47112340  p_z
   23   2   1   1       0.46157309  p_x
   24   1   0   0       0.45270423  s
   25   1   0   0       0.44301919  s
   26   1   0   0       0.44195630  s
   27   1   0   0       0.59454356  s
   27   2   1  -1       0.46994606  p_y
   27   2   1   0       0.45063933  p_z
   27   2   1   1       0.46274139  p_x
   28   1   0   0       0.61934815  s
   28   2   1  -1       0.46420991  p_y
   28   2   1   0       0.45251021  p_z
   28   2   1   1       0.47336137  p_x
   29   1   0   0       0.45118852  s
   30   1   0   0       0.61862731  s
   30   2   1  -1       0.46930583  p_y
   30   2   1   0       0.45423758  p_z
   30   2   1   1       0.47380649  p_x
   31   1   0   0       0.61532392  s
   31   2   1  -1       0.46519286  p_y
   31   2   1   0       0.47044644  p_z
   31   2   1   1       0.46291526  p_x
   32   1   0   0       0.45107782  s
   33   1   0   0       0.61682968  s
   33   2   1  -1       0.46380015  p_y
   33   2   1   0       0.46870632  p_z
   33   2   1   1       0.46351938  p_x
   34   1   0   0       0.44441941  s
   35   1   0   0       0.44863645  s
   36   1   0   0       0.45624677  s
   37   1   0   0       0.58452109  s
   37   2   1  -1       0.48122733  p_y
   37   2   1   0       0.44890359  p_z
   37   2   1   1       0.46416850  p_x
   38   1   0   0       0.61967305  s
   38   2   1  -1       0.49504315  p_y
   38   2   1   0       0.45884698  p_z
   38   2   1   1       0.48215447  p_x
   39   1   0   0       0.58181159  s
   39   2   1  -1       0.47701696  p_y
   39   2   1   0       0.44709282  p_z
   39   2   1   1       0.46536643  p_x
   40   1   0   0       0.62012138  s
   40   2   1  -1       0.49343469  p_y
   40   2   1   0       0.45903888  p_z
   40   2   1   1       0.48112806  p_x
   41   1   0   0       0.58731027  s
   41   2   1  -1       0.47692950  p_y
   41   2   1   0       0.44828613  p_z
   41   2   1   1       0.46348983  p_x
   42   1   0   0       0.45209277  s
   43   1   0   0       0.62249571  s
   43   2   1  -1       0.52401361  p_y
   43   2   1   0       0.45811746  p_z
   43   2   1   1       0.47882310  p_x
   44   1   0   0       0.61935664  s
   44   2   1  -1       0.52614265  p_y
   44   2   1   0       0.45761263  p_z
   44   2   1   1       0.47864904  p_x
   45   1   0   0       0.58571875  s
   45   2   1  -1       0.48395139  p_y
   45   2   1   0       0.44635365  p_z
   45   2   1   1       0.46402860  p_x
   46   1   0   0       0.44783945  s
   47   1   0   0       0.61801432  s
   47   2   1  -1       0.48833899  p_y
   47   2   1   0       0.45922174  p_z
   47   2   1   1       0.47713902  p_x
   48   1   0   0       0.58583698  s
   48   2   1  -1       0.47590701  p_y
   48   2   1   0       0.44491265  p_z
   48   2   1   1       0.46090513  p_x
   49   1   0   0       0.46483944  s
   50   1   0   0       0.46555456  s
   51   1   0   0       0.58486176  s
   51   2   1  -1       0.47786903  p_y
   51   2   1   0       0.44686977  p_z
   51   2   1   1       0.46473552  p_x
   52   1   0   0       0.62252223  s
   52   2   1  -1       0.49278372  p_y
   52   2   1   0       0.45535054  p_z
   52   2   1   1       0.48447214  p_x
   53   1   0   0       0.61229618  s
   53   2   1  -1       0.49234689  p_y
   53   2   1   0       0.46380210  p_z
   53   2   1   1       0.47253480  p_x
   54   1   0   0       0.44910729  s
   55   1   0   0       0.61917418  s
   55   2   1  -1       0.51188517  p_y
   55   2   1   0       0.45849763  p_z
   55   2   1   1       0.47494366  p_x
   56   1   0   0       0.62400435  s
   56   2   1  -1       0.51433343  p_y
   56   2   1   0       0.45626717  p_z
   56   2   1   1       0.49099708  p_x
   57   1   0   0       0.58735747  s
   57   2   1  -1       0.48291010  p_y
   57   2   1   0       0.44386003  p_z
   57   2   1   1       0.46657586  p_x
   58   1   0   0       0.45090400  s
   59   1   0   0       0.61475298  s
   59   2   1  -1       0.48091601  p_y
   59   2   1   0       0.47338901  p_z
   59   2   1   1       0.46621965  p_x
   60   1   0   0       0.45072552  s
   61   1   0   0       0.46490663  s
   62   1   0   0       0.46624995  s
   63   1   0   0       0.58546374  s
   63   2   1  -1       0.47796935  p_y
   63   2   1   0       0.44472500  p_z
   63   2   1   1       0.46590287  p_x
   64   1   0   0       0.62012220  s
   64   2   1  -1       0.49453139  p_y
   64   2   1   0       0.45674042  p_z
   64   2   1   1       0.47527948  p_x
   65   1   0   0       0.45112192  s
   66   1   0   0       0.61542166  s
   66   2   1  -1       0.50187247  p_y
   66   2   1   0       0.45757600  p_z
   66   2   1   1       0.49236241  p_x
   67   1   0   0       0.61406821  s
   67   2   1  -1       0.49192395  p_y
   67   2   1   0       0.47226181  p_z
   67   2   1   1       0.47044928  p_x
   68   1   0   0       0.45395085  s
   69   1   0   0       0.61342731  s
   69   2   1  -1       0.48980747  p_y
   69   2   1   0       0.46155671  p_z
   69   2   1   1       0.47907159  p_x
   70   1   0   0       0.45732733  s
   71   1   0   0       0.45329480  s
   72   1   0   0       0.46179012  s

Spin  up
Fermi level:                        -0.2263762688 H           -6.1600 eV
Band energy:                       -48.0642363641 H        -1307.8944 eV
TS:                                  0.0000000000 H            0.0000 eV
Band free energy (E-TS):           -48.0642363641 H        -1307.8944 eV
Extrapolated E(0K):                -48.0642363641 H        -1307.8944 eV
Input / Output electrons (up):    102.0000000000    102.0000000000

Spin  down
Fermi level:                        -0.2421689223 H           -6.5898 eV
Band energy:                       -47.7267687308 H        -1298.7115 eV
TS:                                  0.0000000000 H            0.0000 eV
Band free energy (E-TS):           -47.7267687308 H        -1298.7115 eV
Extrapolated E(0K):                -47.7267687308 H        -1298.7115 eV
Input / Output electrons (down):    101.0000000000    101.0000000000

Energy H0:                         -86.2650957845 H        -2347.3927 eV
Energy SCC:                          0.0243484128 H            0.6626 eV
Energy SPIN:                        -0.0015624388 H           -0.0425 eV
Energy 3rd:                          0.0000449587 H            0.0012 eV
Total Electronic energy:           -86.2422648517 H        -2346.7714 eV
Repulsive energy:                    0.7416166982 H           20.1804 eV
Total energy:                      -85.5006481535 H        -2326.5910 eV
Extrapolated to 0:                 -85.5006481535 H        -2326.5910 eV
Total Mermin free energy:          -85.5006481535 H        -2326.5910 eV
Force related energy:              -85.5006481535 H        -2326.5910 eV

Constraints converged

SCC converged

