|===============================================================================
|
|  DFTB+ release 24.1
|
|  Copyright (C) 2006 - 2024  DFTB+ developers group
|
|===============================================================================
|
|  When publishing results obtained with DFTB+, please cite the following
|  reference:
|
|  * DFTB+, a software package for efficient approximate density functional
|    theory based atomistic simulations, J. Chem. Phys. 152, 124101 (2020).
|    [doi: 10.1063/1.5143190]
|
|  You should also cite additional publications crediting the parametrization
|  data you use. Please consult the documentation of the SK-files for the
|  references.
|
|===============================================================================

Reading input file 'dftb_in.hsd'
Parser version: 14

--------------------------------------------------------------------------------
***  Converting input from parser version 10 to parser version 14 ...
***  Done.

Reading SK-files:
/home/takahashi/qmmm/sk/3ob/C-C.skf
/home/takahashi/qmmm/sk/3ob/C-H.skf
/home/takahashi/qmmm/sk/3ob/H-H.skf
Done.


Processed input in HSD format written to 'dftb_pin.hsd'

Starting initialization...
--------------------------------------------------------------------------------
OpenMP threads:              4
Chosen random seed:          437363
Current stacksize:           unlimited
Mode:                        Static calculation
Self consistent charges:     Yes
SCC-tolerance:                 0.100000E-04
Max. scc iterations:                    300
Shell resolved Hubbard:      No
Spin polarisation:           No
Nr. of up electrons:           102.000000
Nr. of down electrons:         102.000000
Periodic boundaries:         No
Electronic solver:           Relatively robust
Mixer:                       Broyden mixer
Mixing parameter:                  0.200000
Maximal SCC-cycles:                     300
Nr. of chrg. vec. in memory:            300
Electronic temperature:              0.100000E-07 H      0.272114E-06 eV
Initial charges:             Set automatically (system chrg:   0.000E+00)
Included shells:             C:  s, p
                             H:  s
Full 3rd order correction    Yes
Damped SCC                   Yes
Damped species(s):           H                                                 
Extra options:
                             Mulliken analysis
                             Force calculation
Force type                   original
                             External charges specified

--------------------------------------------------------------------------------

***  Geometry step: 0

 iSCC Total electronic   Diff electronic      SCC error    
    1    0.00000000E+00    0.00000000E+00    0.21470578E+00
    2   -0.87041141E+02   -0.87041141E+02    0.13625466E+00
    3   -0.87060244E+02   -0.19103334E-01    0.99745722E-01
    4   -0.87065924E+02   -0.56794609E-02    0.36024726E-01
    5   -0.87066166E+02   -0.24269954E-03    0.97365521E-02
    6   -0.87066500E+02   -0.33402429E-03    0.22287449E-02
    7   -0.87066553E+02   -0.52567733E-04    0.11025608E-02
    8   -0.87066555E+02   -0.25151057E-05    0.50682405E-03
    9   -0.87066556E+02   -0.25949872E-06    0.20895755E-03
   10   -0.87066556E+02   -0.72937866E-07    0.58958107E-04
   11   -0.87066556E+02   -0.31655816E-07    0.16937489E-04
   12   -0.87066556E+02   -0.60032335E-09    0.71308885E-05
>> Charges saved for restart in charges.bin

Total Energy:                      -85.5330216578 H        -2327.4719 eV
Extrapolated to 0K:                -85.5330216578 H        -2327.4719 eV
Total Mermin free energy:          -85.5330216578 H        -2327.4719 eV
Force related energy:              -85.5330216578 H        -2327.4719 eV


--------------------------------------------------------------------------------
DFTB+ running times                          cpu [s]             wall clock [s]
--------------------------------------------------------------------------------
SCC                                    +       0.74 ( 90.7%)       0.11 ( 90.2%)
Post-SCC processing                    +       0.07 (  8.3%)       0.01 (  6.5%)
--------------------------------------------------------------------------------
Missing                                +       0.01 (  1.0%)       0.00 (  3.3%)
Total                                  =       0.82 (100.0%)       0.12 (100.0%)
--------------------------------------------------------------------------------
