 Fermi distribution function

Calculation with static geometry


********************************************************************************
 iSCC Total electronic   Diff electronic      SCC error    
   18   -0.86278721E+02    0.45576741E-07    0.75190565E-06
********************************************************************************

 Total charge:     1.00000000

 Atomic gross charges (e)
 Atom           Charge
    1       0.03539043
    2      -0.12433566
    3       0.03987766
    4      -0.11868950
    5       0.04555189
    6       0.10441060
    7      -0.16417450
    8      -0.15773496
    9       0.03279887
   10       0.11008788
   11      -0.07207588
   12       0.03526429
   13       0.11149090
   14       0.10491843
   15       0.03008035
   16      -0.12898240
   17      -0.10243373
   18       0.09887285
   19      -0.11335558
   20      -0.16741828
   21       0.03405361
   22       0.10547591
   23      -0.10115606
   24       0.08529310
   25       0.10098037
   26       0.11002420
   27       0.03780140
   28      -0.10120485
   29       0.08288118
   30      -0.11776707
   31      -0.09733915
   32       0.09311284
   33      -0.09047495
   34       0.10265190
   35       0.08290640
   36       0.07331391
   37       0.01856169
   38      -0.04651487
   39       0.02264494
   40      -0.03273283
   41       0.05380671
   42       0.10661124
   43      -0.06010117
   44      -0.04296511
   45       0.02600107
   46       0.10626109
   47      -0.06151905
   48       0.05626932
   49       0.10541405
   50       0.10744018
   51       0.02415174
   52      -0.05492373
   53      -0.04737736
   54       0.11450436
   55      -0.07506504
   56      -0.07547037
   57       0.05524439
   58       0.10555520
   59      -0.05333744
   60       0.11369881
   61       0.09760936
   62       0.11279197
   63       0.04854136
   64      -0.07272866
   65       0.12140767
   66      -0.08340793
   67      -0.06696115
   68       0.09694542
   69      -0.06139380
   70       0.12121435
   71       0.11371800
   72       0.10600918


 Atomic net (on-site) populations and hybridisation ratios
 Atom       Population         Hybrid.
    1       2.71116288      0.32220928
    2       2.88640700      0.27839825
    3       2.71062251      0.32234437
    4       2.86966503      0.28258374
    5       2.69443489      0.32639128
    6       0.56785624      0.43214376
    7       2.93401953      0.26649512
    8       2.92322704      0.26919324
    9       2.71807890      0.32048028
   10       0.56068287      0.43931713
   11       2.79129348      0.30217663
   12       2.73798875      0.31550281
   13       0.55218559      0.44781441
   14       0.56423414      0.43576586
   15       2.72536010      0.31865997
   16       2.89619445      0.27595139
   17       2.82594694      0.29351327
   18       0.57578767      0.42421233
   19       2.84322823      0.28919294
   20       2.92677303      0.26830674
   21       2.72248257      0.31937936
   22       0.56502468      0.43497532
   23       2.84643818      0.28839045
   24       0.57916316      0.42083684
   25       0.56411328      0.43588672
   26       0.55341439      0.44658561
   27       2.71285671      0.32178582
   28       2.84973587      0.28756603
   29       0.58698014      0.41301986
   30       2.85870710      0.28532323
   31       2.81218458      0.29695385
   32       0.57707194      0.42292806
   33       2.81736792      0.29565802
   34       0.56727264      0.43272736
   35       0.58390789      0.41609211
   36       0.59846674      0.40153326
   37       2.72471816      0.31882046
   38       2.80465474      0.29883631
   39       2.72083620      0.31979095
   40       2.78810792      0.30297302
   41       2.67962511      0.33009372
   42       0.56440595      0.43559405
   43       2.84302740      0.28924315
   44       2.79984249      0.30003938
   45       2.70882674      0.32279332
   46       0.56337431      0.43662569
   47       2.81960224      0.29509944
   48       2.66742845      0.33314289
   49       0.56846192      0.43153808
   50       0.56584946      0.43415054
   51       2.71922224      0.32019444
   52       2.82690990      0.29327252
   53       2.77803197      0.30549201
   54       0.55164060      0.44835940
   55       2.82395086      0.29401228
   56       2.86045889      0.28488528
   57       2.66874416      0.33281396
   58       0.56666881      0.43333119
   59       2.78549549      0.30362613
   60       0.54953142      0.45046858
   61       0.57297742      0.42702258
   62       0.56004779      0.43995221
   63       2.69580509      0.32604873
   64       2.81343571      0.29664107
   65       0.54566921      0.45433079
   66       2.83155520      0.29211120
   67       2.80243459      0.29939135
   68       0.57218448      0.42781552
   69       2.80016149      0.29995963
   70       0.54212698      0.45787302
   71       0.55181482      0.44818518
   72       0.55897726      0.44102274

Nr. of electrons (up):    102.00000000
Atom populations (up)
 Atom       Population
    1       1.98228337
    2       2.06239270
    3       1.98008886
    4       2.05969259
    5       1.97722854
    6       0.44778182
    7       2.08211232
    8       2.07891005
    9       1.98355302
   10       0.44493633
   11       2.03608723
   12       1.98246910
   13       0.44425319
   14       0.44753842
   15       1.98496110
   16       2.06480672
   17       2.05123507
   18       0.45056061
   19       2.05669581
   20       2.08374235
   21       1.98292306
   22       0.44724424
   23       2.05064860
   24       0.45735246
   25       0.44950883
   26       0.44498615
   27       1.98117129
   28       2.05072049
   29       0.45855532
   30       2.05887732
   31       2.04864265
   32       0.45343680
   33       2.04537257
   34       0.44867450
   35       0.45854833
   36       0.46333524
   37       1.98118629
   38       2.08738730
   39       1.97698748
   40       2.08907434
   41       1.97260034
   42       0.44316252
   43       2.10932428
   44       2.09745096
   45       1.97804551
   46       0.44294391
   47       2.05979127
   48       1.96693443
   49       0.44281642
   50       0.44204104
   51       1.97925540
   52       2.09024669
   53       2.04057299
   54       0.44116413
   55       2.07066779
   56       2.10112781
   57       1.97153958
   58       0.44374712
   59       2.03623808
   60       0.44222631
   61       0.44933422
   62       0.44001694
   63       1.97753376
   64       2.05846815
   65       0.43875277
   66       2.06200269
   67       2.04336543
   68       0.45030614
   69       2.04527948
   70       0.43831366
   71       0.44258211
   72       0.44618564

l-shell populations (up)
 Atom Sh.   l       Population
    1   1   0       0.59019035
    1   2   1       1.39209302
    2   1   0       0.62240428
    2   2   1       1.43998842
    3   1   0       0.59205952
    3   2   1       1.38802934
    4   1   0       0.61981652
    4   2   1       1.43987607
    5   1   0       0.58721936
    5   2   1       1.39000918
    6   1   0       0.44778182
    7   1   0       0.62626654
    7   2   1       1.45584578
    8   1   0       0.62411268
    8   2   1       1.45479737
    9   1   0       0.59143300
    9   2   1       1.39212003
   10   1   0       0.44493633
   11   1   0       0.61086319
   11   2   1       1.42522404
   12   1   0       0.59776002
   12   2   1       1.38470908
   13   1   0       0.44425319
   14   1   0       0.44753842
   15   1   0       0.59331764
   15   2   1       1.39164347
   16   1   0       0.62496628
   16   2   1       1.43984044
   17   1   0       0.61252592
   17   2   1       1.43870915
   18   1   0       0.45056061
   19   1   0       0.61680939
   19   2   1       1.43988641
   20   1   0       0.62330920
   20   2   1       1.46043315
   21   1   0       0.59242620
   21   2   1       1.39049686
   22   1   0       0.44724424
   23   1   0       0.61988745
   23   2   1       1.43076114
   24   1   0       0.45735246
   25   1   0       0.44950883
   26   1   0       0.44498615
   27   1   0       0.59083268
   27   2   1       1.39033861
   28   1   0       0.62013751
   28   2   1       1.43058298
   29   1   0       0.45855532
   30   1   0       0.61883942
   30   2   1       1.44003790
   31   1   0       0.61051063
   31   2   1       1.43813203
   32   1   0       0.45343680
   33   1   0       0.61287697
   33   2   1       1.43249560
   34   1   0       0.44867450
   35   1   0       0.45854833
   36   1   0       0.46333524
   37   1   0       0.58569657
   37   2   1       1.39548972
   38   1   0       0.62224664
   38   2   1       1.46514066
   39   1   0       0.58573877
   39   2   1       1.39124871
   40   1   0       0.62112204
   40   2   1       1.46795231
   41   1   0       0.58423556
   41   2   1       1.38836477
   42   1   0       0.44316252
   43   1   0       0.63006359
   43   2   1       1.47926069
   44   1   0       0.62287360
   44   2   1       1.47457735
   45   1   0       0.58328793
   45   2   1       1.39475759
   46   1   0       0.44294391
   47   1   0       0.62289754
   47   2   1       1.43689373
   48   1   0       0.58101384
   48   2   1       1.38592059
   49   1   0       0.44281642
   50   1   0       0.44204104
   51   1   0       0.58607852
   51   2   1       1.39317688
   52   1   0       0.62465172
   52   2   1       1.46559497
   53   1   0       0.61757044
   53   2   1       1.42300255
   54   1   0       0.44116413
   55   1   0       0.61976606
   55   2   1       1.45090173
   56   1   0       0.63071515
   56   2   1       1.47041266
   57   1   0       0.58127449
   57   2   1       1.39026509
   58   1   0       0.44374712
   59   1   0       0.61844368
   59   2   1       1.41779440
   60   1   0       0.44222631
   61   1   0       0.44933422
   62   1   0       0.44001694
   63   1   0       0.58797257
   63   2   1       1.38956119
   64   1   0       0.61588728
   64   2   1       1.44258087
   65   1   0       0.43875277
   66   1   0       0.62028508
   66   2   1       1.44171760
   67   1   0       0.61913688
   67   2   1       1.42422855
   68   1   0       0.45030614
   69   1   0       0.61964467
   69   2   1       1.42563481
   70   1   0       0.43831366
   71   1   0       0.44258211
   72   1   0       0.44618564

Orbital populations (up)
 Atom Sh.   l   m       Population  Label
    1   1   0   0       0.59019035  s
    1   2   1  -1       0.47834417  p_y
    1   2   1   0       0.45648334  p_z
    1   2   1   1       0.45726551  p_x
    2   1   0   0       0.62240428  s
    2   2   1  -1       0.49579742  p_y
    2   2   1   0       0.46381139  p_z
    2   2   1   1       0.48037962  p_x
    3   1   0   0       0.59205952  s
    3   2   1  -1       0.47631580  p_y
    3   2   1   0       0.45415726  p_z
    3   2   1   1       0.45755629  p_x
    4   1   0   0       0.61981652  s
    4   2   1  -1       0.49455199  p_y
    4   2   1   0       0.46512758  p_z
    4   2   1   1       0.48019650  p_x
    5   1   0   0       0.58721936  s
    5   2   1  -1       0.47480735  p_y
    5   2   1   0       0.45846039  p_z
    5   2   1   1       0.45674144  p_x
    6   1   0   0       0.44778182  s
    7   1   0   0       0.62626654  s
    7   2   1  -1       0.50655768  p_y
    7   2   1   0       0.46391761  p_z
    7   2   1   1       0.48537049  p_x
    8   1   0   0       0.62411268  s
    8   2   1  -1       0.50773088  p_y
    8   2   1   0       0.46680252  p_z
    8   2   1   1       0.48026397  p_x
    9   1   0   0       0.59143300  s
    9   2   1  -1       0.47975331  p_y
    9   2   1   0       0.45600911  p_z
    9   2   1   1       0.45635761  p_x
   10   1   0   0       0.44493633  s
   11   1   0   0       0.61086319  s
   11   2   1  -1       0.48581342  p_y
   11   2   1   0       0.46324810  p_z
   11   2   1   1       0.47616253  p_x
   12   1   0   0       0.59776002  s
   12   2   1  -1       0.47684099  p_y
   12   2   1   0       0.44893867  p_z
   12   2   1   1       0.45892942  p_x
   13   1   0   0       0.44425319  s
   14   1   0   0       0.44753842  s
   15   1   0   0       0.59331764  s
   15   2   1  -1       0.47949308  p_y
   15   2   1   0       0.45582093  p_z
   15   2   1   1       0.45632946  p_x
   16   1   0   0       0.62496628  s
   16   2   1  -1       0.49416864  p_y
   16   2   1   0       0.46501406  p_z
   16   2   1   1       0.48065773  p_x
   17   1   0   0       0.61252592  s
   17   2   1  -1       0.49565654  p_y
   17   2   1   0       0.47337727  p_z
   17   2   1   1       0.46967534  p_x
   18   1   0   0       0.45056061  s
   19   1   0   0       0.61680939  s
   19   2   1  -1       0.49616690  p_y
   19   2   1   0       0.46211143  p_z
   19   2   1   1       0.48160808  p_x
   20   1   0   0       0.62330920  s
   20   2   1  -1       0.50880685  p_y
   20   2   1   0       0.46762548  p_z
   20   2   1   1       0.48400082  p_x
   21   1   0   0       0.59242620  s
   21   2   1  -1       0.47935815  p_y
   21   2   1   0       0.45345194  p_z
   21   2   1   1       0.45768677  p_x
   22   1   0   0       0.44724424  s
   23   1   0   0       0.61988745  s
   23   2   1  -1       0.49195917  p_y
   23   2   1   0       0.47297854  p_z
   23   2   1   1       0.46582343  p_x
   24   1   0   0       0.45735246  s
   25   1   0   0       0.44950883  s
   26   1   0   0       0.44498615  s
   27   1   0   0       0.59083268  s
   27   2   1  -1       0.47913551  p_y
   27   2   1   0       0.44979192  p_z
   27   2   1   1       0.46141118  p_x
   28   1   0   0       0.62013751  s
   28   2   1  -1       0.48976898  p_y
   28   2   1   0       0.46259785  p_z
   28   2   1   1       0.47821615  p_x
   29   1   0   0       0.45855532  s
   30   1   0   0       0.61883942  s
   30   2   1  -1       0.49547322  p_y
   30   2   1   0       0.46237652  p_z
   30   2   1   1       0.48218816  p_x
   31   1   0   0       0.61051063  s
   31   2   1  -1       0.49202780  p_y
   31   2   1   0       0.47721340  p_z
   31   2   1   1       0.46889083  p_x
   32   1   0   0       0.45343680  s
   33   1   0   0       0.61287697  s
   33   2   1  -1       0.48970600  p_y
   33   2   1   0       0.47082290  p_z
   33   2   1   1       0.47196670  p_x
   34   1   0   0       0.44867450  s
   35   1   0   0       0.45854833  s
   36   1   0   0       0.46333524  s
   37   1   0   0       0.58569657  s
   37   2   1  -1       0.48276794  p_y
   37   2   1   0       0.44777735  p_z
   37   2   1   1       0.46494443  p_x
   38   1   0   0       0.62224664  s
   38   2   1  -1       0.51124639  p_y
   38   2   1   0       0.46234994  p_z
   38   2   1   1       0.49154433  p_x
   39   1   0   0       0.58573877  s
   39   2   1  -1       0.48135656  p_y
   39   2   1   0       0.44563587  p_z
   39   2   1   1       0.46425628  p_x
   40   1   0   0       0.62112204  s
   40   2   1  -1       0.51306423  p_y
   40   2   1   0       0.46354077  p_z
   40   2   1   1       0.49134731  p_x
   41   1   0   0       0.58423556  s
   41   2   1  -1       0.47774319  p_y
   41   2   1   0       0.44775957  p_z
   41   2   1   1       0.46286202  p_x
   42   1   0   0       0.44316252  s
   43   1   0   0       0.63006359  s
   43   2   1  -1       0.52489295  p_y
   43   2   1   0       0.46161664  p_z
   43   2   1   1       0.49275109  p_x
   44   1   0   0       0.62287360  s
   44   2   1  -1       0.52032974  p_y
   44   2   1   0       0.46175234  p_z
   44   2   1   1       0.49249527  p_x
   45   1   0   0       0.58328793  s
   45   2   1  -1       0.48329296  p_y
   45   2   1   0       0.44592302  p_z
   45   2   1   1       0.46554161  p_x
   46   1   0   0       0.44294391  s
   47   1   0   0       0.62289754  s
   47   2   1  -1       0.49412434  p_y
   47   2   1   0       0.46206316  p_z
   47   2   1   1       0.48070622  p_x
   48   1   0   0       0.58101384  s
   48   2   1  -1       0.47566812  p_y
   48   2   1   0       0.44897053  p_z
   48   2   1   1       0.46128195  p_x
   49   1   0   0       0.44281642  s
   50   1   0   0       0.44204104  s
   51   1   0   0       0.58607852  s
   51   2   1  -1       0.47984088  p_y
   51   2   1   0       0.44708343  p_z
   51   2   1   1       0.46625257  p_x
   52   1   0   0       0.62465172  s
   52   2   1  -1       0.51351793  p_y
   52   2   1   0       0.45962921  p_z
   52   2   1   1       0.49244784  p_x
   53   1   0   0       0.61757044  s
   53   2   1  -1       0.48526556  p_y
   53   2   1   0       0.46398322  p_z
   53   2   1   1       0.47375376  p_x
   54   1   0   0       0.44116413  s
   55   1   0   0       0.61976606  s
   55   2   1  -1       0.50815343  p_y
   55   2   1   0       0.45803681  p_z
   55   2   1   1       0.48471150  p_x
   56   1   0   0       0.63071515  s
   56   2   1  -1       0.51274853  p_y
   56   2   1   0       0.46030153  p_z
   56   2   1   1       0.49736259  p_x
   57   1   0   0       0.58127449  s
   57   2   1  -1       0.47736160  p_y
   57   2   1   0       0.44732643  p_z
   57   2   1   1       0.46557706  p_x
   58   1   0   0       0.44374712  s
   59   1   0   0       0.61844368  s
   59   2   1  -1       0.47533462  p_y
   59   2   1   0       0.47892594  p_z
   59   2   1   1       0.46353384  p_x
   60   1   0   0       0.44222631  s
   61   1   0   0       0.44933422  s
   62   1   0   0       0.44001694  s
   63   1   0   0       0.58797257  s
   63   2   1  -1       0.47707378  p_y
   63   2   1   0       0.44606583  p_z
   63   2   1   1       0.46642158  p_x
   64   1   0   0       0.61588728  s
   64   2   1  -1       0.50314044  p_y
   64   2   1   0       0.45473182  p_z
   64   2   1   1       0.48470861  p_x
   65   1   0   0       0.43875277  s
   66   1   0   0       0.62028508  s
   66   2   1  -1       0.49183216  p_y
   66   2   1   0       0.45972895  p_z
   66   2   1   1       0.49015650  p_x
   67   1   0   0       0.61913688  s
   67   2   1  -1       0.48069198  p_y
   67   2   1   0       0.47480401  p_z
   67   2   1   1       0.46873256  p_x
   68   1   0   0       0.45030614  s
   69   1   0   0       0.61964467  s
   69   2   1  -1       0.48494014  p_y
   69   2   1   0       0.46543447  p_z
   69   2   1   1       0.47526019  p_x
   70   1   0   0       0.43831366  s
   71   1   0   0       0.44258211  s
   72   1   0   0       0.44618564  s

Nr. of electrons (down):    101.00000000
Atom populations (down)
 Atom       Population
    1       1.98232620
    2       2.06194295
    3       1.98003347
    4       2.05899692
    5       1.97721957
    6       0.44780758
    7       2.08206218
    8       2.07882491
    9       1.98364810
   10       0.44497580
   11       2.03598864
   12       1.98226662
   13       0.44425591
   14       0.44754314
   15       1.98495855
   16       2.06417569
   17       2.05119866
   18       0.45056653
   19       2.05665977
   20       2.08367593
   21       1.98302333
   22       0.44727985
   23       2.05050746
   24       0.45735444
   25       0.44951080
   26       0.44498965
   27       1.98102731
   28       2.05048437
   29       0.45856350
   30       2.05888975
   31       2.04869650
   32       0.45345036
   33       2.04510237
   34       0.44867360
   35       0.45854528
   36       0.46335085
   37       2.00025202
   38       1.95912757
   39       2.00036758
   40       1.94365848
   41       1.97359296
   42       0.45022624
   43       1.95077689
   44       1.94551415
   45       1.99595341
   46       0.45079500
   47       2.00172779
   48       1.97679625
   49       0.45176953
   50       0.45051878
   51       1.99659286
   52       1.96467704
   53       2.00680437
   54       0.44433151
   55       2.00439725
   56       1.97434256
   57       1.97321603
   58       0.45069768
   59       2.01709936
   60       0.44407489
   61       0.45305642
   62       0.44719109
   63       1.97392488
   64       2.01426051
   65       0.43983956
   66       2.02140525
   67       2.02359572
   68       0.45274844
   69       2.01611432
   70       0.44047199
   71       0.44369989
   72       0.44780519

l-shell populations (down)
 Atom Sh.   l       Population
    1   1   0       0.59020719
    1   2   1       1.39211901
    2   1   0       0.62238391
    2   2   1       1.43955904
    3   1   0       0.59205842
    3   2   1       1.38797506
    4   1   0       0.61978390
    4   2   1       1.43921302
    5   1   0       0.58722832
    5   2   1       1.38999125
    6   1   0       0.44780758
    7   1   0       0.62626751
    7   2   1       1.45579468
    8   1   0       0.62410953
    8   2   1       1.45471538
    9   1   0       0.59145359
    9   2   1       1.39219452
   10   1   0       0.44497580
   11   1   0       0.61085937
   11   2   1       1.42512927
   12   1   0       0.59775297
   12   2   1       1.38451365
   13   1   0       0.44425591
   14   1   0       0.44754314
   15   1   0       0.59331815
   15   2   1       1.39164040
   16   1   0       0.62493564
   16   2   1       1.43924005
   17   1   0       0.61252728
   17   2   1       1.43867138
   18   1   0       0.45056653
   19   1   0       0.61681206
   19   2   1       1.43984771
   20   1   0       0.62330813
   20   2   1       1.46036780
   21   1   0       0.59244301
   21   2   1       1.39058033
   22   1   0       0.44727985
   23   1   0       0.61988203
   23   2   1       1.43062544
   24   1   0       0.45735444
   25   1   0       0.44951080
   26   1   0       0.44498965
   27   1   0       0.59082638
   27   2   1       1.39020092
   28   1   0       0.62012488
   28   2   1       1.43035949
   29   1   0       0.45856350
   30   1   0       0.61884518
   30   2   1       1.44004457
   31   1   0       0.61051940
   31   2   1       1.43817709
   32   1   0       0.45345036
   33   1   0       0.61286403
   33   2   1       1.43223834
   34   1   0       0.44867360
   35   1   0       0.45854528
   36   1   0       0.46335085
   37   1   0       0.58965747
   37   2   1       1.41059454
   38   1   0       0.61637562
   38   2   1       1.34275195
   39   1   0       0.59040144
   39   2   1       1.40996615
   40   1   0       0.61429485
   40   2   1       1.32936363
   41   1   0       0.58646634
   41   2   1       1.38712662
   42   1   0       0.45022624
   43   1   0       0.62263393
   43   2   1       1.32814296
   44   1   0       0.61567362
   44   2   1       1.32984053
   45   1   0       0.58721495
   45   2   1       1.40873847
   46   1   0       0.45079500
   47   1   0       0.62073061
   47   2   1       1.38099718
   48   1   0       0.58417278
   48   2   1       1.39262347
   49   1   0       0.45176953
   50   1   0       0.45051878
   51   1   0       0.59006843
   51   2   1       1.40652443
   52   1   0       0.61888591
   52   2   1       1.34579113
   53   1   0       0.61702780
   53   2   1       1.38977657
   54   1   0       0.44433151
   55   1   0       0.61693531
   55   2   1       1.38746194
   56   1   0       0.62492358
   56   2   1       1.34941897
   57   1   0       0.58349760
   57   2   1       1.38971843
   58   1   0       0.45069768
   59   1   0       0.61883890
   59   2   1       1.39826046
   60   1   0       0.44407489
   61   1   0       0.45305642
   62   1   0       0.44719109
   63   1   0       0.58991377
   63   2   1       1.38401112
   64   1   0       0.61416331
   64   2   1       1.40009721
   65   1   0       0.43983956
   66   1   0       0.61891698
   66   2   1       1.40248827
   67   1   0       0.61915927
   67   2   1       1.40443645
   68   1   0       0.45274844
   69   1   0       0.61909074
   69   2   1       1.39702358
   70   1   0       0.44047199
   71   1   0       0.44369989
   72   1   0       0.44780519

Orbital populations (down)
 Atom Sh.   l   m       Population  Label
    1   1   0   0       0.59020719  s
    1   2   1  -1       0.47834684  p_y
    1   2   1   0       0.45650043  p_z
    1   2   1   1       0.45727174  p_x
    2   1   0   0       0.62238391  s
    2   2   1  -1       0.49551539  p_y
    2   2   1   0       0.46374118  p_z
    2   2   1   1       0.48030247  p_x
    3   1   0   0       0.59205842  s
    3   2   1  -1       0.47627748  p_y
    3   2   1   0       0.45415068  p_z
    3   2   1   1       0.45754689  p_x
    4   1   0   0       0.61978390  s
    4   2   1  -1       0.49411757  p_y
    4   2   1   0       0.46502253  p_z
    4   2   1   1       0.48007291  p_x
    5   1   0   0       0.58722832  s
    5   2   1  -1       0.47478759  p_y
    5   2   1   0       0.45846347  p_z
    5   2   1   1       0.45674019  p_x
    6   1   0   0       0.44780758  s
    7   1   0   0       0.62626751  s
    7   2   1  -1       0.50651999  p_y
    7   2   1   0       0.46391415  p_z
    7   2   1   1       0.48536054  p_x
    8   1   0   0       0.62410953  s
    8   2   1  -1       0.50767554  p_y
    8   2   1   0       0.46678994  p_z
    8   2   1   1       0.48024990  p_x
    9   1   0   0       0.59145359  s
    9   2   1  -1       0.47978522  p_y
    9   2   1   0       0.45603554  p_z
    9   2   1   1       0.45637375  p_x
   10   1   0   0       0.44497580  s
   11   1   0   0       0.61085937  s
   11   2   1  -1       0.48574660  p_y
   11   2   1   0       0.46323647  p_z
   11   2   1   1       0.47614620  p_x
   12   1   0   0       0.59775297  s
   12   2   1  -1       0.47670793  p_y
   12   2   1   0       0.44891169  p_z
   12   2   1   1       0.45889402  p_x
   13   1   0   0       0.44425591  s
   14   1   0   0       0.44754314  s
   15   1   0   0       0.59331815  s
   15   2   1  -1       0.47949145  p_y
   15   2   1   0       0.45582070  p_z
   15   2   1   1       0.45632825  p_x
   16   1   0   0       0.62493564  s
   16   2   1  -1       0.49378322  p_y
   16   2   1   0       0.46490295  p_z
   16   2   1   1       0.48055387  p_x
   17   1   0   0       0.61252728  s
   17   2   1  -1       0.49562667  p_y
   17   2   1   0       0.47337372  p_z
   17   2   1   1       0.46967099  p_x
   18   1   0   0       0.45056653  s
   19   1   0   0       0.61681206  s
   19   2   1  -1       0.49613542  p_y
   19   2   1   0       0.46211185  p_z
   19   2   1   1       0.48160044  p_x
   20   1   0   0       0.62330813  s
   20   2   1  -1       0.50876139  p_y
   20   2   1   0       0.46762052  p_z
   20   2   1   1       0.48398590  p_x
   21   1   0   0       0.59244301  s
   21   2   1  -1       0.47939867  p_y
   21   2   1   0       0.45347453  p_z
   21   2   1   1       0.45770713  p_x
   22   1   0   0       0.44727985  s
   23   1   0   0       0.61988203  s
   23   2   1  -1       0.49186674  p_y
   23   2   1   0       0.47295975  p_z
   23   2   1   1       0.46579895  p_x
   24   1   0   0       0.45735444  s
   25   1   0   0       0.44951080  s
   26   1   0   0       0.44498965  s
   27   1   0   0       0.59082638  s
   27   2   1  -1       0.47904574  p_y
   27   2   1   0       0.44977172  p_z
   27   2   1   1       0.46138347  p_x
   28   1   0   0       0.62012488  s
   28   2   1  -1       0.48962740  p_y
   28   2   1   0       0.46256061  p_z
   28   2   1   1       0.47817147  p_x
   29   1   0   0       0.45856350  s
   30   1   0   0       0.61884518  s
   30   2   1  -1       0.49547386  p_y
   30   2   1   0       0.46238403  p_z
   30   2   1   1       0.48218668  p_x
   31   1   0   0       0.61051940  s
   31   2   1  -1       0.49204886  p_y
   31   2   1   0       0.47722303  p_z
   31   2   1   1       0.46890521  p_x
   32   1   0   0       0.45345036  s
   33   1   0   0       0.61286403  s
   33   2   1  -1       0.48955099  p_y
   33   2   1   0       0.47078551  p_z
   33   2   1   1       0.47190184  p_x
   34   1   0   0       0.44867360  s
   35   1   0   0       0.45854528  s
   36   1   0   0       0.46335085  s
   37   1   0   0       0.58965747  s
   37   2   1  -1       0.49016632  p_y
   37   2   1   0       0.45256235  p_z
   37   2   1   1       0.46786587  p_x
   38   1   0   0       0.61637562  s
   38   2   1  -1       0.41861055  p_y
   38   2   1   0       0.45568961  p_z
   38   2   1   1       0.46845179  p_x
   39   1   0   0       0.59040144  s
   39   2   1  -1       0.49086431  p_y
   39   2   1   0       0.45121695  p_z
   39   2   1   1       0.46788489  p_x
   40   1   0   0       0.61429485  s
   40   2   1  -1       0.40486131  p_y
   40   2   1   0       0.45588386  p_z
   40   2   1   1       0.46861846  p_x
   41   1   0   0       0.58646634  s
   41   2   1  -1       0.47401066  p_y
   41   2   1   0       0.45079293  p_z
   41   2   1   1       0.46232303  p_x
   42   1   0   0       0.45022624  s
   43   1   0   0       0.62263393  s
   43   2   1  -1       0.40554108  p_y
   43   2   1   0       0.45302926  p_z
   43   2   1   1       0.46957263  p_x
   44   1   0   0       0.61567362  s
   44   2   1  -1       0.40922732  p_y
   44   2   1   0       0.45280927  p_z
   44   2   1   1       0.46780394  p_x
   45   1   0   0       0.58721495  s
   45   2   1  -1       0.49021814  p_y
   45   2   1   0       0.45044269  p_z
   45   2   1   1       0.46807763  p_x
   46   1   0   0       0.45079500  s
   47   1   0   0       0.62073061  s
   47   2   1  -1       0.45153717  p_y
   47   2   1   0       0.46003228  p_z
   47   2   1   1       0.46942772  p_x
   48   1   0   0       0.58417278  s
   48   2   1  -1       0.47734726  p_y
   48   2   1   0       0.45194664  p_z
   48   2   1   1       0.46332956  p_x
   49   1   0   0       0.45176953  s
   50   1   0   0       0.45051878  s
   51   1   0   0       0.59006843  s
   51   2   1  -1       0.48575229  p_y
   51   2   1   0       0.45191374  p_z
   51   2   1   1       0.46885840  p_x
   52   1   0   0       0.61888591  s
   52   2   1  -1       0.42075531  p_y
   52   2   1   0       0.45318452  p_z
   52   2   1   1       0.47185129  p_x
   53   1   0   0       0.61702780  s
   53   2   1  -1       0.45787461  p_y
   53   2   1   0       0.46358652  p_z
   53   2   1   1       0.46831544  p_x
   54   1   0   0       0.44433151  s
   55   1   0   0       0.61693531  s
   55   2   1  -1       0.45964294  p_y
   55   2   1   0       0.45475088  p_z
   55   2   1   1       0.47306813  p_x
   56   1   0   0       0.62492358  s
   56   2   1  -1       0.43283416  p_y
   56   2   1   0       0.45389619  p_z
   56   2   1   1       0.46268863  p_x
   57   1   0   0       0.58349760  s
   57   2   1  -1       0.47471369  p_y
   57   2   1   0       0.44921170  p_z
   57   2   1   1       0.46579304  p_x
   58   1   0   0       0.45069768  s
   59   1   0   0       0.61883890  s
   59   2   1  -1       0.45889950  p_y
   59   2   1   0       0.47808420  p_z
   59   2   1   1       0.46127676  p_x
   60   1   0   0       0.44407489  s
   61   1   0   0       0.45305642  s
   62   1   0   0       0.44719109  s
   63   1   0   0       0.58991377  s
   63   2   1  -1       0.47079205  p_y
   63   2   1   0       0.44880132  p_z
   63   2   1   1       0.46441775  p_x
   64   1   0   0       0.61416331  s
   64   2   1  -1       0.47091455  p_y
   64   2   1   0       0.45256271  p_z
   64   2   1   1       0.47661994  p_x
   65   1   0   0       0.43983956  s
   66   1   0   0       0.61891698  s
   66   2   1  -1       0.46590848  p_y
   66   2   1   0       0.45860998  p_z
   66   2   1   1       0.47796981  p_x
   67   1   0   0       0.61915927  s
   67   2   1  -1       0.46661456  p_y
   67   2   1   0       0.47370954  p_z
   67   2   1   1       0.46411235  p_x
   68   1   0   0       0.45274844  s
   69   1   0   0       0.61909074  s
   69   2   1  -1       0.46555453  p_y
   69   2   1   0       0.46467447  p_z
   69   2   1   1       0.46679457  p_x
   70   1   0   0       0.44047199  s
   71   1   0   0       0.44369989  s
   72   1   0   0       0.44780519  s

Spin  up
Fermi level:                        -0.1957578223 H           -5.3268 eV
Band energy:                       -45.4741390813 H        -1237.4143 eV
TS:                                  0.0000000000 H            0.0000 eV
Band free energy (E-TS):           -45.4741390813 H        -1237.4143 eV
Extrapolated E(0K):                -45.4741390813 H        -1237.4143 eV
Input / Output electrons (up):    102.0000000000    102.0000000000

Spin  down
Fermi level:                        -0.2115856477 H           -5.7575 eV
Band energy:                       -45.1776674967 H        -1229.3469 eV
TS:                                  0.0000000000 H            0.0000 eV
Band free energy (E-TS):           -45.1776674967 H        -1229.3469 eV
Extrapolated E(0K):                -45.1776674967 H        -1229.3469 eV
Input / Output electrons (down):    101.0000000000    101.0000000000

Energy H0:                         -86.3140428486 H        -2348.7246 eV
Energy SCC:                          0.0368324545 H            1.0023 eV
Energy SPIN:                        -0.0015412735 H           -0.0419 eV
Energy 3rd:                          0.0000309502 H            0.0008 eV
Total Electronic energy:           -86.2787207175 H        -2347.7634 eV
Repulsive energy:                    0.7813282663 H           21.2610 eV
Total energy:                      -85.4973924512 H        -2326.5024 eV
Extrapolated to 0:                 -85.4973924512 H        -2326.5024 eV
Total Mermin free energy:          -85.4973924512 H        -2326.5024 eV
Force related energy:              -85.4973924512 H        -2326.5024 eV

Constraints converged

SCC converged

