 Fermi distribution function

Calculation with static geometry


********************************************************************************
 iSCC Total electronic   Diff electronic      SCC error    
   15   -0.86303793E+02    0.16068796E-06    0.51264063E-05
********************************************************************************

 Total charge:     1.00000000

 Atomic gross charges (e)
 Atom           Charge
    1       0.02230103
    2      -0.04739731
    3       0.01424335
    4      -0.03161502
    5       0.04327689
    6       0.11999289
    7      -0.06984730
    8      -0.05103243
    9       0.01934313
   10       0.12830693
   11      -0.05765438
   12       0.04565889
   13       0.11396550
   14       0.11340784
   15       0.02016842
   16      -0.04795032
   17      -0.06189012
   18       0.11989428
   19      -0.08187969
   20      -0.06868976
   21       0.04258669
   22       0.11021973
   23      -0.05892861
   24       0.09669607
   25       0.11711261
   26       0.11955673
   27       0.04625444
   28      -0.06418059
   29       0.10489518
   30      -0.07365921
   31      -0.05893546
   32       0.10328038
   33      -0.04600109
   34       0.11243538
   35       0.10846442
   36       0.09751144
   37       0.02877377
   38      -0.12361369
   39       0.03973291
   40      -0.12843513
   41       0.04284281
   42       0.11364574
   43      -0.17705942
   44      -0.16209571
   45       0.03299099
   46       0.11346987
   47      -0.08400553
   48       0.03657242
   49       0.11251507
   50       0.11204525
   51       0.03683340
   52      -0.13159589
   53      -0.09448522
   54       0.11929724
   55      -0.14083897
   56      -0.15861687
   57       0.03430233
   58       0.10758937
   59      -0.09364619
   60       0.09115036
   61       0.08054764
   62       0.10983235
   63       0.04593196
   64      -0.11441860
   65       0.08218508
   66      -0.10116523
   67      -0.10359258
   68       0.09513806
   69      -0.10427730
   70       0.10402853
   71       0.09778142
   72       0.08072881


 Atomic net (on-site) populations and hybridisation ratios
 Atom       Population         Hybrid.
    1       2.72833184      0.31791704
    2       2.80712132      0.29821967
    3       2.75093121      0.31226720
    4       2.80432358      0.29891911
    5       2.70918539      0.32270365
    6       0.55169060      0.44830940
    7       2.83350134      0.29162467
    8       2.82299896      0.29425026
    9       2.72816953      0.31795762
   10       0.54115799      0.45884201
   11       2.80758952      0.29810262
   12       2.71409089      0.32147728
   13       0.55124043      0.44875957
   14       0.55577583      0.44422417
   15       2.73091357      0.31727161
   16       2.80909654      0.29772586
   17       2.78474490      0.30381378
   18       0.55149178      0.44850822
   19       2.82961279      0.29259680
   20       2.83087751      0.29228062
   21       2.71236504      0.32190874
   22       0.56237729      0.43762271
   23       2.79107810      0.30223048
   24       0.57054441      0.42945559
   25       0.54678579      0.45321421
   26       0.54397218      0.45602782
   27       2.70984762      0.32253809
   28       2.81543423      0.29614144
   29       0.56638778      0.43361222
   30       2.81927858      0.29518035
   31       2.79114350      0.30221412
   32       0.56703555      0.43296445
   33       2.78236094      0.30440977
   34       0.55756424      0.44243576
   35       0.55704936      0.44295064
   36       0.57366462      0.42633538
   37       2.71880116      0.32029971
   38       2.87693167      0.28076708
   39       2.71440816      0.32139796
   40       2.87383751      0.28154062
   41       2.70220130      0.32444967
   42       0.55286584      0.44713416
   43       2.93509236      0.26622691
   44       2.91565786      0.27108554
   45       2.71471268      0.32132183
   46       0.55057496      0.44942504
   47       2.81847152      0.29538212
   48       2.71931361      0.32017160
   49       0.54665119      0.45334881
   50       0.55454016      0.44545984
   51       2.71004597      0.32248851
   52       2.88334388      0.27916403
   53       2.82332194      0.29416952
   54       0.54356735      0.45643265
   55       2.88504022      0.27873995
   56       2.91791173      0.27052207
   57       2.70718955      0.32320261
   58       0.55997396      0.44002604
   59       2.82564954      0.29358762
   60       0.57445342      0.42554658
   61       0.58415799      0.41584201
   62       0.56013124      0.43986876
   63       2.68631486      0.32842128
   64       2.85222744      0.28694314
   65       0.58394642      0.41605358
   66       2.82629156      0.29342711
   67       2.82958335      0.29260416
   68       0.57112763      0.42887237
   69       2.83472396      0.29131901
   70       0.56701941      0.43298059
   71       0.56544717      0.43455283
   72       0.58819588      0.41180412

Nr. of electrons (up):    102.00000000
Atom populations (up)
 Atom       Population
    1       1.97948278
    2       2.08307136
    3       1.98163711
    4       2.09503528
    5       1.98085864
    6       0.43665161
    7       2.10313137
    8       2.10917852
    9       1.98088047
   10       0.43138712
   11       2.04946828
   12       1.97579059
   13       0.43935527
   14       0.43864204
   15       1.97836565
   16       2.08314493
   17       2.04751184
   18       0.43886138
   19       2.06708608
   20       2.10648963
   21       1.98008977
   22       0.44157449
   23       2.03897466
   24       0.45075713
   25       0.44000650
   26       0.43635053
   27       1.97486576
   28       2.05574983
   29       0.44700871
   30       2.06249291
   31       2.04386435
   32       0.44704636
   33       2.03505568
   34       0.44234674
   35       0.44503212
   36       0.45055393
   37       1.98552202
   38       2.06230691
   39       1.98014036
   40       2.06478147
   41       1.97851054
   42       0.44314978
   43       2.08854428
   44       2.08109050
   45       1.98344612
   46       0.44323482
   47       2.04224232
   48       1.98180034
   49       0.44374171
   50       0.44397506
   51       1.98161646
   52       2.06620946
   53       2.04719969
   54       0.44033838
   55       2.07038222
   56       2.07932501
   57       1.98285721
   58       0.44618264
   59       2.04709645
   60       0.45442737
   61       0.45972842
   62       0.44508293
   63       1.97716216
   64       2.05732977
   65       0.45889228
   66       2.05057213
   67       2.05186134
   68       0.45242419
   69       2.05230811
   70       0.44798629
   71       0.45110579
   72       0.45962608

l-shell populations (up)
 Atom Sh.   l       Population
    1   1   0       0.59050322
    1   2   1       1.38897956
    2   1   0       0.62576396
    2   2   1       1.45730740
    3   1   0       0.59479844
    3   2   1       1.38683867
    4   1   0       0.63144117
    4   2   1       1.46359411
    5   1   0       0.59137007
    5   2   1       1.38948857
    6   1   0       0.43665161
    7   1   0       0.62742513
    7   2   1       1.47570625
    8   1   0       0.63090241
    8   2   1       1.47827611
    9   1   0       0.58878107
    9   2   1       1.39209940
   10   1   0       0.43138712
   11   1   0       0.62136784
   11   2   1       1.42810044
   12   1   0       0.59384260
   12   2   1       1.38194799
   13   1   0       0.43935527
   14   1   0       0.43864204
   15   1   0       0.58985349
   15   2   1       1.38851215
   16   1   0       0.62519424
   16   2   1       1.45795069
   17   1   0       0.61379480
   17   2   1       1.43371705
   18   1   0       0.43886138
   19   1   0       0.62217294
   19   2   1       1.44491314
   20   1   0       0.62722474
   20   2   1       1.47926488
   21   1   0       0.59217992
   21   2   1       1.38790985
   22   1   0       0.44157449
   23   1   0       0.61695993
   23   2   1       1.42201473
   24   1   0       0.45075713
   25   1   0       0.44000650
   26   1   0       0.43635053
   27   1   0       0.59216666
   27   2   1       1.38269910
   28   1   0       0.62095540
   28   2   1       1.43479443
   29   1   0       0.44700871
   30   1   0       0.62034384
   30   2   1       1.44214907
   31   1   0       0.61785582
   31   2   1       1.42600852
   32   1   0       0.44704636
   33   1   0       0.61747890
   33   2   1       1.41757679
   34   1   0       0.44234674
   35   1   0       0.44503212
   36   1   0       0.45055393
   37   1   0       0.59030653
   37   2   1       1.39521549
   38   1   0       0.62086709
   38   2   1       1.44143982
   39   1   0       0.59180379
   39   2   1       1.38833657
   40   1   0       0.61805157
   40   2   1       1.44672990
   41   1   0       0.58845133
   41   2   1       1.39005921
   42   1   0       0.44314978
   43   1   0       0.62279346
   43   2   1       1.46575083
   44   1   0       0.62067025
   44   2   1       1.46042024
   45   1   0       0.58923763
   45   2   1       1.39420849
   46   1   0       0.44323482
   47   1   0       0.61695164
   47   2   1       1.42529068
   48   1   0       0.59184592
   48   2   1       1.38995442
   49   1   0       0.44374171
   50   1   0       0.44397506
   51   1   0       0.58948724
   51   2   1       1.39212923
   52   1   0       0.61952687
   52   2   1       1.44668259
   53   1   0       0.61414129
   53   2   1       1.43305841
   54   1   0       0.44033838
   55   1   0       0.61895164
   55   2   1       1.45143058
   56   1   0       0.62206742
   56   2   1       1.45725759
   57   1   0       0.58631988
   57   2   1       1.39653733
   58   1   0       0.44618264
   59   1   0       0.61593096
   59   2   1       1.43116550
   60   1   0       0.45442737
   61   1   0       0.45972842
   62   1   0       0.44508293
   63   1   0       0.58319565
   63   2   1       1.39396651
   64   1   0       0.61720072
   64   2   1       1.44012905
   65   1   0       0.45889228
   66   1   0       0.61341954
   66   2   1       1.43715259
   67   1   0       0.61508191
   67   2   1       1.43677943
   68   1   0       0.45242419
   69   1   0       0.61409575
   69   2   1       1.43821236
   70   1   0       0.44798629
   71   1   0       0.45110579
   72   1   0       0.45962608

Orbital populations (up)
 Atom Sh.   l   m       Population  Label
    1   1   0   0       0.59050322  s
    1   2   1  -1       0.47500508  p_y
    1   2   1   0       0.45648327  p_z
    1   2   1   1       0.45749120  p_x
    2   1   0   0       0.62576396  s
    2   2   1  -1       0.50152218  p_y
    2   2   1   0       0.46825184  p_z
    2   2   1   1       0.48753338  p_x
    3   1   0   0       0.59479844  s
    3   2   1  -1       0.47737318  p_y
    3   2   1   0       0.45370472  p_z
    3   2   1   1       0.45576078  p_x
    4   1   0   0       0.63144117  s
    4   2   1  -1       0.50800993  p_y
    4   2   1   0       0.46915606  p_z
    4   2   1   1       0.48642812  p_x
    5   1   0   0       0.59137007  s
    5   2   1  -1       0.47322694  p_y
    5   2   1   0       0.45819156  p_z
    5   2   1   1       0.45807007  p_x
    6   1   0   0       0.43665161  s
    7   1   0   0       0.62742513  s
    7   2   1  -1       0.51581295  p_y
    7   2   1   0       0.46673067  p_z
    7   2   1   1       0.49316262  p_x
    8   1   0   0       0.63090241  s
    8   2   1  -1       0.52061282  p_y
    8   2   1   0       0.46968310  p_z
    8   2   1   1       0.48798019  p_x
    9   1   0   0       0.58878107  s
    9   2   1  -1       0.47820035  p_y
    9   2   1   0       0.45656049  p_z
    9   2   1   1       0.45733856  p_x
   10   1   0   0       0.43138712  s
   11   1   0   0       0.62136784  s
   11   2   1  -1       0.49116751  p_y
   11   2   1   0       0.46100803  p_z
   11   2   1   1       0.47592489  p_x
   12   1   0   0       0.59384260  s
   12   2   1  -1       0.47406115  p_y
   12   2   1   0       0.44907313  p_z
   12   2   1   1       0.45881370  p_x
   13   1   0   0       0.43935527  s
   14   1   0   0       0.43864204  s
   15   1   0   0       0.58985349  s
   15   2   1  -1       0.47812215  p_y
   15   2   1   0       0.45406887  p_z
   15   2   1   1       0.45632114  p_x
   16   1   0   0       0.62519424  s
   16   2   1  -1       0.50255452  p_y
   16   2   1   0       0.46742716  p_z
   16   2   1   1       0.48796901  p_x
   17   1   0   0       0.61379480  s
   17   2   1  -1       0.48431154  p_y
   17   2   1   0       0.47496279  p_z
   17   2   1   1       0.47444271  p_x
   18   1   0   0       0.43886138  s
   19   1   0   0       0.62217294  s
   19   2   1  -1       0.50109882  p_y
   19   2   1   0       0.45907084  p_z
   19   2   1   1       0.48474348  p_x
   20   1   0   0       0.62722474  s
   20   2   1  -1       0.51802021  p_y
   20   2   1   0       0.47295188  p_z
   20   2   1   1       0.48829280  p_x
   21   1   0   0       0.59217992  s
   21   2   1  -1       0.47541257  p_y
   21   2   1   0       0.45348112  p_z
   21   2   1   1       0.45901617  p_x
   22   1   0   0       0.44157449  s
   23   1   0   0       0.61695993  s
   23   2   1  -1       0.48284099  p_y
   23   2   1   0       0.47468479  p_z
   23   2   1   1       0.46448895  p_x
   24   1   0   0       0.45075713  s
   25   1   0   0       0.44000650  s
   26   1   0   0       0.43635053  s
   27   1   0   0       0.59216666  s
   27   2   1  -1       0.47176023  p_y
   27   2   1   0       0.44759508  p_z
   27   2   1   1       0.46334379  p_x
   28   1   0   0       0.62095540  s
   28   2   1  -1       0.49574555  p_y
   28   2   1   0       0.45843280  p_z
   28   2   1   1       0.48061609  p_x
   29   1   0   0       0.44700871  s
   30   1   0   0       0.62034384  s
   30   2   1  -1       0.50142723  p_y
   30   2   1   0       0.45714979  p_z
   30   2   1   1       0.48357206  p_x
   31   1   0   0       0.61785582  s
   31   2   1  -1       0.47992241  p_y
   31   2   1   0       0.47499810  p_z
   31   2   1   1       0.47108802  p_x
   32   1   0   0       0.44704636  s
   33   1   0   0       0.61747890  s
   33   2   1  -1       0.47377125  p_y
   33   2   1   0       0.47373209  p_z
   33   2   1   1       0.47007345  p_x
   34   1   0   0       0.44234674  s
   35   1   0   0       0.44503212  s
   36   1   0   0       0.45055393  s
   37   1   0   0       0.59030653  s
   37   2   1  -1       0.48266659  p_y
   37   2   1   0       0.45470191  p_z
   37   2   1   1       0.45784698  p_x
   38   1   0   0       0.62086709  s
   38   2   1  -1       0.49203168  p_y
   38   2   1   0       0.46610209  p_z
   38   2   1   1       0.48330605  p_x
   39   1   0   0       0.59180379  s
   39   2   1  -1       0.47827926  p_y
   39   2   1   0       0.45067719  p_z
   39   2   1   1       0.45938012  p_x
   40   1   0   0       0.61805157  s
   40   2   1  -1       0.49649533  p_y
   40   2   1   0       0.46633513  p_z
   40   2   1   1       0.48389944  p_x
   41   1   0   0       0.58845133  s
   41   2   1  -1       0.47949663  p_y
   41   2   1   0       0.45464409  p_z
   41   2   1   1       0.45591849  p_x
   42   1   0   0       0.44314978  s
   43   1   0   0       0.62279346  s
   43   2   1  -1       0.51407442  p_y
   43   2   1   0       0.46577986  p_z
   43   2   1   1       0.48589654  p_x
   44   1   0   0       0.62067025  s
   44   2   1  -1       0.51291643  p_y
   44   2   1   0       0.46311325  p_z
   44   2   1   1       0.48439056  p_x
   45   1   0   0       0.58923763  s
   45   2   1  -1       0.48016243  p_y
   45   2   1   0       0.45370835  p_z
   45   2   1   1       0.46033771  p_x
   46   1   0   0       0.44323482  s
   47   1   0   0       0.61695164  s
   47   2   1  -1       0.48286124  p_y
   47   2   1   0       0.46559569  p_z
   47   2   1   1       0.47683375  p_x
   48   1   0   0       0.59184592  s
   48   2   1  -1       0.47650394  p_y
   48   2   1   0       0.45246468  p_z
   48   2   1   1       0.46098580  p_x
   49   1   0   0       0.44374171  s
   50   1   0   0       0.44397506  s
   51   1   0   0       0.58948724  s
   51   2   1  -1       0.48010071  p_y
   51   2   1   0       0.45033528  p_z
   51   2   1   1       0.46169324  p_x
   52   1   0   0       0.61952687  s
   52   2   1  -1       0.50123260  p_y
   52   2   1   0       0.46374574  p_z
   52   2   1   1       0.48170424  p_x
   53   1   0   0       0.61414129  s
   53   2   1  -1       0.49644072  p_y
   53   2   1   0       0.46877905  p_z
   53   2   1   1       0.46783863  p_x
   54   1   0   0       0.44033838  s
   55   1   0   0       0.61895164  s
   55   2   1  -1       0.50328610  p_y
   55   2   1   0       0.46739524  p_z
   55   2   1   1       0.48074924  p_x
   56   1   0   0       0.62206742  s
   56   2   1  -1       0.50794924  p_y
   56   2   1   0       0.46287347  p_z
   56   2   1   1       0.48643488  p_x
   57   1   0   0       0.58631988  s
   57   2   1  -1       0.48298610  p_y
   57   2   1   0       0.44977147  p_z
   57   2   1   1       0.46377976  p_x
   58   1   0   0       0.44618264  s
   59   1   0   0       0.61593096  s
   59   2   1  -1       0.49252008  p_y
   59   2   1   0       0.47325823  p_z
   59   2   1   1       0.46538719  p_x
   60   1   0   0       0.45442737  s
   61   1   0   0       0.45972842  s
   62   1   0   0       0.44508293  s
   63   1   0   0       0.58319565  s
   63   2   1  -1       0.47929018  p_y
   63   2   1   0       0.45206423  p_z
   63   2   1   1       0.46261209  p_x
   64   1   0   0       0.61720072  s
   64   2   1  -1       0.49906308  p_y
   64   2   1   0       0.46410945  p_z
   64   2   1   1       0.47695651  p_x
   65   1   0   0       0.45889228  s
   66   1   0   0       0.61341954  s
   66   2   1  -1       0.49216662  p_y
   66   2   1   0       0.46387168  p_z
   66   2   1   1       0.48111430  p_x
   67   1   0   0       0.61508191  s
   67   2   1  -1       0.49290083  p_y
   67   2   1   0       0.47399598  p_z
   67   2   1   1       0.46988262  p_x
   68   1   0   0       0.45242419  s
   69   1   0   0       0.61409575  s
   69   2   1  -1       0.50041656  p_y
   69   2   1   0       0.46600419  p_z
   69   2   1   1       0.47179161  p_x
   70   1   0   0       0.44798629  s
   71   1   0   0       0.45110579  s
   72   1   0   0       0.45962608  s

Nr. of electrons (down):    101.00000000
Atom populations (down)
 Atom       Population
    1       1.99821619
    2       1.96432595
    3       2.00411953
    4       1.93657974
    5       1.97586447
    6       0.44335550
    7       1.96671593
    8       1.94185391
    9       1.99977640
   10       0.44030595
   11       2.00818610
   12       1.97855053
   13       0.44667922
   14       0.44795013
   15       2.00146593
   16       1.96480540
   17       2.01437828
   18       0.44124434
   19       2.01479362
   20       1.96220013
   21       1.97732354
   22       0.44820577
   23       2.01995396
   24       0.45254680
   25       0.44288089
   26       0.44409273
   27       1.97887981
   28       2.00843075
   29       0.44809611
   30       2.01116630
   31       2.01507111
   32       0.44967327
   33       2.01094540
   34       0.44521787
   35       0.44650346
   36       0.45193463
   37       1.98570421
   38       2.06130678
   39       1.98012673
   40       2.06365366
   41       1.97864665
   42       0.44320448
   43       2.08851514
   44       2.08100521
   45       1.98356288
   46       0.44329530
   47       2.04176321
   48       1.98162724
   49       0.44374322
   50       0.44397969
   51       1.98155014
   52       2.06538643
   53       2.04728553
   54       0.44036438
   55       2.07045675
   56       2.07929186
   57       1.98284046
   58       0.44622799
   59       2.04654973
   60       0.45442228
   61       0.45972394
   62       0.44508472
   63       1.97690588
   64       2.05708883
   65       0.45892264
   66       2.05059310
   67       2.05173124
   68       0.45243775
   69       2.05196920
   70       0.44798518
   71       0.45111279
   72       0.45964511

l-shell populations (down)
 Atom Sh.   l       Population
    1   1   0       0.59441340
    1   2   1       1.40380279
    2   1   0       0.62034180
    2   2   1       1.34398415
    3   1   0       0.59936722
    3   2   1       1.40475231
    4   1   0       0.62386023
    4   2   1       1.31271951
    5   1   0       0.59310492
    5   2   1       1.38275955
    6   1   0       0.44335550
    7   1   0       0.62103464
    7   2   1       1.34568129
    8   1   0       0.62287299
    8   2   1       1.31898093
    9   1   0       0.59274315
    9   2   1       1.40703325
   10   1   0       0.44030595
   11   1   0       0.62000259
   11   2   1       1.38818350
   12   1   0       0.59641433
   12   2   1       1.38213620
   13   1   0       0.44667922
   14   1   0       0.44795013
   15   1   0       0.59442303
   15   2   1       1.40704290
   16   1   0       0.61977772
   16   2   1       1.34502768
   17   1   0       0.61308591
   17   2   1       1.40129236
   18   1   0       0.44124434
   19   1   0       0.62004332
   19   2   1       1.39475030
   20   1   0       0.62048752
   20   2   1       1.34171261
   21   1   0       0.59409447
   21   2   1       1.38322907
   22   1   0       0.44820577
   23   1   0       0.61720036
   23   2   1       1.40275360
   24   1   0       0.45254680
   25   1   0       0.44288089
   26   1   0       0.44409273
   27   1   0       0.59483206
   27   2   1       1.38404775
   28   1   0       0.61924578
   28   2   1       1.38918497
   29   1   0       0.44809611
   30   1   0       0.61831190
   30   2   1       1.39285440
   31   1   0       0.61746355
   31   2   1       1.39760756
   32   1   0       0.44967327
   33   1   0       0.61738194
   33   2   1       1.39356346
   34   1   0       0.44521787
   35   1   0       0.44650346
   36   1   0       0.45193463
   37   1   0       0.59034071
   37   2   1       1.39536350
   38   1   0       0.62081867
   38   2   1       1.44048811
   39   1   0       0.59180244
   39   2   1       1.38832429
   40   1   0       0.61799827
   40   2   1       1.44565539
   41   1   0       0.58847717
   41   2   1       1.39016949
   42   1   0       0.44320448
   43   1   0       0.62279412
   43   2   1       1.46572101
   44   1   0       0.62066756
   44   2   1       1.46033765
   45   1   0       0.58926700
   45   2   1       1.39429588
   46   1   0       0.44329530
   47   1   0       0.61692756
   47   2   1       1.42483565
   48   1   0       0.59183675
   48   2   1       1.38979050
   49   1   0       0.44374322
   50   1   0       0.44397969
   51   1   0       0.58948448
   51   2   1       1.39206566
   52   1   0       0.61948887
   52   2   1       1.44589756
   53   1   0       0.61415801
   53   2   1       1.43312752
   54   1   0       0.44036438
   55   1   0       0.61896391
   55   2   1       1.45149284
   56   1   0       0.62206988
   56   2   1       1.45722199
   57   1   0       0.58633540
   57   2   1       1.39650506
   58   1   0       0.44622799
   59   1   0       0.61590437
   59   2   1       1.43064536
   60   1   0       0.45442228
   61   1   0       0.45972394
   62   1   0       0.44508472
   63   1   0       0.58318590
   63   2   1       1.39371999
   64   1   0       0.61719176
   64   2   1       1.43989707
   65   1   0       0.45892264
   66   1   0       0.61342796
   66   2   1       1.43716514
   67   1   0       0.61508330
   67   2   1       1.43664794
   68   1   0       0.45243775
   69   1   0       0.61408160
   69   2   1       1.43788760
   70   1   0       0.44798518
   71   1   0       0.45111279
   72   1   0       0.45964511

Orbital populations (down)
 Atom Sh.   l   m       Population  Label
    1   1   0   0       0.59441340  s
    1   2   1  -1       0.48187083  p_y
    1   2   1   0       0.46196038  p_z
    1   2   1   1       0.45997157  p_x
    2   1   0   0       0.62034180  s
    2   2   1  -1       0.42886702  p_y
    2   2   1   0       0.44950101  p_z
    2   2   1   1       0.46561613  p_x
    3   1   0   0       0.59936722  s
    3   2   1  -1       0.48542201  p_y
    3   2   1   0       0.46005623  p_z
    3   2   1   1       0.45927407  p_x
    4   1   0   0       0.62386023  s
    4   2   1  -1       0.40508110  p_y
    4   2   1   0       0.44698924  p_z
    4   2   1   1       0.46064917  p_x
    5   1   0   0       0.59310492  s
    5   2   1  -1       0.46612616  p_y
    5   2   1   0       0.45944939  p_z
    5   2   1   1       0.45718400  p_x
    6   1   0   0       0.44335550  s
    7   1   0   0       0.62103464  s
    7   2   1  -1       0.43212612  p_y
    7   2   1   0       0.44380351  p_z
    7   2   1   1       0.46975167  p_x
    8   1   0   0       0.62287299  s
    8   2   1  -1       0.40862648  p_y
    8   2   1   0       0.44455460  p_z
    8   2   1   1       0.46579985  p_x
    9   1   0   0       0.59274315  s
    9   2   1  -1       0.48451145  p_y
    9   2   1   0       0.46202715  p_z
    9   2   1   1       0.46049465  p_x
   10   1   0   0       0.44030595  s
   11   1   0   0       0.62000259  s
   11   2   1  -1       0.46112196  p_y
   11   2   1   0       0.45698216  p_z
   11   2   1   1       0.47007938  p_x
   12   1   0   0       0.59641433  s
   12   2   1  -1       0.47066050  p_y
   12   2   1   0       0.45149018  p_z
   12   2   1   1       0.45998552  p_x
   13   1   0   0       0.44667922  s
   14   1   0   0       0.44795013  s
   15   1   0   0       0.59442303  s
   15   2   1  -1       0.48669941  p_y
   15   2   1   0       0.46062502  p_z
   15   2   1   1       0.45971847  p_x
   16   1   0   0       0.61977772  s
   16   2   1  -1       0.42725387  p_y
   16   2   1   0       0.44603776  p_z
   16   2   1   1       0.47173605  p_x
   17   1   0   0       0.61308591  s
   17   2   1  -1       0.46177988  p_y
   17   2   1   0       0.47051976  p_z
   17   2   1   1       0.46899272  p_x
   18   1   0   0       0.44124434  s
   19   1   0   0       0.62004332  s
   19   2   1  -1       0.46665208  p_y
   19   2   1   0       0.45316738  p_z
   19   2   1   1       0.47493083  p_x
   20   1   0   0       0.62048752  s
   20   2   1  -1       0.42280122  p_y
   20   2   1   0       0.44952883  p_z
   20   2   1   1       0.46938256  p_x
   21   1   0   0       0.59409447  s
   21   2   1  -1       0.47003368  p_y
   21   2   1   0       0.45496622  p_z
   21   2   1   1       0.45822918  p_x
   22   1   0   0       0.44820577  s
   23   1   0   0       0.61720036  s
   23   2   1  -1       0.46900679  p_y
   23   2   1   0       0.47212808  p_z
   23   2   1   1       0.46161874  p_x
   24   1   0   0       0.45254680  s
   25   1   0   0       0.44288089  s
   26   1   0   0       0.44409273  s
   27   1   0   0       0.59483206  s
   27   2   1  -1       0.47001769  p_y
   27   2   1   0       0.45063283  p_z
   27   2   1   1       0.46339723  p_x
   28   1   0   0       0.61924578  s
   28   2   1  -1       0.46339987  p_y
   28   2   1   0       0.45154202  p_z
   28   2   1   1       0.47424309  p_x
   29   1   0   0       0.44809611  s
   30   1   0   0       0.61831190  s
   30   2   1  -1       0.46661818  p_y
   30   2   1   0       0.45323886  p_z
   30   2   1   1       0.47299737  p_x
   31   1   0   0       0.61746355  s
   31   2   1  -1       0.46398096  p_y
   31   2   1   0       0.46979839  p_z
   31   2   1   1       0.46382821  p_x
   32   1   0   0       0.44967327  s
   33   1   0   0       0.61738194  s
   33   2   1  -1       0.46068767  p_y
   33   2   1   0       0.46973125  p_z
   33   2   1   1       0.46314454  p_x
   34   1   0   0       0.44521787  s
   35   1   0   0       0.44650346  s
   36   1   0   0       0.45193463  s
   37   1   0   0       0.59034071  s
   37   2   1  -1       0.48274084  p_y
   37   2   1   0       0.45473969  p_z
   37   2   1   1       0.45788297  p_x
   38   1   0   0       0.62081867  s
   38   2   1  -1       0.49134241  p_y
   38   2   1   0       0.46605782  p_z
   38   2   1   1       0.48308788  p_x
   39   1   0   0       0.59180244  s
   39   2   1  -1       0.47827229  p_y
   39   2   1   0       0.45067664  p_z
   39   2   1   1       0.45937535  p_x
   40   1   0   0       0.61799827  s
   40   2   1  -1       0.49575649  p_y
   40   2   1   0       0.46627688  p_z
   40   2   1   1       0.48362202  p_x
   41   1   0   0       0.58847717  s
   41   2   1  -1       0.47955133  p_y
   41   2   1   0       0.45467526  p_z
   41   2   1   1       0.45594289  p_x
   42   1   0   0       0.44320448  s
   43   1   0   0       0.62279412  s
   43   2   1  -1       0.51404942  p_y
   43   2   1   0       0.46578094  p_z
   43   2   1   1       0.48589066  p_x
   44   1   0   0       0.62066756  s
   44   2   1  -1       0.51285324  p_y
   44   2   1   0       0.46311170  p_z
   44   2   1   1       0.48437271  p_x
   45   1   0   0       0.58926700  s
   45   2   1  -1       0.48019854  p_y
   45   2   1   0       0.45373839  p_z
   45   2   1   1       0.46035896  p_x
   46   1   0   0       0.44329530  s
   47   1   0   0       0.61692756  s
   47   2   1  -1       0.48252696  p_y
   47   2   1   0       0.46555531  p_z
   47   2   1   1       0.47675338  p_x
   48   1   0   0       0.59183675  s
   48   2   1  -1       0.47638751  p_y
   48   2   1   0       0.45244861  p_z
   48   2   1   1       0.46095437  p_x
   49   1   0   0       0.44374322  s
   50   1   0   0       0.44397969  s
   51   1   0   0       0.58948448  s
   51   2   1  -1       0.48005082  p_y
   51   2   1   0       0.45033394  p_z
   51   2   1   1       0.46168089  p_x
   52   1   0   0       0.61948887  s
   52   2   1  -1       0.50063020  p_y
   52   2   1   0       0.46370905  p_z
   52   2   1   1       0.48155832  p_x
   53   1   0   0       0.61415801  s
   53   2   1  -1       0.49647185  p_y
   53   2   1   0       0.46879696  p_z
   53   2   1   1       0.46785870  p_x
   54   1   0   0       0.44036438  s
   55   1   0   0       0.61896391  s
   55   2   1  -1       0.50331951  p_y
   55   2   1   0       0.46740745  p_z
   55   2   1   1       0.48076588  p_x
   56   1   0   0       0.62206988  s
   56   2   1  -1       0.50792284  p_y
   56   2   1   0       0.46287849  p_z
   56   2   1   1       0.48642066  p_x
   57   1   0   0       0.58633540  s
   57   2   1  -1       0.48294305  p_y
   57   2   1   0       0.44978339  p_z
   57   2   1   1       0.46377862  p_x
   58   1   0   0       0.44622799  s
   59   1   0   0       0.61590437  s
   59   2   1  -1       0.49217830  p_y
   59   2   1   0       0.47319112  p_z
   59   2   1   1       0.46527594  p_x
   60   1   0   0       0.45442228  s
   61   1   0   0       0.45972394  s
   62   1   0   0       0.44508472  s
   63   1   0   0       0.58318590  s
   63   2   1  -1       0.47911272  p_y
   63   2   1   0       0.45205621  p_z
   63   2   1   1       0.46255106  p_x
   64   1   0   0       0.61719176  s
   64   2   1  -1       0.49888619  p_y
   64   2   1   0       0.46410000  p_z
   64   2   1   1       0.47691087  p_x
   65   1   0   0       0.45892264  s
   66   1   0   0       0.61342796  s
   66   2   1  -1       0.49216476  p_y
   66   2   1   0       0.46388110  p_z
   66   2   1   1       0.48111928  p_x
   67   1   0   0       0.61508330  s
   67   2   1  -1       0.49279682  p_y
   67   2   1   0       0.47399259  p_z
   67   2   1   1       0.46985854  p_x
   68   1   0   0       0.45243775  s
   69   1   0   0       0.61408160  s
   69   2   1  -1       0.50017100  p_y
   69   2   1   0       0.46599174  p_z
   69   2   1   1       0.47172486  p_x
   70   1   0   0       0.44798518  s
   71   1   0   0       0.45111279  s
   72   1   0   0       0.45964511  s

Spin  up
Fermi level:                        -0.1968574688 H           -5.3568 eV
Band energy:                       -45.5365083409 H        -1239.1114 eV
TS:                                  0.0000000000 H            0.0000 eV
Band free energy (E-TS):           -45.5365083409 H        -1239.1114 eV
Extrapolated E(0K):                -45.5365083409 H        -1239.1114 eV
Input / Output electrons (up):    102.0000000003    102.0000000000

Spin  down
Fermi level:                        -0.2116323474 H           -5.7588 eV
Band energy:                       -45.2415309864 H        -1231.0847 eV
TS:                                  0.0000000000 H            0.0000 eV
Band free energy (E-TS):           -45.2415309864 H        -1231.0847 eV
Extrapolated E(0K):                -45.2415309864 H        -1231.0847 eV
Input / Output electrons (down):    100.9999999997    101.0000000000

Energy H0:                         -86.3351052571 H        -2349.2977 eV
Energy SCC:                          0.0328401236 H            0.8936 eV
Energy SPIN:                        -0.0015552391 H           -0.0423 eV
Energy 3rd:                          0.0000270743 H            0.0007 eV
Total Electronic energy:           -86.3037932984 H        -2348.4457 eV
Repulsive energy:                    0.7772962817 H           21.1513 eV
Total energy:                      -85.5264970167 H        -2327.2944 eV
Extrapolated to 0:                 -85.5264970167 H        -2327.2944 eV
Total Mermin free energy:          -85.5264970167 H        -2327.2944 eV
Force related energy:              -85.5264970167 H        -2327.2944 eV

Constraints converged

SCC converged

