 Fermi distribution function

Calculation with static geometry


********************************************************************************
 iSCC Total electronic   Diff electronic      SCC error    
    4   -0.86302533E+02   -0.94558719E-06    0.34340732E-05
********************************************************************************

 Total charge:     1.00000000

 Atomic gross charges (e)
 Atom           Charge
    1       0.02214989
    2      -0.05546819
    3       0.00802040
    4      -0.03682120
    5       0.03738346
    6       0.12856306
    7      -0.06181617
    8      -0.05274564
    9       0.01945602
   10       0.13591353
   11      -0.07115496
   12       0.04967730
   13       0.10503400
   14       0.11631761
   15       0.02306721
   16      -0.05093827
   17      -0.05663310
   18       0.13256087
   19      -0.08007409
   20      -0.06188700
   21       0.04354821
   22       0.11137817
   23      -0.06181670
   24       0.08911278
   25       0.11538234
   26       0.11291860
   27       0.04599694
   28      -0.06381244
   29       0.11162822
   30      -0.07241548
   31      -0.06211568
   32       0.10489715
   33      -0.05779995
   34       0.11451656
   35       0.11193292
   36       0.10609791
   37       0.02559742
   38      -0.12910625
   39       0.03963908
   40      -0.11290733
   41       0.05221683
   42       0.11392240
   43      -0.16965579
   44      -0.15506254
   45       0.02983515
   46       0.10233662
   47      -0.08354039
   48       0.04149773
   49       0.09999334
   50       0.11124026
   51       0.03087271
   52      -0.12594624
   53      -0.09565073
   54       0.11680862
   55      -0.14598238
   56      -0.16568239
   57       0.03483262
   58       0.10739103
   59      -0.09202346
   60       0.09098232
   61       0.07738718
   62       0.11541347
   63       0.03933150
   64      -0.11252586
   65       0.08212968
   66      -0.08886980
   67      -0.11727029
   68       0.09426210
   69      -0.10071296
   70       0.10541259
   71       0.09780406
   72       0.08597540


 Atomic net (on-site) populations and hybridisation ratios
 Atom       Population         Hybrid.
    1       2.73323118      0.31669220
    2       2.80286269      0.29928433
    3       2.76414958      0.30896261
    4       2.81325073      0.29668732
    5       2.72691219      0.31827195
    6       0.53280121      0.46719879
    7       2.82733948      0.29316513
    8       2.82249619      0.29437595
    9       2.72853918      0.31786521
   10       0.52396065      0.47603935
   11       2.82818601      0.29295350
   12       2.69676235      0.32580941
   13       0.56878283      0.43121717
   14       0.54920512      0.45079488
   15       2.72467118      0.31883220
   16       2.80242047      0.29939488
   17       2.78759559      0.30310110
   18       0.52527986      0.47472014
   19       2.84436846      0.28890789
   20       2.83388212      0.29152947
   21       2.71280901      0.32179775
   22       0.55727782      0.44272218
   23       2.77687587      0.30578103
   24       0.58406070      0.41593930
   25       0.55174594      0.44825406
   26       0.56056591      0.43943409
   27       2.71102625      0.32224344
   28       2.81272085      0.29681979
   29       0.55646873      0.44353127
   30       2.81805039      0.29548740
   31       2.80595954      0.29851011
   32       0.56321379      0.43678621
   33       2.79073304      0.30231674
   34       0.55208497      0.44791503
   35       0.55189498      0.44810502
   36       0.55584711      0.44415289
   37       2.72448568      0.31887858
   38       2.89129279      0.27717680
   39       2.71486836      0.32128291
   40       2.84848543      0.28787864
   41       2.68209775      0.32947556
   42       0.55289996      0.44710004
   43       2.95761484      0.26059629
   44       2.89265791      0.27683552
   45       2.71800071      0.32049982
   46       0.57188310      0.42811690
   47       2.82974598      0.29256350
   48       2.70972387      0.32256903
   49       0.57465651      0.42534349
   50       0.55492939      0.44507061
   51       2.72574612      0.31856347
   52       2.86996218      0.28250945
   53       2.83290897      0.29177276
   54       0.55283328      0.44716672
   55       2.91344536      0.27163866
   56       2.91864114      0.27033971
   57       2.70153898      0.32461526
   58       0.55919913      0.44080087
   59       2.82370826      0.29407293
   60       0.57477515      0.42522485
   61       0.59241508      0.40758492
   62       0.54840088      0.45159912
   63       2.70505782      0.32373555
   64       2.85497958      0.28625511
   65       0.58447621      0.41552379
   66       2.76375894      0.30906026
   67       2.87391901      0.28152025
   68       0.57458031      0.42541969
   69       2.81051717      0.29737071
   70       0.56307299      0.43692701
   71       0.57015160      0.42984840
   72       0.57919739      0.42080261

Nr. of electrons (up):    102.00000000
Atom populations (up)
 Atom       Population
    1       1.97880195
    2       2.08687678
    3       1.98525636
    4       2.10505071
    5       1.98352329
    6       0.43260068
    7       2.09451024
    8       2.10644414
    9       1.97997005
   10       0.42746407
   11       2.05802784
   12       1.97304788
   13       0.44389918
   14       0.43751055
   15       1.97723266
   16       2.08513046
   17       2.04507381
   18       0.43252637
   19       2.06865564
   20       2.10169888
   21       1.97915934
   22       0.44108835
   23       2.03854478
   24       0.45450965
   25       0.44069425
   26       0.43948142
   27       1.97450494
   28       2.05617359
   29       0.44377250
   30       2.06235975
   31       2.04630908
   32       0.44622756
   33       2.04045849
   34       0.44131250
   35       0.44329764
   36       0.44634557
   37       1.98710368
   38       2.06513812
   39       1.98018328
   40       2.05702775
   41       1.97382271
   42       0.44300718
   43       2.08486324
   44       2.07757327
   45       1.98501684
   46       0.44879942
   47       2.04203419
   48       1.97931188
   49       0.45000131
   50       0.44437772
   51       1.98462415
   52       2.06343224
   53       2.04778793
   54       0.44158070
   55       2.07296393
   56       2.08284538
   57       1.98258065
   58       0.44627974
   59       2.04626918
   60       0.45451110
   61       0.46130816
   62       0.44229314
   63       1.98053116
   64       2.05637337
   65       0.45892089
   66       2.04440798
   67       2.05869399
   68       0.45286268
   69       2.05053976
   70       0.44729519
   71       0.45109464
   72       0.45700249

l-shell populations (up)
 Atom Sh.   l       Population
    1   1   0       0.59196295
    1   2   1       1.38683900
    2   1   0       0.62298609
    2   2   1       1.46389069
    3   1   0       0.59699016
    3   2   1       1.38826620
    4   1   0       0.63310252
    4   2   1       1.47194819
    5   1   0       0.59461864
    5   2   1       1.38890464
    6   1   0       0.43260068
    7   1   0       0.62697349
    7   2   1       1.46753675
    8   1   0       0.63029301
    8   2   1       1.47615113
    9   1   0       0.58858725
    9   2   1       1.39138280
   10   1   0       0.42746407
   11   1   0       0.62445655
   11   2   1       1.43357129
   12   1   0       0.58997790
   12   2   1       1.38306998
   13   1   0       0.44389918
   14   1   0       0.43751055
   15   1   0       0.58867325
   15   2   1       1.38855941
   16   1   0       0.62189708
   16   2   1       1.46323338
   17   1   0       0.61533099
   17   2   1       1.42974283
   18   1   0       0.43252637
   19   1   0       0.62617730
   19   2   1       1.44247833
   20   1   0       0.62933599
   20   2   1       1.47236289
   21   1   0       0.59222102
   21   2   1       1.38693831
   22   1   0       0.44108835
   23   1   0       0.61227276
   23   2   1       1.42627202
   24   1   0       0.45450965
   25   1   0       0.44069425
   26   1   0       0.43948142
   27   1   0       0.59223752
   27   2   1       1.38226741
   28   1   0       0.61983258
   28   2   1       1.43634100
   29   1   0       0.44377250
   30   1   0       0.62044393
   30   2   1       1.44191581
   31   1   0       0.62136535
   31   2   1       1.42494372
   32   1   0       0.44622756
   33   1   0       0.61742816
   33   2   1       1.42303033
   34   1   0       0.44131250
   35   1   0       0.44329764
   36   1   0       0.44634557
   37   1   0       0.59106784
   37   2   1       1.39603584
   38   1   0       0.62292655
   38   2   1       1.44221157
   39   1   0       0.59201829
   39   2   1       1.38816499
   40   1   0       0.61410533
   40   2   1       1.44292242
   41   1   0       0.58495199
   41   2   1       1.38887072
   42   1   0       0.44300718
   43   1   0       0.63011847
   43   2   1       1.45474477
   44   1   0       0.61614238
   44   2   1       1.46143090
   45   1   0       0.58920818
   45   2   1       1.39580866
   46   1   0       0.44879942
   47   1   0       0.61969716
   47   2   1       1.42233703
   48   1   0       0.59074147
   48   2   1       1.38857041
   49   1   0       0.45000131
   50   1   0       0.44437772
   51   1   0       0.59211031
   51   2   1       1.39251384
   52   1   0       0.61695005
   52   2   1       1.44648219
   53   1   0       0.61653385
   53   2   1       1.43125408
   54   1   0       0.44158070
   55   1   0       0.62539370
   55   2   1       1.44757023
   56   1   0       0.62141697
   56   2   1       1.46142842
   57   1   0       0.58485576
   57   2   1       1.39772489
   58   1   0       0.44627974
   59   1   0       0.61627191
   59   2   1       1.42999727
   60   1   0       0.45451110
   61   1   0       0.46130816
   62   1   0       0.44229314
   63   1   0       0.58494928
   63   2   1       1.39558188
   64   1   0       0.61943807
   64   2   1       1.43693530
   65   1   0       0.45892089
   66   1   0       0.59883762
   66   2   1       1.44557036
   67   1   0       0.62385290
   67   2   1       1.43484108
   68   1   0       0.45286268
   69   1   0       0.60731782
   69   2   1       1.44322194
   70   1   0       0.44729519
   71   1   0       0.45109464
   72   1   0       0.45700249

Orbital populations (up)
 Atom Sh.   l   m       Population  Label
    1   1   0   0       0.59196295  s
    1   2   1  -1       0.47220398  p_y
    1   2   1   0       0.45708642  p_z
    1   2   1   1       0.45754860  p_x
    2   1   0   0       0.62298609  s
    2   2   1  -1       0.50346254  p_y
    2   2   1   0       0.46981899  p_z
    2   2   1   1       0.49060916  p_x
    3   1   0   0       0.59699016  s
    3   2   1  -1       0.47838969  p_y
    3   2   1   0       0.45429504  p_z
    3   2   1   1       0.45558148  p_x
    4   1   0   0       0.63310252  s
    4   2   1  -1       0.51346471  p_y
    4   2   1   0       0.47007243  p_z
    4   2   1   1       0.48841105  p_x
    5   1   0   0       0.59461864  s
    5   2   1  -1       0.47263820  p_y
    5   2   1   0       0.45843392  p_z
    5   2   1   1       0.45783252  p_x
    6   1   0   0       0.43260068  s
    7   1   0   0       0.62697349  s
    7   2   1  -1       0.51202935  p_y
    7   2   1   0       0.46535671  p_z
    7   2   1   1       0.49015068  p_x
    8   1   0   0       0.63029301  s
    8   2   1  -1       0.51936648  p_y
    8   2   1   0       0.46811526  p_z
    8   2   1   1       0.48866939  p_x
    9   1   0   0       0.58858725  s
    9   2   1  -1       0.47618635  p_y
    9   2   1   0       0.45731665  p_z
    9   2   1   1       0.45787980  p_x
   10   1   0   0       0.42746407  s
   11   1   0   0       0.62445655  s
   11   2   1  -1       0.49485746  p_y
   11   2   1   0       0.46074121  p_z
   11   2   1   1       0.47797262  p_x
   12   1   0   0       0.58997790  s
   12   2   1  -1       0.47410185  p_y
   12   2   1   0       0.44903416  p_z
   12   2   1   1       0.45993397  p_x
   13   1   0   0       0.44389918  s
   14   1   0   0       0.43751055  s
   15   1   0   0       0.58867325  s
   15   2   1  -1       0.47821836  p_y
   15   2   1   0       0.45391025  p_z
   15   2   1   1       0.45643080  p_x
   16   1   0   0       0.62189708  s
   16   2   1  -1       0.50544308  p_y
   16   2   1   0       0.46784276  p_z
   16   2   1   1       0.48994753  p_x
   17   1   0   0       0.61533099  s
   17   2   1  -1       0.48150740  p_y
   17   2   1   0       0.47385351  p_z
   17   2   1   1       0.47438191  p_x
   18   1   0   0       0.43252637  s
   19   1   0   0       0.62617730  s
   19   2   1  -1       0.50152335  p_y
   19   2   1   0       0.45843677  p_z
   19   2   1   1       0.48251821  p_x
   20   1   0   0       0.62933599  s
   20   2   1  -1       0.51462160  p_y
   20   2   1   0       0.47268377  p_z
   20   2   1   1       0.48505751  p_x
   21   1   0   0       0.59222102  s
   21   2   1  -1       0.47364809  p_y
   21   2   1   0       0.45319405  p_z
   21   2   1   1       0.46009618  p_x
   22   1   0   0       0.44108835  s
   23   1   0   0       0.61227276  s
   23   2   1  -1       0.48415555  p_y
   23   2   1   0       0.47618143  p_z
   23   2   1   1       0.46593504  p_x
   24   1   0   0       0.45450965  s
   25   1   0   0       0.44069425  s
   26   1   0   0       0.43948142  s
   27   1   0   0       0.59223752  s
   27   2   1  -1       0.47133597  p_y
   27   2   1   0       0.44694821  p_z
   27   2   1   1       0.46398324  p_x
   28   1   0   0       0.61983258  s
   28   2   1  -1       0.49819163  p_y
   28   2   1   0       0.45732372  p_z
   28   2   1   1       0.48082566  p_x
   29   1   0   0       0.44377250  s
   30   1   0   0       0.62044393  s
   30   2   1  -1       0.50233160  p_y
   30   2   1   0       0.45565901  p_z
   30   2   1   1       0.48392520  p_x
   31   1   0   0       0.62136535  s
   31   2   1  -1       0.47779440  p_y
   31   2   1   0       0.47346243  p_z
   31   2   1   1       0.47368689  p_x
   32   1   0   0       0.44622756  s
   33   1   0   0       0.61742816  s
   33   2   1  -1       0.47365147  p_y
   33   2   1   0       0.47665198  p_z
   33   2   1   1       0.47272688  p_x
   34   1   0   0       0.44131250  s
   35   1   0   0       0.44329764  s
   36   1   0   0       0.44634557  s
   37   1   0   0       0.59106784  s
   37   2   1  -1       0.48413132  p_y
   37   2   1   0       0.45539595  p_z
   37   2   1   1       0.45650856  p_x
   38   1   0   0       0.62292655  s
   38   2   1  -1       0.49258155  p_y
   38   2   1   0       0.46509835  p_z
   38   2   1   1       0.48453167  p_x
   39   1   0   0       0.59201829  s
   39   2   1  -1       0.47777936  p_y
   39   2   1   0       0.45014540  p_z
   39   2   1   1       0.46024023  p_x
   40   1   0   0       0.61410533  s
   40   2   1  -1       0.49436274  p_y
   40   2   1   0       0.46629308  p_z
   40   2   1   1       0.48226661  p_x
   41   1   0   0       0.58495199  s
   41   2   1  -1       0.47916267  p_y
   41   2   1   0       0.45448705  p_z
   41   2   1   1       0.45522101  p_x
   42   1   0   0       0.44300718  s
   43   1   0   0       0.63011847  s
   43   2   1  -1       0.51256702  p_y
   43   2   1   0       0.46319705  p_z
   43   2   1   1       0.47898070  p_x
   44   1   0   0       0.61614238  s
   44   2   1  -1       0.51290410  p_y
   44   2   1   0       0.46314221  p_z
   44   2   1   1       0.48538459  p_x
   45   1   0   0       0.58920818  s
   45   2   1  -1       0.48127746  p_y
   45   2   1   0       0.45342437  p_z
   45   2   1   1       0.46110683  p_x
   46   1   0   0       0.44879942  s
   47   1   0   0       0.61969716  s
   47   2   1  -1       0.48291823  p_y
   47   2   1   0       0.46533762  p_z
   47   2   1   1       0.47408119  p_x
   48   1   0   0       0.59074147  s
   48   2   1  -1       0.47541374  p_y
   48   2   1   0       0.45282150  p_z
   48   2   1   1       0.46033517  p_x
   49   1   0   0       0.45000131  s
   50   1   0   0       0.44437772  s
   51   1   0   0       0.59211031  s
   51   2   1  -1       0.48007162  p_y
   51   2   1   0       0.45067840  p_z
   51   2   1   1       0.46176382  p_x
   52   1   0   0       0.61695005  s
   52   2   1  -1       0.50044804  p_y
   52   2   1   0       0.46357891  p_z
   52   2   1   1       0.48245524  p_x
   53   1   0   0       0.61653385  s
   53   2   1  -1       0.49622606  p_y
   53   2   1   0       0.46694723  p_z
   53   2   1   1       0.46808079  p_x
   54   1   0   0       0.44158070  s
   55   1   0   0       0.62539370  s
   55   2   1  -1       0.50341545  p_y
   55   2   1   0       0.46616074  p_z
   55   2   1   1       0.47799404  p_x
   56   1   0   0       0.62141697  s
   56   2   1  -1       0.51010852  p_y
   56   2   1   0       0.46127152  p_z
   56   2   1   1       0.49004838  p_x
   57   1   0   0       0.58485576  s
   57   2   1  -1       0.48287803  p_y
   57   2   1   0       0.45060827  p_z
   57   2   1   1       0.46423859  p_x
   58   1   0   0       0.44627974  s
   59   1   0   0       0.61627191  s
   59   2   1  -1       0.49289980  p_y
   59   2   1   0       0.47370448  p_z
   59   2   1   1       0.46339299  p_x
   60   1   0   0       0.45451110  s
   61   1   0   0       0.46130816  s
   62   1   0   0       0.44229314  s
   63   1   0   0       0.58494928  s
   63   2   1  -1       0.48049087  p_y
   63   2   1   0       0.45056709  p_z
   63   2   1   1       0.46452393  p_x
   64   1   0   0       0.61943807  s
   64   2   1  -1       0.49660528  p_y
   64   2   1   0       0.46465355  p_z
   64   2   1   1       0.47567646  p_x
   65   1   0   0       0.45892089  s
   66   1   0   0       0.59883762  s
   66   2   1  -1       0.49266177  p_y
   66   2   1   0       0.46896213  p_z
   66   2   1   1       0.48394646  p_x
   67   1   0   0       0.62385290  s
   67   2   1  -1       0.49283125  p_y
   67   2   1   0       0.46949273  p_z
   67   2   1   1       0.47251711  p_x
   68   1   0   0       0.45286268  s
   69   1   0   0       0.60731782  s
   69   2   1  -1       0.50055043  p_y
   69   2   1   0       0.46907088  p_z
   69   2   1   1       0.47360063  p_x
   70   1   0   0       0.44729519  s
   71   1   0   0       0.45109464  s
   72   1   0   0       0.45700249  s

Nr. of electrons (down):    101.00000000
Atom populations (down)
 Atom       Population
    1       1.99904816
    2       1.96859141
    3       2.00672323
    4       1.93177049
    5       1.97909325
    6       0.43883626
    7       1.96730594
    8       1.94630150
    9       2.00057393
   10       0.43662241
   11       2.01312712
   12       1.97727482
   13       0.45106683
   14       0.44617184
   15       1.99970014
   16       1.96580781
   17       2.01155929
   18       0.43491277
   19       2.01141845
   20       1.96018812
   21       1.97729246
   22       0.44753349
   23       2.02327192
   24       0.45637757
   25       0.44392342
   26       0.44759998
   27       1.97949812
   28       2.00763885
   29       0.44459928
   30       2.01005573
   31       2.01580660
   32       0.44887529
   33       2.01734146
   34       0.44417094
   35       0.44476944
   36       0.44755652
   37       1.98729890
   38       2.06396813
   39       1.98017764
   40       2.05587958
   41       1.97396046
   42       0.44307041
   43       2.08479255
   44       2.07748927
   45       1.98514800
   46       0.44886396
   47       2.04150619
   48       1.97919039
   49       0.45000534
   50       0.44438202
   51       1.98450313
   52       2.06251399
   53       2.04786280
   54       0.44161068
   55       2.07301845
   56       2.08283700
   57       1.98258673
   58       0.44632923
   59       2.04575428
   60       0.45450658
   61       0.46130466
   62       0.44229338
   63       1.98013733
   64       2.05615249
   65       0.45894942
   66       2.04446182
   67       2.05857630
   68       0.45287522
   69       2.05017320
   70       0.44729222
   71       0.45110130
   72       0.45702211

l-shell populations (down)
 Atom Sh.   l       Population
    1   1   0       0.59610558
    1   2   1       1.40294257
    2   1   0       0.61758365
    2   2   1       1.35100776
    3   1   0       0.60133382
    3   2   1       1.40538941
    4   1   0       0.62475298
    4   2   1       1.30701751
    5   1   0       0.59637785
    5   2   1       1.38271541
    6   1   0       0.43883626
    7   1   0       0.62096411
    7   2   1       1.34634183
    8   1   0       0.62259582
    8   2   1       1.32370568
    9   1   0       0.59283210
    9   2   1       1.40774183
   10   1   0       0.43662241
   11   1   0       0.62290603
   11   2   1       1.39022109
   12   1   0       0.59254253
   12   2   1       1.38473229
   13   1   0       0.45106683
   14   1   0       0.44617184
   15   1   0       0.59306012
   15   2   1       1.40664002
   16   1   0       0.61639926
   16   2   1       1.34940855
   17   1   0       0.61460035
   17   2   1       1.39695894
   18   1   0       0.43491277
   19   1   0       0.62373846
   19   2   1       1.38767999
   20   1   0       0.62267490
   20   2   1       1.33751322
   21   1   0       0.59419663
   21   2   1       1.38309583
   22   1   0       0.44753349
   23   1   0       0.61274364
   23   2   1       1.41052827
   24   1   0       0.45637757
   25   1   0       0.44392342
   26   1   0       0.44759998
   27   1   0       0.59490655
   27   2   1       1.38459157
   28   1   0       0.61804467
   28   2   1       1.38959418
   29   1   0       0.44459928
   30   1   0       0.61833126
   30   2   1       1.39172448
   31   1   0       0.62090038
   31   2   1       1.39490622
   32   1   0       0.44887529
   33   1   0       0.61736321
   33   2   1       1.39997825
   34   1   0       0.44417094
   35   1   0       0.44476944
   36   1   0       0.44755652
   37   1   0       0.59110518
   37   2   1       1.39619373
   38   1   0       0.62286986
   38   2   1       1.44109827
   39   1   0       0.59201755
   39   2   1       1.38816008
   40   1   0       0.61405113
   40   2   1       1.44182844
   41   1   0       0.58497934
   41   2   1       1.38898111
   42   1   0       0.44307041
   43   1   0       0.63011651
   43   2   1       1.45467603
   44   1   0       0.61614044
   44   2   1       1.46134883
   45   1   0       0.58924035
   45   2   1       1.39590766
   46   1   0       0.44886396
   47   1   0       0.61967083
   47   2   1       1.42183537
   48   1   0       0.59073504
   48   2   1       1.38845535
   49   1   0       0.45000534
   50   1   0       0.44438202
   51   1   0       0.59210487
   51   2   1       1.39239827
   52   1   0       0.61690743
   52   2   1       1.44560657
   53   1   0       0.61655034
   53   2   1       1.43131247
   54   1   0       0.44161068
   55   1   0       0.62540422
   55   2   1       1.44761423
   56   1   0       0.62142298
   56   2   1       1.46141403
   57   1   0       0.58487483
   57   2   1       1.39771190
   58   1   0       0.44632923
   59   1   0       0.61624724
   59   2   1       1.42950704
   60   1   0       0.45450658
   61   1   0       0.46130466
   62   1   0       0.44229338
   63   1   0       0.58493312
   63   2   1       1.39520421
   64   1   0       0.61942946
   64   2   1       1.43672303
   65   1   0       0.45894942
   66   1   0       0.59884938
   66   2   1       1.44561244
   67   1   0       0.62385492
   67   2   1       1.43472139
   68   1   0       0.45287522
   69   1   0       0.60730172
   69   2   1       1.44287148
   70   1   0       0.44729222
   71   1   0       0.45110130
   72   1   0       0.45702211

Orbital populations (down)
 Atom Sh.   l   m       Population  Label
    1   1   0   0       0.59610558  s
    1   2   1  -1       0.47982625  p_y
    1   2   1   0       0.46296022  p_z
    1   2   1   1       0.46015610  p_x
    2   1   0   0       0.61758365  s
    2   2   1  -1       0.43175871  p_y
    2   2   1   0       0.45067813  p_z
    2   2   1   1       0.46857092  p_x
    3   1   0   0       0.60133382  s
    3   2   1  -1       0.48618279  p_y
    3   2   1   0       0.46031613  p_z
    3   2   1   1       0.45889049  p_x
    4   1   0   0       0.62475298  s
    4   2   1  -1       0.39900037  p_y
    4   2   1   0       0.44642715  p_z
    4   2   1   1       0.46158998  p_x
    5   1   0   0       0.59637785  s
    5   2   1  -1       0.46562265  p_y
    5   2   1   0       0.45993216  p_z
    5   2   1   1       0.45716059  p_x
    6   1   0   0       0.43883626  s
    7   1   0   0       0.62096411  s
    7   2   1  -1       0.43439733  p_y
    7   2   1   0       0.44378061  p_z
    7   2   1   1       0.46816389  p_x
    8   1   0   0       0.62259582  s
    8   2   1  -1       0.41102555  p_y
    8   2   1   0       0.44462648  p_z
    8   2   1   1       0.46805365  p_x
    9   1   0   0       0.59283210  s
    9   2   1  -1       0.48304358  p_y
    9   2   1   0       0.46321188  p_z
    9   2   1   1       0.46148637  p_x
   10   1   0   0       0.43662241  s
   11   1   0   0       0.62290603  s
   11   2   1  -1       0.46141028  p_y
   11   2   1   0       0.45663063  p_z
   11   2   1   1       0.47218018  p_x
   12   1   0   0       0.59254253  s
   12   2   1  -1       0.47172656  p_y
   12   2   1   0       0.45169704  p_z
   12   2   1   1       0.46130870  p_x
   13   1   0   0       0.45106683  s
   14   1   0   0       0.44617184  s
   15   1   0   0       0.59306012  s
   15   2   1  -1       0.48667887  p_y
   15   2   1   0       0.46025748  p_z
   15   2   1   1       0.45970367  p_x
   16   1   0   0       0.61639926  s
   16   2   1  -1       0.42831378  p_y
   16   2   1   0       0.44623842  p_z
   16   2   1   1       0.47485634  p_x
   17   1   0   0       0.61460035  s
   17   2   1  -1       0.45918004  p_y
   17   2   1   0       0.46895523  p_z
   17   2   1   1       0.46882367  p_x
   18   1   0   0       0.43491277  s
   19   1   0   0       0.62373846  s
   19   2   1  -1       0.46369878  p_y
   19   2   1   0       0.45207135  p_z
   19   2   1   1       0.47190987  p_x
   20   1   0   0       0.62267490  s
   20   2   1  -1       0.42113185  p_y
   20   2   1   0       0.44906236  p_z
   20   2   1   1       0.46731901  p_x
   21   1   0   0       0.59419663  s
   21   2   1  -1       0.46865802  p_y
   21   2   1   0       0.45506445  p_z
   21   2   1   1       0.45937336  p_x
   22   1   0   0       0.44753349  s
   23   1   0   0       0.61274364  s
   23   2   1  -1       0.47279593  p_y
   23   2   1   0       0.47411379  p_z
   23   2   1   1       0.46361855  p_x
   24   1   0   0       0.45637757  s
   25   1   0   0       0.44392342  s
   26   1   0   0       0.44759998  s
   27   1   0   0       0.59490655  s
   27   2   1  -1       0.47021517  p_y
   27   2   1   0       0.45008313  p_z
   27   2   1   1       0.46429327  p_x
   28   1   0   0       0.61804467  s
   28   2   1  -1       0.46388024  p_y
   28   2   1   0       0.45036022  p_z
   28   2   1   1       0.47535372  p_x
   29   1   0   0       0.44459928  s
   30   1   0   0       0.61833126  s
   30   2   1  -1       0.46595151  p_y
   30   2   1   0       0.45210808  p_z
   30   2   1   1       0.47366490  p_x
   31   1   0   0       0.62090038  s
   31   2   1  -1       0.46163988  p_y
   31   2   1   0       0.46794638  p_z
   31   2   1   1       0.46531996  p_x
   32   1   0   0       0.44887529  s
   33   1   0   0       0.61736321  s
   33   2   1  -1       0.46178870  p_y
   33   2   1   0       0.47244806  p_z
   33   2   1   1       0.46574149  p_x
   34   1   0   0       0.44417094  s
   35   1   0   0       0.44476944  s
   36   1   0   0       0.44755652  s
   37   1   0   0       0.59110518  s
   37   2   1  -1       0.48421119  p_y
   37   2   1   0       0.45543512  p_z
   37   2   1   1       0.45654741  p_x
   38   1   0   0       0.62286986  s
   38   2   1  -1       0.49178650  p_y
   38   2   1   0       0.46504766  p_z
   38   2   1   1       0.48426411  p_x
   39   1   0   0       0.59201755  s
   39   2   1  -1       0.47777716  p_y
   39   2   1   0       0.45014613  p_z
   39   2   1   1       0.46023679  p_x
   40   1   0   0       0.61405113  s
   40   2   1  -1       0.49361634  p_y
   40   2   1   0       0.46623359  p_z
   40   2   1   1       0.48197851  p_x
   41   1   0   0       0.58497934  s
   41   2   1  -1       0.47921412  p_y
   41   2   1   0       0.45452316  p_z
   41   2   1   1       0.45524383  p_x
   42   1   0   0       0.44307041  s
   43   1   0   0       0.63011651  s
   43   2   1  -1       0.51251407  p_y
   43   2   1   0       0.46319574  p_z
   43   2   1   1       0.47896623  p_x
   44   1   0   0       0.61614044  s
   44   2   1  -1       0.51284027  p_y
   44   2   1   0       0.46314173  p_z
   44   2   1   1       0.48536683  p_x
   45   1   0   0       0.58924035  s
   45   2   1  -1       0.48132079  p_y
   45   2   1   0       0.45345703  p_z
   45   2   1   1       0.46112983  p_x
   46   1   0   0       0.44886396  s
   47   1   0   0       0.61967083  s
   47   2   1  -1       0.48254775  p_y
   47   2   1   0       0.46529362  p_z
   47   2   1   1       0.47399400  p_x
   48   1   0   0       0.59073504  s
   48   2   1  -1       0.47533096  p_y
   48   2   1   0       0.45280957  p_z
   48   2   1   1       0.46031483  p_x
   49   1   0   0       0.45000534  s
   50   1   0   0       0.44438202  s
   51   1   0   0       0.59210487  s
   51   2   1  -1       0.47998287  p_y
   51   2   1   0       0.45067410  p_z
   51   2   1   1       0.46174130  p_x
   52   1   0   0       0.61690743  s
   52   2   1  -1       0.49977240  p_y
   52   2   1   0       0.46353740  p_z
   52   2   1   1       0.48229677  p_x
   53   1   0   0       0.61655034  s
   53   2   1  -1       0.49624898  p_y
   53   2   1   0       0.46696544  p_z
   53   2   1   1       0.46809805  p_x
   54   1   0   0       0.44161068  s
   55   1   0   0       0.62540422  s
   55   2   1  -1       0.50343828  p_y
   55   2   1   0       0.46617062  p_z
   55   2   1   1       0.47800533  p_x
   56   1   0   0       0.62142298  s
   56   2   1  -1       0.51009357  p_y
   56   2   1   0       0.46128117  p_z
   56   2   1   1       0.49003928  p_x
   57   1   0   0       0.58487483  s
   57   2   1  -1       0.48284702  p_y
   57   2   1   0       0.45062159  p_z
   57   2   1   1       0.46424330  p_x
   58   1   0   0       0.44632923  s
   59   1   0   0       0.61624724  s
   59   2   1  -1       0.49258233  p_y
   59   2   1   0       0.47363665  p_z
   59   2   1   1       0.46328806  p_x
   60   1   0   0       0.45450658  s
   61   1   0   0       0.46130466  s
   62   1   0   0       0.44229338  s
   63   1   0   0       0.58493312  s
   63   2   1  -1       0.48022241  p_y
   63   2   1   0       0.45055341  p_z
   63   2   1   1       0.46442840  p_x
   64   1   0   0       0.61942946  s
   64   2   1  -1       0.49644178  p_y
   64   2   1   0       0.46464382  p_z
   64   2   1   1       0.47563743  p_x
   65   1   0   0       0.45894942  s
   66   1   0   0       0.59884938  s
   66   2   1  -1       0.49268034  p_y
   66   2   1   0       0.46897322  p_z
   66   2   1   1       0.48395887  p_x
   67   1   0   0       0.62385492  s
   67   2   1  -1       0.49273548  p_y
   67   2   1   0       0.46948996  p_z
   67   2   1   1       0.47249595  p_x
   68   1   0   0       0.45287522  s
   69   1   0   0       0.60730172  s
   69   2   1  -1       0.50028511  p_y
   69   2   1   0       0.46905761  p_z
   69   2   1   1       0.47352875  p_x
   70   1   0   0       0.44729222  s
   71   1   0   0       0.45110130  s
   72   1   0   0       0.45702211  s

Spin  up
Fermi level:                        -0.1965554271 H           -5.3485 eV
Band energy:                       -45.5538537160 H        -1239.5834 eV
TS:                                  0.0000000000 H            0.0000 eV
Band free energy (E-TS):           -45.5538537160 H        -1239.5834 eV
Extrapolated E(0K):                -45.5538537160 H        -1239.5834 eV
Input / Output electrons (up):    102.0000000000    102.0000000000

Spin  down
Fermi level:                        -0.2109522794 H           -5.7403 eV
Band energy:                       -45.2594286158 H        -1231.5717 eV
TS:                                  0.0000000000 H            0.0000 eV
Band free energy (E-TS):           -45.2594286158 H        -1231.5717 eV
Extrapolated E(0K):                -45.2594286158 H        -1231.5717 eV
Input / Output electrons (down):    101.0000000000    101.0000000000

Energy H0:                         -86.3345696149 H        -2349.2832 eV
Energy SCC:                          0.0335422722 H            0.9127 eV
Energy SPIN:                        -0.0015613318 H           -0.0425 eV
Energy 3rd:                          0.0000557732 H            0.0015 eV
Total Electronic energy:           -86.3025329013 H        -2348.4114 eV
Repulsive energy:                    0.8186631689 H           22.2770 eV
Total energy:                      -85.4838697324 H        -2326.1344 eV
Extrapolated to 0:                 -85.4838697324 H        -2326.1344 eV
Total Mermin free energy:          -85.4838697324 H        -2326.1344 eV
Force related energy:              -85.4838697324 H        -2326.1344 eV

Constraints converged

SCC converged

Warning: dipole moment is not defined absolutely!
Dipole moment:   17.55083094   24.20288325   35.70702418 au
Dipole moment:   44.60976617   61.51759802   90.75820997 Debye


