 Fermi distribution function

Calculation with static geometry


********************************************************************************
 iSCC Total electronic   Diff electronic      SCC error    
   19   -0.86246112E+02   -0.24037490E-07    0.61971402E-06
********************************************************************************

 Total charge:     1.00000000

 Atomic gross charges (e)
 Atom           Charge
    1       0.02693973
    2      -0.05401663
    3       0.00978243
    4      -0.03447129
    5       0.04216292
    6       0.12577433
    7      -0.05597220
    8      -0.04857053
    9       0.02351693
   10       0.13273221
   11      -0.07302198
   12       0.05262273
   13       0.10857760
   14       0.11851966
   15       0.02322823
   16      -0.05017544
   17      -0.05760516
   18       0.13012530
   19      -0.07491882
   20      -0.06372286
   21       0.04735574
   22       0.10856596
   23      -0.06595719
   24       0.08599858
   25       0.11406604
   26       0.11664151
   27       0.04555773
   28      -0.06307306
   29       0.10771941
   30      -0.07751589
   31      -0.06218094
   32       0.10184138
   33      -0.06699129
   34       0.11693559
   35       0.10909514
   36       0.10048761
   37       0.05399600
   38      -0.11217972
   39       0.07060159
   40      -0.11026222
   41       0.04168516
   42       0.09749056
   43      -0.18689849
   44      -0.20290742
   45       0.04351011
   46       0.10746054
   47      -0.07580443
   48       0.05756019
   49       0.09132586
   50       0.08519004
   51       0.06034110
   52      -0.11236312
   53      -0.07610914
   54       0.09636744
   55      -0.14723807
   56      -0.19198728
   57       0.02891944
   58       0.10275469
   59      -0.07238945
   60       0.09416253
   61       0.08606461
   62       0.08629923
   63       0.05386636
   64      -0.10992101
   65       0.10308160
   66      -0.11672335
   67      -0.09531149
   68       0.09805633
   69      -0.08832349
   70       0.06399763
   71       0.09477914
   72       0.08085507


 Atomic net (on-site) populations and hybridisation ratios
 Atom       Population         Hybrid.
    1       2.72832487      0.31791878
    2       2.80138138      0.29965465
    3       2.76228209      0.30942948
    4       2.81085804      0.29728549
    5       2.72193221      0.31951695
    6       0.53548228      0.46451772
    7       2.82129889      0.29467528
    8       2.81828995      0.29542751
    9       2.72438697      0.31890326
   10       0.52700487      0.47299513
   11       2.82976828      0.29255793
   12       2.69371740      0.32657065
   13       0.56544194      0.43455806
   14       0.54710818      0.45289182
   15       2.72442255      0.31889436
   16       2.80138869      0.29965283
   17       2.78830405      0.30292399
   18       0.52760907      0.47239093
   19       2.83801785      0.29049554
   20       2.83558487      0.29110378
   21       2.70886874      0.32278282
   22       0.56001149      0.43998851
   23       2.78075255      0.30481186
   24       0.58717075      0.41282925
   25       0.55329546      0.44670454
   26       0.55697573      0.44302427
   27       2.71134582      0.32216354
   28       2.81148850      0.29712788
   29       0.56031251      0.43968749
   30       2.82260094      0.29434976
   31       2.80569834      0.29857542
   32       0.56618057      0.43381943
   33       2.79944880      0.30013780
   34       0.54987014      0.45012986
   35       0.55464610      0.44535390
   36       0.56139230      0.43860770
   37       2.66595363      0.33351159
   38       2.88887619      0.27778095
   39       2.64625586      0.33843604
   40       2.89833458      0.27541636
   41       2.70798275      0.32300431
   42       0.57115999      0.42884001
   43       2.94327658      0.26418086
   44       2.98861355      0.25284661
   45       2.69287648      0.32678088
   46       0.56115006      0.43884994
   47       2.81737717      0.29565571
   48       2.70485126      0.32378719
   49       0.57069792      0.42930208
   50       0.57957451      0.42042549
   51       2.67255438      0.33186140
   52       2.89214414      0.27696397
   53       2.79169178      0.30207705
   54       0.57332763      0.42667237
   55       2.89708313      0.27572922
   56       2.96216077      0.25945981
   57       2.73834717      0.31541321
   58       0.56833675      0.43166325
   59       2.78555084      0.30361229
   60       0.57189145      0.42810855
   61       0.57476882      0.42523118
   62       0.57577574      0.42422426
   63       2.68267629      0.32933093
   64       2.88478187      0.27880453
   65       0.55916748      0.44083252
   66       2.87421198      0.28144700
   67       2.80750890      0.29812277
   68       0.56658087      0.43341913
   69       2.79888560      0.30027860
   70       0.61175861      0.38824139
   71       0.56827457      0.43172543
   72       0.58226713      0.41773287

Nr. of electrons (up):    102.00000000
Atom populations (up)
 Atom       Population
    1       1.97600568
    2       2.08801644
    3       1.98437641
    4       2.10649734
    5       1.98112706
    6       0.43389446
    7       2.09192835
    8       2.10481057
    9       1.97789593
   10       0.42891183
   11       2.05865269
   12       1.97234603
   13       0.44210563
   14       0.43638422
   15       1.97741099
   16       2.08462121
   17       2.04510430
   18       0.43375908
   19       2.06493128
   20       2.10102119
   21       1.97786332
   22       0.44249860
   23       2.04112899
   24       0.45609227
   25       0.44141047
   26       0.43771140
   27       1.97564923
   28       2.05416479
   29       0.44569788
   30       2.06270918
   31       2.04613103
   32       0.44784190
   33       2.04480184
   34       0.44021966
   35       0.44471902
   36       0.44916302
   37       1.97288178
   38       2.05656140
   39       1.96474959
   40       2.05600642
   41       1.97908478
   42       0.45122866
   43       2.09346264
   44       2.10144602
   45       1.97811378
   46       0.44622049
   47       2.03801903
   48       1.97131057
   49       0.45433615
   50       0.45740527
   51       1.96984722
   52       2.05693599
   53       2.03802448
   54       0.45180965
   55       2.07361042
   56       2.09594800
   57       1.98545145
   58       0.44858108
   59       2.03627833
   60       0.45292049
   61       0.45696802
   62       0.45685435
   63       1.97315130
   64       2.05530311
   65       0.44845473
   66       2.05828502
   67       2.04759570
   68       0.45095268
   69       2.04441807
   70       0.46800800
   71       0.45261374
   72       0.45955834

l-shell populations (up)
 Atom Sh.   l       Population
    1   1   0       0.59157118
    1   2   1       1.38443450
    2   1   0       0.62281667
    2   2   1       1.46519977
    3   1   0       0.59698315
    3   2   1       1.38739327
    4   1   0       0.63289823
    4   2   1       1.47359910
    5   1   0       0.59421583
    5   2   1       1.38691124
    6   1   0       0.43389446
    7   1   0       0.62706338
    7   2   1       1.46486497
    8   1   0       0.63045719
    8   2   1       1.47435338
    9   1   0       0.58830424
    9   2   1       1.38959169
   10   1   0       0.42891183
   11   1   0       0.62428217
   11   2   1       1.43437051
   12   1   0       0.58981727
   12   2   1       1.38252876
   13   1   0       0.44210563
   14   1   0       0.43638422
   15   1   0       0.58876964
   15   2   1       1.38864134
   16   1   0       0.62156239
   16   2   1       1.46305882
   17   1   0       0.61497656
   17   2   1       1.43012774
   18   1   0       0.43375908
   19   1   0       0.62569191
   19   2   1       1.43923937
   20   1   0       0.62957624
   20   2   1       1.47144495
   21   1   0       0.59194050
   21   2   1       1.38592281
   22   1   0       0.44249860
   23   1   0       0.61214089
   23   2   1       1.42898810
   24   1   0       0.45609227
   25   1   0       0.44141047
   26   1   0       0.43771140
   27   1   0       0.59227062
   27   2   1       1.38337860
   28   1   0       0.61937951
   28   2   1       1.43478527
   29   1   0       0.44569788
   30   1   0       0.62065992
   30   2   1       1.44204926
   31   1   0       0.62078394
   31   2   1       1.42534710
   32   1   0       0.44784190
   33   1   0       0.61734435
   33   2   1       1.42745748
   34   1   0       0.44021966
   35   1   0       0.44471902
   36   1   0       0.44916302
   37   1   0       0.58045343
   37   2   1       1.39242835
   38   1   0       0.62344871
   38   2   1       1.43311270
   39   1   0       0.57767785
   39   2   1       1.38707174
   40   1   0       0.62760543
   40   2   1       1.42840099
   41   1   0       0.59022030
   41   2   1       1.38886448
   42   1   0       0.45122866
   43   1   0       0.61800555
   43   2   1       1.47545709
   44   1   0       0.62311351
   44   2   1       1.47833251
   45   1   0       0.58613672
   45   2   1       1.39197706
   46   1   0       0.44622049
   47   1   0       0.61595711
   47   2   1       1.42206192
   48   1   0       0.59331279
   48   2   1       1.37799778
   49   1   0       0.45433615
   50   1   0       0.45740527
   51   1   0       0.58373879
   51   2   1       1.38610843
   52   1   0       0.62479690
   52   2   1       1.43213909
   53   1   0       0.61043021
   53   2   1       1.42759427
   54   1   0       0.45180965
   55   1   0       0.61995594
   55   2   1       1.45365447
   56   1   0       0.62009852
   56   2   1       1.47584948
   57   1   0       0.59465764
   57   2   1       1.39079382
   58   1   0       0.44858108
   59   1   0       0.61146474
   59   2   1       1.42481359
   60   1   0       0.45292049
   61   1   0       0.45696802
   62   1   0       0.45685435
   63   1   0       0.58456696
   63   2   1       1.38858434
   64   1   0       0.62674181
   64   2   1       1.42856129
   65   1   0       0.44845473
   66   1   0       0.61724704
   66   2   1       1.44103797
   67   1   0       0.61019106
   67   2   1       1.43740464
   68   1   0       0.45095268
   69   1   0       0.60849225
   69   2   1       1.43592582
   70   1   0       0.46800800
   71   1   0       0.45261374
   72   1   0       0.45955834

Orbital populations (up)
 Atom Sh.   l   m       Population  Label
    1   1   0   0       0.59157118  s
    1   2   1  -1       0.47090886  p_y
    1   2   1   0       0.45639042  p_z
    1   2   1   1       0.45713522  p_x
    2   1   0   0       0.62281667  s
    2   2   1  -1       0.50454387  p_y
    2   2   1   0       0.47026440  p_z
    2   2   1   1       0.49039150  p_x
    3   1   0   0       0.59698315  s
    3   2   1  -1       0.47777203  p_y
    3   2   1   0       0.45422371  p_z
    3   2   1   1       0.45539753  p_x
    4   1   0   0       0.63289823  s
    4   2   1  -1       0.51495476  p_y
    4   2   1   0       0.47060389  p_z
    4   2   1   1       0.48804044  p_x
    5   1   0   0       0.59421583  s
    5   2   1  -1       0.47179538  p_y
    5   2   1   0       0.45785013  p_z
    5   2   1   1       0.45726572  p_x
    6   1   0   0       0.43389446  s
    7   1   0   0       0.62706338  s
    7   2   1  -1       0.51009027  p_y
    7   2   1   0       0.46463156  p_z
    7   2   1   1       0.49014313  p_x
    8   1   0   0       0.63045719  s
    8   2   1  -1       0.51789403  p_y
    8   2   1   0       0.46764108  p_z
    8   2   1   1       0.48881827  p_x
    9   1   0   0       0.58830424  s
    9   2   1  -1       0.47520564  p_y
    9   2   1   0       0.45682524  p_z
    9   2   1   1       0.45756082  p_x
   10   1   0   0       0.42891183  s
   11   1   0   0       0.62428217  s
   11   2   1  -1       0.49550457  p_y
   11   2   1   0       0.46099650  p_z
   11   2   1   1       0.47786945  p_x
   12   1   0   0       0.58981727  s
   12   2   1  -1       0.47377166  p_y
   12   2   1   0       0.44879438  p_z
   12   2   1   1       0.45996272  p_x
   13   1   0   0       0.44210563  s
   14   1   0   0       0.43638422  s
   15   1   0   0       0.58876964  s
   15   2   1  -1       0.47819744  p_y
   15   2   1   0       0.45404589  p_z
   15   2   1   1       0.45639801  p_x
   16   1   0   0       0.62156239  s
   16   2   1  -1       0.50584687  p_y
   16   2   1   0       0.46805898  p_z
   16   2   1   1       0.48915297  p_x
   17   1   0   0       0.61497656  s
   17   2   1  -1       0.48253978  p_y
   17   2   1   0       0.47362365  p_z
   17   2   1   1       0.47396432  p_x
   18   1   0   0       0.43375908  s
   19   1   0   0       0.62569191  s
   19   2   1  -1       0.49996967  p_y
   19   2   1   0       0.45829107  p_z
   19   2   1   1       0.48097863  p_x
   20   1   0   0       0.62957624  s
   20   2   1  -1       0.51363853  p_y
   20   2   1   0       0.47216154  p_z
   20   2   1   1       0.48564487  p_x
   21   1   0   0       0.59194050  s
   21   2   1  -1       0.47316502  p_y
   21   2   1   0       0.45284123  p_z
   21   2   1   1       0.45991656  p_x
   22   1   0   0       0.44249860  s
   23   1   0   0       0.61214089  s
   23   2   1  -1       0.48627722  p_y
   23   2   1   0       0.47576432  p_z
   23   2   1   1       0.46694657  p_x
   24   1   0   0       0.45609227  s
   25   1   0   0       0.44141047  s
   26   1   0   0       0.43771140  s
   27   1   0   0       0.59227062  s
   27   2   1  -1       0.47224938  p_y
   27   2   1   0       0.44706025  p_z
   27   2   1   1       0.46406897  p_x
   28   1   0   0       0.61937951  s
   28   2   1  -1       0.49772245  p_y
   28   2   1   0       0.45736787  p_z
   28   2   1   1       0.47969495  p_x
   29   1   0   0       0.44569788  s
   30   1   0   0       0.62065992  s
   30   2   1  -1       0.50233762  p_y
   30   2   1   0       0.45554041  p_z
   30   2   1   1       0.48417123  p_x
   31   1   0   0       0.62078394  s
   31   2   1  -1       0.47825556  p_y
   31   2   1   0       0.47326100  p_z
   31   2   1   1       0.47383054  p_x
   32   1   0   0       0.44784190  s
   33   1   0   0       0.61734435  s
   33   2   1  -1       0.47704767  p_y
   33   2   1   0       0.47676270  p_z
   33   2   1   1       0.47364711  p_x
   34   1   0   0       0.44021966  s
   35   1   0   0       0.44471902  s
   36   1   0   0       0.44916302  s
   37   1   0   0       0.58045343  s
   37   2   1  -1       0.48009888  p_y
   37   2   1   0       0.44812203  p_z
   37   2   1   1       0.46420744  p_x
   38   1   0   0       0.62344871  s
   38   2   1  -1       0.49237882  p_y
   38   2   1   0       0.45984800  p_z
   38   2   1   1       0.48088587  p_x
   39   1   0   0       0.57767785  s
   39   2   1  -1       0.47371708  p_y
   39   2   1   0       0.44815049  p_z
   39   2   1   1       0.46520417  p_x
   40   1   0   0       0.62760543  s
   40   2   1  -1       0.49218284  p_y
   40   2   1   0       0.45812501  p_z
   40   2   1   1       0.47809314  p_x
   41   1   0   0       0.59022030  s
   41   2   1  -1       0.47569522  p_y
   41   2   1   0       0.44741837  p_z
   41   2   1   1       0.46575089  p_x
   42   1   0   0       0.45122866  s
   43   1   0   0       0.61800555  s
   43   2   1  -1       0.52879905  p_y
   43   2   1   0       0.46133493  p_z
   43   2   1   1       0.48532312  p_x
   44   1   0   0       0.62311351  s
   44   2   1  -1       0.53540795  p_y
   44   2   1   0       0.45924042  p_z
   44   2   1   1       0.48368414  p_x
   45   1   0   0       0.58613672  s
   45   2   1  -1       0.48272546  p_y
   45   2   1   0       0.44713661  p_z
   45   2   1   1       0.46211499  p_x
   46   1   0   0       0.44622049  s
   47   1   0   0       0.61595711  s
   47   2   1  -1       0.48776633  p_y
   47   2   1   0       0.45804520  p_z
   47   2   1   1       0.47625039  p_x
   48   1   0   0       0.59331279  s
   48   2   1  -1       0.47475217  p_y
   48   2   1   0       0.44414302  p_z
   48   2   1   1       0.45910259  p_x
   49   1   0   0       0.45433615  s
   50   1   0   0       0.45740527  s
   51   1   0   0       0.58373879  s
   51   2   1  -1       0.47629512  p_y
   51   2   1   0       0.44644674  p_z
   51   2   1   1       0.46336656  p_x
   52   1   0   0       0.62479690  s
   52   2   1  -1       0.49207577  p_y
   52   2   1   0       0.45365112  p_z
   52   2   1   1       0.48641220  p_x
   53   1   0   0       0.61043021  s
   53   2   1  -1       0.49138809  p_y
   53   2   1   0       0.46318592  p_z
   53   2   1   1       0.47302026  p_x
   54   1   0   0       0.45180965  s
   55   1   0   0       0.61995594  s
   55   2   1  -1       0.51434068  p_y
   55   2   1   0       0.46042776  p_z
   55   2   1   1       0.47888604  p_x
   56   1   0   0       0.62009852  s
   56   2   1  -1       0.51730102  p_y
   56   2   1   0       0.45801191  p_z
   56   2   1   1       0.50053655  p_x
   57   1   0   0       0.59465764  s
   57   2   1  -1       0.48182642  p_y
   57   2   1   0       0.44339605  p_z
   57   2   1   1       0.46557135  p_x
   58   1   0   0       0.44858108  s
   59   1   0   0       0.61146474  s
   59   2   1  -1       0.48004285  p_y
   59   2   1   0       0.47818586  p_z
   59   2   1   1       0.46658488  p_x
   60   1   0   0       0.45292049  s
   61   1   0   0       0.45696802  s
   62   1   0   0       0.45685435  s
   63   1   0   0       0.58456696  s
   63   2   1  -1       0.47769043  p_y
   63   2   1   0       0.44411257  p_z
   63   2   1   1       0.46678134  p_x
   64   1   0   0       0.62674181  s
   64   2   1  -1       0.49782696  p_y
   64   2   1   0       0.45794536  p_z
   64   2   1   1       0.47278897  p_x
   65   1   0   0       0.44845473  s
   66   1   0   0       0.61724704  s
   66   2   1  -1       0.49919422  p_y
   66   2   1   0       0.45378463  p_z
   66   2   1   1       0.48805912  p_x
   67   1   0   0       0.61019106  s
   67   2   1  -1       0.49125711  p_y
   67   2   1   0       0.47683927  p_z
   67   2   1   1       0.46930826  p_x
   68   1   0   0       0.45095268  s
   69   1   0   0       0.60849225  s
   69   2   1  -1       0.49107131  p_y
   69   2   1   0       0.46018330  p_z
   69   2   1   1       0.48467120  p_x
   70   1   0   0       0.46800800  s
   71   1   0   0       0.45261374  s
   72   1   0   0       0.45955834  s

Nr. of electrons (down):    101.00000000
Atom populations (down)
 Atom       Population
    1       1.99705459
    2       1.96600020
    3       2.00584116
    4       1.92797395
    5       1.97671002
    6       0.44033121
    7       1.96404385
    8       1.94375997
    9       1.99858713
   10       0.43835597
   11       2.01436929
   12       1.97503124
   13       0.44931676
   14       0.44509612
   15       1.99936079
   16       1.96555423
   17       2.01250086
   18       0.43611563
   19       2.00998755
   20       1.96270167
   21       1.97478095
   22       0.44893544
   23       2.02482820
   24       0.45790916
   25       0.44452349
   26       0.44564709
   27       1.97879304
   28       2.00890828
   29       0.44658271
   30       2.01480671
   31       2.01604991
   32       0.45031672
   33       2.02218945
   34       0.44284475
   35       0.44618584
   36       0.45034937
   37       1.97312222
   38       2.05561831
   39       1.96464882
   40       2.05425580
   41       1.97923006
   42       0.45128078
   43       2.09343585
   44       2.10146140
   45       1.97837612
   46       0.44631897
   47       2.03778539
   48       1.97112924
   49       0.45433799
   50       0.45740469
   51       1.96981168
   52       2.05542713
   53       2.03808466
   54       0.45182291
   55       2.07362765
   56       2.09603928
   57       1.98562911
   58       0.44866423
   59       2.03611112
   60       0.45291698
   61       0.45696738
   62       0.45684642
   63       1.97298233
   64       2.05461790
   65       0.44846367
   66       2.05843834
   67       2.04771579
   68       0.45099099
   69       2.04390542
   70       0.46799437
   71       0.45260712
   72       0.45958659

l-shell populations (down)
 Atom Sh.   l       Population
    1   1   0       0.59585716
    1   2   1       1.40119743
    2   1   0       0.61723721
    2   2   1       1.34876299
    3   1   0       0.60133830
    3   2   1       1.40450285
    4   1   0       0.62429522
    4   2   1       1.30367874
    5   1   0       0.59603464
    5   2   1       1.38067538
    6   1   0       0.44033121
    7   1   0       0.62104447
    7   2   1       1.34299938
    8   1   0       0.62273008
    8   2   1       1.32102988
    9   1   0       0.59262418
    9   2   1       1.40596295
   10   1   0       0.43835597
   11   1   0       0.62274677
   11   2   1       1.39162253
   12   1   0       0.59229936
   12   2   1       1.38273188
   13   1   0       0.44931676
   14   1   0       0.44509612
   15   1   0       0.59310314
   15   2   1       1.40625765
   16   1   0       0.61608738
   16   2   1       1.34946685
   17   1   0       0.61429234
   17   2   1       1.39820852
   18   1   0       0.43611563
   19   1   0       0.62338708
   19   2   1       1.38660047
   20   1   0       0.62309090
   20   2   1       1.33961077
   21   1   0       0.59384572
   21   2   1       1.38093523
   22   1   0       0.44893544
   23   1   0       0.61252601
   23   2   1       1.41230220
   24   1   0       0.45790916
   25   1   0       0.44452349
   26   1   0       0.44564709
   27   1   0       0.59478531
   27   2   1       1.38400773
   28   1   0       0.61774956
   28   2   1       1.39115872
   29   1   0       0.44658271
   30   1   0       0.61876027
   30   2   1       1.39604644
   31   1   0       0.62028956
   31   2   1       1.39576035
   32   1   0       0.45031672
   33   1   0       0.61724537
   33   2   1       1.40494408
   34   1   0       0.44284475
   35   1   0       0.44618584
   36   1   0       0.45034937
   37   1   0       0.58049713
   37   2   1       1.39262509
   38   1   0       0.62340185
   38   2   1       1.43221647
   39   1   0       0.57767110
   39   2   1       1.38697772
   40   1   0       0.62752060
   40   2   1       1.42673520
   41   1   0       0.59024321
   41   2   1       1.38898685
   42   1   0       0.45128078
   43   1   0       0.61800741
   43   2   1       1.47542843
   44   1   0       0.62311631
   44   2   1       1.47834509
   45   1   0       0.58618863
   45   2   1       1.39218748
   46   1   0       0.44631897
   47   1   0       0.61594380
   47   2   1       1.42184160
   48   1   0       0.59330322
   48   2   1       1.37782602
   49   1   0       0.45433799
   50   1   0       0.45740469
   51   1   0       0.58373281
   51   2   1       1.38607888
   52   1   0       0.62472361
   52   2   1       1.43070352
   53   1   0       0.61043793
   53   2   1       1.42764673
   54   1   0       0.45182291
   55   1   0       0.61996048
   55   2   1       1.45366717
   56   1   0       0.62010552
   56   2   1       1.47593376
   57   1   0       0.59469423
   57   2   1       1.39093488
   58   1   0       0.44866423
   59   1   0       0.61145635
   59   2   1       1.42465476
   60   1   0       0.45291698
   61   1   0       0.45696738
   62   1   0       0.45684642
   63   1   0       0.58455507
   63   2   1       1.38842727
   64   1   0       0.62670709
   64   2   1       1.42791081
   65   1   0       0.44846367
   66   1   0       0.61726399
   66   2   1       1.44117434
   67   1   0       0.61021112
   67   2   1       1.43750467
   68   1   0       0.45099099
   69   1   0       0.60846428
   69   2   1       1.43544114
   70   1   0       0.46799437
   71   1   0       0.45260712
   72   1   0       0.45958659

Orbital populations (down)
 Atom Sh.   l   m       Population  Label
    1   1   0   0       0.59585716  s
    1   2   1  -1       0.47885492  p_y
    1   2   1   0       0.46247667  p_z
    1   2   1   1       0.45986584  p_x
    2   1   0   0       0.61723721  s
    2   2   1  -1       0.43055061  p_y
    2   2   1   0       0.45056095  p_z
    2   2   1   1       0.46765143  p_x
    3   1   0   0       0.60133830  s
    3   2   1  -1       0.48556013  p_y
    3   2   1   0       0.46025876  p_z
    3   2   1   1       0.45868396  p_x
    4   1   0   0       0.62429522  s
    4   2   1  -1       0.39699401  p_y
    4   2   1   0       0.44625528  p_z
    4   2   1   1       0.46042944  p_x
    5   1   0   0       0.59603464  s
    5   2   1  -1       0.46469027  p_y
    5   2   1   0       0.45939368  p_z
    5   2   1   1       0.45659142  p_x
    6   1   0   0       0.44033121  s
    7   1   0   0       0.62104447  s
    7   2   1  -1       0.43207235  p_y
    7   2   1   0       0.44290385  p_z
    7   2   1   1       0.46802317  p_x
    8   1   0   0       0.62273008  s
    8   2   1  -1       0.40875668  p_y
    8   2   1   0       0.44405486  p_z
    8   2   1   1       0.46821835  p_x
    9   1   0   0       0.59262418  s
    9   2   1  -1       0.48197480  p_y
    9   2   1   0       0.46276894  p_z
    9   2   1   1       0.46121921  p_x
   10   1   0   0       0.43835597  s
   11   1   0   0       0.62274677  s
   11   2   1  -1       0.46254448  p_y
   11   2   1   0       0.45692924  p_z
   11   2   1   1       0.47214881  p_x
   12   1   0   0       0.59229936  s
   12   2   1  -1       0.47041370  p_y
   12   2   1   0       0.45122561  p_z
   12   2   1   1       0.46109257  p_x
   13   1   0   0       0.44931676  s
   14   1   0   0       0.44509612  s
   15   1   0   0       0.59310314  s
   15   2   1  -1       0.48638565  p_y
   15   2   1   0       0.46028381  p_z
   15   2   1   1       0.45958819  p_x
   16   1   0   0       0.61608738  s
   16   2   1  -1       0.42886628  p_y
   16   2   1   0       0.44647418  p_z
   16   2   1   1       0.47412639  p_x
   17   1   0   0       0.61429234  s
   17   2   1  -1       0.46076158  p_y
   17   2   1   0       0.46886180  p_z
   17   2   1   1       0.46858514  p_x
   18   1   0   0       0.43611563  s
   19   1   0   0       0.62338708  s
   19   2   1  -1       0.46365515  p_y
   19   2   1   0       0.45221893  p_z
   19   2   1   1       0.47072639  p_x
   20   1   0   0       0.62309090  s
   20   2   1  -1       0.42205686  p_y
   20   2   1   0       0.44915932  p_z
   20   2   1   1       0.46839459  p_x
   21   1   0   0       0.59384572  s
   21   2   1  -1       0.46747802  p_y
   21   2   1   0       0.45447058  p_z
   21   2   1   1       0.45898663  p_x
   22   1   0   0       0.44893544  s
   23   1   0   0       0.61252601  s
   23   2   1  -1       0.47432218  p_y
   23   2   1   0       0.47354995  p_z
   23   2   1   1       0.46443007  p_x
   24   1   0   0       0.45790916  s
   25   1   0   0       0.44452349  s
   26   1   0   0       0.44564709  s
   27   1   0   0       0.59478531  s
   27   2   1  -1       0.47011592  p_y
   27   2   1   0       0.44989585  p_z
   27   2   1   1       0.46399595  p_x
   28   1   0   0       0.61774956  s
   28   2   1  -1       0.46567474  p_y
   28   2   1   0       0.45088926  p_z
   28   2   1   1       0.47459472  p_x
   29   1   0   0       0.44658271  s
   30   1   0   0       0.61876027  s
   30   2   1  -1       0.46893224  p_y
   30   2   1   0       0.45235444  p_z
   30   2   1   1       0.47475977  p_x
   31   1   0   0       0.62028956  s
   31   2   1  -1       0.46226851  p_y
   31   2   1   0       0.46782427  p_z
   31   2   1   1       0.46566757  p_x
   32   1   0   0       0.45031672  s
   33   1   0   0       0.61724537  s
   33   2   1  -1       0.46538675  p_y
   33   2   1   0       0.47264589  p_z
   33   2   1   1       0.46691144  p_x
   34   1   0   0       0.44284475  s
   35   1   0   0       0.44618584  s
   36   1   0   0       0.45034937  s
   37   1   0   0       0.58049713  s
   37   2   1  -1       0.48020065  p_y
   37   2   1   0       0.44817723  p_z
   37   2   1   1       0.46424721  p_x
   38   1   0   0       0.62340185  s
   38   2   1  -1       0.49169674  p_y
   38   2   1   0       0.45979558  p_z
   38   2   1   1       0.48072414  p_x
   39   1   0   0       0.57767110  s
   39   2   1  -1       0.47364562  p_y
   39   2   1   0       0.44814587  p_z
   39   2   1   1       0.46518623  p_x
   40   1   0   0       0.62752060  s
   40   2   1  -1       0.49089737  p_y
   40   2   1   0       0.45802636  p_z
   40   2   1   1       0.47781147  p_x
   41   1   0   0       0.59024321  s
   41   2   1  -1       0.47575841  p_y
   41   2   1   0       0.44744848  p_z
   41   2   1   1       0.46577995  p_x
   42   1   0   0       0.45128078  s
   43   1   0   0       0.61800741  s
   43   2   1  -1       0.52879461  p_y
   43   2   1   0       0.46133942  p_z
   43   2   1   1       0.48529440  p_x
   44   1   0   0       0.62311631  s
   44   2   1  -1       0.53544269  p_y
   44   2   1   0       0.45924873  p_z
   44   2   1   1       0.48365367  p_x
   45   1   0   0       0.58618863  s
   45   2   1  -1       0.48283239  p_y
   45   2   1   0       0.44719379  p_z
   45   2   1   1       0.46216131  p_x
   46   1   0   0       0.44631897  s
   47   1   0   0       0.61594380  s
   47   2   1  -1       0.48759478  p_y
   47   2   1   0       0.45803192  p_z
   47   2   1   1       0.47621489  p_x
   48   1   0   0       0.59330322  s
   48   2   1  -1       0.47461180  p_y
   48   2   1   0       0.44413424  p_z
   48   2   1   1       0.45907997  p_x
   49   1   0   0       0.45433799  s
   50   1   0   0       0.45740469  s
   51   1   0   0       0.58373281  s
   51   2   1  -1       0.47627904  p_y
   51   2   1   0       0.44644278  p_z
   51   2   1   1       0.46335705  p_x
   52   1   0   0       0.62472361  s
   52   2   1  -1       0.49096654  p_y
   52   2   1   0       0.45357371  p_z
   52   2   1   1       0.48616327  p_x
   53   1   0   0       0.61043793  s
   53   2   1  -1       0.49142370  p_y
   53   2   1   0       0.46319471  p_z
   53   2   1   1       0.47302832  p_x
   54   1   0   0       0.45182291  s
   55   1   0   0       0.61996048  s
   55   2   1  -1       0.51433746  p_y
   55   2   1   0       0.46043175  p_z
   55   2   1   1       0.47889796  p_x
   56   1   0   0       0.62010552  s
   56   2   1  -1       0.51735086  p_y
   56   2   1   0       0.45802204  p_z
   56   2   1   1       0.50056086  p_x
   57   1   0   0       0.59469423  s
   57   2   1  -1       0.48189348  p_y
   57   2   1   0       0.44343197  p_z
   57   2   1   1       0.46560943  p_x
   58   1   0   0       0.44866423  s
   59   1   0   0       0.61145635  s
   59   2   1  -1       0.47993116  p_y
   59   2   1   0       0.47817313  p_z
   59   2   1   1       0.46655047  p_x
   60   1   0   0       0.45291698  s
   61   1   0   0       0.45696738  s
   62   1   0   0       0.45684642  s
   63   1   0   0       0.58455507  s
   63   2   1  -1       0.47758747  p_y
   63   2   1   0       0.44410077  p_z
   63   2   1   1       0.46673903  p_x
   64   1   0   0       0.62670709  s
   64   2   1  -1       0.49732426  p_y
   64   2   1   0       0.45790138  p_z
   64   2   1   1       0.47268518  p_x
   65   1   0   0       0.44846367  s
   66   1   0   0       0.61726399  s
   66   2   1  -1       0.49927245  p_y
   66   2   1   0       0.45380341  p_z
   66   2   1   1       0.48809848  p_x
   67   1   0   0       0.61021112  s
   67   2   1  -1       0.49131793  p_y
   67   2   1   0       0.47685449  p_z
   67   2   1   1       0.46933225  p_x
   68   1   0   0       0.45099099  s
   69   1   0   0       0.60846428  s
   69   2   1  -1       0.49080721  p_y
   69   2   1   0       0.46014260  p_z
   69   2   1   1       0.48449133  p_x
   70   1   0   0       0.46799437  s
   71   1   0   0       0.45260712  s
   72   1   0   0       0.45958659  s

Spin  up
Fermi level:                        -0.2273168066 H           -6.1856 eV
Band energy:                       -48.0310269089 H        -1306.9907 eV
TS:                                  0.0000000000 H            0.0000 eV
Band free energy (E-TS):           -48.0310269089 H        -1306.9907 eV
Extrapolated E(0K):                -48.0310269089 H        -1306.9907 eV
Input / Output electrons (up):    102.0000000000    102.0000000000

Spin  down
Fermi level:                        -0.2397391905 H           -6.5236 eV
Band energy:                       -47.6962339864 H        -1297.8806 eV
TS:                                  0.0000000000 H            0.0000 eV
Band free energy (E-TS):           -47.6962339864 H        -1297.8806 eV
Extrapolated E(0K):                -47.6962339864 H        -1297.8806 eV
Input / Output electrons (down):    101.0000000000    101.0000000000

Energy H0:                         -86.2700240835 H        -2347.5268 eV
Energy SCC:                          0.0255118993 H            0.6942 eV
Energy SPIN:                        -0.0015741444 H           -0.0428 eV
Energy 3rd:                         -0.0000256252 H           -0.0007 eV
Total Electronic energy:           -86.2461119538 H        -2346.8761 eV
Repulsive energy:                    0.7843074332 H           21.3421 eV
Total energy:                      -85.4618045205 H        -2325.5340 eV
Extrapolated to 0:                 -85.4618045205 H        -2325.5340 eV
Total Mermin free energy:          -85.4618045205 H        -2325.5340 eV
Force related energy:              -85.4618045205 H        -2325.5340 eV

Constraints converged

SCC converged

