 Fermi distribution function

Calculation with static geometry


********************************************************************************
 iSCC Total electronic   Diff electronic      SCC error    
   18   -0.86227528E+02    0.44326256E-07    0.54683161E-06
********************************************************************************

 Total charge:     1.00000000

 Atomic gross charges (e)
 Atom           Charge
    1       0.03734482
    2      -0.12211812
    3       0.02818303
    4      -0.12626682
    5       0.04017578
    6       0.10752017
    7      -0.15689925
    8      -0.16128495
    9       0.03364646
   10       0.11648312
   11      -0.08636825
   12       0.04378612
   13       0.10703091
   14       0.10426410
   15       0.03711656
   16      -0.12200665
   17      -0.10071659
   18       0.10685256
   19      -0.11800369
   20      -0.17095851
   21       0.03404340
   22       0.09910863
   23      -0.09241113
   24       0.08061499
   25       0.10316123
   26       0.11229649
   27       0.03815750
   28      -0.09522778
   29       0.08519230
   30      -0.11544816
   31      -0.10768426
   32       0.09033577
   33      -0.09088483
   34       0.10092086
   35       0.08891823
   36       0.07121679
   37       0.02908519
   38      -0.05070600
   39       0.03407538
   40      -0.03704455
   41       0.04648185
   42       0.10578854
   43      -0.06295288
   44      -0.04491339
   45       0.02761998
   46       0.11497817
   47      -0.05939903
   48       0.04881695
   49       0.10718617
   50       0.10524395
   51       0.02589241
   52      -0.05620762
   53      -0.04366381
   54       0.11180841
   55      -0.07979883
   56      -0.06804885
   57       0.03856690
   58       0.10868622
   59      -0.05045274
   60       0.11223922
   61       0.10129221
   62       0.11298519
   63       0.04585137
   64      -0.08166614
   65       0.11792188
   66      -0.07920507
   67      -0.06123685
   68       0.10330157
   69      -0.05510349
   70       0.11846585
   71       0.10789481
   72       0.10612619


 Atomic net (on-site) populations and hybridisation ratios
 Atom       Population         Hybrid.
    1       2.71236730      0.32190817
    2       2.87864139      0.28033965
    3       2.73611975      0.31597006
    4       2.89610517      0.27597371
    5       2.71115512      0.32221122
    6       0.56372687      0.43627313
    7       2.91749476      0.27062631
    8       2.93087642      0.26728089
    9       2.71305064      0.32173734
   10       0.55243647      0.44756353
   11       2.83388633      0.29152842
   12       2.71494894      0.32126276
   13       0.55803139      0.44196861
   14       0.56465784      0.43534216
   15       2.71305488      0.32173628
   16       2.88022030      0.27994493
   17       2.82197407      0.29450648
   18       0.56418151      0.43581849
   19       2.86285808      0.28428548
   20       2.93059512      0.26735122
   21       2.72008734      0.31997816
   22       0.57318341      0.42681659
   23       2.82304764      0.29423809
   24       0.58652059      0.41347941
   25       0.56067115      0.43932885
   26       0.55098416      0.44901584
   27       2.71709166      0.32072709
   28       2.84432432      0.28891892
   29       0.58596408      0.41403592
   30       2.85857045      0.28535739
   31       2.83854814      0.29036297
   32       0.57978387      0.42021613
   33       2.82563002      0.29359249
   34       0.56902919      0.43097081
   35       0.57637269      0.42362731
   36       0.59997196      0.40002804
   37       2.70166317      0.32458421
   38       2.82002154      0.29499461
   39       2.69067233      0.32733192
   40       2.80921587      0.29769603
   41       2.69913392      0.32521652
   42       0.56455957      0.43544043
   43       2.83810377      0.29047406
   44       2.82214545      0.29446364
   45       2.71026418      0.32243395
   46       0.55176200      0.44823800
   47       2.80658780      0.29835305
   48       2.69747139      0.32563215
   49       0.56731456      0.43268544
   50       0.56882504      0.43117496
   51       2.71040117      0.32239971
   52       2.83438715      0.29140321
   53       2.76350835      0.30912291
   54       0.55444080      0.44555920
   55       2.83485982      0.29128505
   56       2.85099453      0.28725137
   57       2.71379944      0.32155014
   58       0.56256764      0.43743236
   59       2.77460535      0.30634866
   60       0.55143839      0.44856161
   61       0.56872408      0.43127592
   62       0.56058648      0.43941352
   63       2.69434227      0.32641443
   64       2.84436997      0.28890751
   65       0.55060979      0.44939021
   66       2.82648313      0.29337922
   67       2.78343568      0.30414108
   68       0.56306192      0.43693808
   69       2.77989548      0.30502613
   70       0.54543274      0.45456726
   71       0.55834159      0.44165841
   72       0.55960576      0.44039424

Nr. of electrons (up):    102.00000000
Atom populations (up)
 Atom       Population
    1       1.98129226
    2       2.06130768
    3       1.98594787
    4       2.06360207
    5       1.97990949
    6       0.44622568
    7       2.07846080
    8       2.08066710
    9       1.98311412
   10       0.44173198
   11       2.04324722
   12       1.97820814
   13       0.44648394
   14       0.44786664
   15       1.98144675
   16       2.06136846
   17       2.05037037
   18       0.44656997
   19       2.05901844
   20       2.08549148
   21       1.98291843
   22       0.45042511
   23       2.04627638
   24       0.45969185
   25       0.44841850
   26       0.44385113
   27       1.98100422
   28       2.04775394
   29       0.45739976
   30       2.05771209
   31       2.05380592
   32       0.45482408
   33       2.04559146
   34       0.44954038
   35       0.45554290
   36       0.46438326
   37       1.97537834
   38       2.09001170
   39       1.97099254
   40       2.09718041
   41       1.97603334
   42       0.44353695
   43       2.10622830
   44       2.10834606
   45       1.97643269
   46       0.43825011
   47       2.05484040
   48       1.97066056
   49       0.44215270
   50       0.44253154
   51       1.97638004
   52       2.09093109
   53       2.03640114
   54       0.44275327
   55       2.07046687
   56       2.10307050
   57       1.97910289
   58       0.44218993
   59       2.03316038
   60       0.44308470
   61       0.44763165
   62       0.43959230
   63       1.97616005
   64       2.06542100
   65       0.44058945
   66       2.06151711
   67       2.03939891
   68       0.44698277
   69       2.03969312
   70       0.43960725
   71       0.44556213
   72       0.44625794

l-shell populations (up)
 Atom Sh.   l       Population
    1   1   0       0.59163154
    1   2   1       1.38966073
    2   1   0       0.62131717
    2   2   1       1.43999051
    3   1   0       0.59651412
    3   2   1       1.38943375
    4   1   0       0.62541611
    4   2   1       1.43818596
    5   1   0       0.59066565
    5   2   1       1.38924384
    6   1   0       0.44622568
    7   1   0       0.62286489
    7   2   1       1.45559591
    8   1   0       0.62530832
    8   2   1       1.45535879
    9   1   0       0.58997630
    9   2   1       1.39313782
   10   1   0       0.44173198
   11   1   0       0.61985113
   11   2   1       1.42339610
   12   1   0       0.59366504
   12   2   1       1.38454310
   13   1   0       0.44648394
   14   1   0       0.44786664
   15   1   0       0.59101678
   15   2   1       1.39042997
   16   1   0       0.62105208
   16   2   1       1.44031638
   17   1   0       0.61166492
   17   2   1       1.43870546
   18   1   0       0.44656997
   19   1   0       0.62007802
   19   2   1       1.43894042
   20   1   0       0.62298298
   20   2   1       1.46250850
   21   1   0       0.59158929
   21   2   1       1.39132914
   22   1   0       0.45042511
   23   1   0       0.61548617
   23   2   1       1.43079021
   24   1   0       0.45969185
   25   1   0       0.44841850
   26   1   0       0.44385113
   27   1   0       0.59210280
   27   2   1       1.38890142
   28   1   0       0.61937339
   28   2   1       1.42838055
   29   1   0       0.45739976
   30   1   0       0.61903146
   30   2   1       1.43868062
   31   1   0       0.61578341
   31   2   1       1.43802251
   32   1   0       0.45482408
   33   1   0       0.61533588
   33   2   1       1.43025558
   34   1   0       0.44954038
   35   1   0       0.45554290
   36   1   0       0.46438326
   37   1   0       0.58233345
   37   2   1       1.39304489
   38   1   0       0.62541597
   38   2   1       1.46459573
   39   1   0       0.57981280
   39   2   1       1.39117974
   40   1   0       0.62794873
   40   2   1       1.46923169
   41   1   0       0.58859425
   41   2   1       1.38743909
   42   1   0       0.44353695
   43   1   0       0.62814499
   43   2   1       1.47808332
   44   1   0       0.62799487
   44   2   1       1.48035119
   45   1   0       0.58485037
   45   2   1       1.39158231
   46   1   0       0.43825011
   47   1   0       0.61919946
   47   2   1       1.43564094
   48   1   0       0.58861590
   48   2   1       1.38204466
   49   1   0       0.44215270
   50   1   0       0.44253154
   51   1   0       0.58443910
   51   2   1       1.39194094
   52   1   0       0.62750461
   52   2   1       1.46342648
   53   1   0       0.61386912
   53   2   1       1.42253202
   54   1   0       0.44275327
   55   1   0       0.62259599
   55   2   1       1.44787088
   56   1   0       0.62973191
   56   2   1       1.47333859
   57   1   0       0.59027934
   57   2   1       1.38882355
   58   1   0       0.44218993
   59   1   0       0.61558561
   59   2   1       1.41757476
   60   1   0       0.44308470
   61   1   0       0.44763165
   62   1   0       0.43959230
   63   1   0       0.58666808
   63   2   1       1.38949196
   64   1   0       0.62382348
   64   2   1       1.44159751
   65   1   0       0.44058945
   66   1   0       0.61830689
   66   2   1       1.44321022
   67   1   0       0.61515220
   67   2   1       1.42424671
   68   1   0       0.44698277
   69   1   0       0.61485645
   69   2   1       1.42483667
   70   1   0       0.43960725
   71   1   0       0.44556213
   72   1   0       0.44625794

Orbital populations (up)
 Atom Sh.   l   m       Population  Label
    1   1   0   0       0.59163154  s
    1   2   1  -1       0.47443855  p_y
    1   2   1   0       0.45789364  p_z
    1   2   1   1       0.45732854  p_x
    2   1   0   0       0.62131717  s
    2   2   1  -1       0.49396967  p_y
    2   2   1   0       0.46508185  p_z
    2   2   1   1       0.48093900  p_x
    3   1   0   0       0.59651412  s
    3   2   1  -1       0.47735890  p_y
    3   2   1   0       0.45524660  p_z
    3   2   1   1       0.45682825  p_x
    4   1   0   0       0.62541611  s
    4   2   1  -1       0.49642492  p_y
    4   2   1   0       0.46402265  p_z
    4   2   1   1       0.47773839  p_x
    5   1   0   0       0.59066565  s
    5   2   1  -1       0.47451439  p_y
    5   2   1   0       0.45825304  p_z
    5   2   1   1       0.45647640  p_x
    6   1   0   0       0.44622568  s
    7   1   0   0       0.62286489  s
    7   2   1  -1       0.50672776  p_y
    7   2   1   0       0.46279006  p_z
    7   2   1   1       0.48607809  p_x
    8   1   0   0       0.62530832  s
    8   2   1  -1       0.51025762  p_y
    8   2   1   0       0.46473951  p_z
    8   2   1   1       0.48036166  p_x
    9   1   0   0       0.58997630  s
    9   2   1  -1       0.47745386  p_y
    9   2   1   0       0.45727827  p_z
    9   2   1   1       0.45840569  p_x
   10   1   0   0       0.44173198  s
   11   1   0   0       0.61985113  s
   11   2   1  -1       0.48888676  p_y
   11   2   1   0       0.46112568  p_z
   11   2   1   1       0.47338366  p_x
   12   1   0   0       0.59366504  s
   12   2   1  -1       0.47579214  p_y
   12   2   1   0       0.44815272  p_z
   12   2   1   1       0.46059823  p_x
   13   1   0   0       0.44648394  s
   14   1   0   0       0.44786664  s
   15   1   0   0       0.59101678  s
   15   2   1  -1       0.47852828  p_y
   15   2   1   0       0.45573358  p_z
   15   2   1   1       0.45616812  p_x
   16   1   0   0       0.62105208  s
   16   2   1  -1       0.49518774  p_y
   16   2   1   0       0.46475048  p_z
   16   2   1   1       0.48037816  p_x
   17   1   0   0       0.61166492  s
   17   2   1  -1       0.49216704  p_y
   17   2   1   0       0.47408231  p_z
   17   2   1   1       0.47245611  p_x
   18   1   0   0       0.44656997  s
   19   1   0   0       0.62007802  s
   19   2   1  -1       0.49908692  p_y
   19   2   1   0       0.46069416  p_z
   19   2   1   1       0.47915933  p_x
   20   1   0   0       0.62298298  s
   20   2   1  -1       0.50993041  p_y
   20   2   1   0       0.46902454  p_z
   20   2   1   1       0.48355356  p_x
   21   1   0   0       0.59158929  s
   21   2   1  -1       0.47788391  p_y
   21   2   1   0       0.45274778  p_z
   21   2   1   1       0.46069745  p_x
   22   1   0   0       0.45042511  s
   23   1   0   0       0.61548617  s
   23   2   1  -1       0.49127898  p_y
   23   2   1   0       0.47111786  p_z
   23   2   1   1       0.46839337  p_x
   24   1   0   0       0.45969185  s
   25   1   0   0       0.44841850  s
   26   1   0   0       0.44385113  s
   27   1   0   0       0.59210280  s
   27   2   1  -1       0.47732960  p_y
   27   2   1   0       0.44837689  p_z
   27   2   1   1       0.46319494  p_x
   28   1   0   0       0.61937339  s
   28   2   1  -1       0.49365837  p_y
   28   2   1   0       0.45972401  p_z
   28   2   1   1       0.47499816  p_x
   29   1   0   0       0.45739976  s
   30   1   0   0       0.61903146  s
   30   2   1  -1       0.49992698  p_y
   30   2   1   0       0.45805416  p_z
   30   2   1   1       0.48069949  p_x
   31   1   0   0       0.61578341  s
   31   2   1  -1       0.48823198  p_y
   31   2   1   0       0.47408047  p_z
   31   2   1   1       0.47571007  p_x
   32   1   0   0       0.45482408  s
   33   1   0   0       0.61533588  s
   33   2   1  -1       0.48647647  p_y
   33   2   1   0       0.47242146  p_z
   33   2   1   1       0.47135765  p_x
   34   1   0   0       0.44954038  s
   35   1   0   0       0.45554290  s
   36   1   0   0       0.46438326  s
   37   1   0   0       0.58233345  s
   37   2   1  -1       0.48159433  p_y
   37   2   1   0       0.44694189  p_z
   37   2   1   1       0.46450867  p_x
   38   1   0   0       0.62541597  s
   38   2   1  -1       0.51141211  p_y
   38   2   1   0       0.46357577  p_z
   38   2   1   1       0.48960785  p_x
   39   1   0   0       0.57981280  s
   39   2   1  -1       0.47884094  p_y
   39   2   1   0       0.44737011  p_z
   39   2   1   1       0.46496869  p_x
   40   1   0   0       0.62794873  s
   40   2   1  -1       0.51561842  p_y
   40   2   1   0       0.46318945  p_z
   40   2   1   1       0.49042381  p_x
   41   1   0   0       0.58859425  s
   41   2   1  -1       0.47543915  p_y
   41   2   1   0       0.44633263  p_z
   41   2   1   1       0.46566732  p_x
   42   1   0   0       0.44353695  s
   43   1   0   0       0.62814499  s
   43   2   1  -1       0.52436167  p_y
   43   2   1   0       0.46193315  p_z
   43   2   1   1       0.49178849  p_x
   44   1   0   0       0.62799487  s
   44   2   1  -1       0.52694834  p_y
   44   2   1   0       0.46220613  p_z
   44   2   1   1       0.49119672  p_x
   45   1   0   0       0.58485037  s
   45   2   1  -1       0.48312477  p_y
   45   2   1   0       0.44626158  p_z
   45   2   1   1       0.46219597  p_x
   46   1   0   0       0.43825011  s
   47   1   0   0       0.61919946  s
   47   2   1  -1       0.49441719  p_y
   47   2   1   0       0.46058944  p_z
   47   2   1   1       0.48063430  p_x
   48   1   0   0       0.58861590  s
   48   2   1  -1       0.47562597  p_y
   48   2   1   0       0.44751481  p_z
   48   2   1   1       0.45890388  p_x
   49   1   0   0       0.44215270  s
   50   1   0   0       0.44253154  s
   51   1   0   0       0.58443910  s
   51   2   1  -1       0.48036755  p_y
   51   2   1   0       0.44576732  p_z
   51   2   1   1       0.46580607  p_x
   52   1   0   0       0.62750461  s
   52   2   1  -1       0.51185878  p_y
   52   2   1   0       0.45692981  p_z
   52   2   1   1       0.49463789  p_x
   53   1   0   0       0.61386912  s
   53   2   1  -1       0.48383602  p_y
   53   2   1   0       0.46386305  p_z
   53   2   1   1       0.47483295  p_x
   54   1   0   0       0.44275327  s
   55   1   0   0       0.62259599  s
   55   2   1  -1       0.50784013  p_y
   55   2   1   0       0.45722882  p_z
   55   2   1   1       0.48280192  p_x
   56   1   0   0       0.62973191  s
   56   2   1  -1       0.51136840  p_y
   56   2   1   0       0.46088243  p_z
   56   2   1   1       0.50108775  p_x
   57   1   0   0       0.59027934  s
   57   2   1  -1       0.47804477  p_y
   57   2   1   0       0.44589916  p_z
   57   2   1   1       0.46487962  p_x
   58   1   0   0       0.44218993  s
   59   1   0   0       0.61558561  s
   59   2   1  -1       0.47362839  p_y
   59   2   1   0       0.48032673  p_z
   59   2   1   1       0.46361965  p_x
   60   1   0   0       0.44308470  s
   61   1   0   0       0.44763165  s
   62   1   0   0       0.43959230  s
   63   1   0   0       0.58666808  s
   63   2   1  -1       0.47776063  p_y
   63   2   1   0       0.44403197  p_z
   63   2   1   1       0.46769936  p_x
   64   1   0   0       0.62382348  s
   64   2   1  -1       0.50540534  p_y
   64   2   1   0       0.45574662  p_z
   64   2   1   1       0.48044555  p_x
   65   1   0   0       0.44058945  s
   66   1   0   0       0.61830689  s
   66   2   1  -1       0.49306137  p_y
   66   2   1   0       0.45701521  p_z
   66   2   1   1       0.49313364  p_x
   67   1   0   0       0.61515220  s
   67   2   1  -1       0.47950058  p_y
   67   2   1   0       0.47712582  p_z
   67   2   1   1       0.46762031  p_x
   68   1   0   0       0.44698277  s
   69   1   0   0       0.61485645  s
   69   2   1  -1       0.48325832  p_y
   69   2   1   0       0.46243702  p_z
   69   2   1   1       0.47914133  p_x
   70   1   0   0       0.43960725  s
   71   1   0   0       0.44556213  s
   72   1   0   0       0.44625794  s

Nr. of electrons (down):    101.00000000
Atom populations (down)
 Atom       Population
    1       1.98136291
    2       2.06081044
    3       1.98586910
    4       2.06266474
    5       1.97991473
    6       0.44625415
    7       2.07843845
    8       2.08061784
    9       1.98323942
   10       0.44178490
   11       2.04312103
   12       1.97800574
   13       0.44648514
   14       0.44786925
   15       1.98143669
   16       2.06063819
   17       2.05034622
   18       0.44657747
   19       2.05898525
   20       2.08546704
   21       1.98303817
   22       0.45046627
   23       2.04613475
   24       0.45969316
   25       0.44842028
   26       0.44385238
   27       1.98083828
   28       2.04747384
   29       0.45740795
   30       2.05773607
   31       2.05387834
   32       0.45484015
   33       2.04529337
   34       0.44953877
   35       0.45553887
   36       0.46439995
   37       1.99553647
   38       1.96069429
   39       1.99493208
   40       1.93986414
   41       1.97748481
   42       0.45067451
   43       1.95672457
   44       1.93656733
   45       1.99594734
   46       0.44677172
   47       2.00455863
   48       1.98052249
   49       0.45066113
   50       0.45222451
   51       1.99772755
   52       1.96527653
   53       2.00726267
   54       0.44543832
   55       2.00933196
   56       1.96497836
   57       1.98233022
   58       0.44912386
   59       2.01729236
   60       0.44467607
   61       0.45107613
   62       0.44742250
   63       1.97798858
   64       2.01624514
   65       0.44148867
   66       2.01768795
   67       2.02183794
   68       0.44971565
   69       2.01541037
   70       0.44192690
   71       0.44654306
   72       0.44761587

l-shell populations (down)
 Atom Sh.   l       Population
    1   1   0       0.59165323
    1   2   1       1.38970969
    2   1   0       0.62129412
    2   2   1       1.43951633
    3   1   0       0.59651104
    3   2   1       1.38935806
    4   1   0       0.62537143
    4   2   1       1.43729331
    5   1   0       0.59067615
    5   2   1       1.38923858
    6   1   0       0.44625415
    7   1   0       0.62286744
    7   2   1       1.45557100
    8   1   0       0.62530730
    8   2   1       1.45531054
    9   1   0       0.59000253
    9   2   1       1.39323689
   10   1   0       0.44178490
   11   1   0       0.61984565
   11   2   1       1.42327538
   12   1   0       0.59365743
   12   2   1       1.38434831
   13   1   0       0.44648514
   14   1   0       0.44786925
   15   1   0       0.59101558
   15   2   1       1.39042111
   16   1   0       0.62101666
   16   2   1       1.43962153
   17   1   0       0.61166720
   17   2   1       1.43867901
   18   1   0       0.44657747
   19   1   0       0.62008083
   19   2   1       1.43890442
   20   1   0       0.62298420
   20   2   1       1.46248284
   21   1   0       0.59160905
   21   2   1       1.39142912
   22   1   0       0.45046627
   23   1   0       0.61548057
   23   2   1       1.43065418
   24   1   0       0.45969316
   25   1   0       0.44842028
   26   1   0       0.44385238
   27   1   0       0.59209468
   27   2   1       1.38874360
   28   1   0       0.61935843
   28   2   1       1.42811541
   29   1   0       0.45740795
   30   1   0       0.61903819
   30   2   1       1.43869788
   31   1   0       0.61579384
   31   2   1       1.43808450
   32   1   0       0.45484015
   33   1   0       0.61532036
   33   2   1       1.42997301
   34   1   0       0.44953877
   35   1   0       0.45553887
   36   1   0       0.46439995
   37   1   0       0.58636834
   37   2   1       1.40916813
   38   1   0       0.61944475
   38   2   1       1.34124954
   39   1   0       0.58457662
   39   2   1       1.41035546
   40   1   0       0.62049346
   40   2   1       1.31937068
   41   1   0       0.59081279
   41   2   1       1.38667202
   42   1   0       0.45067451
   43   1   0       0.62108058
   43   2   1       1.33564400
   44   1   0       0.61982459
   44   2   1       1.31674273
   45   1   0       0.58888592
   45   2   1       1.40706141
   46   1   0       0.44677172
   47   1   0       0.61728298
   47   2   1       1.38727565
   48   1   0       0.59159457
   48   2   1       1.38892792
   49   1   0       0.45066113
   50   1   0       0.45222451
   51   1   0       0.58895664
   51   2   1       1.40877091
   52   1   0       0.62164768
   52   2   1       1.34362885
   53   1   0       0.61338495
   53   2   1       1.39387772
   54   1   0       0.44543832
   55   1   0       0.61990765
   55   2   1       1.38942431
   56   1   0       0.62331509
   56   2   1       1.34166327
   57   1   0       0.59254907
   57   2   1       1.38978114
   58   1   0       0.44912386
   59   1   0       0.61601643
   59   2   1       1.40127593
   60   1   0       0.44467607
   61   1   0       0.45107613
   62   1   0       0.44742250
   63   1   0       0.58902366
   63   2   1       1.38896492
   64   1   0       0.62181242
   64   2   1       1.39443272
   65   1   0       0.44148867
   66   1   0       0.61667751
   66   2   1       1.40101044
   67   1   0       0.61526831
   67   2   1       1.40656963
   68   1   0       0.44971565
   69   1   0       0.61452573
   69   2   1       1.40088464
   70   1   0       0.44192690
   71   1   0       0.44654306
   72   1   0       0.44761587

Orbital populations (down)
 Atom Sh.   l   m       Population  Label
    1   1   0   0       0.59165323  s
    1   2   1  -1       0.47445091  p_y
    1   2   1   0       0.45791927  p_z
    1   2   1   1       0.45733951  p_x
    2   1   0   0       0.62129412  s
    2   2   1  -1       0.49366327  p_y
    2   2   1   0       0.46500324  p_z
    2   2   1   1       0.48084981  p_x
    3   1   0   0       0.59651104  s
    3   2   1  -1       0.47730985  p_y
    3   2   1   0       0.45523518  p_z
    3   2   1   1       0.45681302  p_x
    4   1   0   0       0.62537143  s
    4   2   1  -1       0.49582116  p_y
    4   2   1   0       0.46388671  p_z
    4   2   1   1       0.47758545  p_x
    5   1   0   0       0.59067615  s
    5   2   1  -1       0.47450253  p_y
    5   2   1   0       0.45825954  p_z
    5   2   1   1       0.45647651  p_x
    6   1   0   0       0.44625415  s
    7   1   0   0       0.62286744  s
    7   2   1  -1       0.50670592  p_y
    7   2   1   0       0.46279128  p_z
    7   2   1   1       0.48607380  p_x
    8   1   0   0       0.62530730  s
    8   2   1  -1       0.51022311  p_y
    8   2   1   0       0.46473388  p_z
    8   2   1   1       0.48035355  p_x
    9   1   0   0       0.59000253  s
    9   2   1  -1       0.47749591  p_y
    9   2   1   0       0.45731286  p_z
    9   2   1   1       0.45842812  p_x
   10   1   0   0       0.44178490  s
   11   1   0   0       0.61984565  s
   11   2   1  -1       0.48879821  p_y
   11   2   1   0       0.46111111  p_z
   11   2   1   1       0.47336606  p_x
   12   1   0   0       0.59365743  s
   12   2   1  -1       0.47565881  p_y
   12   2   1   0       0.44812516  p_z
   12   2   1   1       0.46056435  p_x
   13   1   0   0       0.44648514  s
   14   1   0   0       0.44786925  s
   15   1   0   0       0.59101558  s
   15   2   1  -1       0.47852452  p_y
   15   2   1   0       0.45573154  p_z
   15   2   1   1       0.45616506  p_x
   16   1   0   0       0.62101666  s
   16   2   1  -1       0.49472572  p_y
   16   2   1   0       0.46462117  p_z
   16   2   1   1       0.48027464  p_x
   17   1   0   0       0.61166720  s
   17   2   1  -1       0.49214415  p_y
   17   2   1   0       0.47408054  p_z
   17   2   1   1       0.47245432  p_x
   18   1   0   0       0.44657747  s
   19   1   0   0       0.62008083  s
   19   2   1  -1       0.49905719  p_y
   19   2   1   0       0.46069492  p_z
   19   2   1   1       0.47915231  p_x
   20   1   0   0       0.62298420  s
   20   2   1  -1       0.50990949  p_y
   20   2   1   0       0.46902607  p_z
   20   2   1   1       0.48354728  p_x
   21   1   0   0       0.59160905  s
   21   2   1  -1       0.47793290  p_y
   21   2   1   0       0.45277431  p_z
   21   2   1   1       0.46072191  p_x
   22   1   0   0       0.45046627  s
   23   1   0   0       0.61548057  s
   23   2   1  -1       0.49118971  p_y
   23   2   1   0       0.47109820  p_z
   23   2   1   1       0.46836627  p_x
   24   1   0   0       0.45969316  s
   25   1   0   0       0.44842028  s
   26   1   0   0       0.44385238  s
   27   1   0   0       0.59209468  s
   27   2   1  -1       0.47722796  p_y
   27   2   1   0       0.44835499  p_z
   27   2   1   1       0.46316065  p_x
   28   1   0   0       0.61935843  s
   28   2   1  -1       0.49347688  p_y
   28   2   1   0       0.45968144  p_z
   28   2   1   1       0.47495709  p_x
   29   1   0   0       0.45740795  s
   30   1   0   0       0.61903819  s
   30   2   1  -1       0.49993456  p_y
   30   2   1   0       0.45806284  p_z
   30   2   1   1       0.48070048  p_x
   31   1   0   0       0.61579384  s
   31   2   1  -1       0.48826140  p_y
   31   2   1   0       0.47409348  p_z
   31   2   1   1       0.47572962  p_x
   32   1   0   0       0.45484015  s
   33   1   0   0       0.61532036  s
   33   2   1  -1       0.48631208  p_y
   33   2   1   0       0.47237551  p_z
   33   2   1   1       0.47128542  p_x
   34   1   0   0       0.44953877  s
   35   1   0   0       0.45553887  s
   36   1   0   0       0.46439995  s
   37   1   0   0       0.58636834  s
   37   2   1  -1       0.48951193  p_y
   37   2   1   0       0.45205386  p_z
   37   2   1   1       0.46760234  p_x
   38   1   0   0       0.61944475  s
   38   2   1  -1       0.41790248  p_y
   38   2   1   0       0.45677411  p_z
   38   2   1   1       0.46657296  p_x
   39   1   0   0       0.58457662  s
   39   2   1  -1       0.48874219  p_y
   39   2   1   0       0.45270366  p_z
   39   2   1   1       0.46890962  p_x
   40   1   0   0       0.62049346  s
   40   2   1  -1       0.39849849  p_y
   40   2   1   0       0.45478838  p_z
   40   2   1   1       0.46608382  p_x
   41   1   0   0       0.59081279  s
   41   2   1  -1       0.47182603  p_y
   41   2   1   0       0.44950265  p_z
   41   2   1   1       0.46534335  p_x
   42   1   0   0       0.45067451  s
   43   1   0   0       0.62108058  s
   43   2   1  -1       0.41153579  p_y
   43   2   1   0       0.45395661  p_z
   43   2   1   1       0.47015160  p_x
   44   1   0   0       0.61982459  s
   44   2   1  -1       0.39840862  p_y
   44   2   1   0       0.45191204  p_z
   44   2   1   1       0.46642208  p_x
   45   1   0   0       0.58888592  s
   45   2   1  -1       0.49130254  p_y
   45   2   1   0       0.45090526  p_z
   45   2   1   1       0.46485362  p_x
   46   1   0   0       0.44677172  s
   47   1   0   0       0.61728298  s
   47   2   1  -1       0.45664090  p_y
   47   2   1   0       0.45877853  p_z
   47   2   1   1       0.47185622  p_x
   48   1   0   0       0.59159457  s
   48   2   1  -1       0.47735725  p_y
   48   2   1   0       0.45040501  p_z
   48   2   1   1       0.46116567  p_x
   49   1   0   0       0.45066113  s
   50   1   0   0       0.45222451  s
   51   1   0   0       0.58895664  s
   51   2   1  -1       0.48847554  p_y
   51   2   1   0       0.45139713  p_z
   51   2   1   1       0.46889825  p_x
   52   1   0   0       0.62164768  s
   52   2   1  -1       0.41906326  p_y
   52   2   1   0       0.45072780  p_z
   52   2   1   1       0.47383779  p_x
   53   1   0   0       0.61338495  s
   53   2   1  -1       0.46029354  p_y
   53   2   1   0       0.46372434  p_z
   53   2   1   1       0.46985984  p_x
   54   1   0   0       0.44543832  s
   55   1   0   0       0.61990765  s
   55   2   1  -1       0.46282458  p_y
   55   2   1   0       0.45396798  p_z
   55   2   1   1       0.47263174  p_x
   56   1   0   0       0.62331509  s
   56   2   1  -1       0.42903267  p_y
   56   2   1   0       0.45378677  p_z
   56   2   1   1       0.45884383  p_x
   57   1   0   0       0.59254907  s
   57   2   1  -1       0.47603013  p_y
   57   2   1   0       0.44804697  p_z
   57   2   1   1       0.46570404  p_x
   58   1   0   0       0.44912386  s
   59   1   0   0       0.61601643  s
   59   2   1  -1       0.46024608  p_y
   59   2   1   0       0.47960594  p_z
   59   2   1   1       0.46142391  p_x
   60   1   0   0       0.44467607  s
   61   1   0   0       0.45107613  s
   62   1   0   0       0.44742250  s
   63   1   0   0       0.58902366  s
   63   2   1  -1       0.47439153  p_y
   63   2   1   0       0.44732332  p_z
   63   2   1   1       0.46725007  p_x
   64   1   0   0       0.62181242  s
   64   2   1  -1       0.46871606  p_y
   64   2   1   0       0.45305262  p_z
   64   2   1   1       0.47266404  p_x
   65   1   0   0       0.44148867  s
   66   1   0   0       0.61667751  s
   66   2   1  -1       0.46575068  p_y
   66   2   1   0       0.45582885  p_z
   66   2   1   1       0.47943091  p_x
   67   1   0   0       0.61526831  s
   67   2   1  -1       0.46722255  p_y
   67   2   1   0       0.47593168  p_z
   67   2   1   1       0.46341540  p_x
   68   1   0   0       0.44971565  s
   69   1   0   0       0.61452573  s
   69   2   1  -1       0.46751818  p_y
   69   2   1   0       0.46186028  p_z
   69   2   1   1       0.47150619  p_x
   70   1   0   0       0.44192690  s
   71   1   0   0       0.44654306  s
   72   1   0   0       0.44761587  s

Spin  up
Fermi level:                        -0.1988105887 H           -5.4099 eV
Band energy:                       -45.7629687335 H        -1245.2737 eV
TS:                                  0.0000000000 H            0.0000 eV
Band free energy (E-TS):           -45.7629687335 H        -1245.2737 eV
Extrapolated E(0K):                -45.7629687335 H        -1245.2737 eV
Input / Output electrons (up):    102.0000000000    102.0000000000

Spin  down
Fermi level:                        -0.2154288970 H           -5.8621 eV
Band energy:                       -45.4635055200 H        -1237.1249 eV
TS:                                  0.0000000000 H            0.0000 eV
Band free energy (E-TS):           -45.4635055200 H        -1237.1249 eV
Extrapolated E(0K):                -45.4635055200 H        -1237.1249 eV
Input / Output electrons (down):    101.0000000000    101.0000000000

Energy H0:                         -86.2638294024 H        -2347.3582 eV
Energy SCC:                          0.0379112498 H            1.0316 eV
Energy SPIN:                        -0.0016492030 H           -0.0449 eV
Energy 3rd:                          0.0000396859 H            0.0011 eV
Total Electronic energy:           -86.2275276696 H        -2346.3704 eV
Repulsive energy:                    0.7390564673 H           20.1107 eV
Total energy:                      -85.4884712023 H        -2326.2597 eV
Extrapolated to 0:                 -85.4884712023 H        -2326.2597 eV
Total Mermin free energy:          -85.4884712023 H        -2326.2597 eV
Force related energy:              -85.4884712023 H        -2326.2597 eV

Constraints converged

SCC converged

