 KPT            1  SPIN            1  KWEIGHT    1.0000000000000000     
     1   -19.186  2.00000
     2   -19.098  2.00000
     3   -18.888  2.00000
     4   -18.810  2.00000
     5   -18.379  2.00000
     6   -18.297  2.00000
     7   -17.678  2.00000
     8   -17.614  2.00000
     9   -17.236  2.00000
    10   -17.145  2.00000
    11   -16.939  2.00000
    12   -16.853  2.00000
    13   -16.849  2.00000
    14   -16.785  2.00000
    15   -16.415  2.00000
    16   -16.320  2.00000
    17   -16.068  2.00000
    18   -16.001  2.00000
    19   -15.690  2.00000
    20   -15.611  2.00000
    21   -14.827  2.00000
    22   -14.740  2.00000
    23   -14.307  2.00000
    24   -14.221  2.00000
    25   -13.361  2.00000
    26   -13.278  2.00000
    27   -13.197  2.00000
    28   -13.119  2.00000
    29   -12.750  2.00000
    30   -12.668  2.00000
    31   -12.621  2.00000
    32   -12.573  2.00000
    33   -12.530  2.00000
    34   -12.501  2.00000
    35   -12.332  2.00000
    36   -12.264  2.00000
    37   -11.174  2.00000
    38   -11.103  2.00000
    39   -10.596  2.00000
    40   -10.529  2.00000
    41   -10.498  2.00000
    42   -10.469  2.00000
    43   -10.109  2.00000
    44   -10.102  2.00000
    45   -10.031  2.00000
    46   -10.027  2.00000
    47    -9.845  2.00000
    48    -9.771  2.00000
    49    -9.651  2.00000
    50    -9.580  2.00000
    51    -9.508  2.00000
    52    -9.466  2.00000
    53    -9.321  2.00000
    54    -9.267  2.00000
    55    -9.255  2.00000
    56    -9.102  2.00000
    57    -8.951  2.00000
    58    -8.937  2.00000
    59    -8.883  2.00000
    60    -8.859  2.00000
    61    -8.766  2.00000
    62    -8.717  2.00000
    63    -8.706  2.00000
    64    -8.637  2.00000
    65    -8.629  2.00000
    66    -8.581  2.00000
    67    -8.528  2.00000
    68    -8.440  2.00000
    69    -8.372  2.00000
    70    -8.344  2.00000
    71    -8.258  2.00000
    72    -8.253  2.00000
    73    -8.177  2.00000
    74    -8.090  2.00000
    75    -8.011  2.00000
    76    -7.948  2.00000
    77    -7.608  2.00000
    78    -7.594  2.00000
    79    -7.541  2.00000
    80    -7.457  2.00000
    81    -7.444  2.00000
    82    -7.436  2.00000
    83    -7.303  2.00000
    84    -7.201  2.00000
    85    -7.095  2.00000
    86    -7.050  2.00000
    87    -6.952  2.00000
    88    -6.892  2.00000
    89    -6.861  2.00000
    90    -6.826  2.00000
    91    -6.801  2.00000
    92    -6.786  2.00000
    93    -6.730  2.00000
    94    -6.658  2.00000
    95    -6.324  2.00000
    96    -6.221  2.00000
    97    -5.990  2.00000
    98    -5.924  2.00000
    99    -5.471  2.00000
   100    -5.390  2.00000
   101    -4.509  2.00000
   102    -4.411  2.00000
   103    -3.307  0.00000
   104    -3.208  0.00000
   105    -2.205  0.00000
   106    -2.118  0.00000
   107    -1.161  0.00000
   108    -1.074  0.00000
   109    -1.038  0.00000
   110    -0.984  0.00000
   111    -0.441  0.00000
   112    -0.374  0.00000
   113    -0.077  0.00000
   114    -0.021  0.00000
   115     0.535  0.00000
   116     0.602  0.00000
   117     0.969  0.00000
   118     1.043  0.00000
   119     2.461  0.00000
   120     2.520  0.00000
   121     3.728  0.00000
   122     3.816  0.00000
   123     4.586  0.00000
   124     4.673  0.00000
   125    11.921  0.00000
   126    12.209  0.00000
   127    13.257  0.00000
   128    13.564  0.00000
   129    13.774  0.00000
   130    13.813  0.00000
   131    14.026  0.00000
   132    14.032  0.00000
   133    15.103  0.00000
   134    15.112  0.00000
   135    15.273  0.00000
   136    15.485  0.00000
   137    15.863  0.00000
   138    15.950  0.00000
   139    16.327  0.00000
   140    16.446  0.00000
   141    16.637  0.00000
   142    16.870  0.00000
   143    16.954  0.00000
   144    17.108  0.00000
   145    17.209  0.00000
   146    17.282  0.00000
   147    17.440  0.00000
   148    17.640  0.00000
   149    17.822  0.00000
   150    17.883  0.00000
   151    18.306  0.00000
   152    18.465  0.00000
   153    19.767  0.00000
   154    19.901  0.00000
   155    20.035  0.00000
   156    20.045  0.00000
   157    20.129  0.00000
   158    20.231  0.00000
   159    20.824  0.00000
   160    20.863  0.00000
   161    21.027  0.00000
   162    21.213  0.00000
   163    21.538  0.00000
   164    21.748  0.00000
   165    21.758  0.00000
   166    21.841  0.00000
   167    22.433  0.00000
   168    22.617  0.00000
   169    22.883  0.00000
   170    23.011  0.00000
   171    23.674  0.00000
   172    23.785  0.00000
   173    23.975  0.00000
   174    24.108  0.00000
   175    24.221  0.00000
   176    24.244  0.00000
   177    24.256  0.00000
   178    24.388  0.00000
   179    24.417  0.00000
   180    24.531  0.00000
   181    24.620  0.00000
   182    24.752  0.00000
   183    24.945  0.00000
   184    25.106  0.00000
   185    25.165  0.00000
   186    25.248  0.00000
   187    25.459  0.00000
   188    25.489  0.00000
   189    25.566  0.00000
   190    25.606  0.00000
   191    25.674  0.00000
   192    25.708  0.00000
   193    26.336  0.00000
   194    26.460  0.00000
   195    28.266  0.00000
   196    28.611  0.00000
   197    28.845  0.00000
   198    29.185  0.00000
   199    29.747  0.00000
   200    29.888  0.00000
   201    30.634  0.00000
   202    30.687  0.00000
   203    30.986  0.00000
   204    31.064  0.00000

