|===============================================================================
|
|  DFTB+ release 24.1
|
|  Copyright (C) 2006 - 2024  DFTB+ developers group
|
|===============================================================================
|
|  When publishing results obtained with DFTB+, please cite the following
|  reference:
|
|  * DFTB+, a software package for efficient approximate density functional
|    theory based atomistic simulations, J. Chem. Phys. 152, 124101 (2020).
|    [doi: 10.1063/1.5143190]
|
|  You should also cite additional publications crediting the parametrization
|  data you use. Please consult the documentation of the SK-files for the
|  references.
|
|===============================================================================

Reading input file 'dftb_in.hsd'
Parser version: 14

--------------------------------------------------------------------------------
***  Converting input from parser version 10 to parser version 14 ...
***  Done.

Reading SK-files:
/home/takahashi/qmmm/sk/3ob/C-C.skf
/home/takahashi/qmmm/sk/3ob/C-H.skf
/home/takahashi/qmmm/sk/3ob/H-H.skf
Done.


Processed input in HSD format written to 'dftb_pin.hsd'

Starting initialization...
--------------------------------------------------------------------------------
OpenMP threads:              4
Chosen random seed:          69126602
Current stacksize:           unlimited
Mode:                        Static calculation
Self consistent charges:     Yes
SCC-tolerance:                 0.100000E-04
Max. scc iterations:                    300
Shell resolved Hubbard:      No
Spin polarisation:           No
Nr. of up electrons:           102.000000
Nr. of down electrons:         102.000000
Periodic boundaries:         No
Electronic solver:           Relatively robust
Mixer:                       Broyden mixer
Mixing parameter:                  0.200000
Maximal SCC-cycles:                     300
Nr. of chrg. vec. in memory:            300
Electronic temperature:              0.100000E-07 H      0.272114E-06 eV
Initial charges:             Set automatically (system chrg:   0.000E+00)
Included shells:             C:  s, p
                             H:  s
Full 3rd order correction    Yes
Damped SCC                   Yes
Damped species(s):           H                                                 
Extra options:
                             Mulliken analysis
                             Force calculation
Force type                   original
                             External charges specified

--------------------------------------------------------------------------------

***  Geometry step: 0

 iSCC Total electronic   Diff electronic      SCC error    
    1    0.00000000E+00    0.00000000E+00    0.20409364E+00
    2   -0.87044632E+02   -0.87044632E+02    0.13035061E+00
    3   -0.87065043E+02   -0.20411205E-01    0.10351689E+00
    4   -0.87070797E+02   -0.57539182E-02    0.36025205E-01
    5   -0.87071114E+02   -0.31657351E-03    0.83061684E-02
    6   -0.87071433E+02   -0.31933012E-03    0.24023577E-02
    7   -0.87071501E+02   -0.68296066E-04    0.10511043E-02
    8   -0.87071504E+02   -0.25985196E-05    0.48649031E-03
    9   -0.87071504E+02   -0.23739379E-06    0.16163446E-03
   10   -0.87071504E+02   -0.97856145E-07    0.83919988E-04
   11   -0.87071504E+02   -0.84033331E-08    0.23943525E-04
   12   -0.87071504E+02   -0.17725199E-08    0.11107958E-04
   13   -0.87071504E+02   -0.25764280E-09    0.33504491E-05
>> Charges saved for restart in charges.bin

Total Energy:                      -85.5354116561 H        -2327.5370 eV
Extrapolated to 0K:                -85.5354116561 H        -2327.5370 eV
Total Mermin free energy:          -85.5354116561 H        -2327.5370 eV
Force related energy:              -85.5354116561 H        -2327.5370 eV


--------------------------------------------------------------------------------
DFTB+ running times                          cpu [s]             wall clock [s]
--------------------------------------------------------------------------------
SCC                                    +       0.72 ( 83.3%)       0.10 ( 77.6%)
Post-SCC processing                    +       0.14 ( 15.9%)       0.03 ( 18.7%)
--------------------------------------------------------------------------------
Missing                                +       0.01 (  0.8%)       0.01 (  3.7%)
Total                                  =       0.87 (100.0%)       0.13 (100.0%)
--------------------------------------------------------------------------------
