 Fermi distribution function

Calculation with static geometry


********************************************************************************
 iSCC Total electronic   Diff electronic      SCC error    
   12   -0.86494183E+02   -0.45989168E-09    0.54726749E-05
********************************************************************************

 Total charge:    -0.00000000

 Atomic gross charges (e)
 Atom           Charge
    1       0.02897425
    2      -0.13077710
    3       0.03795286
    4      -0.12874675
    5       0.03319094
    6       0.11412827
    7      -0.13860676
    8      -0.13366737
    9       0.03874989
   10       0.10531510
   11      -0.09943449
   12       0.04231907
   13       0.08655207
   14       0.09824506
   15       0.04304260
   16      -0.13606389
   17      -0.07328071
   18       0.11492380
   19      -0.12119021
   20      -0.15379763
   21       0.05317732
   22       0.09887317
   23      -0.07710054
   24       0.06318942
   25       0.09187749
   26       0.09920522
   27       0.05275072
   28      -0.10577792
   29       0.06207764
   30      -0.12791962
   31      -0.09244027
   32       0.08959947
   33      -0.10071881
   34       0.11696110
   35       0.07248330
   36       0.06920233
   37       0.03878396
   38      -0.14591500
   39       0.04352893
   40      -0.14463904
   41       0.03872854
   42       0.10898794
   43      -0.13540463
   44      -0.12066189
   45       0.03485485
   46       0.10398232
   47      -0.10075091
   48       0.05032367
   49       0.09421318
   50       0.10373048
   51       0.04646967
   52      -0.14343364
   53      -0.09135739
   54       0.11266287
   55      -0.11679977
   56      -0.13860059
   57       0.03442918
   58       0.08963480
   59      -0.10086148
   60       0.08193455
   61       0.08176977
   62       0.11976484
   63       0.03754167
   64      -0.11706020
   65       0.06876433
   66      -0.08261708
   67      -0.07632640
   68       0.08651886
   69      -0.10939682
   70       0.09210304
   71       0.07418966
   72       0.08763871


 Atomic net (on-site) populations and hybridisation ratios
 Atom       Population         Hybrid.
    1       2.73687984      0.31578004
    2       2.87170011      0.28207497
    3       2.71931819      0.32017045
    4       2.88119239      0.27970190
    5       2.72730131      0.31817467
    6       0.54729611      0.45270389
    7       2.90180841      0.27454790
    8       2.86893304      0.28276674
    9       2.70875402      0.32281149
   10       0.56564472      0.43435528
   11       2.84454279      0.28886430
   12       2.69603968      0.32599008
   13       0.58922387      0.41077613
   14       0.56870454      0.43129546
   15       2.71544014      0.32113996
   16       2.89244477      0.27688881
   17       2.79610942      0.30097265
   18       0.54492685      0.45507315
   19       2.87226271      0.28193432
   20       2.91080542      0.27229864
   21       2.68294129      0.32926468
   22       0.56954853      0.43045147
   23       2.80288250      0.29927937
   24       0.61528782      0.38471218
   25       0.58070309      0.41929691
   26       0.56643323      0.43356677
   27       2.70497558      0.32375610
   28       2.85442293      0.28639427
   29       0.61569500      0.38430500
   30       2.90255596      0.27436101
   31       2.80530130      0.29867467
   32       0.57996458      0.42003542
   33       2.85608138      0.28597966
   34       0.53711496      0.46288504
   35       0.59324871      0.40675129
   36       0.61290112      0.38709888
   37       2.71349825      0.32162544
   38       2.90125760      0.27468560
   39       2.70617959      0.32345510
   40       2.88694800      0.27826300
   41       2.72609249      0.31847688
   42       0.56008113      0.43991887
   43       2.90579898      0.27355025
   44       2.87026931      0.28243267
   45       2.72135077      0.31966231
   46       0.56587291      0.43412709
   47       2.85815581      0.28546105
   48       2.69606703      0.32598324
   49       0.58232039      0.41767961
   50       0.56692625      0.43307375
   51       2.71664779      0.32083805
   52       2.91536889      0.27115778
   53       2.82906002      0.29273500
   54       0.54990884      0.45009116
   55       2.86101121      0.28474720
   56       2.90318465      0.27420384
   57       2.73957986      0.31510504
   58       0.58676675      0.41323325
   59       2.85700583      0.28574854
   60       0.58871844      0.41128156
   61       0.58726826      0.41273174
   62       0.54437376      0.45562624
   63       2.71962832      0.32009292
   64       2.83164561      0.29208860
   65       0.61273974      0.38726026
   66       2.82606506      0.29348373
   67       2.77015685      0.30746079
   68       0.57893828      0.42106172
   69       2.83758351      0.29060412
   70       0.58220447      0.41779553
   71       0.59930262      0.40069738
   72       0.57482357      0.42517643

Nr. of electrons (up):    204.00000000
Atom populations (up)
 Atom       Population
    1       3.97102575
    2       4.13077710
    3       3.96204714
    4       4.12874675
    5       3.96680906
    6       0.88587173
    7       4.13860676
    8       4.13366737
    9       3.96125011
   10       0.89468490
   11       4.09943449
   12       3.95768093
   13       0.91344793
   14       0.90175494
   15       3.95695740
   16       4.13606389
   17       4.07328071
   18       0.88507620
   19       4.12119021
   20       4.15379763
   21       3.94682268
   22       0.90112683
   23       4.07710054
   24       0.93681058
   25       0.90812251
   26       0.90079478
   27       3.94724928
   28       4.10577792
   29       0.93792236
   30       4.12791962
   31       4.09244027
   32       0.91040053
   33       4.10071881
   34       0.88303890
   35       0.92751670
   36       0.93079767
   37       3.96121604
   38       4.14591500
   39       3.95647107
   40       4.14463904
   41       3.96127146
   42       0.89101206
   43       4.13540463
   44       4.12066189
   45       3.96514515
   46       0.89601768
   47       4.10075091
   48       3.94967633
   49       0.90578682
   50       0.89626952
   51       3.95353033
   52       4.14343364
   53       4.09135739
   54       0.88733713
   55       4.11679977
   56       4.13860059
   57       3.96557082
   58       0.91036520
   59       4.10086148
   60       0.91806545
   61       0.91823023
   62       0.88023516
   63       3.96245833
   64       4.11706020
   65       0.93123567
   66       4.08261708
   67       4.07632640
   68       0.91348114
   69       4.10939682
   70       0.90789696
   71       0.92581034
   72       0.91236129

l-shell populations (up)
 Atom Sh.   l       Population
    1   1   0       1.19137120
    1   2   1       2.77965455
    2   1   0       1.23621723
    2   2   1       2.89455987
    3   1   0       1.18461351
    3   2   1       2.77743363
    4   1   0       1.24036731
    4   2   1       2.88837944
    5   1   0       1.18558670
    5   2   1       2.78122235
    6   1   0       0.88587173
    7   1   0       1.24411488
    7   2   1       2.89449189
    8   1   0       1.22983598
    8   2   1       2.90383139
    9   1   0       1.17819592
    9   2   1       2.78305419
   10   1   0       0.89468490
   11   1   0       1.23829838
   11   2   1       2.86113611
   12   1   0       1.17212142
   12   2   1       2.78555951
   13   1   0       0.91344793
   14   1   0       0.90175494
   15   1   0       1.18382594
   15   2   1       2.77313145
   16   1   0       1.24123090
   16   2   1       2.89483299
   17   1   0       1.22066473
   17   2   1       2.85261598
   18   1   0       0.88507620
   19   1   0       1.23956476
   19   2   1       2.88162545
   20   1   0       1.24361933
   20   2   1       2.91017830
   21   1   0       1.16890063
   21   2   1       2.77792205
   22   1   0       0.90112683
   23   1   0       1.22266078
   23   2   1       2.85443977
   24   1   0       0.93681058
   25   1   0       0.90812251
   26   1   0       0.90079478
   27   1   0       1.18379946
   27   2   1       2.76344983
   28   1   0       1.23813322
   28   2   1       2.86764470
   29   1   0       0.93792236
   30   1   0       1.25998647
   30   2   1       2.86793315
   31   1   0       1.21637711
   31   2   1       2.87606316
   32   1   0       0.91040053
   33   1   0       1.24231740
   33   2   1       2.85840141
   34   1   0       0.88303890
   35   1   0       0.92751670
   36   1   0       0.93079767
   37   1   0       1.18123214
   37   2   1       2.77998390
   38   1   0       1.24362598
   38   2   1       2.90228902
   39   1   0       1.17966732
   39   2   1       2.77680375
   40   1   0       1.23316076
   40   2   1       2.91147828
   41   1   0       1.18970089
   41   2   1       2.77157057
   42   1   0       0.89101206
   43   1   0       1.24867569
   43   2   1       2.88672894
   44   1   0       1.23717473
   44   2   1       2.88348716
   45   1   0       1.18480206
   45   2   1       2.78034309
   46   1   0       0.89601768
   47   1   0       1.24945330
   47   2   1       2.85129762
   48   1   0       1.17478326
   48   2   1       2.77489307
   49   1   0       0.90578682
   50   1   0       0.89626952
   51   1   0       1.18920602
   51   2   1       2.76432432
   52   1   0       1.25166715
   52   2   1       2.89176648
   53   1   0       1.23619178
   53   2   1       2.85516561
   54   1   0       0.88733713
   55   1   0       1.23797963
   55   2   1       2.87882015
   56   1   0       1.24949507
   56   2   1       2.88910552
   57   1   0       1.19099926
   57   2   1       2.77457155
   58   1   0       0.91036520
   59   1   0       1.24417055
   59   2   1       2.85669093
   60   1   0       0.91806545
   61   1   0       0.91823023
   62   1   0       0.88023516
   63   1   0       1.18546453
   63   2   1       2.77699379
   64   1   0       1.21907015
   64   2   1       2.89799006
   65   1   0       0.93123567
   66   1   0       1.23591805
   66   2   1       2.84669903
   67   1   0       1.20489152
   67   2   1       2.87143487
   68   1   0       0.91348114
   69   1   0       1.22471861
   69   2   1       2.88467821
   70   1   0       0.90789696
   71   1   0       0.92581034
   72   1   0       0.91236129

Orbital populations (up)
 Atom Sh.   l   m       Population  Label
    1   1   0   0       1.19137120  s
    1   2   1  -1       0.94302924  p_y
    1   2   1   0       0.91956579  p_z
    1   2   1   1       0.91705951  p_x
    2   1   0   0       1.23621723  s
    2   2   1  -1       1.00118885  p_y
    2   2   1   0       0.93331961  p_z
    2   2   1   1       0.96005141  p_x
    3   1   0   0       1.18461351  s
    3   2   1  -1       0.95187961  p_y
    3   2   1   0       0.91615119  p_z
    3   2   1   1       0.90940283  p_x
    4   1   0   0       1.24036731  s
    4   2   1  -1       0.98225291  p_y
    4   2   1   0       0.94414032  p_z
    4   2   1   1       0.96198621  p_x
    5   1   0   0       1.18558670  s
    5   2   1  -1       0.94822926  p_y
    5   2   1   0       0.92741275  p_z
    5   2   1   1       0.90558035  p_x
    6   1   0   0       0.88587173  s
    7   1   0   0       1.24411488  s
    7   2   1  -1       0.99751845  p_y
    7   2   1   0       0.93619098  p_z
    7   2   1   1       0.96078246  p_x
    8   1   0   0       1.22983598  s
    8   2   1  -1       0.99633016  p_y
    8   2   1   0       0.94240703  p_z
    8   2   1   1       0.96509420  p_x
    9   1   0   0       1.17819592  s
    9   2   1  -1       0.95794446  p_y
    9   2   1   0       0.90364314  p_z
    9   2   1   1       0.92146659  p_x
   10   1   0   0       0.89468490  s
   11   1   0   0       1.23829838  s
   11   2   1  -1       0.96661362  p_y
   11   2   1   0       0.93632196  p_z
   11   2   1   1       0.95820053  p_x
   12   1   0   0       1.17212142  s
   12   2   1  -1       0.95485957  p_y
   12   2   1   0       0.91543277  p_z
   12   2   1   1       0.91526717  p_x
   13   1   0   0       0.91344793  s
   14   1   0   0       0.90175494  s
   15   1   0   0       1.18382594  s
   15   2   1  -1       0.95616757  p_y
   15   2   1   0       0.91129472  p_z
   15   2   1   1       0.90566916  p_x
   16   1   0   0       1.24123090  s
   16   2   1  -1       0.99102647  p_y
   16   2   1   0       0.94197854  p_z
   16   2   1   1       0.96182798  p_x
   17   1   0   0       1.22066473  s
   17   2   1  -1       0.98958488  p_y
   17   2   1   0       0.93706161  p_z
   17   2   1   1       0.92596948  p_x
   18   1   0   0       0.88507620  s
   19   1   0   0       1.23956476  s
   19   2   1  -1       0.99137645  p_y
   19   2   1   0       0.94780291  p_z
   19   2   1   1       0.94244609  p_x
   20   1   0   0       1.24361933  s
   20   2   1  -1       1.00076292  p_y
   20   2   1   0       0.94284312  p_z
   20   2   1   1       0.96657226  p_x
   21   1   0   0       1.16890063  s
   21   2   1  -1       0.94823484  p_y
   21   2   1   0       0.91622090  p_z
   21   2   1   1       0.91346631  p_x
   22   1   0   0       0.90112683  s
   23   1   0   0       1.22266078  s
   23   2   1  -1       0.99400778  p_y
   23   2   1   0       0.94350890  p_z
   23   2   1   1       0.91692309  p_x
   24   1   0   0       0.93681058  s
   25   1   0   0       0.90812251  s
   26   1   0   0       0.90079478  s
   27   1   0   0       1.18379946  s
   27   2   1  -1       0.95844580  p_y
   27   2   1   0       0.89599184  p_z
   27   2   1   1       0.90901219  p_x
   28   1   0   0       1.23813322  s
   28   2   1  -1       0.99692869  p_y
   28   2   1   0       0.92515778  p_z
   28   2   1   1       0.94555823  p_x
   29   1   0   0       0.93792236  s
   30   1   0   0       1.25998647  s
   30   2   1  -1       0.99194290  p_y
   30   2   1   0       0.91414491  p_z
   30   2   1   1       0.96184533  p_x
   31   1   0   0       1.21637711  s
   31   2   1  -1       0.96954266  p_y
   31   2   1   0       0.95675342  p_z
   31   2   1   1       0.94976708  p_x
   32   1   0   0       0.91040053  s
   33   1   0   0       1.24231740  s
   33   2   1  -1       0.99348205  p_y
   33   2   1   0       0.95656349  p_z
   33   2   1   1       0.90835587  p_x
   34   1   0   0       0.88303890  s
   35   1   0   0       0.92751670  s
   36   1   0   0       0.93079767  s
   37   1   0   0       1.18123214  s
   37   2   1  -1       0.96244376  p_y
   37   2   1   0       0.90313935  p_z
   37   2   1   1       0.91440079  p_x
   38   1   0   0       1.24362598  s
   38   2   1  -1       1.00400563  p_y
   38   2   1   0       0.92418135  p_z
   38   2   1   1       0.97410204  p_x
   39   1   0   0       1.17966732  s
   39   2   1  -1       0.96407529  p_y
   39   2   1   0       0.90216226  p_z
   39   2   1   1       0.91056619  p_x
   40   1   0   0       1.23316076  s
   40   2   1  -1       1.01901889  p_y
   40   2   1   0       0.92174243  p_z
   40   2   1   1       0.97071696  p_x
   41   1   0   0       1.18970089  s
   41   2   1  -1       0.94688364  p_y
   41   2   1   0       0.90181224  p_z
   41   2   1   1       0.92287469  p_x
   42   1   0   0       0.89101206  s
   43   1   0   0       1.24867569  s
   43   2   1  -1       1.01591468  p_y
   43   2   1   0       0.91953581  p_z
   43   2   1   1       0.95127846  p_x
   44   1   0   0       1.23717473  s
   44   2   1  -1       1.01106255  p_y
   44   2   1   0       0.92501335  p_z
   44   2   1   1       0.94741126  p_x
   45   1   0   0       1.18480206  s
   45   2   1  -1       0.95011487  p_y
   45   2   1   0       0.90523108  p_z
   45   2   1   1       0.92499713  p_x
   46   1   0   0       0.89601768  s
   47   1   0   0       1.24945330  s
   47   2   1  -1       0.97923709  p_y
   47   2   1   0       0.91851293  p_z
   47   2   1   1       0.95354759  p_x
   48   1   0   0       1.17478326  s
   48   2   1  -1       0.95567257  p_y
   48   2   1   0       0.89470818  p_z
   48   2   1   1       0.92451232  p_x
   49   1   0   0       0.90578682  s
   50   1   0   0       0.89626952  s
   51   1   0   0       1.18920602  s
   51   2   1  -1       0.96431429  p_y
   51   2   1   0       0.89912187  p_z
   51   2   1   1       0.90088816  p_x
   52   1   0   0       1.25166715  s
   52   2   1  -1       1.01375412  p_y
   52   2   1   0       0.92880160  p_z
   52   2   1   1       0.94921076  p_x
   53   1   0   0       1.23619178  s
   53   2   1  -1       0.98119370  p_y
   53   2   1   0       0.93231403  p_z
   53   2   1   1       0.94165788  p_x
   54   1   0   0       0.88733713  s
   55   1   0   0       1.23797963  s
   55   2   1  -1       0.98229709  p_y
   55   2   1   0       0.92453453  p_z
   55   2   1   1       0.97198853  p_x
   56   1   0   0       1.24949507  s
   56   2   1  -1       1.00494854  p_y
   56   2   1   0       0.92501694  p_z
   56   2   1   1       0.95914005  p_x
   57   1   0   0       1.19099926  s
   57   2   1  -1       0.95324665  p_y
   57   2   1   0       0.89625156  p_z
   57   2   1   1       0.92507335  p_x
   58   1   0   0       0.91036520  s
   59   1   0   0       1.24417055  s
   59   2   1  -1       0.97878926  p_y
   59   2   1   0       0.93734778  p_z
   59   2   1   1       0.94055390  p_x
   60   1   0   0       0.91806545  s
   61   1   0   0       0.91823023  s
   62   1   0   0       0.88023516  s
   63   1   0   0       1.18546453  s
   63   2   1  -1       0.96223131  p_y
   63   2   1   0       0.90527698  p_z
   63   2   1   1       0.90948550  p_x
   64   1   0   0       1.21907015  s
   64   2   1  -1       1.00436669  p_y
   64   2   1   0       0.92993534  p_z
   64   2   1   1       0.96368802  p_x
   65   1   0   0       0.93123567  s
   66   1   0   0       1.23591805  s
   66   2   1  -1       0.97019723  p_y
   66   2   1   0       0.92208080  p_z
   66   2   1   1       0.95442099  p_x
   67   1   0   0       1.20489152  s
   67   2   1  -1       0.98499550  p_y
   67   2   1   0       0.95297817  p_z
   67   2   1   1       0.93346120  p_x
   68   1   0   0       0.91348114  s
   69   1   0   0       1.22471861  s
   69   2   1  -1       1.01325409  p_y
   69   2   1   0       0.93401398  p_z
   69   2   1   1       0.93741015  p_x
   70   1   0   0       0.90789696  s
   71   1   0   0       0.92581034  s
   72   1   0   0       0.91236129  s

Fermi level:                        -0.1380769416 H           -3.7573 eV
Band energy:                       -79.5160465753 H        -2163.7417 eV
TS:                                  0.0000000000 H            0.0000 eV
Band free energy (E-TS):           -79.5160465753 H        -2163.7417 eV
Extrapolated E(0K):                -79.5160465753 H        -2163.7417 eV
Input / Output electrons (q):    204.0000000000    204.0000000000

Energy H0:                         -86.4868877488 H        -2353.4280 eV
Energy SCC:                         -0.0064850183 H           -0.1765 eV
Energy 3rd:                         -0.0008107131 H           -0.0221 eV
Total Electronic energy:           -86.4941834802 H        -2353.6265 eV
Repulsive energy:                    0.7999230715 H           21.7670 eV
Total energy:                      -85.6942604087 H        -2331.8595 eV
Extrapolated to 0:                 -85.6942604087 H        -2331.8595 eV
Total Mermin free energy:          -85.6942604087 H        -2331.8595 eV
Force related energy:              -85.6942604087 H        -2331.8595 eV

Non-constrained calculation

SCC converged

