 Fermi distribution function

Difference derivative step: 176


********************************************************************************
 iSCC Total electronic   Diff electronic      SCC error    
    7   -0.86559913E+02   -0.99475983E-13    0.13199478E-06
********************************************************************************

 Total charge:    -0.00000000

 Atomic gross charges (e)
 Atom           Charge
    1       0.05368476
    2      -0.15005841
    3       0.04741252
    4      -0.14287123
    5       0.05060532
    6       0.12265612
    7      -0.15228312
    8      -0.17157425
    9       0.04583660
   10       0.09744467
   11      -0.09380657
   12       0.04334987
   13       0.10969378
   14       0.09506444
   15       0.04979506
   16      -0.14835637
   17      -0.10767816
   18       0.10860280
   19      -0.11368247
   20      -0.13885296
   21       0.04262255
   22       0.12315461
   23      -0.09558455
   24       0.07208195
   25       0.08924913
   26       0.10434998
   27       0.05075375
   28      -0.10231354
   29       0.07637149
   30      -0.11373640
   31      -0.12934678
   32       0.09859066
   33      -0.08733544
   34       0.11114940
   35       0.08547462
   36       0.06356453
   37       0.05762787
   38      -0.13933685
   39       0.03006259
   40      -0.13096712
   41       0.04813059
   42       0.09679232
   43      -0.14810891
   44      -0.13844770
   45       0.02991355
   46       0.08915391
   47      -0.11446511
   48       0.03956084
   49       0.11752760
   50       0.11985940
   51       0.03124786
   52      -0.13350345
   53      -0.11178118
   54       0.11608806
   55      -0.11413119
   56      -0.12428394
   57       0.03405398
   58       0.09447906
   59      -0.08616368
   60       0.08257767
   61       0.08227176
   62       0.10402658
   63       0.04554282
   64      -0.10412442
   65       0.08106430
   66      -0.08877593
   67      -0.10251995
   68       0.08342040
   69      -0.10292732
   70       0.10222355
   71       0.08160099
   72       0.07828270


 Atomic net (on-site) populations and hybridisation ratios
 Atom       Population         Hybrid.
    1       2.67536719      0.33115820
    2       2.91608896      0.27097776
    3       2.71858768      0.32035308
    4       2.91099663      0.27225084
    5       2.71022047      0.32244488
    6       0.53955686      0.46044314
    7       2.90389167      0.27402708
    8       2.98457667      0.25385583
    9       2.70055878      0.32486031
   10       0.58058191      0.41941809
   11       2.82001562      0.29499610
   12       2.70574414      0.32356396
   13       0.55565321      0.44434679
   14       0.57627703      0.42372297
   15       2.70890588      0.32277353
   16       2.90954561      0.27261360
   17       2.83274125      0.29181469
   18       0.56063789      0.43936211
   19       2.82940463      0.29264884
   20       2.86364299      0.28408925
   21       2.71930109      0.32017473
   22       0.53477111      0.46522889
   23       2.81074304      0.29731424
   24       0.59208047      0.40791953
   25       0.57635768      0.42364232
   26       0.55723930      0.44276070
   27       2.70146400      0.32463400
   28       2.86353016      0.28411746
   29       0.59071905      0.40928095
   30       2.86443891      0.28389027
   31       2.86494597      0.28376351
   32       0.56967481      0.43032519
   33       2.80778774      0.29805307
   34       0.55108420      0.44891580
   35       0.57306532      0.42693468
   36       0.60958847      0.39041153
   37       2.65737183      0.33565704
   38       2.88793728      0.27801568
   39       2.76296339      0.30925915
   40       2.87919663      0.28020084
   41       2.70368403      0.32407899
   42       0.57497579      0.42502421
   43       2.92737259      0.26815685
   44       2.89029386      0.27742654
   45       2.72583064      0.31854234
   46       0.58699812      0.41300188
   47       2.86637644      0.28340589
   48       2.72320714      0.31919821
   49       0.54539121      0.45460879
   50       0.53802152      0.46197848
   51       2.73060667      0.31734833
   52       2.86559639      0.28360090
   53       2.84266626      0.28933344
   54       0.55636890      0.44363110
   55       2.84394569      0.28901358
   56       2.87043173      0.28239207
   57       2.73498551      0.31625362
   58       0.57577194      0.42422806
   59       2.81875602      0.29531099
   60       0.57681428      0.42318572
   61       0.58039301      0.41960699
   62       0.57173061      0.42826939
   63       2.70563622      0.32359094
   64       2.83846286      0.29038429
   65       0.59099862      0.40900138
   66       2.80967226      0.29758194
   67       2.81960217      0.29509946
   68       0.58884101      0.41115899
   69       2.83858739      0.29035315
   70       0.56358405      0.43641595
   71       0.58234132      0.41765868
   72       0.59167009      0.40832991

Nr. of electrons (up):    204.00000000
Atom populations (up)
 Atom       Population
    1       3.94631524
    2       4.15005841
    3       3.95258748
    4       4.14287123
    5       3.94939468
    6       0.87734388
    7       4.15228312
    8       4.17157425
    9       3.95416340
   10       0.90255533
   11       4.09380657
   12       3.95665013
   13       0.89030622
   14       0.90493556
   15       3.95020494
   16       4.14835637
   17       4.10767816
   18       0.89139720
   19       4.11368247
   20       4.13885296
   21       3.95737745
   22       0.87684539
   23       4.09558455
   24       0.92791805
   25       0.91075087
   26       0.89565002
   27       3.94924625
   28       4.10231354
   29       0.92362851
   30       4.11373640
   31       4.12934678
   32       0.90140934
   33       4.08733544
   34       0.88885060
   35       0.91452538
   36       0.93643547
   37       3.94237213
   38       4.13933685
   39       3.96993741
   40       4.13096712
   41       3.95186941
   42       0.90320768
   43       4.14810891
   44       4.13844770
   45       3.97008645
   46       0.91084609
   47       4.11446511
   48       3.96043916
   49       0.88247240
   50       0.88014060
   51       3.96875214
   52       4.13350345
   53       4.11178118
   54       0.88391194
   55       4.11413119
   56       4.12428394
   57       3.96594602
   58       0.90552094
   59       4.08616368
   60       0.91742233
   61       0.91772824
   62       0.89597342
   63       3.95445718
   64       4.10412442
   65       0.91893570
   66       4.08877593
   67       4.10251995
   68       0.91657960
   69       4.10292732
   70       0.89777645
   71       0.91839901
   72       0.92171730

l-shell populations (up)
 Atom Sh.   l       Population
    1   1   0       1.16736162
    1   2   1       2.77895362
    2   1   0       1.24947843
    2   2   1       2.90057998
    3   1   0       1.18798205
    3   2   1       2.76460543
    4   1   0       1.24590912
    4   2   1       2.89696211
    5   1   0       1.18461987
    5   2   1       2.76477481
    6   1   0       0.87734388
    7   1   0       1.24132167
    7   2   1       2.91096145
    8   1   0       1.27499113
    8   2   1       2.89658312
    9   1   0       1.17882076
    9   2   1       2.77534264
   10   1   0       0.90255533
   11   1   0       1.22823165
   11   2   1       2.86557491
   12   1   0       1.17729935
   12   2   1       2.77935078
   13   1   0       0.89030622
   14   1   0       0.90493556
   15   1   0       1.18373721
   15   2   1       2.76646773
   16   1   0       1.24946367
   16   2   1       2.89889270
   17   1   0       1.22138608
   17   2   1       2.88629207
   18   1   0       0.89139720
   19   1   0       1.21857910
   19   2   1       2.89510337
   20   1   0       1.22617294
   20   2   1       2.91268002
   21   1   0       1.18818197
   21   2   1       2.76919548
   22   1   0       0.87684539
   23   1   0       1.21757217
   23   2   1       2.87801238
   24   1   0       0.92791805
   25   1   0       0.91075087
   26   1   0       0.89565002
   27   1   0       1.17769094
   27   2   1       2.77155532
   28   1   0       1.24965322
   28   2   1       2.85266032
   29   1   0       0.92362851
   30   1   0       1.24199664
   30   2   1       2.87173975
   31   1   0       1.23299761
   31   2   1       2.89634917
   32   1   0       0.90140934
   33   1   0       1.22059514
   33   2   1       2.86674030
   34   1   0       0.88885060
   35   1   0       0.91452538
   36   1   0       0.93643547
   37   1   0       1.15994174
   37   2   1       2.78243039
   38   1   0       1.23357479
   38   2   1       2.90576206
   39   1   0       1.20684011
   39   2   1       2.76309729
   40   1   0       1.23073664
   40   2   1       2.90023048
   41   1   0       1.18024403
   41   2   1       2.77162539
   42   1   0       0.90320768
   43   1   0       1.26075016
   43   2   1       2.88735876
   44   1   0       1.24241536
   44   2   1       2.89603234
   45   1   0       1.18309955
   45   2   1       2.78698690
   46   1   0       0.91084609
   47   1   0       1.24496851
   47   2   1       2.86949660
   48   1   0       1.18855932
   48   2   1       2.77187984
   49   1   0       0.88247240
   50   1   0       0.88014060
   51   1   0       1.18680143
   51   2   1       2.78195072
   52   1   0       1.22819855
   52   2   1       2.90530489
   53   1   0       1.22667693
   53   2   1       2.88510425
   54   1   0       0.88391194
   55   1   0       1.22714693
   55   2   1       2.88698426
   56   1   0       1.23789621
   56   2   1       2.88638773
   57   1   0       1.18659326
   57   2   1       2.77935276
   58   1   0       0.90552094
   59   1   0       1.22977937
   59   2   1       2.85638431
   60   1   0       0.91742233
   61   1   0       0.91772824
   62   1   0       0.89597342
   63   1   0       1.17874705
   63   2   1       2.77571014
   64   1   0       1.23198968
   64   2   1       2.87213474
   65   1   0       0.91893570
   66   1   0       1.22513137
   66   2   1       2.86364456
   67   1   0       1.21992918
   67   2   1       2.88259077
   68   1   0       0.91657960
   69   1   0       1.22990719
   69   2   1       2.87302013
   70   1   0       0.89777645
   71   1   0       0.91839901
   72   1   0       0.92171730

Orbital populations (up)
 Atom Sh.   l   m       Population  Label
    1   1   0   0       1.16736162  s
    1   2   1  -1       0.91866226  p_y
    1   2   1   0       0.93514127  p_z
    1   2   1   1       0.92515010  p_x
    2   1   0   0       1.24947843  s
    2   2   1  -1       1.00113407  p_y
    2   2   1   0       0.93077106  p_z
    2   2   1   1       0.96867485  p_x
    3   1   0   0       1.18798205  s
    3   2   1  -1       0.94341517  p_y
    3   2   1   0       0.90432095  p_z
    3   2   1   1       0.91686930  p_x
    4   1   0   0       1.24590912  s
    4   2   1  -1       1.00304697  p_y
    4   2   1   0       0.92833749  p_z
    4   2   1   1       0.96557765  p_x
    5   1   0   0       1.18461987  s
    5   2   1  -1       0.93312654  p_y
    5   2   1   0       0.92562067  p_z
    5   2   1   1       0.90602760  p_x
    6   1   0   0       0.87734388  s
    7   1   0   0       1.24132167  s
    7   2   1  -1       1.01555940  p_y
    7   2   1   0       0.93706421  p_z
    7   2   1   1       0.95833785  p_x
    8   1   0   0       1.27499113  s
    8   2   1  -1       0.99316913  p_y
    8   2   1   0       0.92867711  p_z
    8   2   1   1       0.97473688  p_x
    9   1   0   0       1.17882076  s
    9   2   1  -1       0.93773785  p_y
    9   2   1   0       0.90121667  p_z
    9   2   1   1       0.93638812  p_x
   10   1   0   0       0.90255533  s
   11   1   0   0       1.22823165  s
   11   2   1  -1       0.97214802  p_y
   11   2   1   0       0.92751743  p_z
   11   2   1   1       0.96590946  p_x
   12   1   0   0       1.17729935  s
   12   2   1  -1       0.94285795  p_y
   12   2   1   0       0.91880249  p_z
   12   2   1   1       0.91769034  p_x
   13   1   0   0       0.89030622  s
   14   1   0   0       0.90493556  s
   15   1   0   0       1.18373721  s
   15   2   1  -1       0.95847215  p_y
   15   2   1   0       0.89646874  p_z
   15   2   1   1       0.91152683  p_x
   16   1   0   0       1.24946367  s
   16   2   1  -1       0.98140967  p_y
   16   2   1   0       0.94662888  p_z
   16   2   1   1       0.97085415  p_x
   17   1   0   0       1.22138608  s
   17   2   1  -1       0.99783644  p_y
   17   2   1   0       0.93778166  p_z
   17   2   1   1       0.95067397  p_x
   18   1   0   0       0.89139720  s
   19   1   0   0       1.21857910  s
   19   2   1  -1       0.98918588  p_y
   19   2   1   0       0.94003366  p_z
   19   2   1   1       0.96588383  p_x
   20   1   0   0       1.22617294  s
   20   2   1  -1       0.99575165  p_y
   20   2   1   0       0.95279852  p_z
   20   2   1   1       0.96412984  p_x
   21   1   0   0       1.18818197  s
   21   2   1  -1       0.95369504  p_y
   21   2   1   0       0.90325992  p_z
   21   2   1   1       0.91224052  p_x
   22   1   0   0       0.87684539  s
   23   1   0   0       1.21757217  s
   23   2   1  -1       0.97768259  p_y
   23   2   1   0       0.95300246  p_z
   23   2   1   1       0.94732733  p_x
   24   1   0   0       0.92791805  s
   25   1   0   0       0.91075087  s
   26   1   0   0       0.89565002  s
   27   1   0   0       1.17769094  s
   27   2   1  -1       0.94157944  p_y
   27   2   1   0       0.92046485  p_z
   27   2   1   1       0.90951103  p_x
   28   1   0   0       1.24965322  s
   28   2   1  -1       0.98380826  p_y
   28   2   1   0       0.92490417  p_z
   28   2   1   1       0.94394789  p_x
   29   1   0   0       0.92362851  s
   30   1   0   0       1.24199664  s
   30   2   1  -1       0.99465737  p_y
   30   2   1   0       0.92762569  p_z
   30   2   1   1       0.94945670  p_x
   31   1   0   0       1.23299761  s
   31   2   1  -1       0.98820660  p_y
   31   2   1   0       0.95307598  p_z
   31   2   1   1       0.95506660  p_x
   32   1   0   0       0.90140934  s
   33   1   0   0       1.22059514  s
   33   2   1  -1       0.97928280  p_y
   33   2   1   0       0.93678887  p_z
   33   2   1   1       0.95066863  p_x
   34   1   0   0       0.88885060  s
   35   1   0   0       0.91452538  s
   36   1   0   0       0.93643547  s
   37   1   0   0       1.15994174  s
   37   2   1  -1       0.95344509  p_y
   37   2   1   0       0.90259191  p_z
   37   2   1   1       0.92639340  p_x
   38   1   0   0       1.23357479  s
   38   2   1  -1       1.00357675  p_y
   38   2   1   0       0.92689679  p_z
   38   2   1   1       0.97528852  p_x
   39   1   0   0       1.20684011  s
   39   2   1  -1       0.95801767  p_y
   39   2   1   0       0.89611674  p_z
   39   2   1   1       0.90896288  p_x
   40   1   0   0       1.23073664  s
   40   2   1  -1       1.01172354  p_y
   40   2   1   0       0.91954417  p_z
   40   2   1   1       0.96896277  p_x
   41   1   0   0       1.18024403  s
   41   2   1  -1       0.95882080  p_y
   41   2   1   0       0.90622199  p_z
   41   2   1   1       0.90658259  p_x
   42   1   0   0       0.90320768  s
   43   1   0   0       1.26075016  s
   43   2   1  -1       1.00822412  p_y
   43   2   1   0       0.91670582  p_z
   43   2   1   1       0.96242882  p_x
   44   1   0   0       1.24241536  s
   44   2   1  -1       0.99645791  p_y
   44   2   1   0       0.93448256  p_z
   44   2   1   1       0.96509188  p_x
   45   1   0   0       1.18309955  s
   45   2   1  -1       0.96069405  p_y
   45   2   1   0       0.90364689  p_z
   45   2   1   1       0.92264597  p_x
   46   1   0   0       0.91084609  s
   47   1   0   0       1.24496851  s
   47   2   1  -1       0.97196004  p_y
   47   2   1   0       0.92527077  p_z
   47   2   1   1       0.97226579  p_x
   48   1   0   0       1.18855932  s
   48   2   1  -1       0.95661763  p_y
   48   2   1   0       0.89691952  p_z
   48   2   1   1       0.91834269  p_x
   49   1   0   0       0.88247240  s
   50   1   0   0       0.88014060  s
   51   1   0   0       1.18680143  s
   51   2   1  -1       0.96519595  p_y
   51   2   1   0       0.91541255  p_z
   51   2   1   1       0.90134221  p_x
   52   1   0   0       1.22819855  s
   52   2   1  -1       1.00753815  p_y
   52   2   1   0       0.92402728  p_z
