 KPT            1  SPIN            1  KWEIGHT    1.0000000000000000     
     1    -17.7386  1.00000
     2    -17.5315  1.00000
     3    -17.0015  1.00000
     4    -16.3736  1.00000
     5    -16.3005  1.00000
     6    -15.9999  1.00000
     7    -15.7958  1.00000
     8    -15.5694  1.00000
     9    -15.4840  1.00000
    10    -15.4671  1.00000
    11    -15.0248  1.00000
    12    -14.8112  1.00000
    13    -14.5815  1.00000
    14    -14.4069  1.00000
    15    -14.2636  1.00000
    16    -14.0675  1.00000
    17    -13.8932  1.00000
    18    -13.4797  1.00000
    19    -13.4052  1.00000
    20    -13.1525  1.00000
    21    -12.8253  1.00000
    22    -12.8048  1.00000
    23    -11.9851  1.00000
    24    -11.9256  1.00000
    25    -11.7432  1.00000
    26    -11.3630  1.00000
    27    -11.2872  1.00000
    28    -11.0368  1.00000
    29    -10.9662  1.00000
    30    -10.8162  1.00000
    31    -10.3569  1.00000
    32    -10.3026  1.00000
    33     -9.6904  1.00000
    34     -9.6303  1.00000
    35     -9.5704  1.00000
    36     -9.4281  1.00000
    37     -9.3077  1.00000
    38     -9.1184  1.00000
    39     -9.0896  1.00000
    40     -8.6376  1.00000
    41     -8.5633  1.00000
    42     -8.4502  1.00000
    43     -8.0855  1.00000
    44     -8.0667  1.00000
    45     -8.0265  1.00000
    46     -7.8978  1.00000
    47     -7.7680  1.00000
    48     -7.5798  1.00000
    49     -7.5655  1.00000
    50     -7.5557  1.00000
    51     -7.4789  1.00000
    52     -7.3736  1.00000
    53     -7.2940  1.00000
    54     -7.2054  1.00000
    55     -7.0063  1.00000
    56     -6.9820  1.00000
    57     -6.9606  1.00000
    58     -6.9062  1.00000
    59     -6.8616  1.00000
    60     -6.8370  1.00000
    61     -6.6847  1.00000
    62     -6.5546  1.00000
    63     -6.4508  1.00000
    64     -6.3830  1.00000
    65     -6.3016  1.00000
    66     -6.2789  1.00000
    67     -6.2212  1.00000
    68     -6.1466  1.00000
    69     -6.0961  1.00000
    70     -6.0349  1.00000
    71     -6.0031  1.00000
    72     -5.8487  1.00000
    73     -5.6975  1.00000
    74     -5.6202  1.00000
    75     -5.5700  1.00000
    76     -5.5048  1.00000
    77     -5.5021  1.00000
    78     -5.4822  1.00000
    79     -5.4537  1.00000
    80     -5.4036  1.00000
    81     -5.3988  1.00000
    82     -5.3598  1.00000
    83     -5.2659  1.00000
    84     -5.2034  1.00000
    85     -4.9454  1.00000
    86     -4.7991  1.00000
    87     -4.7407  1.00000
    88     -4.6248  1.00000
    89     -4.5067  1.00000
    90     -4.4468  1.00000
    91     -4.3396  1.00000
    92     -4.1881  1.00000
    93     -4.0698  1.00000
    94     -4.0476  1.00000
    95     -3.9297  1.00000
    96     -3.7733  1.00000
    97     -3.6057  1.00000
    98     -3.4220  1.00000
    99     -3.1066  1.00000
   100     -3.0319  1.00000
   101     -2.6731  1.00000
   102     -1.8344  1.00000
   103     -1.8055  0.50000
   104     -0.8083  0.00000
   105     -0.4822  0.00000
   106      0.2810  0.00000
   107      0.4479  0.00000
   108      0.8152  0.00000
   109      1.0512  0.00000
   110      1.3573  0.00000
   111      1.4340  0.00000
   112      1.9021  0.00000
   113      2.1392  0.00000
   114      2.3591  0.00000
   115      2.4019  0.00000
   116      2.8995  0.00000
   117      3.3275  0.00000
   118      3.9238  0.00000
   119      3.9393  0.00000
   120      5.1809  0.00000
   121      5.2259  0.00000
   122      6.0384  0.00000
   123      6.4369  0.00000
   124      7.0811  0.00000
   125      9.5940  0.00000
   126      9.7928  0.00000
   127     10.0561  0.00000
   128     10.6538  0.00000
   129     10.9131  0.00000
   130     11.4276  0.00000
   131     11.8375  0.00000
   132     11.9199  0.00000
   133     12.1893  0.00000
   134     12.4201  0.00000
   135     12.8373  0.00000
   136     13.2470  0.00000
   137     13.3166  0.00000
   138     13.5110  0.00000
   139     13.6787  0.00000
   140     13.9152  0.00000
   141     14.1978  0.00000
   142     14.3774  0.00000
   143     14.4324  0.00000
   144     14.6904  0.00000
   145     14.8522  0.00000
   146     15.1245  0.00000
   147     15.4119  0.00000
   148     15.4751  0.00000
   149     15.8832  0.00000
   150     16.2761  0.00000
   151     16.7010  0.00000
   152     16.7193  0.00000
   153     17.0982  0.00000
   154     17.5612  0.00000
   155     17.5732  0.00000
   156     18.3607  0.00000
   157     18.8266  0.00000
   158     18.9098  0.00000
   159     19.1103  0.00000
   160     19.3616  0.00000
   161     19.5070  0.00000
   162     19.8666  0.00000
   163     20.0788  0.00000
   164     20.3857  0.00000
   165     20.4996  0.00000
   166     20.6319  0.00000
   167     20.7593  0.00000
   168     21.0287  0.00000
   169     21.2261  0.00000
   170     21.2865  0.00000
   171     21.5388  0.00000
   172     22.2213  0.00000
   173     22.3244  0.00000
   174     23.0329  0.00000
   175     23.1128  0.00000
   176     23.7150  0.00000
   177     23.8169  0.00000
   178     23.9669  0.00000
   179     24.5666  0.00000
   180     24.8301  0.00000
   181     24.8525  0.00000
   182     25.1458  0.00000
   183     25.2035  0.00000
   184     25.7143  0.00000
   185     25.9818  0.00000
   186     26.1968  0.00000
   187     26.4697  0.00000
   188     26.9785  0.00000
   189     27.2519  0.00000
   190     27.3482  0.00000
   191     27.6504  0.00000
   192     28.0800  0.00000
   193     28.6131  0.00000
   194     28.9933  0.00000
   195     29.0132  0.00000
   196     29.6765  0.00000
   197     29.7480  0.00000
   198     31.1211  0.00000
   199     31.7178  0.00000
   200     32.3043  0.00000
   201     32.5296  0.00000
   202     33.8788  0.00000
   203     34.0792  0.00000
   204     37.0677  0.00000

 KPT            1  SPIN            2  KWEIGHT    1.0000000000000000     
     1    -17.7102  1.00000
     2    -17.5045  1.00000
     3    -16.9744  1.00000
     4    -16.3468  1.00000
     5    -16.2723  1.00000
     6    -15.9791  1.00000
     7    -15.7505  1.00000
     8    -15.5339  1.00000
     9    -15.4550  1.00000
    10    -15.4448  1.00000
    11    -14.9858  1.00000
    12    -14.7929  1.00000
    13    -14.5689  1.00000
    14    -14.3643  1.00000
    15    -14.2225  1.00000
    16    -14.0382  1.00000
    17    -13.8666  1.00000
    18    -13.4484  1.00000
    19    -13.3574  1.00000
    20    -13.1416  1.00000
    21    -12.7857  1.00000
    22    -12.7778  1.00000
    23    -11.9413  1.00000
    24    -11.9005  1.00000
    25    -11.7169  1.00000
    26    -11.3298  1.00000
    27    -11.2641  1.00000
    28    -11.0116  1.00000
    29    -10.9381  1.00000
    30    -10.7856  1.00000
    31    -10.3345  1.00000
    32    -10.2821  1.00000
    33     -9.6631  1.00000
    34     -9.6020  1.00000
    35     -9.5532  1.00000
    36     -9.4089  1.00000
    37     -9.2840  1.00000
    38     -9.0946  1.00000
    39     -9.0659  1.00000
    40     -8.6117  1.00000
    41     -8.5380  1.00000
    42     -8.4248  1.00000
    43     -8.0606  1.00000
    44     -8.0427  1.00000
    45     -7.9962  1.00000
    46     -7.8803  1.00000
    47     -7.7407  1.00000
    48     -7.5552  1.00000
    49     -7.5416  1.00000
    50     -7.5292  1.00000
    51     -7.4573  1.00000
    52     -7.3502  1.00000
    53     -7.2699  1.00000
    54     -7.1806  1.00000
    55     -6.9755  1.00000
    56     -6.9590  1.00000
    57     -6.9413  1.00000
    58     -6.8851  1.00000
    59     -6.8297  1.00000
    60     -6.8076  1.00000
    61     -6.6546  1.00000
    62     -6.5348  1.00000
    63     -6.4278  1.00000
    64     -6.3554  1.00000
    65     -6.2812  1.00000
    66     -6.2607  1.00000
    67     -6.1966  1.00000
    68     -6.1276  1.00000
    69     -6.0699  1.00000
    70     -6.0158  1.00000
    71     -5.9839  1.00000
    72     -5.8058  1.00000
    73     -5.6723  1.00000
    74     -5.5959  1.00000
    75     -5.5484  1.00000
    76     -5.4791  1.00000
    77     -5.4732  1.00000
    78     -5.4586  1.00000
    79     -5.4241  1.00000
    80     -5.3737  1.00000
    81     -5.3722  1.00000
    82     -5.3398  1.00000
    83     -5.2454  1.00000
    84     -5.1854  1.00000
    85     -4.9039  1.00000
    86     -4.7826  1.00000
    87     -4.7226  1.00000
    88     -4.6052  1.00000
    89     -4.4671  1.00000
    90     -4.4465  1.00000
    91     -4.3220  1.00000
    92     -4.1614  1.00000
    93     -4.0243  1.00000
    94     -4.0199  1.00000
    95     -3.9145  1.00000
    96     -3.7547  1.00000
    97     -3.5915  1.00000
    98     -3.3899  1.00000
    99     -3.0488  1.00000
   100     -3.0209  1.00000
   101     -2.6428  1.00000
   102     -1.7697  0.50000
   103     -1.7410  0.00000
   104     -0.7662  0.00000
   105     -0.4217  0.00000
   106      0.2882  0.00000
   107      0.4826  0.00000
   108      0.8470  0.00000
   109      1.0759  0.00000
   110      1.3974  0.00000
   111      1.4393  0.00000
   112      1.9327  0.00000
   113      2.1855  0.00000
   114      2.3793  0.00000
   115      2.4218  0.00000
   116      2.9274  0.00000
   117      3.3612  0.00000
   118      3.9414  0.00000
   119      3.9590  0.00000
   120      5.1988  0.00000
   121      5.2482  0.00000
   122      6.0640  0.00000
   123      6.4547  0.00000
   124      7.1026  0.00000
   125      9.6098  0.00000
   126      9.8076  0.00000
   127     10.0655  0.00000
   128     10.6669  0.00000
   129     10.9269  0.00000
   130     11.4394  0.00000
   131     11.8545  0.00000
   132     11.9366  0.00000
   133     12.2029  0.00000
   134     12.4321  0.00000
   135     12.8597  0.00000
   136     13.2794  0.00000
   137     13.3396  0.00000
   138     13.5320  0.00000
   139     13.6980  0.00000
   140     13.9341  0.00000
   141     14.2110  0.00000
   142     14.3997  0.00000
   143     14.4626  0.00000
   144     14.7151  0.00000
   145     14.8750  0.00000
   146     15.1401  0.00000
   147     15.4328  0.00000
   148     15.5058  0.00000
   149     15.9061  0.00000
   150     16.2911  0.00000
   151     16.7151  0.00000
   152     16.7433  0.00000
   153     17.1076  0.00000
   154     17.5761  0.00000
   155     17.5991  0.00000
   156     18.3731  0.00000
   157     18.8456  0.00000
   158     18.9345  0.00000
   159     19.1341  0.00000
   160     19.3877  0.00000
   161     19.5221  0.00000
   162     19.8936  0.00000
   163     20.1010  0.00000
   164     20.4117  0.00000
   165     20.5224  0.00000
   166     20.6611  0.00000
   167     20.7795  0.00000
   168     21.0529  0.00000
   169     21.2476  0.00000
   170     21.3018  0.00000
   171     21.5509  0.00000
   172     22.2491  0.00000
   173     22.3575  0.00000
   174     23.0610  0.00000
   175     23.1383  0.00000
   176     23.7463  0.00000
   177     23.8439  0.00000
   178     24.0014  0.00000
   179     24.5935  0.00000
   180     24.8565  0.00000
   181     24.8838  0.00000
   182     25.1723  0.00000
   183     25.2236  0.00000
   184     25.7303  0.00000
   185     26.0149  0.00000
   186     26.2230  0.00000
   187     26.5021  0.00000
   188     27.0046  0.00000
   189     27.2813  0.00000
   190     27.3786  0.00000
   191     27.6751  0.00000
   192     28.1099  0.00000
   193     28.6356  0.00000
   194     29.0291  0.00000
   195     29.0420  0.00000
   196     29.7012  0.00000
   197     29.7685  0.00000
   198     31.1508  0.00000
   199     31.7366  0.00000
   200     32.3255  0.00000
   201     32.5569  0.00000
   202     33.9127  0.00000
   203     34.1003  0.00000
   204     37.0869  0.00000

