 Fermi distribution function

Calculation with static geometry


********************************************************************************
 iSCC Total electronic   Diff electronic      SCC error    
   13   -0.86317038E+02    0.60785948E-05    0.65746438E-05
********************************************************************************

 Total charge:    -0.00000000

 Atomic gross charges (e)
 Atom           Charge
    1       0.05669159
    2      -0.18718775
    3       0.06444570
    4      -0.22413621
    5       0.03442528
    6       0.09882272
    7      -0.24647583
    8      -0.27214857
    9       0.06690175
   10       0.10829306
   11      -0.10323874
   12       0.05340134
   13       0.06664986
   14       0.06493748
   15       0.09336408
   16      -0.20408231
   17      -0.12851451
   18       0.08419142
   19      -0.16274590
   20      -0.27681962
   21       0.03265831
   22       0.09981712
   23      -0.11413303
   24       0.05242287
   25       0.04380131
   26       0.07802840
   27       0.06234536
   28      -0.14283225
   29       0.04637719
   30      -0.17977890
   31      -0.12334641
   32       0.08895037
   33      -0.11446026
   34       0.08906586
   35       0.04049580
   36       0.05384385
   37       0.03689490
   38      -0.06132879
   39       0.04374774
   40      -0.06573069
   41       0.06367405
   42       0.11195191
   43      -0.04181223
   44      -0.02099518
   45       0.02297100
   46       0.13637744
   47      -0.06873572
   48       0.04329093
   49       0.10052636
   50       0.10951213
   51       0.03785465
   52      -0.08299377
   53      -0.06092809
   54       0.11745686
   55      -0.07940975
   56      -0.04376260
   57       0.05077554
   58       0.12551323
   59      -0.06548881
   60       0.08709283
   61       0.10006489
   62       0.11498024
   63       0.05600478
   64      -0.08202477
   65       0.10179932
   66      -0.07695919
   67      -0.05582469
   68       0.09301230
   69      -0.05349180
   70       0.12718322
   71       0.09900173
   72       0.07976954


 Atomic net (on-site) populations and hybridisation ratios
 Atom       Population         Hybrid.
    1       2.70126390      0.32468402
    2       2.93377728      0.26655568
    3       2.70714397      0.32321401
    4       2.99480421      0.25129895
    5       2.72266090      0.31933477
    6       0.56751069      0.43248931
    7       3.00476880      0.24880780
    8       3.04105117      0.23973721
    9       2.67495489      0.33126128
   10       0.55412414      0.44587586
   11       2.84210241      0.28947440
   12       2.70527945      0.32368014
   13       0.60199933      0.39800067
   14       0.60119495      0.39880505
   15       2.64727158      0.33818211
   16       2.96666523      0.25833369
   17       2.86973058      0.28256736
   18       0.58632295      0.41367705
   19       2.91700670      0.27074832
   20       3.04265627      0.23933593
   21       2.73689878      0.31577530
   22       0.56692090      0.43307910
   23       2.86051183      0.28487204
   24       0.61899639      0.38100361
   25       0.63533975      0.36466025
   26       0.58541719      0.41458281
   27       2.70572236      0.32356941
   28       2.90637708      0.27340573
   29       0.63050318      0.36949682
   30       2.92776762      0.26805809
   31       2.86782751      0.28304312
   32       0.57636650      0.42363350
   33       2.83909032      0.29022742
   34       0.56373653      0.43626347
   35       0.63866055      0.36133945
   36       0.61128897      0.38871103
   37       2.72406234      0.31898441
   38       2.82538940      0.29365265
   39       2.67903791      0.33024052
   40       2.86205552      0.28448612
   41       2.68788098      0.32802976
   42       0.56161484      0.43838516
   43       2.78843867      0.30289033
   44       2.80309956      0.29922511
   45       2.74375089      0.31406228
   46       0.53005024      0.46994976
   47       2.80869593      0.29782602
   48       2.73429490      0.31642628
   49       0.57712387      0.42287613
   50       0.56483794      0.43516206
   51       2.72136479      0.31965880
   52       2.85123587      0.28719103
   53       2.80087165      0.29978209
   54       0.55625682      0.44374318
   55       2.83798847      0.29050288
   56       2.81951684      0.29512079
   57       2.70699658      0.32325086
   58       0.53641516      0.46358484
   59       2.81460935      0.29634766
   60       0.58523372      0.41476628
   61       0.55915232      0.44084768
   62       0.55576283      0.44423717
   63       2.70527645      0.32368089
   64       2.82138936      0.29465266
   65       0.56729513      0.43270487
   66       2.83908200      0.29022950
   67       2.76737478      0.30815630
   68       0.56996550      0.43003450
   69       2.77602036      0.30599491
   70       0.54157687      0.45842313
   71       0.57200009      0.42799991
   72       0.59073942      0.40926058

Nr. of electrons (up):    102.50000000
Atom populations (up)
 Atom       Population
    1       1.97147221
    2       2.09460205
    3       1.96764736
    4       2.11353795
    5       1.98276754
    6       0.45053339
    7       2.12412319
    8       2.13732736
    9       1.96636489
   10       0.44577482
   11       2.05204216
   12       1.97336125
   13       0.46663010
   14       0.46745808
   15       1.95319011
   16       2.10317259
   17       2.06439514
   18       0.45788014
   19       2.08171747
   20       2.13960523
   21       1.98365238
   22       0.45002998
   23       2.05737342
   24       0.47378226
   25       0.47807997
   26       0.46091448
   27       1.96888024
   28       2.07196989
   29       0.47679481
   30       2.09039186
   31       2.06190797
   32       0.45549876
   33       2.05753824
   34       0.45544114
   35       0.47973866
   36       0.47306239
   37       1.97080643
   38       2.09011779
   39       1.96978910
   40       2.12759081
   41       1.97215306
   42       0.44060265
   43       2.07802569
   44       2.08794387
   45       1.97657860
   46       0.42652815
   47       2.05048371
   48       1.98111192
   49       0.44647374
   50       0.44080522
   51       1.97217264
   52       2.11175651
   53       2.04606926
   54       0.44041640
   55       2.06219320
   56       2.08144909
   57       1.97341537
   58       0.43350923
   59       2.04364420
   60       0.45567088
   61       0.44880159
   62       0.43988682
   63       1.97522785
   64       2.06601914
   65       0.44852274
   66       2.05894751
   67       2.03553796
   68       0.45212171
   69       2.04235680
   70       0.43522775
   71       0.45012291
   72       0.45926028

l-shell populations (up)
 Atom Sh.   l       Population
    1   1   0       0.59236208
    1   2   1       1.37911013
    2   1   0       0.61672697
    2   2   1       1.47787508
    3   1   0       0.59529576
    3   2   1       1.37235160
    4   1   0       0.62234476
    4   2   1       1.49119319
    5   1   0       0.58911035
    5   2   1       1.39365719
    6   1   0       0.45053339
    7   1   0       0.61899266
    7   2   1       1.50513054
    8   1   0       0.62020911
    8   2   1       1.51711824
    9   1   0       0.58690646
    9   2   1       1.37945843
   10   1   0       0.44577482
   11   1   0       0.61552109
   11   2   1       1.43652107
   12   1   0       0.58796323
   12   2   1       1.38539802
   13   1   0       0.46663010
   14   1   0       0.46745808
   15   1   0       0.58340849
   15   2   1       1.36978162
   16   1   0       0.62076035
   16   2   1       1.48241223
   17   1   0       0.61369040
   17   2   1       1.45070473
   18   1   0       0.45788014
   19   1   0       0.61888216
   19   2   1       1.46283530
   20   1   0       0.62128652
   20   2   1       1.51831870
   21   1   0       0.59481245
   21   2   1       1.38883992
   22   1   0       0.45002998
   23   1   0       0.61562111
   23   2   1       1.44175230
   24   1   0       0.47378226
   25   1   0       0.47807997
   26   1   0       0.46091448
   27   1   0       0.59082512
   27   2   1       1.37805512
   28   1   0       0.62321634
   28   2   1       1.44875355
   29   1   0       0.47679481
   30   1   0       0.61837377
   30   2   1       1.47201809
   31   1   0       0.61329283
   31   2   1       1.44861514
   32   1   0       0.45549876
   33   1   0       0.60823906
   33   2   1       1.44929918
   34   1   0       0.45544114
   35   1   0       0.47973866
   36   1   0       0.47306239
   37   1   0       0.59052570
   37   2   1       1.38028073
   38   1   0       0.62656662
   38   2   1       1.46355118
   39   1   0       0.58119715
   39   2   1       1.38859194
   40   1   0       0.64017117
   40   2   1       1.48741965
   41   1   0       0.58967513
   41   2   1       1.38247793
   42   1   0       0.44060265
   43   1   0       0.61860448
   43   2   1       1.45942122
   44   1   0       0.63222644
   44   2   1       1.45571743
   45   1   0       0.59487455
   45   2   1       1.38170405
   46   1   0       0.42652815
   47   1   0       0.61966351
   47   2   1       1.43082020
   48   1   0       0.59752021
   48   2   1       1.38359171
   49   1   0       0.44647374
   50   1   0       0.44080522
   51   1   0       0.59210092
   51   2   1       1.38007172
   52   1   0       0.63030226
   52   2   1       1.48145425
   53   1   0       0.61798838
   53   2   1       1.42808088
   54   1   0       0.44041640
   55   1   0       0.62499911
   55   2   1       1.43719409
   56   1   0       0.62969654
   56   2   1       1.45175255
   57   1   0       0.59152841
   57   2   1       1.38188695
   58   1   0       0.43350923
   59   1   0       0.62228246
   59   2   1       1.42136174
   60   1   0       0.45567088
   61   1   0       0.44880159
   62   1   0       0.43988682
   63   1   0       0.59194212
   63   2   1       1.38328572
   64   1   0       0.61710730
   64   2   1       1.44891184
   65   1   0       0.44852274
   66   1   0       0.62553420
   66   2   1       1.43341331
   67   1   0       0.60957313
   67   2   1       1.42596483
   68   1   0       0.45212171
   69   1   0       0.61118081
   69   2   1       1.43117599
   70   1   0       0.43522775
   71   1   0       0.45012291
   72   1   0       0.45926028

Orbital populations (up)
 Atom Sh.   l   m       Population  Label
    1   1   0   0       0.59236208  s
    1   2   1  -1       0.46781155  p_y
    1   2   1   0       0.45925729  p_z
    1   2   1   1       0.45204130  p_x
    2   1   0   0       0.61672697  s
    2   2   1  -1       0.51460629  p_y
    2   2   1   0       0.48057449  p_z
    2   2   1   1       0.48269430  p_x
    3   1   0   0       0.59529576  s
    3   2   1  -1       0.46991523  p_y
    3   2   1   0       0.44635608  p_z
    3   2   1   1       0.45608029  p_x
    4   1   0   0       0.62234476  s
    4   2   1  -1       0.53015295  p_y
    4   2   1   0       0.47505943  p_z
    4   2   1   1       0.48598081  p_x
    5   1   0   0       0.58911035  s
    5   2   1  -1       0.48535408  p_y
    5   2   1   0       0.45797343  p_z
    5   2   1   1       0.45032969  p_x
    6   1   0   0       0.45053339  s
    7   1   0   0       0.61899266  s
    7   2   1  -1       0.54709557  p_y
    7   2   1   0       0.47329434  p_z
    7   2   1   1       0.48474064  p_x
    8   1   0   0       0.62020911  s
    8   2   1  -1       0.54523413  p_y
    8   2   1   0       0.48688592  p_z
    8   2   1   1       0.48499818  p_x
    9   1   0   0       0.58690646  s
    9   2   1  -1       0.46988659  p_y
    9   2   1   0       0.45173630  p_z
    9   2   1   1       0.45783553  p_x
   10   1   0   0       0.44577482  s
   11   1   0   0       0.61552109  s
   11   2   1  -1       0.49860375  p_y
   11   2   1   0       0.45987305  p_z
   11   2   1   1       0.47804427  p_x
   12   1   0   0       0.58796323  s
   12   2   1  -1       0.48641334  p_y
   12   2   1   0       0.44623165  p_z
   12   2   1   1       0.45275303  p_x
   13   1   0   0       0.46663010  s
   14   1   0   0       0.46745808  s
   15   1   0   0       0.58340849  s
   15   2   1  -1       0.46267923  p_y
   15   2   1   0       0.44841032  p_z
   15   2   1   1       0.45869206  p_x
   16   1   0   0       0.62076035  s
   16   2   1  -1       0.52625246  p_y
   16   2   1   0       0.46315858  p_z
   16   2   1   1       0.49300120  p_x
   17   1   0   0       0.61369040  s
   17   2   1  -1       0.51270996  p_y
   17   2   1   0       0.47223260  p_z
   17   2   1   1       0.46576218  p_x
   18   1   0   0       0.45788014  s
   19   1   0   0       0.61888216  s
   19   2   1  -1       0.50683943  p_y
   19   2   1   0       0.47920740  p_z
   19   2   1   1       0.47678847  p_x
   20   1   0   0       0.62128652  s
   20   2   1  -1       0.55426568  p_y
   20   2   1   0       0.48650189  p_z
   20   2   1   1       0.47755113  p_x
   21   1   0   0       0.59481245  s
   21   2   1  -1       0.46974616  p_y
   21   2   1   0       0.46025932  p_z
   21   2   1   1       0.45883445  p_x
   22   1   0   0       0.45002998  s
   23   1   0   0       0.61562111  s
   23   2   1  -1       0.50020635  p_y
   23   2   1   0       0.47569637  p_z
   23   2   1   1       0.46584959  p_x
   24   1   0   0       0.47378226  s
   25   1   0   0       0.47807997  s
   26   1   0   0       0.46091448  s
   27   1   0   0       0.59082512  s
   27   2   1  -1       0.47119803  p_y
   27   2   1   0       0.46051009  p_z
   27   2   1   1       0.44634701  p_x
   28   1   0   0       0.62321634  s
   28   2   1  -1       0.50299146  p_y
   28   2   1   0       0.48042458  p_z
   28   2   1   1       0.46533751  p_x
   29   1   0   0       0.47679481  s
   30   1   0   0       0.61837377  s
   30   2   1  -1       0.51329470  p_y
   30   2   1   0       0.47555989  p_z
   30   2   1   1       0.48316349  p_x
   31   1   0   0       0.61329283  s
   31   2   1  -1       0.50005742  p_y
   31   2   1   0       0.47050291  p_z
   31   2   1   1       0.47805481  p_x
   32   1   0   0       0.45549876  s
   33   1   0   0       0.60823906  s
   33   2   1  -1       0.50302160  p_y
   33   2   1   0       0.47426561  p_z
   33   2   1   1       0.47201197  p_x
   34   1   0   0       0.45544114  s
   35   1   0   0       0.47973866  s
   36   1   0   0       0.47306239  s
   37   1   0   0       0.59052570  s
   37   2   1  -1       0.48304055  p_y
   37   2   1   0       0.44395117  p_z
   37   2   1   1       0.45328900  p_x
   38   1   0   0       0.62656662  s
   38   2   1  -1       0.51422645  p_y
   38   2   1   0       0.46675402  p_z
   38   2   1   1       0.48257071  p_x
   39   1   0   0       0.58119715  s
   39   2   1  -1       0.47742705  p_y
   39   2   1   0       0.44999625  p_z
   39   2   1   1       0.46116865  p_x
   40   1   0   0       0.64017117  s
   40   2   1  -1       0.51494630  p_y
   40   2   1   0       0.46466499  p_z
   40   2   1   1       0.50780836  p_x
   41   1   0   0       0.58967513  s
   41   2   1  -1       0.46839593  p_y
   41   2   1   0       0.45557063  p_z
   41   2   1   1       0.45851137  p_x
   42   1   0   0       0.44060265  s
   43   1   0   0       0.61860448  s
   43   2   1  -1       0.50523741  p_y
   43   2   1   0       0.45791757  p_z
   43   2   1   1       0.49626623  p_x
   44   1   0   0       0.63222644  s
   44   2   1  -1       0.50140163  p_y
   44   2   1   0       0.46605553  p_z
   44   2   1   1       0.48826027  p_x
   45   1   0   0       0.59487455  s
   45   2   1  -1       0.47703070  p_y
   45   2   1   0       0.44772731  p_z
   45   2   1   1       0.45694604  p_x
   46   1   0   0       0.42652815  s
   47   1   0   0       0.61966351  s
   47   2   1  -1       0.48815889  p_y
   47   2   1   0       0.46246571  p_z
   47   2   1   1       0.48019561  p_x
   48   1   0   0       0.59752021  s
   48   2   1  -1       0.48077539  p_y
   48   2   1   0       0.44584147  p_z
   48   2   1   1       0.45697485  p_x
   49   1   0   0       0.44647374  s
   50   1   0   0       0.44080522  s
   51   1   0   0       0.59210092  s
   51   2   1  -1       0.46677907  p_y
   51   2   1   0       0.44718039  p_z
   51   2   1   1       0.46611226  p_x
   52   1   0   0       0.63030226  s
   52   2   1  -1       0.51730706  p_y
   52   2   1   0       0.46376342  p_z
   52   2   1   1       0.50038377  p_x
   53   1   0   0       0.61798838  s
   53   2   1  -1       0.48900672  p_y
   53   2   1   0       0.46429789  p_z
   53   2   1   1       0.47477627  p_x
   54   1   0   0       0.44041640  s
   55   1   0   0       0.62499911  s
   55   2   1  -1       0.50125997  p_y
   55   2   1   0       0.45733810  p_z
   55   2   1   1       0.47859602  p_x
   56   1   0   0       0.62969654  s
   56   2   1  -1       0.49686073  p_y
   56   2   1   0       0.47049959  p_z
   56   2   1   1       0.48439224  p_x
   57   1   0   0       0.59152841  s
   57   2   1  -1       0.47375922  p_y
   57   2   1   0       0.45018383  p_z
   57   2   1   1       0.45794391  p_x
   58   1   0   0       0.43350923  s
   59   1   0   0       0.62228246  s
   59   2   1  -1       0.48352227  p_y
   59   2   1   0       0.47433003  p_z
   59   2   1   1       0.46350945  p_x
   60   1   0   0       0.45567088  s
   61   1   0   0       0.44880159  s
   62   1   0   0       0.43988682  s
   63   1   0   0       0.59194212  s
   63   2   1  -1       0.47345547  p_y
   63   2   1   0       0.45891819  p_z
   63   2   1   1       0.45091206  p_x
   64   1   0   0       0.61710730  s
   64   2   1  -1       0.51053279  p_y
   64   2   1   0       0.46381721  p_z
   64   2   1   1       0.47456185  p_x
   65   1   0   0       0.44852274  s
   66   1   0   0       0.62553420  s
   66   2   1  -1       0.49198424  p_y
   66   2   1   0       0.46879290  p_z
   66   2   1   1       0.47263617  p_x
   67   1   0   0       0.60957313  s
   67   2   1  -1       0.48601647  p_y
   67   2   1   0       0.47728121  p_z
   67   2   1   1       0.46266715  p_x
   68   1   0   0       0.45212171  s
   69   1   0   0       0.61118081  s
   69   2   1  -1       0.49461787  p_y
   69   2   1   0       0.46691361  p_z
   69   2   1   1       0.46964451  p_x
   70   1   0   0       0.43522775  s
   71   1   0   0       0.45012291  s
   72   1   0   0       0.45926028  s

Nr. of electrons (down):    101.50000000
Atom populations (down)
 Atom       Population
    1       1.97183620
    2       2.09258570
    3       1.96790694
    4       2.11059826
    5       1.98280718
    6       0.45064389
    7       2.12235264
    8       2.13482122
    9       1.96673336
   10       0.44593212
   11       2.05119657
   12       1.97323740
   13       0.46672003
   14       0.46760443
   15       1.95344581
   16       2.10090972
   17       2.06411938
   18       0.45792844
   19       2.08102843
   20       2.13721439
   21       1.98368932
   22       0.45015291
   23       2.05675961
   24       0.47379487
   25       0.47811872
   26       0.46105712
   27       1.96877440
   28       2.07086236
   29       0.47682800
   30       2.08938704
   31       2.06143844
   32       0.45555087
   33       2.05692202
   34       0.45549300
   35       0.47976554
   36       0.47309376
   37       1.99229867
   38       1.97121099
   39       1.98646317
   40       1.93813987
   41       1.96417289
   42       0.44744543
   43       1.96378654
   44       1.93305131
   45       2.00045040
   46       0.43709441
   47       2.01825200
   48       1.97559715
   49       0.45299989
   50       0.44968265
   51       1.98997271
   52       1.97123726
   53       2.01485883
   54       0.44212674
   55       2.01721655
   56       1.96231351
   57       1.97580909
   58       0.44097755
   59       2.02184461
   60       0.45723630
   61       0.45113352
   62       0.44513294
   63       1.96876738
   64       2.01600563
   65       0.44967794
   66       2.01801169
   67       2.02028673
   68       0.45486599
   69       2.01113501
   70       0.43758902
   71       0.45087536
   72       0.46097018

l-shell populations (down)
 Atom Sh.   l       Population
    1   1   0       0.59243594
    1   2   1       1.37940026
    2   1   0       0.61663231
    2   2   1       1.47595339
    3   1   0       0.59535641
    3   2   1       1.37255053
    4   1   0       0.62220333
    4   2   1       1.48839493
    5   1   0       0.58914763
    5   2   1       1.39365955
    6   1   0       0.45064389
    7   1   0       0.61888217
    7   2   1       1.50347047
    8   1   0       0.62002759
    8   2   1       1.51479363
    9   1   0       0.58698327
    9   2   1       1.37975010
   10   1   0       0.44593212
   11   1   0       0.61548626
   11   2   1       1.43571031
   12   1   0       0.58798861
   12   2   1       1.38524879
   13   1   0       0.46672003
   14   1   0       0.46760443
   15   1   0       0.58347331
   15   2   1       1.36997250
   16   1   0       0.62065421
   16   2   1       1.48025551
   17   1   0       0.61369590
   17   2   1       1.45042348
   18   1   0       0.45792844
   19   1   0       0.61885283
   19   2   1       1.46217560
   20   1   0       0.62110379
   20   2   1       1.51611060
   21   1   0       0.59485187
   21   2   1       1.38883745
   22   1   0       0.45015291
   23   1   0       0.61560561
   23   2   1       1.44115401
   24   1   0       0.47379487
   25   1   0       0.47811872
   26   1   0       0.46105712
   27   1   0       0.59085990
   27   2   1       1.37791450
   28   1   0       0.62315903
   28   2   1       1.44770333
   29   1   0       0.47682800
   30   1   0       0.61833573
   30   2   1       1.47105131
   31   1   0       0.61329198
   31   2   1       1.44814645
   32   1   0       0.45555087
   33   1   0       0.60822924
   33   2   1       1.44869278
   34   1   0       0.45549300
   35   1   0       0.47976554
   36   1   0       0.47309376
   37   1   0       0.59484430
   37   2   1       1.39745438
   38   1   0       0.62111141
   38   2   1       1.35009958
   39   1   0       0.58477154
   39   2   1       1.40169163
   40   1   0       0.63096306
   40   2   1       1.30717681
   41   1   0       0.59125024
   41   2   1       1.37292265
   42   1   0       0.44744543
   43   1   0       0.61337935
   43   2   1       1.35040719
   44   1   0       0.62475879
   44   2   1       1.30829252
   45   1   0       0.59971684
   45   2   1       1.40073356
   46   1   0       0.43709441
   47   1   0       0.61856885
   47   2   1       1.39968315
   48   1   0       0.59943977
   48   2   1       1.37615738
   49   1   0       0.45299989
   50   1   0       0.44968265
   51   1   0       0.59590774
   51   2   1       1.39406497
   52   1   0       0.62373148
   52   2   1       1.34750578
   53   1   0       0.61720332
   53   2   1       1.39765551
   54   1   0       0.44212674
   55   1   0       0.62330009
   55   2   1       1.39391646
   56   1   0       0.62353110
   56   2   1       1.33878241
   57   1   0       0.59414639
   57   2   1       1.38166270
   58   1   0       0.44097755
   59   1   0       0.62227747
   59   2   1       1.39956714
   60   1   0       0.45723630
   61   1   0       0.45113352
   62   1   0       0.44513294
   63   1   0       0.59342458
   63   2   1       1.37534279
   64   1   0       0.61504301
   64   2   1       1.40096262
   65   1   0       0.44967794
   66   1   0       0.62406948
   66   2   1       1.39394221
   67   1   0       0.60994112
   67   2   1       1.41034561
   68   1   0       0.45486599
   69   1   0       0.61050265
   69   2   1       1.40063236
   70   1   0       0.43758902
   71   1   0       0.45087536
   72   1   0       0.46097018

Orbital populations (down)
 Atom Sh.   l   m       Population  Label
    1   1   0   0       0.59243594  s
    1   2   1  -1       0.46793256  p_y
    1   2   1   0       0.45936932  p_z
    1   2   1   1       0.45209838  p_x
    2   1   0   0       0.61663231  s
    2   2   1  -1       0.51342220  p_y
    2   2   1   0       0.48016825  p_z
    2   2   1   1       0.48236294  p_x
    3   1   0   0       0.59535641  s
    3   2   1  -1       0.47000065  p_y
    3   2   1   0       0.44643052  p_z
    3   2   1   1       0.45611937  p_x
    4   1   0   0       0.62220333  s
    4   2   1  -1       0.52841710  p_y
    4   2   1   0       0.47449395  p_z
    4   2   1   1       0.48548388  p_x
    5   1   0   0       0.58914763  s
    5   2   1  -1       0.48531949  p_y
    5   2   1   0       0.45800195  p_z
    5   2   1   1       0.45033811  p_x
    6   1   0   0       0.45064389  s
    7   1   0   0       0.61888217  s
    7   2   1  -1       0.54609030  p_y
    7   2   1   0       0.47310576  p_z
    7   2   1   1       0.48427441  p_x
    8   1   0   0       0.62002759  s
    8   2   1  -1       0.54410828  p_y
    8   2   1   0       0.48647294  p_z
    8   2   1   1       0.48421241  p_x
    9   1   0   0       0.58698327  s
    9   2   1  -1       0.47000121  p_y
    9   2   1   0       0.45184094  p_z
    9   2   1   1       0.45790794  p_x
   10   1   0   0       0.44593212  s
   11   1   0   0       0.61548626  s
   11   2   1  -1       0.49803445  p_y
   11   2   1   0       0.45980672  p_z
   11   2   1   1       0.47786914  p_x
   12   1   0   0       0.58798861  s
   12   2   1  -1       0.48624391  p_y
   12   2   1   0       0.44625114  p_z
   12   2   1   1       0.45275374  p_x
   13   1   0   0       0.46672003  s
   14   1   0   0       0.46760443  s
   15   1   0   0       0.58347331  s
   15   2   1  -1       0.46276195  p_y
   15   2   1   0       0.44848729  p_z
   15   2   1   1       0.45872326  p_x
   16   1   0   0       0.62065421  s
   16   2   1  -1       0.52483034  p_y
   16   2   1   0       0.46285374  p_z
   16   2   1   1       0.49257144  p_x
   17   1   0   0       0.61369590  s
   17   2   1  -1       0.51249225  p_y
   17   2   1   0       0.47220872  p_z
   17   2   1   1       0.46572251  p_x
   18   1   0   0       0.45792844  s
   19   1   0   0       0.61885283  s
   19   2   1  -1       0.50649406  p_y
   19   2   1   0       0.47907010  p_z
   19   2   1   1       0.47661144  p_x
   20   1   0   0       0.62110379  s
   20   2   1  -1       0.55314561  p_y
   20   2   1   0       0.48608184  p_z
   20   2   1   1       0.47688315  p_x
   21   1   0   0       0.59485187  s
   21   2   1  -1       0.46971457  p_y
   21   2   1   0       0.46028051  p_z
   21   2   1   1       0.45884236  p_x
   22   1   0   0       0.45015291  s
   23   1   0   0       0.61560561  s
   23   2   1  -1       0.49984412  p_y
   23   2   1   0       0.47557040  p_z
   23   2   1   1       0.46573949  p_x
   24   1   0   0       0.47379487  s
   25   1   0   0       0.47811872  s
   26   1   0   0       0.46105712  s
   27   1   0   0       0.59085990  s
   27   2   1  -1       0.47106383  p_y
   27   2   1   0       0.46050258  p_z
   27   2   1   1       0.44634809  p_x
   28   1   0   0       0.62315903  s
   28   2   1  -1       0.50233232  p_y
   28   2   1   0       0.48016095  p_z
   28   2   1   1       0.46521006  p_x
   29   1   0   0       0.47682800  s
   30   1   0   0       0.61833573  s
   30   2   1  -1       0.51269468  p_y
   30   2   1   0       0.47540364  p_z
   30   2   1   1       0.48295299  p_x
   31   1   0   0       0.61329198  s
   31   2   1  -1       0.49976274  p_y
   31   2   1   0       0.47039638  p_z
   31   2   1   1       0.47798733  p_x
   32   1   0   0       0.45555087  s
   33   1   0   0       0.60822924  s
   33   2   1  -1       0.50266012  p_y
   33   2   1   0       0.47416244  p_z
   33   2   1   1       0.47187022  p_x
   34   1   0   0       0.45549300  s
   35   1   0   0       0.47976554  s
   36   1   0   0       0.47309376  s
   37   1   0   0       0.59484430  s
   37   2   1  -1       0.49077987  p_y
   37   2   1   0       0.45000893  p_z
   37   2   1   1       0.45666558  p_x
   38   1   0   0       0.62111141  s
   38   2   1  -1       0.41821131  p_y
   38   2   1   0       0.46248947  p_z
   38   2   1   1       0.46939879  p_x
   39   1   0   0       0.58477154  s
   39   2   1  -1       0.48264382  p_y
   39   2   1   0       0.45426842  p_z
   39   2   1   1       0.46477938  p_x
   40   1   0   0       0.63096306  s
   40   2   1  -1       0.40628985  p_y
   40   2   1   0       0.45593423  p_z
   40   2   1   1       0.44495273  p_x
   41   1   0   0       0.59125024  s
   41   2   1  -1       0.45861686  p_y
   41   2   1   0       0.45643984  p_z
   41   2   1   1       0.45786595  p_x
   42   1   0   0       0.44744543  s
   43   1   0   0       0.61337935  s
   43   2   1  -1       0.43025822  p_y
   43   2   1   0       0.45376859  p_z
   43   2   1   1       0.46638037  p_x
   44   1   0   0       0.62475879  s
   44   2   1  -1       0.40572687  p_y
   44   2   1   0       0.45129721  p_z
   44   2   1   1       0.45126844  p_x
   45   1   0   0       0.59971684  s
   45   2   1  -1       0.48551082  p_y
   45   2   1   0       0.45333137  p_z
   45   2   1   1       0.46189138  p_x
   46   1   0   0       0.43709441  s
   47   1   0   0       0.61856885  s
   47   2   1  -1       0.46699693  p_y
   47   2   1   0       0.45962513  p_z
   47   2   1   1       0.47306109  p_x
   48   1   0   0       0.59943977  s
   48   2   1  -1       0.47396211  p_y
   48   2   1   0       0.44613470  p_z
   48   2   1   1       0.45606058  p_x
   49   1   0   0       0.45299989  s
   50   1   0   0       0.44968265  s
   51   1   0   0       0.59590774  s
   51   2   1  -1       0.47228654  p_y
   51   2   1   0       0.45241267  p_z
   51   2   1   1       0.46936575  p_x
   52   1   0   0       0.62373148  s
   52   2   1  -1       0.43576924  p_y
   52   2   1   0       0.45766035  p_z
   52   2   1   1       0.45407619  p_x
   53   1   0   0       0.61720332  s
   53   2   1  -1       0.46976916  p_y
   53   2   1   0       0.46354218  p_z
   53   2   1   1       0.46434417  p_x
   54   1   0   0       0.44212674  s
   55   1   0   0       0.62330009  s
   55   2   1  -1       0.46867580  p_y
   55   2   1   0       0.45279088  p_z
   55   2   1   1       0.47244977  p_x
   56   1   0   0       0.62353110  s
   56   2   1  -1       0.42487951  p_y
   56   2   1   0       0.46622686  p_z
   56   2   1   1       0.44767604  p_x
   57   1   0   0       0.59414639  s
   57   2   1  -1       0.46925682  p_y
   57   2   1   0       0.45226089  p_z
   57   2   1   1       0.46014500  p_x
   58   1   0   0       0.44097755  s
   59   1   0   0       0.62227747  s
   59   2   1  -1       0.46695676  p_y
   59   2   1   0       0.47373391  p_z
   59   2   1   1       0.45887647  p_x
   60   1   0   0       0.45723630  s
   61   1   0   0       0.45113352  s
   62   1   0   0       0.44513294  s
   63   1   0   0       0.59342458  s
   63   2   1  -1       0.46282349  p_y
   63   2   1   0       0.46152507  p_z
   63   2   1   1       0.45099423  p_x
   64   1   0   0       0.61504301  s
   64   2   1  -1       0.47118795  p_y
   64   2   1   0       0.46096297  p_z
   64   2   1   1       0.46881171  p_x
   65   1   0   0       0.44967794  s
   66   1   0   0       0.62406948  s
   66   2   1  -1       0.45974532  p_y
   66   2   1   0       0.46786167  p_z
   66   2   1   1       0.46633521  p_x
   67   1   0   0       0.60994112  s
   67   2   1  -1       0.47155460  p_y
   67   2   1   0       0.47701048  p_z
   67   2   1   1       0.46178053  p_x
   68   1   0   0       0.45486599  s
   69   1   0   0       0.61050265  s
   69   2   1  -1       0.46857648  p_y
   69   2   1   0       0.46659461  p_z
   69   2   1   1       0.46546126  p_x
   70   1   0   0       0.43758902  s
   71   1   0   0       0.45087536  s
   72   1   0   0       0.46097018  s

Spin  up
Fermi level:                        -0.0634731442 H           -1.7272 eV
Band energy:                       -32.2822693562 H         -878.4452 eV
TS:                                  0.0000000069 H            0.0000 eV
Band free energy (E-TS):           -32.2822693631 H         -878.4452 eV
Extrapolated E(0K):                -32.2822693596 H         -878.4452 eV
Input / Output electrons (up):    102.5000000000    102.5000000000

Spin  down
Fermi level:                        -0.0634603642 H           -1.7268 eV
Band energy:                       -32.1207493982 H         -874.0501 eV
TS:                                  0.0000000069 H            0.0000 eV
Band free energy (E-TS):           -32.1207494051 H         -874.0501 eV
Extrapolated E(0K):                -32.1207494017 H         -874.0501 eV
Input / Output electrons (down):    101.5000000000    101.5000000000

Energy H0:                         -86.3549333307 H        -2349.8373 eV
