 Fermi distribution function

Calculation with static geometry


********************************************************************************
 iSCC Total electronic   Diff electronic      SCC error    
   15   -0.86320752E+02   -0.40549594E-07    0.48032385E-05
********************************************************************************

 Total charge:     1.00000000

 Atomic gross charges (e)
 Atom           Charge
    1       0.03569291
    2      -0.09974220
    3       0.04721387
    4      -0.09927377
    5       0.04166159
    6       0.10627914
    7      -0.18603340
    8      -0.17464801
    9       0.03262512
   10       0.11405096
   11      -0.06310959
   12       0.04874204
   13       0.08496228
   14       0.07658559
   15       0.04625410
   16      -0.10528285
   17      -0.10352650
   18       0.10166113
   19      -0.13358458
   20      -0.18360579
   21       0.03788469
   22       0.10307509
   23      -0.08289793
   24       0.08730561
   25       0.08287577
   26       0.09001746
   27       0.05557638
   28      -0.08498783
   29       0.08072325
   30      -0.12422258
   31      -0.09163662
   32       0.09331374
   33      -0.06722070
   34       0.07377260
   35       0.09080898
   36       0.06862370
   37       0.02464341
   38      -0.04868373
   39       0.02692117
   40      -0.04049213
   41       0.04223983
   42       0.12248018
   43      -0.08804470
   44      -0.05415892
   45       0.02490379
   46       0.12648068
   47      -0.05607809
   48       0.04212910
   49       0.12436392
   50       0.12379416
   51       0.02792314
   52      -0.05764437
   53      -0.05480960
   54       0.12789152
   55      -0.09251639
   56      -0.06318161
   57       0.04482371
   58       0.11731783
   59      -0.05207514
   60       0.10472287
   61       0.09184415
   62       0.11871214
   63       0.04974378
   64      -0.07191740
   65       0.09880732
   66      -0.07651698
   67      -0.05362728
   68       0.10448059
   69      -0.05975745
   70       0.11985604
   71       0.10965080
   72       0.09584000


 Atomic net (on-site) populations and hybridisation ratios
 Atom       Population         Hybrid.
    1       2.71113094      0.32221726
    2       2.86176528      0.28455868
    3       2.70999625      0.32250094
    4       2.86094358      0.28476411
    5       2.70170620      0.32457345
    6       0.56879675      0.43120325
    7       2.94914702      0.26271324
    8       2.94322313      0.26419422
    9       2.71492769      0.32126808
   10       0.55870316      0.44129684
   11       2.79842580      0.30039355
   12       2.71946862      0.32013285
   13       0.57640216      0.42359784
   14       0.59348900      0.40651100
   15       2.70651158      0.32337210
   16       2.86933968      0.28266508
   17       2.82275521      0.29431120
   18       0.57516224      0.42483776
   19       2.86850647      0.28287338
   20       2.93922923      0.26519269
   21       2.71612315      0.32096921
   22       0.56998572      0.43001428
   23       2.82406756      0.29398311
   24       0.57693372      0.42306628
   25       0.57997785      0.42002215
   26       0.56960033      0.43039967
   27       2.69757723      0.32560569
   28       2.83446155      0.29138461
   29       0.59115581      0.40884419
   30       2.86637175      0.28340706
   31       2.81284931      0.29678767
   32       0.57759397      0.42240603
   33       2.80013688      0.29996578
   34       0.59709097      0.40290903
   35       0.57541673      0.42458327
   36       0.60593450      0.39406550
   37       2.72152342      0.31961914
   38       2.79805781      0.30048555
   39       2.72577696      0.31855576
   40       2.80130418      0.29967396
   41       2.71305278      0.32173680
   42       0.54459045      0.45540955
   43       2.83093668      0.29226583
   44       2.82395727      0.29401068
   45       2.72262245      0.31934439
   46       0.53390695      0.46609305
   47       2.78735082      0.30316230
   48       2.71581737      0.32104566
   49       0.53112686      0.46887314
   50       0.54293790      0.45706210
   51       2.71264179      0.32183955
   52       2.81806652      0.29548337
   53       2.77754513      0.30561372
   54       0.53404998      0.46595002
   55       2.82098688      0.29475328
   56       2.82545330      0.29363668
   57       2.70127528      0.32468118
   58       0.55059705      0.44940295
   59       2.78467153      0.30383212
   60       0.56145802      0.43854198
   61       0.57223730      0.42776270
   62       0.55337538      0.44662462
   63       2.67960563      0.33009859
   64       2.80802621      0.29799345
   65       0.56767141      0.43232859
   66       2.84461826      0.28884544
   67       2.76096184      0.30975954
   68       0.56101376      0.43898624
   69       2.80609319      0.29847670
   70       0.55213314      0.44786686
   71       0.55358229      0.44641771
   72       0.57584839      0.42415161

Nr. of electrons (up):    102.00000000
Atom populations (up)
 Atom       Population
    1       1.98207017
    2       2.05037003
    3       1.97636131
    4       2.05027929
    5       1.97915603
    6       0.44683186
    7       2.09330640
    8       2.08768452
    9       1.98359937
   10       0.44293743
   11       2.03171637
   12       1.97569252
   13       0.45750286
   14       0.46168610
   15       1.97684500
   16       2.05312865
   17       2.05181321
   18       0.44915983
   19       2.06690395
   20       2.09205231
   21       1.98102135
   22       0.44843465
   23       2.04162392
   24       0.45634481
   25       0.45855420
   26       0.45497870
   27       1.97226965
   28       2.04268751
   29       0.45962947
   30       2.06219276
   31       2.04582361
   32       0.45333245
   33       2.03379610
   34       0.46311517
   35       0.45459589
   36       0.46567766
   37       1.97940411
   38       2.07821426
   39       1.97584307
   40       2.09356355
   41       1.98147435
   42       0.43581984
   43       2.10849158
   44       2.11844004
   45       1.97877526
   46       0.43289220
   47       2.04859354
   48       1.97932581
   49       0.43456845
   50       0.43304048
   51       1.97393143
   52       2.08805589
   53       2.04269746
   54       0.43496098
   55       2.06821967
   56       2.10446641
   57       1.97901495
   58       0.43806292
   59       2.03733825
   60       0.44680501
   61       0.45289028
   62       0.43649547
   63       1.97230438
   64       2.06088284
   65       0.44997407
   66       2.06771333
   67       2.03944416
   68       0.44638675
   69       2.04463160
   70       0.43837646
   71       0.44449807
   72       0.45122795

l-shell populations (up)
 Atom Sh.   l       Population
    1   1   0       0.59050389
    1   2   1       1.39156628
    2   1   0       0.62268776
    2   2   1       1.42768227
    3   1   0       0.59286449
    3   2   1       1.38349682
    4   1   0       0.62311419
    4   2   1       1.42716510
    5   1   0       0.58817606
    5   2   1       1.39097997
    6   1   0       0.44683186
    7   1   0       0.62244246
    7   2   1       1.47086393
    8   1   0       0.62306440
    8   2   1       1.46462012
    9   1   0       0.59047541
    9   2   1       1.39312396
   10   1   0       0.44293743
   11   1   0       0.61564695
   11   2   1       1.41606943
   12   1   0       0.59522575
   12   2   1       1.38046678
   13   1   0       0.45750286
   14   1   0       0.46168610
   15   1   0       0.59110618
   15   2   1       1.38573883
   16   1   0       0.62340866
   16   2   1       1.42971998
   17   1   0       0.61107944
   17   2   1       1.44073377
   18   1   0       0.44915983
   19   1   0       0.61689201
   19   2   1       1.45001194
   20   1   0       0.62007791
   20   2   1       1.47197440
   21   1   0       0.59173833
   21   2   1       1.38928301
   22   1   0       0.44843465
   23   1   0       0.61804283
   23   2   1       1.42358110
   24   1   0       0.45634481
   25   1   0       0.45855420
   26   1   0       0.45497870
   27   1   0       0.59040310
   27   2   1       1.38186655
   28   1   0       0.62001618
   28   2   1       1.42267133
   29   1   0       0.45962947
   30   1   0       0.61722071
   30   2   1       1.44497205
   31   1   0       0.61240632
   31   2   1       1.43341729
   32   1   0       0.45333245
   33   1   0       0.61411128
   33   2   1       1.41968483
   34   1   0       0.46311517
   35   1   0       0.45459589
   36   1   0       0.46567766
   37   1   0       0.58805459
   37   2   1       1.39134951
   38   1   0       0.62300921
   38   2   1       1.45520505
   39   1   0       0.58968239
   39   2   1       1.38616069
   40   1   0       0.62734514
   40   2   1       1.46621840
   41   1   0       0.59187375
   41   2   1       1.38960060
   42   1   0       0.43581984
   43   1   0       0.62216966
   43   2   1       1.48632192
   44   1   0       0.63075431
   44   2   1       1.48768574
   45   1   0       0.58766277
   45   2   1       1.39111249
   46   1   0       0.43289220
   47   1   0       0.61679883
   47   2   1       1.43179471
   48   1   0       0.59219456
   48   2   1       1.38713125
   49   1   0       0.43456845
   50   1   0       0.43304048
   51   1   0       0.58567162
   51   2   1       1.38825981
   52   1   0       0.62579838
   52   2   1       1.46225751
   53   1   0       0.61383010
   53   2   1       1.42886735
   54   1   0       0.43496098
   55   1   0       0.61499208
   55   2   1       1.45322760
   56   1   0       0.62657105
   56   2   1       1.47789536
   57   1   0       0.58749717
   57   2   1       1.39151779
   58   1   0       0.43806292
   59   1   0       0.61647886
   59   2   1       1.42085939
   60   1   0       0.44680501
   61   1   0       0.45289028
   62   1   0       0.43649547
   63   1   0       0.58316200
   63   2   1       1.38914239
   64   1   0       0.61677284
   64   2   1       1.44411000
   65   1   0       0.44997407
   66   1   0       0.62738013
   66   2   1       1.44033319
   67   1   0       0.61043550
   67   2   1       1.42900866
   68   1   0       0.44638675
   69   1   0       0.62003912
   69   2   1       1.42459248
   70   1   0       0.43837646
   71   1   0       0.44449807
   72   1   0       0.45122795

Orbital populations (up)
 Atom Sh.   l   m       Population  Label
    1   1   0   0       0.59050389  s
    1   2   1  -1       0.47728534  p_y
    1   2   1   0       0.45771061  p_z
    1   2   1   1       0.45657032  p_x
    2   1   0   0       0.62268776  s
    2   2   1  -1       0.48665696  p_y
    2   2   1   0       0.46231732  p_z
    2   2   1   1       0.47870799  p_x
    3   1   0   0       0.59286449  s
    3   2   1  -1       0.47452044  p_y
    3   2   1   0       0.45189614  p_z
    3   2   1   1       0.45708024  p_x
    4   1   0   0       0.62311419  s
    4   2   1  -1       0.48730165  p_y
    4   2   1   0       0.46264938  p_z
    4   2   1   1       0.47721408  p_x
    5   1   0   0       0.58817606  s
    5   2   1  -1       0.47595298  p_y
    5   2   1   0       0.45898183  p_z
    5   2   1   1       0.45604517  p_x
    6   1   0   0       0.44683186  s
    7   1   0   0       0.62244246  s
    7   2   1  -1       0.51849625  p_y
    7   2   1   0       0.46853892  p_z
    7   2   1   1       0.48382876  p_x
    8   1   0   0       0.62306440  s
    8   2   1  -1       0.51974547  p_y
    8   2   1   0       0.46978881  p_z
    8   2   1   1       0.47508584  p_x
    9   1   0   0       0.59047541  s
    9   2   1  -1       0.47914718  p_y
    9   2   1   0       0.45725315  p_z
    9   2   1   1       0.45672363  p_x
   10   1   0   0       0.44293743  s
   11   1   0   0       0.61564695  s
   11   2   1  -1       0.48193999  p_y
   11   2   1   0       0.46097121  p_z
   11   2   1   1       0.47315823  p_x
   12   1   0   0       0.59522575  s
   12   2   1  -1       0.47469631  p_y
   12   2   1   0       0.44596164  p_z
   12   2   1   1       0.45980883  p_x
   13   1   0   0       0.45750286  s
   14   1   0   0       0.46168610  s
   15   1   0   0       0.59110618  s
   15   2   1  -1       0.47612513  p_y
   15   2   1   0       0.45348411  p_z
   15   2   1   1       0.45612959  p_x
   16   1   0   0       0.62340866  s
   16   2   1  -1       0.48760192  p_y
   16   2   1   0       0.46264662  p_z
   16   2   1   1       0.47947144  p_x
   17   1   0   0       0.61107944  s
   17   2   1  -1       0.49494130  p_y
   17   2   1   0       0.47477972  p_z
   17   2   1   1       0.47101275  p_x
   18   1   0   0       0.44915983  s
   19   1   0   0       0.61689201  s
   19   2   1  -1       0.50537306  p_y
   19   2   1   0       0.46497331  p_z
   19   2   1   1       0.47966558  p_x
   20   1   0   0       0.62007791  s
   20   2   1  -1       0.51914280  p_y
   20   2   1   0       0.47195988  p_z
   20   2   1   1       0.48087173  p_x
   21   1   0   0       0.59173833  s
   21   2   1  -1       0.47778937  p_y
   21   2   1   0       0.45343281  p_z
   21   2   1   1       0.45806084  p_x
   22   1   0   0       0.44843465  s
   23   1   0   0       0.61804283  s
   23   2   1  -1       0.48775297  p_y
   23   2   1   0       0.46937662  p_z
   23   2   1   1       0.46645151  p_x
   24   1   0   0       0.45634481  s
   25   1   0   0       0.45855420  s
   26   1   0   0       0.45497870  s
   27   1   0   0       0.59040310  s
   27   2   1  -1       0.47390322  p_y
   27   2   1   0       0.44636820  p_z
   27   2   1   1       0.46159513  p_x
   28   1   0   0       0.62001618  s
   28   2   1  -1       0.48724128  p_y
   28   2   1   0       0.45948764  p_z
   28   2   1   1       0.47594242  p_x
   29   1   0   0       0.45962947  s
   30   1   0   0       0.61722071  s
   30   2   1  -1       0.50398362  p_y
   30   2   1   0       0.46309750  p_z
   30   2   1   1       0.47789093  p_x
   31   1   0   0       0.61240632  s
   31   2   1  -1       0.48745070  p_y
   31   2   1   0       0.47577694  p_z
   31   2   1   1       0.47018965  p_x
   32   1   0   0       0.45333245  s
   33   1   0   0       0.61411128  s
   33   2   1  -1       0.48192331  p_y
   33   2   1   0       0.46829621  p_z
   33   2   1   1       0.46946531  p_x
   34   1   0   0       0.46311517  s
   35   1   0   0       0.45459589  s
   36   1   0   0       0.46567766  s
   37   1   0   0       0.58805459  s
   37   2   1  -1       0.48094577  p_y
   37   2   1   0       0.45158617  p_z
   37   2   1   1       0.45881757  p_x
   38   1   0   0       0.62300921  s
   38   2   1  -1       0.49812571  p_y
   38   2   1   0       0.47028509  p_z
   38   2   1   1       0.48679426  p_x
   39   1   0   0       0.58968239  s
   39   2   1  -1       0.47807743  p_y
   39   2   1   0       0.45057713  p_z
   39   2   1   1       0.45750613  p_x
   40   1   0   0       0.62734514  s
   40   2   1  -1       0.50581385  p_y
   40   2   1   0       0.46971425  p_z
   40   2   1   1       0.49069030  p_x
   41   1   0   0       0.59187375  s
   41   2   1  -1       0.47782980  p_y
   41   2   1   0       0.45390696  p_z
   41   2   1   1       0.45786385  p_x
   42   1   0   0       0.43581984  s
   43   1   0   0       0.62216966  s
   43   2   1  -1       0.52220742  p_y
   43   2   1   0       0.46865218  p_z
   43   2   1   1       0.49546232  p_x
   44   1   0   0       0.63075431  s
   44   2   1  -1       0.52660361  p_y
   44   2   1   0       0.46827675  p_z
   44   2   1   1       0.49280538  p_x
   45   1   0   0       0.58766277  s
   45   2   1  -1       0.47910900  p_y
   45   2   1   0       0.45310465  p_z
   45   2   1   1       0.45889883  p_x
   46   1   0   0       0.43289220  s
   47   1   0   0       0.61679883  s
   47   2   1  -1       0.48500833  p_y
   47   2   1   0       0.46667210  p_z
   47   2   1   1       0.48011428  p_x
   48   1   0   0       0.59219456  s
   48   2   1  -1       0.47321237  p_y
   48   2   1   0       0.45474040  p_z
   48   2   1   1       0.45917848  p_x
   49   1   0   0       0.43456845  s
   50   1   0   0       0.43304048  s
   51   1   0   0       0.58567162  s
   51   2   1  -1       0.47924490  p_y
   51   2   1   0       0.44776116  p_z
   51   2   1   1       0.46125375  p_x
   52   1   0   0       0.62579838  s
   52   2   1  -1       0.50846278  p_y
   52   2   1   0       0.46608379  p_z
   52   2   1   1       0.48771094  p_x
   53   1   0   0       0.61383010  s
   53   2   1  -1       0.48960669  p_y
   53   2   1   0       0.46996617  p_z
   53   2   1   1       0.46929450  p_x
   54   1   0   0       0.43496098  s
   55   1   0   0       0.61499208  s
   55   2   1  -1       0.50249866  p_y
   55   2   1   0       0.46532248  p_z
   55   2   1   1       0.48540646  p_x
   56   1   0   0       0.62657105  s
   56   2   1  -1       0.51682896  p_y
   56   2   1   0       0.46912953  p_z
   56   2   1   1       0.49193687  p_x
   57   1   0   0       0.58749717  s
   57   2   1  -1       0.47940950  p_y
   57   2   1   0       0.45110911  p_z
   57   2   1   1       0.46099918  p_x
   58   1   0   0       0.43806292  s
   59   1   0   0       0.61647886  s
   59   2   1  -1       0.48118117  p_y
   59   2   1   0       0.47670959  p_z
   59   2   1   1       0.46296863  p_x
   60   1   0   0       0.44680501  s
   61   1   0   0       0.45289028  s
   62   1   0   0       0.43649547  s
   63   1   0   0       0.58316200  s
   63   2   1  -1       0.47625690  p_y
   63   2   1   0       0.45150352  p_z
   63   2   1   1       0.46138197  p_x
   64   1   0   0       0.61677284  s
   64   2   1  -1       0.50118577  p_y
   64   2   1   0       0.46157314  p_z
   64   2   1   1       0.48135109  p_x
   65   1   0   0       0.44997407  s
   66   1   0   0       0.62738013  s
   66   2   1  -1       0.49494586  p_y
   66   2   1   0       0.46268749  p_z
   66   2   1   1       0.48269984  p_x
   67   1   0   0       0.61043550  s
   67   2   1  -1       0.48331137  p_y
   67   2   1   0       0.48098984  p_z
   67   2   1   1       0.46470744  p_x
   68   1   0   0       0.44638675  s
   69   1   0   0       0.62003912  s
   69   2   1  -1       0.48928519  p_y
   69   2   1   0       0.46372884  p_z
   69   2   1   1       0.47157845  p_x
   70   1   0   0       0.43837646  s
   71   1   0   0       0.44449807  s
   72   1   0   0       0.45122795  s

Nr. of electrons (down):    101.00000000
Atom populations (down)
 Atom       Population
    1       1.98223692
    2       2.04937217
    3       1.97642482
    4       2.04899448
    5       1.97918238
    6       0.44688900
    7       2.09272701
    8       2.08696349
    9       1.98377550
   10       0.44301161
   11       2.03139322
   12       1.97556543
   13       0.45753487
   14       0.46172831
   15       1.97690089
   16       2.05215420
   17       2.05171329
   18       0.44917903
   19       2.06668062
   20       2.09155348
   21       1.98109396
   22       0.44849026
   23       2.04127401
   24       0.45634957
   25       0.45857003
   26       0.45500384
   27       1.97215396
   28       2.04230033
   29       0.45964728
   30       2.06202982
   31       2.04581301
   32       0.45335381
   33       2.03342460
   34       0.46311223
   35       0.45459512
   36       0.46569864
   37       1.99595249
   38       1.97046947
   39       1.99723576
   40       1.94692859
   41       1.97628582
   42       0.44169998
   43       1.97955312
   44       1.93571888
   45       1.99632096
   46       0.44062712
   47       2.00748455
   48       1.97854509
   49       0.44106762
   50       0.44316536
   51       1.99814543
   52       1.96958848
   53       2.01211214
   54       0.43714750
   55       2.02429671
   56       1.95871520
   57       1.97616134
   58       0.44461925
   59       2.01473688
   60       0.44847212
   61       0.45526557
   62       0.44479239
   63       1.97795184
   64       2.01103456
   65       0.45121861
   66       2.00880366
   67       2.01418312
   68       0.44913266
   69       2.01512585
   70       0.44176750
   71       0.44585113
   72       0.45293205

l-shell populations (down)
 Atom Sh.   l       Population
    1   1   0       0.59053828
    1   2   1       1.39169864
    2   1   0       0.62264078
    2   2   1       1.42673139
    3   1   0       0.59288161
    3   2   1       1.38354321
    4   1   0       0.62305252
    4   2   1       1.42594196
    5   1   0       0.58819508
    5   2   1       1.39098730
    6   1   0       0.44688900
    7   1   0       0.62241237
    7   2   1       1.47031464
    8   1   0       0.62302408
    8   2   1       1.46393941
    9   1   0       0.59050989
    9   2   1       1.39326562
   10   1   0       0.44301161
   11   1   0       0.61563348
   11   2   1       1.41575974
   12   1   0       0.59523039
   12   2   1       1.38033505
   13   1   0       0.45753487
   14   1   0       0.46172831
   15   1   0       0.59112100
   15   2   1       1.38577989
   16   1   0       0.62336233
   16   2   1       1.42879188
   17   1   0       0.61108312
   17   2   1       1.44063018
   18   1   0       0.44917903
   19   1   0       0.61687898
   19   2   1       1.44980164
   20   1   0       0.62005672
   20   2   1       1.47149677
   21   1   0       0.59175966
   21   2   1       1.38933430
   22   1   0       0.44849026
   23   1   0       0.61803098
   23   2   1       1.42324303
   24   1   0       0.45634957
   25   1   0       0.45857003
   26   1   0       0.45500384
   27   1   0       0.59040467
   27   2   1       1.38174930
   28   1   0       0.61999814
   28   2   1       1.42230218
   29   1   0       0.45964728
   30   1   0       0.61721443
   30   2   1       1.44481539
   31   1   0       0.61241533
   31   2   1       1.43339767
   32   1   0       0.45335381
   33   1   0       0.61409669
   33   2   1       1.41932791
   34   1   0       0.46311223
   35   1   0       0.45459512
   36   1   0       0.46569864
   37   1   0       0.59159399
   37   2   1       1.40435850
   38   1   0       0.61812501
   38   2   1       1.35234446
   39   1   0       0.59419543
   39   2   1       1.40304033
   40   1   0       0.62044939
   40   2   1       1.32647919
   41   1   0       0.59354912
   41   2   1       1.38273671
   42   1   0       0.44169998
   43   1   0       0.61621829
   43   2   1       1.36333484
   44   1   0       0.62203879
   44   2   1       1.31368009
   45   1   0       0.59126657
   45   2   1       1.40505439
   46   1   0       0.44062712
   47   1   0       0.61543146
   47   2   1       1.39205309
   48   1   0       0.59440926
   48   2   1       1.38413583
   49   1   0       0.44106762
   50   1   0       0.44316536
   51   1   0       0.59051353
   51   2   1       1.40763189
   52   1   0       0.62035177
   52   2   1       1.34923671
   53   1   0       0.61327717
   53   2   1       1.39883497
   54   1   0       0.43714750
   55   1   0       0.61334810
   55   2   1       1.41094862
   56   1   0       0.61974419
   56   2   1       1.33897101
   57   1   0       0.58937800
   57   2   1       1.38678333
   58   1   0       0.44461925
   59   1   0       0.61640993
   59   2   1       1.39832696
   60   1   0       0.44847212
   61   1   0       0.45526557
   62   1   0       0.44479239
   63   1   0       0.58594220
   63   2   1       1.39200963
   64   1   0       0.61490100
   64   2   1       1.39613356
   65   1   0       0.45121861
   66   1   0       0.62503807
   66   2   1       1.38376558
   67   1   0       0.61031053
   67   2   1       1.40387258
   68   1   0       0.44913266
   69   1   0       0.61977523
   69   2   1       1.39535062
   70   1   0       0.44176750
   71   1   0       0.44585113
   72   1   0       0.45293205

Orbital populations (down)
 Atom Sh.   l   m       Population  Label
    1   1   0   0       0.59053828  s
    1   2   1  -1       0.47734517  p_y
    1   2   1   0       0.45775665  p_z
    1   2   1   1       0.45659682  p_x
    2   1   0   0       0.62264078  s
    2   2   1  -1       0.48601950  p_y
    2   2   1   0       0.46216844  p_z
    2   2   1   1       0.47854346  p_x
    3   1   0   0       0.59288161  s
    3   2   1  -1       0.47454385  p_y
    3   2   1   0       0.45190751  p_z
    3   2   1   1       0.45709186  p_x
    4   1   0   0       0.62305252  s
    4   2   1  -1       0.48647263  p_y
    4   2   1   0       0.46246881  p_z
    4   2   1   1       0.47700052  p_x
    5   1   0   0       0.58819508  s
    5   2   1  -1       0.47594422  p_y
    5   2   1   0       0.45899899  p_z
    5   2   1   1       0.45604409  p_x
    6   1   0   0       0.44688900  s
    7   1   0   0       0.62241237  s
    7   2   1  -1       0.51825549  p_y
    7   2   1   0       0.46843138  p_z
    7   2   1   1       0.48362776  p_x
    8   1   0   0       0.62302408  s
    8   2   1  -1       0.51940286  p_y
    8   2   1   0       0.46965808  p_z
    8   2   1   1       0.47487847  p_x
    9   1   0   0       0.59050989  s
    9   2   1  -1       0.47920943  p_y
    9   2   1   0       0.45730111  p_z
    9   2   1   1       0.45675508  p_x
   10   1   0   0       0.44301161  s
   11   1   0   0       0.61563348  s
   11   2   1  -1       0.48171901  p_y
   11   2   1   0       0.46093060  p_z
   11   2   1   1       0.47311014  p_x
   12   1   0   0       0.59523039  s
   12   2   1  -1       0.47461837  p_y
   12   2   1   0       0.44592462  p_z
   12   2   1   1       0.45979205  p_x
   13   1   0   0       0.45753487  s
   14   1   0   0       0.46172831  s
   15   1   0   0       0.59112100  s
   15   2   1  -1       0.47613349  p_y
   15   2   1   0       0.45350856  p_z
   15   2   1   1       0.45613785  p_x
   16   1   0   0       0.62336233  s
   16   2   1  -1       0.48698345  p_y
   16   2   1   0       0.46249170  p_z
   16   2   1   1       0.47931673  p_x
   17   1   0   0       0.61108312  s
   17   2   1  -1       0.49484435  p_y
   17   2   1   0       0.47477147  p_z
   17   2   1   1       0.47101436  p_x
   18   1   0   0       0.44917903  s
   19   1   0   0       0.61687898  s
   19   2   1  -1       0.50534273  p_y
   19   2   1   0       0.46494667  p_z
   19   2   1   1       0.47951224  p_x
   20   1   0   0       0.62005672  s
   20   2   1  -1       0.51884688  p_y
   20   2   1   0       0.47186010  p_z
   20   2   1   1       0.48078979  p_x
   21   1   0   0       0.59175966  s
   21   2   1  -1       0.47779104  p_y
   21   2   1   0       0.45345845  p_z
   21   2   1   1       0.45808481  p_x
   22   1   0   0       0.44849026  s
   23   1   0   0       0.61803098  s
   23   2   1  -1       0.48750711  p_y
   23   2   1   0       0.46932072  p_z
   23   2   1   1       0.46641520  p_x
   24   1   0   0       0.45634957  s
   25   1   0   0       0.45857003  s
   26   1   0   0       0.45500384  s
   27   1   0   0       0.59040467  s
   27   2   1  -1       0.47380537  p_y
   27   2   1   0       0.44635728  p_z
   27   2   1   1       0.46158665  p_x
   28   1   0   0       0.61999814  s
   28   2   1  -1       0.48699036  p_y
   28   2   1   0       0.45943166  p_z
   28   2   1   1       0.47588016  p_x
   29   1   0   0       0.45964728  s
   30   1   0   0       0.61721443  s
   30   2   1  -1       0.50382585  p_y
   30   2   1   0       0.46309367  p_z
   30   2   1   1       0.47789587  p_x
   31   1   0   0       0.61241533  s
   31   2   1  -1       0.48743968  p_y
   31   2   1   0       0.47577440  p_z
   31   2   1   1       0.47018360  p_x
   32   1   0   0       0.45335381  s
   33   1   0   0       0.61409669  s
   33   2   1  -1       0.48172740  p_y
   33   2   1   0       0.46822521  p_z
   33   2   1   1       0.46937529  p_x
   34   1   0   0       0.46311223  s
   35   1   0   0       0.45459512  s
   36   1   0   0       0.46569864  s
   37   1   0   0       0.59159399  s
   37   2   1  -1       0.48673588  p_y
   37   2   1   0       0.45601272  p_z
   37   2   1   1       0.46160990  p_x
   38   1   0   0       0.61812501  s
   38   2   1  -1       0.42296256  p_y
   38   2   1   0       0.46585229  p_z
   38   2   1   1       0.46352962  p_x
   39   1   0   0       0.59419543  s
   39   2   1  -1       0.48575042  p_y
   39   2   1   0       0.45542048  p_z
   39   2   1   1       0.46186943  p_x
   40   1   0   0       0.62044939  s
   40   2   1  -1       0.40820913  p_y
   40   2   1   0       0.46242561  p_z
   40   2   1   1       0.45584445  p_x
   41   1   0   0       0.59354912  s
   41   2   1  -1       0.46990699  p_y
   41   2   1   0       0.45583374  p_z
   41   2   1   1       0.45699598  p_x
   42   1   0   0       0.44169998  s
   43   1   0   0       0.61621829  s
   43   2   1  -1       0.43382994  p_y
   43   2   1   0       0.46195620  p_z
   43   2   1   1       0.46754870  p_x
   44   1   0   0       0.62203879  s
   44   2   1  -1       0.39800174  p_y
   44   2   1   0       0.45828971  p_z
   44   2   1   1       0.45738863  p_x
   45   1   0   0       0.59126657  s
   45   2   1  -1       0.48559196  p_y
   45   2   1   0       0.45727614  p_z
   45   2   1   1       0.46218629  p_x
   46   1   0   0       0.44062712  s
   47   1   0   0       0.61543146  s
   47   2   1  -1       0.45475417  p_y
   47   2   1   0       0.46422282  p_z
   47   2   1   1       0.47307611  p_x
   48   1   0   0       0.59440926  s
   48   2   1  -1       0.46855069  p_y
   48   2   1   0       0.45594760  p_z
   48   2   1   1       0.45963755  p_x
   49   1   0   0       0.44106762  s
   50   1   0   0       0.44316536  s
   51   1   0   0       0.59051353  s
   51   2   1  -1       0.48841192  p_y
   51   2   1   0       0.45354566  p_z
   51   2   1   1       0.46567431  p_x
   52   1   0   0       0.62035177  s
   52   2   1  -1       0.42247553  p_y
   52   2   1   0       0.46086426  p_z
   52   2   1   1       0.46589692  p_x
   53   1   0   0       0.61327717  s
   53   2   1  -1       0.46735765  p_y
   53   2   1   0       0.46748497  p_z
   53   2   1   1       0.46399235  p_x
   54   1   0   0       0.43714750  s
   55   1   0   0       0.61334810  s
   55   2   1  -1       0.47418909  p_y
   55   2   1   0       0.46153755  p_z
   55   2   1   1       0.47522198  p_x
   56   1   0   0       0.61974419  s
   56   2   1  -1       0.42001909  p_y
   56   2   1   0       0.46276700  p_z
   56   2   1   1       0.45618492  p_x
   57   1   0   0       0.58937800  s
   57   2   1  -1       0.47311128  p_y
   57   2   1   0       0.45292476  p_z
   57   2   1   1       0.46074730  p_x
   58   1   0   0       0.44461925  s
   59   1   0   0       0.61640993  s
   59   2   1  -1       0.46463119  p_y
   59   2   1   0       0.47433425  p_z
   59   2   1   1       0.45936152  p_x
   60   1   0   0       0.44847212  s
   61   1   0   0       0.45526557  s
   62   1   0   0       0.44479239  s
   63   1   0   0       0.58594220  s
   63   2   1  -1       0.47498893  p_y
   63   2   1   0       0.45513986  p_z
   63   2   1   1       0.46188084  p_x
   64   1   0   0       0.61490100  s
   64   2   1  -1       0.46513635  p_y
   64   2   1   0       0.45992618  p_z
   64   2   1   1       0.47107103  p_x
   65   1   0   0       0.45121861  s
   66   1   0   0       0.62503807  s
   66   2   1  -1       0.45318908  p_y
   66   2   1   0       0.46109885  p_z
   66   2   1   1       0.46947765  p_x
   67   1   0   0       0.61031053  s
   67   2   1  -1       0.46384237  p_y
   67   2   1   0       0.48002974  p_z
   67   2   1   1       0.46000047  p_x
   68   1   0   0       0.44913266  s
   69   1   0   0       0.61977523  s
   69   2   1  -1       0.46595561  p_y
   69   2   1   0       0.46392481  p_z
   69   2   1   1       0.46547020  p_x
   70   1   0   0       0.44176750  s
   71   1   0   0       0.44585113  s
   72   1   0   0       0.45293205  s

Spin  up
Fermi level:                        -0.2207616815 H           -6.0072 eV
Band energy:                       -47.9547174634 H        -1304.9143 eV
TS:                                  0.0000000000 H            0.0000 eV
Band free energy (E-TS):           -47.9547174634 H        -1304.9143 eV
Extrapolated E(0K):                -47.9547174634 H        -1304.9143 eV
Input / Output electrons (up):    102.0000000004    102.0000000000

Spin  down
Fermi level:                        -0.2427376926 H           -6.6052 eV
Band energy:                       -47.6174839434 H        -1295.7377 eV
TS:                                  0.0000000000 H            0.0000 eV
Band free energy (E-TS):           -47.6174839434 H        -1295.7377 eV
Extrapolated E(0K):                -47.6174839434 H        -1295.7377 eV
Input / Output electrons (down):    100.9999999996    101.0000000000

Energy H0:                         -86.3437230827 H        -2349.5322 eV
Energy SCC:                          0.0244288575 H            0.6647 eV
Energy SPIN:                        -0.0015315965 H           -0.0417 eV
Energy 3rd:                          0.0000735238 H            0.0020 eV
Total Electronic energy:           -86.3207522978 H        -2348.9072 eV
Repulsive energy:                    0.7877672962 H           21.4362 eV
Total energy:                      -85.5329850016 H        -2327.4709 eV
Extrapolated to 0:                 -85.5329850016 H        -2327.4709 eV
Total Mermin free energy:          -85.5329850016 H        -2327.4709 eV
Force related energy:              -85.5329850016 H        -2327.4709 eV

Constraints converged

SCC converged

