            --------------------------------------------------------
                             AMBER SQM VERSION 19
 
                                     By
              Ross C. Walker, Michael F. Crowley, Scott Brozell,
                         Tim Giese, Andreas W. Goetz,
                        Tai-Sung Lee and David A. Case
 
            --------------------------------------------------------
 

--------------------------------------------------------------------------------
  QM CALCULATION INFO
--------------------------------------------------------------------------------

| QMMM: Citation for AMBER QMMM Run:
| QMMM: R.C. Walker, M.F. Crowley and D.A. Case, J. COMP. CHEM. 29:1019, 2008

QMMM: SINGLET STATE CALCULATION
QMMM: RHF CALCULATION, NO. OF DOUBLY OCCUPIED LEVELS = 51

| QMMM: *** Selected Hamiltonian *** 
| QMMM: AM1         

| QMMM: *** Parameter sets in use ***
| QMMM: C : M.J.S.DEWAR et al. JACS, 107, 3902, (1985)
| QMMM: H : M.J.S.DEWAR et al. JACS, 107, 3902, (1985)

| QMMM: *** SCF convergence criteria ***
| QMMM: Energy change                :  0.1D-09 kcal/mol
| QMMM: Error matrix |FP-PF|         :  0.1D+00 au
| QMMM: Density matrix change        :  0.5D-06
| QMMM: Maximum number of SCF cycles :     1000

| QMMM: *** Diagonalization Routine Information ***
| QMMM: Pseudo diagonalizations are allowed.
| QMMM: Auto diagonalization routine selection is in use.
| QMMM:
| QMMM: Timing diagonalization routines:
| QMMM:                              norbs =      102
| QMMM:    diag iterations used for timing =       10
| QMMM:
| QMMM:              Internal diag routine = 0.020315 seconds
| QMMM:                 Dspev diag routine = 0.058837 seconds
| QMMM:                Dspevd diag routine = 0.011227 seconds
| QMMM:                Dspevx diag routine = 0.048285 seconds
| QMMM:                 Dsyev diag routine = 0.025449 seconds
| QMMM:                Dsyevd diag routine = 0.201516 seconds
| QMMM:                Dsyevr diag routine = 0.025518 seconds
| QMMM:
| QMMM:                Pseudo diag routine = 0.005589 seconds
| QMMM:
| QMMM: Using dspevd routine (diag_routine=3).

  QMMM: QM Region Cartesian Coordinates (*=link atom) 
  QMMM: QM_NO.   MM_NO.  ATOM         X         Y         Z
  QMMM:     1        1      C       10.4380    3.4490    7.2950
  QMMM:     2        2      C        9.4460    2.8770    8.1270
  QMMM:     3        3      C       10.2580    3.5510    5.9070
  QMMM:     4        4      C       11.6680    3.9370    7.8990
  QMMM:     5        5      C        9.6240    2.7760    9.5020
  QMMM:     6        6      H        8.6400    2.5560    7.7370
  QMMM:     7        7      C       11.2390    4.1080    5.0770
  QMMM:     8        8      H        9.4450    3.2340    5.5350
  QMMM:     9        9      C       11.8250    3.8180    9.2910
  QMMM:    10       10      C       12.6490    4.4940    7.0680
  QMMM:    11       11      C        8.6280    2.1910   10.3650
  QMMM:    12       12      C       10.8490    3.2520   10.1000
  QMMM:    13       13      C       11.0830    4.2280    3.6850
  QMMM:    14       14      C       12.4700    4.5960    5.6810
  QMMM:    15       15      H       12.6260    4.1350    9.6910
  QMMM:    16       16      H       13.4630    4.8110    7.4410
  QMMM:    17       17      C        8.8260    2.0930   11.7000
  QMMM:    18       18      H        7.8180    1.8670    9.9890
  QMMM:    19       19      C       11.0130    3.1270   11.5230
  QMMM:    20       20      H       10.2810    3.9100    3.2840
  QMMM:    21       21      C       12.0590    4.7930    2.8750
  QMMM:    22       22      C       13.4620    5.1680    4.8490
  QMMM:    23       23      C       10.0340    2.5760   12.2850
  QMMM:    24       24      H        8.1580    1.7020   12.2500
  QMMM:    25       25      H       11.8120    3.4330   11.9350
  QMMM:    26       26      C       13.2830    5.2690    3.4740
  QMMM:    27       27      C       11.8950    4.9180    1.4530
  QMMM:    28       28      H       14.2670    5.4890    5.2380
  QMMM:    29       29      H       10.1550    2.5110   13.2250
  QMMM:    30       30      C       14.2790    5.8550    2.6110
  QMMM:    31       31      H       11.0950    4.6120    1.0410
  QMMM:    32       32      C       12.8740    5.4690    0.6910
  QMMM:    33       33      C       14.0810    5.9520    1.2760
  QMMM:    34       34      H       15.0890    6.1790    2.9860
  QMMM:    35       35      H       12.7530    5.5340   -0.2500
  QMMM:    36       36      H       14.7500    6.3440    0.7260

--------------------------------------------------------------------------------
  RESULTS
--------------------------------------------------------------------------------

      iter         sqm energy              rms gradient
      ----    -------------------    -----------------------
xmin    10      111.5758 kcal/mol        0.0257 kcal/(mol*A)
xmin    20      111.5752 kcal/mol        0.0161 kcal/(mol*A)
xmin    30      111.5752 kcal/mol        0.0006 kcal/(mol*A)
  ... geometry converged !
 
 Final MO eigenvalues (eV):
 -41.3552  -40.3050  -38.6519  -36.3578  -34.3205  -33.5786  -33.3608  -31.8411
 -30.4124  -29.8411  -27.5692  -26.2819  -24.0191  -23.6979  -22.9450  -22.3385
 -22.1718  -21.2549  -18.7363  -17.8758  -17.8266  -16.6982  -16.5634  -16.4456
 -15.6392  -15.6042  -15.4466  -14.8761  -14.8629  -14.3097  -14.1469  -14.1448
 -13.9150  -13.9133  -13.8423  -13.6267  -13.0881  -12.9227  -12.4492  -12.1801
 -11.8551  -11.7699  -11.6704  -11.4805  -11.4730  -10.8625  -10.3668   -9.9117
  -9.0380   -8.7234   -7.4910   -1.5175   -0.3913   -0.2762    0.5654    0.8466
   1.2590    1.6276    1.7900    2.5609    3.1091    3.3235    3.4250    3.5501
   3.6184    3.6848    3.7541    3.7699    3.8757    3.9645    4.0435    4.0815
   4.1439    4.1464    4.2109    4.2125    4.2515    4.3193    4.5049    4.6077
   4.6339    4.6754    4.7303    4.9400    4.9720    5.0405    5.0749    5.0932
   5.1898    5.3152    5.3509    5.3664    5.5039    5.5745    5.6166    5.6626
   5.7764    5.7815    5.8256    5.9286    6.0552    6.1073

 Heat of formation   =        111.57517635 kcal/mol  (        4.83826271 eV)

 Total SCF energy    =     -69351.74142586 kcal/mol  (    -3007.31717731 eV)
 Electronic energy   =    -481637.41407905 kcal/mol  (   -20885.36551230 eV)
 Core-core repulsion =     412285.67265319 kcal/mol  (    17878.04833499 eV)
 
    Atomic Charges for Step       1 :
  Atom    Element       Mulliken Charge
     1      C                 -0.029
     2      C                 -0.107
     3      C                 -0.107
     4      C                 -0.029
     5      C                 -0.032
     6      H                  0.134
     7      C                 -0.029
     8      H                  0.135
     9      C                 -0.107
    10      C                 -0.107
    11      C                 -0.118
    12      C                 -0.032
    13      C                 -0.107
    14      C                 -0.029
    15      H                  0.134
    16      H                  0.135
    17      C                 -0.126
    18      H                  0.132
    19      C                 -0.118
    20      H                  0.134
    21      C                 -0.032
    22      C                 -0.107
    23      C                 -0.126
    24      H                  0.132
    25      H                  0.132
    26      C                 -0.032
    27      C                 -0.118
    28      H                  0.134
    29      H                  0.132
    30      C                 -0.118
    31      H                  0.132
    32      C                 -0.126
    33      C                 -0.126
    34      H                  0.132
    35      H                  0.132
    36      H                  0.132
 Total Mulliken Charge =      -0.000
 
                  X        Y        Z     TOTAL  
  QM DIPOLE    -0.000    0.000    0.000    0.000
 
 Final Structure

  QMMM: QM Region Cartesian Coordinates (*=link atom) 
  QMMM: QM_NO.   MM_NO.  ATOM         X         Y         Z
  QMMM:     1        1      C       10.4420    3.4458    7.2926
  QMMM:     2        2      C        9.4473    2.8726    8.1296
  QMMM:     3        3      C       10.2642    3.5532    5.9075
  QMMM:     4        4      C       11.6572    3.9253    7.8853
  QMMM:     5        5      C        9.6301    2.7704    9.4943
  QMMM:     6        6      H        8.5177    2.5072    7.6662
  QMMM:     7        7      C       11.2504    4.1198    5.0903
  QMMM:     8        8      H        9.3314    3.1852    5.4525
  QMMM:     9        9      C       11.8286    3.8121    9.2912
  QMMM:    10       10      C       12.6434    4.4919    7.0681
  QMMM:    11       11      C        8.6292    2.1913   10.3540
  QMMM:    12       12      C       10.8516    3.2523   10.0901
  QMMM:    13       13      C       11.0789    4.2330    3.6845
  QMMM:    14       14      C       12.4656    4.5993    5.6831
  QMMM:    15       15      H       12.7645    4.1827    9.7377
  QMMM:    16       16      H       13.5761    4.8599    7.5231
  QMMM:    17       17      C        8.8266    2.0990   11.6948
  QMMM:    18       18      H        7.7020    1.8277    9.8854
  QMMM:    19       19      C       11.0132    3.1318   11.5169
  QMMM:    20       20      H       10.1431    3.8624    3.2379
  QMMM:    21       21      C       12.0559    4.7929    2.8856
  QMMM:    22       22      C       13.4602    5.1725    4.8461
  QMMM:    23       23      C       10.0409    2.5781   12.2872
  QMMM:    24       24      H        8.0647    1.6576   12.3541
  QMMM:    25       25      H       11.9506    3.5038   11.9578
  QMMM:    26       26      C       13.2774    5.2748    3.4814
  QMMM:    27       27      C       11.8943    4.9134    1.4588
  QMMM:    28       28      H       14.3898    5.5379    5.3095
  QMMM:    29       29      H       10.1608    2.4845   13.3766
  QMMM:    30       30      C       14.2782    5.8541    2.6217
  QMMM:    31       31      H       10.9570    4.5414    1.0179
  QMMM:    32       32      C       12.8665    5.4673    0.6885
  QMMM:    33       33      C       14.0808    5.9464    1.2809
  QMMM:    34       34      H       15.2054    6.2177    3.0903
  QMMM:    35       35      H       12.7466    5.5609   -0.4009
  QMMM:    36       36      H       14.8426    6.3880    0.6216

           --------- Calculation Completed ----------

