            --------------------------------------------------------
                             AMBER SQM VERSION 19
 
                                     By
              Ross C. Walker, Michael F. Crowley, Scott Brozell,
                         Tim Giese, Andreas W. Goetz,
                        Tai-Sung Lee and David A. Case
 
            --------------------------------------------------------
 

--------------------------------------------------------------------------------
  QM CALCULATION INFO
--------------------------------------------------------------------------------

| QMMM: Citation for AMBER QMMM Run:
| QMMM: R.C. Walker, M.F. Crowley and D.A. Case, J. COMP. CHEM. 29:1019, 2008

QMMM: SINGLET STATE CALCULATION
QMMM: RHF CALCULATION, NO. OF DOUBLY OCCUPIED LEVELS = 51

| QMMM: *** Selected Hamiltonian *** 
| QMMM: AM1         

| QMMM: *** Parameter sets in use ***
| QMMM: C : M.J.S.DEWAR et al. JACS, 107, 3902, (1985)
| QMMM: H : M.J.S.DEWAR et al. JACS, 107, 3902, (1985)

| QMMM: *** SCF convergence criteria ***
| QMMM: Energy change                :  0.1D-09 kcal/mol
| QMMM: Error matrix |FP-PF|         :  0.1D+00 au
| QMMM: Density matrix change        :  0.5D-06
| QMMM: Maximum number of SCF cycles :     1000

| QMMM: *** Diagonalization Routine Information ***
| QMMM: Pseudo diagonalizations are allowed.
| QMMM: Auto diagonalization routine selection is in use.
| QMMM:
| QMMM: Timing diagonalization routines:
| QMMM:                              norbs =      102
| QMMM:    diag iterations used for timing =       10
| QMMM:
| QMMM:              Internal diag routine = 0.041991 seconds
| QMMM:                 Dspev diag routine = 0.034766 seconds
| QMMM:                Dspevd diag routine = 0.011085 seconds
| QMMM:                Dspevx diag routine = 0.056840 seconds
| QMMM:                 Dsyev diag routine = 0.023920 seconds
| QMMM:                Dsyevd diag routine = 0.775629 seconds
| QMMM:                Dsyevr diag routine = 0.081109 seconds
| QMMM:
| QMMM:                Pseudo diag routine = 0.006369 seconds
| QMMM:
| QMMM: Using dspevd routine (diag_routine=3).

  QMMM: QM Region Cartesian Coordinates (*=link atom) 
  QMMM: QM_NO.   MM_NO.  ATOM         X         Y         Z
  QMMM:     1        1      C       10.4330   29.0730   63.2440
  QMMM:     2        2      C        9.4480   29.0780   64.2630
  QMMM:     3        3      C       11.6770   28.3440   63.4760
  QMMM:     4        4      C       10.2620   29.7530   62.0310
  QMMM:     5        5      C        9.6440   28.4190   65.4640
  QMMM:     6        6      H        8.6340   29.5460   64.1180
  QMMM:     7        7      C       11.8470   27.6670   64.7000
  QMMM:     8        8      C       12.6530   28.3390   62.4720
  QMMM:     9        9      C       11.2380   29.7480   61.0270
  QMMM:    10       10      H        9.4480   30.2260   61.9000
  QMMM:    11       11      C        8.6600   28.4360   66.5010
  QMMM:    12       12      C       10.8750   27.6950   65.6900
  QMMM:    13       13      H       12.6490   27.1800   64.8520
  QMMM:    14       14      H       13.4660   27.8660   62.6030
  QMMM:    15       15      C       12.4820   29.0190   61.2590
  QMMM:    16       16      C       11.0680   30.4250   59.8030
  QMMM:    17       17      C        8.8710   27.7920   67.6730
  QMMM:    18       18      H        7.8450   28.9050   66.3650
  QMMM:    19       19      C       11.0460   27.0350   66.9440
  QMMM:    20       20      C       13.4660   29.0140   60.2400
  QMMM:    21       21      C       12.0400   30.3980   58.8130
  QMMM:    22       22      H       10.2660   30.9130   59.6510
  QMMM:    23       23      C       10.0890   27.0780   67.9020
  QMMM:    24       24      H        8.2040   27.8160   68.3500
  QMMM:    25       25      H       11.8490   26.5540   67.1100
  QMMM:    26       26      H       14.2810   28.5470   60.3850
  QMMM:    27       27      C       13.2710   29.6730   59.0400
  QMMM:    28       28      C       11.8680   31.0580   57.5590
  QMMM:    29       29      H       10.2270   26.6330   68.7300
  QMMM:    30       30      C       14.2550   29.6570   58.0020
  QMMM:    31       31      C       12.8260   31.0150   56.6010
  QMMM:    32       32      H       11.0660   31.5390   57.3940
  QMMM:    33       33      C       14.0440   30.3000   56.8300
  QMMM:    34       34      H       15.0700   29.1880   58.1390
  QMMM:    35       35      H       12.6880   31.4600   55.7730
  QMMM:    36       36      H       14.7100   30.2770   56.1540

--------------------------------------------------------------------------------
  RESULTS
--------------------------------------------------------------------------------

      iter         sqm energy              rms gradient
      ----    -------------------    -----------------------
xmin    10      111.5758 kcal/mol        0.0835 kcal/(mol*A)
  ... geometry converged !
 
 Final MO eigenvalues (eV):
 -41.3552  -40.3049  -38.6519  -36.3577  -34.3205  -33.5786  -33.3608  -31.8411
 -30.4124  -29.8411  -27.5692  -26.2819  -24.0191  -23.6979  -22.9450  -22.3385
 -22.1718  -21.2549  -18.7362  -17.8758  -17.8266  -16.6982  -16.5634  -16.4456
 -15.6392  -15.6042  -15.4466  -14.8761  -14.8629  -14.3097  -14.1469  -14.1448
 -13.9150  -13.9133  -13.8423  -13.6267  -13.0881  -12.9227  -12.4492  -12.1801
 -11.8551  -11.7699  -11.6704  -11.4805  -11.4730  -10.8625  -10.3668   -9.9117
  -9.0380   -8.7234   -7.4910   -1.5175   -0.3913   -0.2762    0.5654    0.8466
   1.2590    1.6276    1.7900    2.5609    3.1091    3.3235    3.4250    3.5501
   3.6184    3.6848    3.7541    3.7699    3.8757    3.9645    4.0435    4.0815
   4.1439    4.1464    4.2109    4.2125    4.2515    4.3193    4.5049    4.6076
   4.6339    4.6754    4.7303    4.9400    4.9720    5.0405    5.0749    5.0932
   5.1898    5.3152    5.3509    5.3664    5.5039    5.5745    5.6166    5.6626
   5.7764    5.7815    5.8256    5.9286    6.0552    6.1073

 Heat of formation   =        111.57517635 kcal/mol  (        4.83826271 eV)

 Total SCF energy    =     -69351.74142586 kcal/mol  (    -3007.31717731 eV)
 Electronic energy   =    -481637.39553939 kcal/mol  (   -20885.36470836 eV)
 Core-core repulsion =     412285.65411353 kcal/mol  (    17878.04753105 eV)
 
    Atomic Charges for Step       1 :
  Atom    Element       Mulliken Charge
     1      C                 -0.029
     2      C                 -0.107
     3      C                 -0.029
     4      C                 -0.107
     5      C                 -0.032
     6      H                  0.134
     7      C                 -0.107
     8      C                 -0.107
     9      C                 -0.029
    10      H                  0.135
    11      C                 -0.118
    12      C                 -0.032
    13      H                  0.134
    14      H                  0.135
    15      C                 -0.029
    16      C                 -0.107
    17      C                 -0.126
    18      H                  0.132
    19      C                 -0.118
    20      C                 -0.107
    21      C                 -0.032
    22      H                  0.134
    23      C                 -0.126
    24      H                  0.132
    25      H                  0.132
    26      H                  0.134
    27      C                 -0.032
    28      C                 -0.118
    29      H                  0.132
    30      C                 -0.118
    31      C                 -0.126
    32      H                  0.132
    33      C                 -0.126
    34      H                  0.132
    35      H                  0.132
    36      H                  0.132
 Total Mulliken Charge =       0.000
 
                  X        Y        Z     TOTAL  
  QM DIPOLE     0.000    0.000    0.000    0.000
 
 Final Structure

  QMMM: QM Region Cartesian Coordinates (*=link atom) 
  QMMM: QM_NO.   MM_NO.  ATOM         X         Y         Z
  QMMM:     1        1      C       10.4504   29.0810   63.2459
  QMMM:     2        2      C        9.4609   29.0952   64.2653
  QMMM:     3        3      C       11.6711   28.3622   63.4724
  QMMM:     4        4      C       10.2624   29.7498   62.0299
  QMMM:     5        5      C        9.6538   28.4333   65.4615
  QMMM:     6        6      H        8.5270   29.6494   64.0830
  QMMM:     7        7      C       11.8529   27.6868   64.7090
  QMMM:     8        8      C       12.6523   28.3426   62.4732
  QMMM:     9        9      C       11.2436   29.7302   61.0308
  QMMM:    10       10      H        9.3254   30.3015   61.8561
  QMMM:    11       11      C        8.6582   28.4402   66.5032
  QMMM:    12       12      C       10.8807   27.7109   65.6891
  QMMM:    13       13      H       12.7929   27.1376   64.8743
  QMMM:    14       14      H       13.5893   27.7909   62.6470
  QMMM:    15       15      C       12.4643   29.0114   61.2572
  QMMM:    16       16      C       11.0618   30.4057   59.7942
  QMMM:    17       17      C        8.8655   27.7831   67.6739
  QMMM:    18       18      H        7.7267   28.9956   66.3156
  QMMM:    19       19      C       11.0529   27.0301   66.9474
  QMMM:    20       20      C       13.4539   28.9972   60.2379
  QMMM:    21       21      C       12.0340   30.3817   58.8141
  QMMM:    22       22      H       10.1219   30.9549   59.6288
  QMMM:    23       23      C       10.0853   27.0649   67.9002
  QMMM:    24       24      H        8.1077   27.7861   68.4713
  QMMM:    25       25      H       11.9943   26.4827   67.1072
  QMMM:    26       26      H       14.3878   28.4431   60.4201
  QMMM:    27       27      C       13.2610   29.6592   59.0417
  QMMM:    28       28      C       11.8619   31.0625   57.5559
  QMMM:    29       29      H       10.2132   26.5463   68.8618
  QMMM:    30       30      C       14.2567   29.6525   58.0001
  QMMM:    31       31      C       12.8296   31.0279   56.6031
  QMMM:    32       32      H       10.9205   31.6099   57.3961
  QMMM:    33       33      C       14.0494   30.3096   56.8294
  QMMM:    34       34      H       15.1881   29.0970   58.1877
  QMMM:    35       35      H       12.7017   31.5464   55.6415
  QMMM:    36       36      H       14.8072   30.3067   56.0321

           --------- Calculation Completed ----------

