 Fermi distribution function

Calculation with static geometry


********************************************************************************
 iSCC Total electronic   Diff electronic      SCC error    
   17   -0.86289130E+02   -0.17990757E-07    0.81746010E-06
********************************************************************************

 Total charge:     1.00000000

 Atomic gross charges (e)
 Atom           Charge
    1       0.02569323
    2      -0.04622043
    3       0.02657770
    4      -0.02776955
    5       0.05167021
    6       0.11421816
    7      -0.06980194
    8      -0.04684309
    9       0.02313565
   10       0.11977277
   11      -0.04910539
   12       0.04238897
   13       0.12187526
   14       0.11634343
   15       0.01840959
   16      -0.05166692
   17      -0.06536986
   18       0.11077018
   19      -0.07764795
   20      -0.07082513
   21       0.04652804
   22       0.11513373
   23      -0.06672508
   24       0.09913148
   25       0.11387668
   26       0.12047826
   27       0.04797261
   28      -0.07041519
   29       0.09877912
   30      -0.08185974
   31      -0.05161447
   32       0.10464025
   33      -0.04815084
   34       0.11520270
   35       0.09969798
   36       0.09177008
   37       0.03494833
   38      -0.11142224
   39       0.04855351
   40      -0.10331000
   41       0.05631059
   42       0.09696419
   43      -0.17227438
   44      -0.15774894
   45       0.03801459
   46       0.09770037
   47      -0.08957607
   48       0.07120041
   49       0.07333696
   50       0.07258706
   51       0.04674275
   52      -0.10963742
   53      -0.08495000
   54       0.10274562
   55      -0.12845659
   56      -0.17671017
   57       0.04946159
   58       0.09680039
   59      -0.07571833
   60       0.09848655
   61       0.06965895
   62       0.07232547
   63       0.05175222
   64      -0.08405402
   65       0.10130982
   66      -0.13206069
   67      -0.10514481
   68       0.08749729
   69      -0.09482098
   70       0.08321798
   71       0.09875040
   72       0.07746909


 Atomic net (on-site) populations and hybridisation ratios
 Atom       Population         Hybrid.
    1       2.72162771      0.31959307
    2       2.81164317      0.29708921
    3       2.72473942      0.31881514
    4       2.78171459      0.30457135
    5       2.68926215      0.32768446
    6       0.55839743      0.44160257
    7       2.84315368      0.28921158
    8       2.81533670      0.29616582
    9       2.72850588      0.31787353
   10       0.55140131      0.44859869
   11       2.77043925      0.30739019
   12       2.73190795      0.31702301
   13       0.54220486      0.45779514
   14       0.55319972      0.44680028
   15       2.73776744      0.31555814
   16       2.82210754      0.29447311
   17       2.79030292      0.30242427
   18       0.56412510      0.43587490
   19       2.80925730      0.29768568
   20       2.83300299      0.29174925
   21       2.71091525      0.32227119
   22       0.55571497      0.44428503
   23       2.81339648      0.29665088
   24       0.56546554      0.43453446
   25       0.55146466      0.44853534
   26       0.54332889      0.45667111
   27       2.70346402      0.32413399
   28       2.82076891      0.29480777
   29       0.57116524      0.42883476
   30       2.82465047      0.29383738
   31       2.76758071      0.30810482
   32       0.56574291      0.43425709
   33       2.77620067      0.30594983
   34       0.55496382      0.44503618
   35       0.56715317      0.43284683
   36       0.57994375      0.42005625
   37       2.70721064      0.32319734
   38       2.86632278      0.28341930
   39       2.69403207      0.32649198
   40       2.85606528      0.28598368
   41       2.67584905      0.33103774
   42       0.57368861      0.42631139
   43       2.95178726      0.26205318
   44       2.91205926      0.27198519
   45       2.69576573      0.32605857
   46       0.57157483      0.42842517
   47       2.84443709      0.28889073
   48       2.65152853      0.33711787
   49       0.60028768      0.39971232
   50       0.60046416      0.39953584
   51       2.69574682      0.32606329
   52       2.87863834      0.28034042
   53       2.81324683      0.29668829
   54       0.56302348      0.43697652
   55       2.87462965      0.28134259
   56       2.95874973      0.26031257
   57       2.67355832      0.33161042
   58       0.57507026      0.42492974
   59       2.80559719      0.29860070
   60       0.56433042      0.43566958
   61       0.60089037      0.39910963
   62       0.60019931      0.39980069
   63       2.69156664      0.32710834
   64       2.82258943      0.29435264
   65       0.56530384      0.43469616
   66       2.87767537      0.28058116
   67       2.83957656      0.29010586
   68       0.58139737      0.41860263
   69       2.83168834      0.29207792
   70       0.57955228      0.42044772
   71       0.56639688      0.43360312
   72       0.58729178      0.41270822

Nr. of electrons (up):    102.00000000
Atom populations (up)
 Atom       Population
    1       1.97823765
    2       2.08540113
    3       1.97534124
    4       2.08635715
    5       1.97643793
    6       0.43936384
    7       2.10806701
    8       2.10983700
    9       1.97964293
   10       0.43602789
   11       2.04276578
   12       1.98005851
   13       0.43510654
   14       0.43699422
   15       1.97949952
   16       2.08709213
   17       2.04812290
   18       0.44356234
   19       2.06016720
   20       2.10549554
   21       1.97911595
   22       0.43899851
   23       2.04643787
   24       0.44959411
   25       0.44188341
   26       0.43600995
   27       1.97583825
   28       2.05682786
   29       0.44986095
   30       2.06386301
   31       2.03918527
   32       0.44647216
   33       2.03634790
   34       0.44111626
   35       0.44941513
   36       0.45341231
   37       1.98245835
   38       2.05599746
   39       1.97573466
   40       2.05214105
   41       1.97181253
   42       0.45150200
   43       2.08625250
   44       2.07900888
   45       1.98092311
   46       0.45112341
   47       2.04487382
   48       1.96444211
   49       0.46332475
   50       0.46369910
   51       1.97662060
   52       2.05535173
   53       2.04248056
   54       0.44862245
   55       2.06425865
   56       2.08841913
   57       1.97522519
   58       0.45157028
   59       2.03791221
   60       0.45075645
   61       0.46516868
   62       0.46383604
   63       1.97419958
   64       2.04225445
   65       0.44934210
   66       2.06599316
   67       2.05254953
   68       0.45623869
   69       2.04767624
   70       0.45839655
   71       0.45062605
   72       0.46125057

l-shell populations (up)
 Atom Sh.   l       Population
    1   1   0       0.58863968
    1   2   1       1.38959797
    2   1   0       0.62687856
    2   2   1       1.45852257
    3   1   0       0.59045527
    3   2   1       1.38488597
    4   1   0       0.62515708
    4   2   1       1.46120007
    5   1   0       0.58759265
    5   2   1       1.38884528
    6   1   0       0.43936384
    7   1   0       0.63125253
    7   2   1       1.47681448
    8   1   0       0.63012615
    8   2   1       1.47971085
    9   1   0       0.59008710
    9   2   1       1.38955583
   10   1   0       0.43602789
   11   1   0       0.61215213
   11   2   1       1.43061365
   12   1   0       0.59804568
   12   2   1       1.38201282
   13   1   0       0.43510654
   14   1   0       0.43699422
   15   1   0       0.59182106
   15   2   1       1.38767846
   16   1   0       0.62924985
   16   2   1       1.45784228
   17   1   0       0.61434543
   17   2   1       1.43377747
   18   1   0       0.44356234
   19   1   0       0.61804219
   19   2   1       1.44212501
   20   1   0       0.62777910
   20   2   1       1.47771644
   21   1   0       0.59285243
   21   2   1       1.38626352
   22   1   0       0.43899851
   23   1   0       0.62156467
   23   2   1       1.42487320
   24   1   0       0.44959411
   25   1   0       0.44188341
   26   1   0       0.43600995
   27   1   0       0.59107325
   27   2   1       1.38476499
   28   1   0       0.62145771
   28   2   1       1.43537015
   29   1   0       0.44986095
   30   1   0       0.62004207
   30   2   1       1.44382094
   31   1   0       0.61196368
   31   2   1       1.42722160
   32   1   0       0.44647216
   33   1   0       0.61454688
   33   2   1       1.42180102
   34   1   0       0.44111626
   35   1   0       0.44941513
   36   1   0       0.45341231
   37   1   0       0.58676605
   37   2   1       1.39569230
   38   1   0       0.61755090
   38   2   1       1.43844656
   39   1   0       0.58639214
   39   2   1       1.38934252
   40   1   0       0.61597978
   40   2   1       1.43616127
   41   1   0       0.58384027
   41   2   1       1.38797227
   42   1   0       0.45150200
   43   1   0       0.62309482
   43   2   1       1.46315768
   44   1   0       0.61612732
   44   2   1       1.46288156
   45   1   0       0.58419986
   45   2   1       1.39672324
   46   1   0       0.45112341
   47   1   0       0.62068543
   47   2   1       1.42418839
   48   1   0       0.58042699
   48   2   1       1.38401512
   49   1   0       0.46332475
   50   1   0       0.46369910
   51   1   0       0.58601275
   51   2   1       1.39060786
   52   1   0       0.62043970
   52   2   1       1.43491203
   53   1   0       0.61510717
   53   2   1       1.42737339
   54   1   0       0.44862245
   55   1   0       0.61659779
   55   2   1       1.44766086
   56   1   0       0.62471082
   56   2   1       1.46370832
   57   1   0       0.58054382
   57   2   1       1.39468137
   58   1   0       0.45157028
   59   1   0       0.61660211
   59   2   1       1.42131010
   60   1   0       0.45075645
   61   1   0       0.46516868
   62   1   0       0.46383604
   63   1   0       0.58607181
   63   2   1       1.38812777
   64   1   0       0.61458921
   64   2   1       1.42766524
   65   1   0       0.44934210
   66   1   0       0.61773996
   66   2   1       1.44825320
   67   1   0       0.61679414
   67   2   1       1.43575539
   68   1   0       0.45623869
   69   1   0       0.61666049
   69   2   1       1.43101575
   70   1   0       0.45839655
   71   1   0       0.45062605
   72   1   0       0.46125057

Orbital populations (up)
 Atom Sh.   l   m       Population  Label
    1   1   0   0       0.58863968  s
    1   2   1  -1       0.47809120  p_y
    1   2   1   0       0.45473209  p_z
    1   2   1   1       0.45677468  p_x
    2   1   0   0       0.62687856  s
    2   2   1  -1       0.50419805  p_y
    2   2   1   0       0.46747430  p_z
    2   2   1   1       0.48685022  p_x
    3   1   0   0       0.59045527  s
    3   2   1  -1       0.47578769  p_y
    3   2   1   0       0.45249978  p_z
    3   2   1   1       0.45659850  p_x
    4   1   0   0       0.62515708  s
    4   2   1  -1       0.50381908  p_y
    4   2   1   0       0.46957109  p_z
    4   2   1   1       0.48780991  p_x
    5   1   0   0       0.58759265  s
    5   2   1  -1       0.47302720  p_y
    5   2   1   0       0.45793397  p_z
    5   2   1   1       0.45788411  p_x
    6   1   0   0       0.43936384  s
    7   1   0   0       0.63125253  s
    7   2   1  -1       0.51586922  p_y
    7   2   1   0       0.46786463  p_z
    7   2   1   1       0.49308063  p_x
    8   1   0   0       0.63012615  s
    8   2   1  -1       0.51911575  p_y
    8   2   1   0       0.47212786  p_z
    8   2   1   1       0.48846724  p_x
    9   1   0   0       0.59008710  s
    9   2   1  -1       0.47948757  p_y
    9   2   1   0       0.45489690  p_z
    9   2   1   1       0.45517135  p_x
   10   1   0   0       0.43602789  s
   11   1   0   0       0.61215213  s
   11   2   1  -1       0.48850751  p_y
   11   2   1   0       0.46324991  p_z
   11   2   1   1       0.47885622  p_x
   12   1   0   0       0.59804568  s
   12   2   1  -1       0.47506722  p_y
   12   2   1   0       0.44972856  p_z
   12   2   1   1       0.45721705  p_x
   13   1   0   0       0.43510654  s
   14   1   0   0       0.43699422  s
   15   1   0   0       0.59182106  s
   15   2   1  -1       0.47789294  p_y
   15   2   1   0       0.45364440  p_z
   15   2   1   1       0.45614112  p_x
   16   1   0   0       0.62924985  s
   16   2   1  -1       0.50181267  p_y
   16   2   1   0       0.46799455  p_z
   16   2   1   1       0.48803507  p_x
   17   1   0   0       0.61434543  s
   17   2   1  -1       0.48849680  p_y
   17   2   1   0       0.47427516  p_z
   17   2   1   1       0.47100551  p_x
   18   1   0   0       0.44356234  s
   19   1   0   0       0.61804219  s
   19   2   1  -1       0.49659758  p_y
   19   2   1   0       0.45995373  p_z
   19   2   1   1       0.48557370  p_x
   20   1   0   0       0.62777910  s
   20   2   1  -1       0.51686364  p_y
   20   2   1   0       0.47112527  p_z
   20   2   1   1       0.48972754  p_x
   21   1   0   0       0.59285243  s
   21   2   1  -1       0.47635014  p_y
   21   2   1   0       0.45416962  p_z
   21   2   1   1       0.45574376  p_x
   22   1   0   0       0.43899851  s
   23   1   0   0       0.62156467  s
   23   2   1  -1       0.48533096  p_y
   23   2   1   0       0.47625628  p_z
   23   2   1   1       0.46328596  p_x
   24   1   0   0       0.44959411  s
   25   1   0   0       0.44188341  s
   26   1   0   0       0.43600995  s
   27   1   0   0       0.59107325  s
   27   2   1  -1       0.47389603  p_y
   27   2   1   0       0.44913655  p_z
   27   2   1   1       0.46173241  p_x
   28   1   0   0       0.62145771  s
   28   2   1  -1       0.49137472  p_y
   28   2   1   0       0.46092401  p_z
   28   2   1   1       0.48307143  p_x
   29   1   0   0       0.44986095  s
   30   1   0   0       0.62004207  s
   30   2   1  -1       0.49772982  p_y
   30   2   1   0       0.46121726  p_z
   30   2   1   1       0.48487387  p_x
   31   1   0   0       0.61196368  s
   31   2   1  -1       0.48399297  p_y
   31   2   1   0       0.47823840  p_z
   31   2   1   1       0.46499023  p_x
   32   1   0   0       0.44647216  s
   33   1   0   0       0.61454688  s
   33   2   1  -1       0.47917587  p_y
   33   2   1   0       0.47185298  p_z
   33   2   1   1       0.47077216  p_x
   34   1   0   0       0.44111626  s
   35   1   0   0       0.44941513  s
   36   1   0   0       0.45341231  s
   37   1   0   0       0.58676605  s
   37   2   1  -1       0.48184272  p_y
   37   2   1   0       0.44926952  p_z
   37   2   1   1       0.46458006  p_x
   38   1   0   0       0.61755090  s
   38   2   1  -1       0.49636009  p_y
   38   2   1   0       0.45835519  p_z
   38   2   1   1       0.48373129  p_x
   39   1   0   0       0.58639214  s
   39   2   1  -1       0.47867135  p_y
   39   2   1   0       0.44618500  p_z
   39   2   1   1       0.46448617  p_x
   40   1   0   0       0.61597978  s
   40   2   1  -1       0.49402270  p_y
   40   2   1   0       0.45979804  p_z
   40   2   1   1       0.48234053  p_x
   41   1   0   0       0.58384027  s
   41   2   1  -1       0.47785893  p_y
   41   2   1   0       0.44893044  p_z
   41   2   1   1       0.46118291  p_x
   42   1   0   0       0.45150200  s
   43   1   0   0       0.62309482  s
   43   2   1  -1       0.52422766  p_y
   43   2   1   0       0.45802801  p_z
   43   2   1   1       0.48090202  p_x
   44   1   0   0       0.61612732  s
   44   2   1  -1       0.52306222  p_y
   44   2   1   0       0.45811437  p_z
   44   2   1   1       0.48170497  p_x
   45   1   0   0       0.58419986  s
   45   2   1  -1       0.48431766  p_y
   45   2   1   0       0.44606565  p_z
   45   2   1   1       0.46633993  p_x
   46   1   0   0       0.45112341  s
   47   1   0   0       0.62068543  s
   47   2   1  -1       0.48747788  p_y
   47   2   1   0       0.46011203  p_z
   47   2   1   1       0.47659848  p_x
   48   1   0   0       0.58042699  s
   48   2   1  -1       0.47518016  p_y
   48   2   1   0       0.44633112  p_z
   48   2   1   1       0.46250384  p_x
   49   1   0   0       0.46332475  s
   50   1   0   0       0.46369910  s
   51   1   0   0       0.58601275  s
   51   2   1  -1       0.47782887  p_y
   51   2   1   0       0.44755943  p_z
   51   2   1   1       0.46521955  p_x
   52   1   0   0       0.62043970  s
   52   2   1  -1       0.49403008  p_y
   52   2   1   0       0.45770331  p_z
   52   2   1   1       0.48317864  p_x
   53   1   0   0       0.61510717  s
   53   2   1  -1       0.49241312  p_y
   53   2   1   0       0.46372420  p_z
   53   2   1   1       0.47123607  p_x
   54   1   0   0       0.44862245  s
   55   1   0   0       0.61659779  s
   55   2   1  -1       0.51142010  p_y
   55   2   1   0       0.45914932  p_z
   55   2   1   1       0.47709144  p_x
   56   1   0   0       0.62471082  s
   56   2   1  -1       0.51712753  p_y
   56   2   1   0       0.45690274  p_z
   56   2   1   1       0.48967805  p_x
   57   1   0   0       0.58054382  s
   57   2   1  -1       0.48278092  p_y
   57   2   1   0       0.44490613  p_z
   57   2   1   1       0.46699433  p_x
   58   1   0   0       0.45157028  s
   59   1   0   0       0.61660211  s
   59   2   1  -1       0.48220299  p_y
   59   2   1   0       0.47281875  p_z
   59   2   1   1       0.46628835  p_x
   60   1   0   0       0.45075645  s
   61   1   0   0       0.46516868  s
   62   1   0   0       0.46383604  s
   63   1   0   0       0.58607181  s
   63   2   1  -1       0.47754596  p_y
   63   2   1   0       0.44563400  p_z
   63   2   1   1       0.46494781  p_x
   64   1   0   0       0.61458921  s
   64   2   1  -1       0.49296684  p_y
   64   2   1   0       0.45614043  p_z
   64   2   1   1       0.47855798  p_x
   65   1   0   0       0.44934210  s
   66   1   0   0       0.61773996  s
   66   2   1  -1       0.50018023  p_y
   66   2   1   0       0.45978983  p_z
   66   2   1   1       0.48828314  p_x
   67   1   0   0       0.61679414  s
   67   2   1  -1       0.49362229  p_y
   67   2   1   0       0.47068429  p_z
   67   2   1   1       0.47144881  p_x
   68   1   0   0       0.45623869  s
   69   1   0   0       0.61666049  s
   69   2   1  -1       0.49129432  p_y
   69   2   1   0       0.46359639  p_z
   69   2   1   1       0.47612504  p_x
   70   1   0   0       0.45839655  s
   71   1   0   0       0.45062605  s
   72   1   0   0       0.46125057  s

Nr. of electrons (down):    101.00000000
Atom populations (down)
 Atom       Population
    1       1.99606912
    2       1.96081930
    3       1.99808106
    4       1.94141240
    5       1.97189185
    6       0.44641801
    7       1.96173493
    8       1.93700608
    9       1.99722142
   10       0.44419934
   11       2.00633961
   12       1.97755253
   13       0.44301820
   14       0.44666236
   15       2.00209088
   16       1.96457479
   17       2.01724696
   18       0.44566748
   19       2.01748075
   20       1.96532959
   21       1.97435601
   22       0.44586776
   23       2.02028720
   24       0.45127441
   25       0.44423991
   26       0.44351179
   27       1.97618914
   28       2.01358733
   29       0.45135993
   30       2.01799673
   31       2.01242919
   32       0.44888759
   33       2.01180293
   34       0.44368105
   35       0.45088688
   36       0.45481761
   37       1.98259332
   38       2.05542478
   39       1.97571183
   40       2.05116895
   41       1.97187687
   42       0.45153381
   43       2.08602188
   44       2.07874006
   45       1.98106230
   46       0.45117621
   47       2.04470225
   48       1.96435748
   49       0.46333829
   50       0.46371383
   51       1.97663665
   52       2.05428569
   53       2.04246944
   54       0.44863193
   55       2.06419794
   56       2.08829103
   57       1.97531322
   58       0.45162933
   59       2.03780612
   60       0.45075700
   61       0.46517237
   62       0.46383849
   63       1.97404820
   64       2.04179957
   65       0.44934808
   66       2.06606753
   67       2.05259528
   68       0.45626402
   69       2.04714474
   70       0.45838547
   71       0.45062355
   72       0.46128034

l-shell populations (down)
 Atom Sh.   l       Population
    1   1   0       0.59243917
    1   2   1       1.40362995
    2   1   0       0.62121043
    2   2   1       1.33960887
    3   1   0       0.59514824
    3   2   1       1.40293282
    4   1   0       0.61829321
    4   2   1       1.32311918
    5   1   0       0.58944849
    5   2   1       1.38244336
    6   1   0       0.44641801
    7   1   0       0.62447529
    7   2   1       1.33725964
    8   1   0       0.62188528
    8   2   1       1.31512080
    9   1   0       0.59387550
    9   2   1       1.40334592
   10   1   0       0.44419934
   11   1   0       0.61099407
   11   2   1       1.39534554
   12   1   0       0.60040876
   12   2   1       1.37714377
   13   1   0       0.44301820
   14   1   0       0.44666236
   15   1   0       0.59644158
   15   2   1       1.40564930
   16   1   0       0.62364320
   16   2   1       1.34093159
   17   1   0       0.61376139
   17   2   1       1.40348557
   18   1   0       0.44566748
   19   1   0       0.61651139
   19   2   1       1.40096935
   20   1   0       0.62127466
   20   2   1       1.34405492
   21   1   0       0.59472082
   21   2   1       1.37963519
   22   1   0       0.44586776
   23   1   0       0.62132955
   23   2   1       1.39895765
   24   1   0       0.45127441
   25   1   0       0.44423991
   26   1   0       0.44351179
   27   1   0       0.59349945
   27   2   1       1.38268969
   28   1   0       0.61993043
   28   2   1       1.39365691
   29   1   0       0.45135993
   30   1   0       0.61832280
   30   2   1       1.39967393
   31   1   0       0.61162188
   31   2   1       1.40080731
   32   1   0       0.44888759
   33   1   0       0.61437515
   33   2   1       1.39742778
   34   1   0       0.44368105
   35   1   0       0.45088688
   36   1   0       0.45481761
   37   1   0       0.58679135
   37   2   1       1.39580198
   38   1   0       0.61752317
   38   2   1       1.43790160
   39   1   0       0.58639587
   39   2   1       1.38931596
   40   1   0       0.61593360
   40   2   1       1.43523535
   41   1   0       0.58385308
   41   2   1       1.38802379
   42   1   0       0.45153381
   43   1   0       0.62308585
   43   2   1       1.46293604
   44   1   0       0.61611456
   44   2   1       1.46262551
   45   1   0       0.58423124
   45   2   1       1.39683106
   46   1   0       0.45117621
   47   1   0       0.62067710
   47   2   1       1.42402515
   48   1   0       0.58042622
   48   2   1       1.38393126
   49   1   0       0.46333829
   50   1   0       0.46371383
   51   1   0       0.58601671
   51   2   1       1.39061994
   52   1   0       0.62038969
   52   2   1       1.43389600
   53   1   0       0.61511015
   53   2   1       1.42735929
   54   1   0       0.44863193
   55   1   0       0.61659753
   55   2   1       1.44760041
   56   1   0       0.62470753
   56   2   1       1.46358351
   57   1   0       0.58056829
   57   2   1       1.39474493
   58   1   0       0.45162933
   59   1   0       0.61659828
   59   2   1       1.42120784
   60   1   0       0.45075700
   61   1   0       0.46517237
   62   1   0       0.46383849
   63   1   0       0.58606547
   63   2   1       1.38798273
   64   1   0       0.61456728
   64   2   1       1.42723230
   65   1   0       0.44934808
   66   1   0       0.61775307
   66   2   1       1.44831446
   67   1   0       0.61680830
   67   2   1       1.43578697
   68   1   0       0.45626402
   69   1   0       0.61663409
   69   2   1       1.43051066
   70   1   0       0.45838547
   71   1   0       0.45062355
   72   1   0       0.46128034

Orbital populations (down)
 Atom Sh.   l   m       Population  Label
    1   1   0   0       0.59243917  s
    1   2   1  -1       0.48425556  p_y
    1   2   1   0       0.46002151  p_z
    1   2   1   1       0.45935289  p_x
    2   1   0   0       0.62121043  s
    2   2   1  -1       0.42599308  p_y
    2   2   1   0       0.44859285  p_z
    2   2   1   1       0.46502294  p_x
    3   1   0   0       0.59514824  s
    3   2   1  -1       0.48364225  p_y
    3   2   1   0       0.45906087  p_z
    3   2   1   1       0.46022970  p_x
    4   1   0   0       0.61829321  s
    4   2   1  -1       0.41280808  p_y
    4   2   1   0       0.44790333  p_z
    4   2   1   1       0.46240777  p_x
    5   1   0   0       0.58944849  s
    5   2   1  -1       0.46653351  p_y
    5   2   1   0       0.45907565  p_z
    5   2   1   1       0.45683420  p_x
    6   1   0   0       0.44641801  s
    7   1   0   0       0.62447529  s
    7   2   1  -1       0.42552299  p_y
    7   2   1   0       0.44386006  p_z
    7   2   1   1       0.46787659  p_x
    8   1   0   0       0.62188528  s
    8   2   1  -1       0.40649798  p_y
    8   2   1   0       0.44443833  p_z
    8   2   1   1       0.46418449  p_x
    9   1   0   0       0.59387550  s
    9   2   1  -1       0.48541597  p_y
    9   2   1   0       0.46002523  p_z
    9   2   1   1       0.45790473  p_x
   10   1   0   0       0.44419934  s
   11   1   0   0       0.61099407  s
   11   2   1  -1       0.46352754  p_y
   11   2   1   0       0.45911124  p_z
   11   2   1   1       0.47270676  p_x
   12   1   0   0       0.60040876  s
   12   2   1  -1       0.46858135  p_y
   12   2   1   0       0.45111036  p_z
   12   2   1   1       0.45745206  p_x
   13   1   0   0       0.44301820  s
   14   1   0   0       0.44666236  s
   15   1   0   0       0.59644158  s
   15   2   1  -1       0.48600704  p_y
   15   2   1   0       0.46018666  p_z
   15   2   1   1       0.45945560  p_x
   16   1   0   0       0.62364320  s
   16   2   1  -1       0.42628052  p_y
   16   2   1   0       0.44621456  p_z
   16   2   1   1       0.46843651  p_x
   17   1   0   0       0.61376139  s
   17   2   1  -1       0.46661683  p_y
   17   2   1   0       0.47085182  p_z
   17   2   1   1       0.46601692  p_x
   18   1   0   0       0.44566748  s
   19   1   0   0       0.61651139  s
   19   2   1  -1       0.46884112  p_y
   19   2   1   0       0.45493086  p_z
   19   2   1   1       0.47719737  p_x
   20   1   0   0       0.62127466  s
   20   2   1  -1       0.42541176  p_y
   20   2   1   0       0.45008073  p_z
   20   2   1   1       0.46856244  p_x
   21   1   0   0       0.59472082  s
   21   2   1  -1       0.46998467  p_y
   21   2   1   0       0.45476211  p_z
   21   2   1   1       0.45488841  p_x
   22   1   0   0       0.44586776  s
   23   1   0   0       0.62132955  s
   23   2   1  -1       0.46656217  p_y
   23   2   1   0       0.47288007  p_z
   23   2   1   1       0.45951541  p_x
   24   1   0   0       0.45127441  s
   25   1   0   0       0.44423991  s
   26   1   0   0       0.44351179  s
   27   1   0   0       0.59349945  s
   27   2   1  -1       0.47013642  p_y
   27   2   1   0       0.45150182  p_z
   27   2   1   1       0.46105145  p_x
   28   1   0   0       0.61993043  s
   28   2   1  -1       0.46418805  p_y
   28   2   1   0       0.45447534  p_z
   28   2   1   1       0.47499352  p_x
   29   1   0   0       0.45135993  s
   30   1   0   0       0.61832280  s
   30   2   1  -1       0.46863263  p_y
   30   2   1   0       0.45659889  p_z
   30   2   1   1       0.47444241  p_x
   31   1   0   0       0.61162188  s
   31   2   1  -1       0.46768135  p_y
   31   2   1   0       0.47360521  p_z
   31   2   1   1       0.45952074  p_x
   32   1   0   0       0.44888759  s
   33   1   0   0       0.61437515  s
   33   2   1  -1       0.46421525  p_y
   33   2   1   0       0.46867815  p_z
   33   2   1   1       0.46453438  p_x
   34   1   0   0       0.44368105  s
   35   1   0   0       0.45088688  s
   36   1   0   0       0.45481761  s
   37   1   0   0       0.58679135  s
   37   2   1  -1       0.48189987  p_y
   37   2   1   0       0.44930063  p_z
   37   2   1   1       0.46460148  p_x
   38   1   0   0       0.61752317  s
   38   2   1  -1       0.49594433  p_y
   38   2   1   0       0.45832533  p_z
   38   2   1   1       0.48363195  p_x
   39   1   0   0       0.58639587  s
   39   2   1  -1       0.47864067  p_y
   39   2   1   0       0.44619102  p_z
   39   2   1   1       0.46448427  p_x
   40   1   0   0       0.61593360  s
   40   2   1  -1       0.49330284  p_y
   40   2   1   0       0.45974525  p_z
   40   2   1   1       0.48218726  p_x
   41   1   0   0       0.58385308  s
   41   2   1  -1       0.47788141  p_y
   41   2   1   0       0.44894631  p_z
   41   2   1   1       0.46119607  p_x
   42   1   0   0       0.45153381  s
   43   1   0   0       0.62308585  s
   43   2   1  -1       0.52407329  p_y
   43   2   1   0       0.45801965  p_z
   43   2   1   1       0.48084309  p_x
   44   1   0   0       0.61611456  s
   44   2   1  -1       0.52289890  p_y
   44   2   1   0       0.45810514  p_z
   44   2   1   1       0.48162147  p_x
   45   1   0   0       0.58423124  s
   45   2   1  -1       0.48436646  p_y
   45   2   1   0       0.44610203  p_z
   45   2   1   1       0.46636257  p_x
   46   1   0   0       0.45117621  s
   47   1   0   0       0.62067710  s
   47   2   1  -1       0.48735260  p_y
   47   2   1   0       0.46010387  p_z
   47   2   1   1       0.47656868  p_x
   48   1   0   0       0.58042622  s
   48   2   1  -1       0.47510593  p_y
   48   2   1   0       0.44633004  p_z
   48   2   1   1       0.46249529  p_x
   49   1   0   0       0.46333829  s
   50   1   0   0       0.46371383  s
   51   1   0   0       0.58601671  s
   51   2   1  -1       0.47783461  p_y
   51   2   1   0       0.44756515  p_z
   51   2   1   1       0.46522018  p_x
   52   1   0   0       0.62038969  s
   52   2   1  -1       0.49324535  p_y
   52   2   1   0       0.45764594  p_z
   52   2   1   1       0.48300471  p_x
   53   1   0   0       0.61511015  s
   53   2   1  -1       0.49239865  p_y
   53   2   1   0       0.46372798  p_z
   53   2   1   1       0.47123266  p_x
   54   1   0   0       0.44863193  s
   55   1   0   0       0.61659753  s
   55   2   1  -1       0.51136385  p_y
   55   2   1   0       0.45914685  p_z
   55   2   1   1       0.47708970  p_x
   56   1   0   0       0.62470753  s
   56   2   1  -1       0.51704987  p_y
   56   2   1   0       0.45690156  p_z
   56   2   1   1       0.48963208  p_x
   57   1   0   0       0.58056829  s
   57   2   1  -1       0.48280423  p_y
   57   2   1   0       0.44492746  p_z
   57   2   1   1       0.46701323  p_x
   58   1   0   0       0.45162933  s
   59   1   0   0       0.61659828  s
   59   2   1  -1       0.48212752  p_y
   59   2   1   0       0.47281171  p_z
   59   2   1   1       0.46626861  p_x
   60   1   0   0       0.45075700  s
   61   1   0   0       0.46517237  s
   62   1   0   0       0.46383849  s
   63   1   0   0       0.58606547  s
   63   2   1  -1       0.47744552  p_y
   63   2   1   0       0.44562834  p_z
   63   2   1   1       0.46490887  p_x
   64   1   0   0       0.61456728  s
   64   2   1  -1       0.49263995  p_y
   64   2   1   0       0.45611507  p_z
   64   2   1   1       0.47847728  p_x
   65   1   0   0       0.44934808  s
   66   1   0   0       0.61775307  s
   66   2   1  -1       0.50020852  p_y
   66   2   1   0       0.45980588  p_z
   66   2   1   1       0.48830005  p_x
   67   1   0   0       0.61680830  s
   67   2   1  -1       0.49363729  p_y
   67   2   1   0       0.47069186  p_z
   67   2   1   1       0.47145782  p_x
   68   1   0   0       0.45626402  s
   69   1   0   0       0.61663409  s
   69   2   1  -1       0.49100130  p_y
   69   2   1   0       0.46355886  p_z
   69   2   1   1       0.47595049  p_x
   70   1   0   0       0.45838547  s
   71   1   0   0       0.45062355  s
   72   1   0   0       0.46128034  s

Spin  up
Fermi level:                        -0.2257635280 H           -6.1433 eV
Band energy:                       -48.0900370845 H        -1308.5965 eV
TS:                                  0.0000000000 H            0.0000 eV
Band free energy (E-TS):           -48.0900370845 H        -1308.5965 eV
Extrapolated E(0K):                -48.0900370845 H        -1308.5965 eV
Input / Output electrons (up):    102.0000000001    102.0000000000

Spin  down
Fermi level:                        -0.2435329359 H           -6.6269 eV
Band energy:                       -47.7509935118 H        -1299.3706 eV
TS:                                  0.0000000000 H            0.0000 eV
Band free energy (E-TS):           -47.7509935118 H        -1299.3706 eV
Extrapolated E(0K):                -47.7509935118 H        -1299.3706 eV
Input / Output electrons (down):    100.9999999999    101.0000000000

Energy H0:                         -86.3110858925 H        -2348.6441 eV
Energy SCC:                          0.0234853333 H            0.6391 eV
Energy SPIN:                        -0.0015508382 H           -0.0422 eV
Energy 3rd:                          0.0000214343 H            0.0006 eV
Total Electronic energy:           -86.2891299631 H        -2348.0467 eV
Repulsive energy:                    0.7813282663 H           21.2610 eV
Total energy:                      -85.5078016968 H        -2326.7857 eV
Extrapolated to 0:                 -85.5078016968 H        -2326.7857 eV
Total Mermin free energy:          -85.5078016968 H        -2326.7857 eV
Force related energy:              -85.5078016968 H        -2326.7857 eV

Constraints converged

SCC converged

