 Fermi distribution function

Calculation with static geometry


********************************************************************************
 iSCC Total electronic   Diff electronic      SCC error    
   15   -0.86334524E+02   -0.51140475E-07    0.70369434E-05
********************************************************************************

 Total charge:     1.00000000

 Atomic gross charges (e)
 Atom           Charge
    1       0.03408371
    2      -0.10800519
    3       0.05543151
    4      -0.10138325
    5       0.04428716
    6       0.10993140
    7      -0.18295735
    8      -0.17517291
    9       0.03230154
   10       0.11485920
   11      -0.06395827
   12       0.04348150
   13       0.08067169
   14       0.08035262
   15       0.04407737
   16      -0.11560681
   17      -0.10107299
   18       0.10566970
   19      -0.12635541
   20      -0.17268962
   21       0.03785642
   22       0.11231980
   23      -0.09249138
   24       0.08736461
   25       0.07686678
   26       0.07905508
   27       0.05567702
   28      -0.09346353
   29       0.08321643
   30      -0.12527749
   31      -0.08673419
   32       0.09975179
   33      -0.07198013
   34       0.07624999
   35       0.08681640
   36       0.07676204
   37       0.03047841
   38      -0.05247616
   39       0.03302346
   40      -0.04363926
   41       0.03392719
   42       0.12159018
   43      -0.08442765
   44      -0.06136623
   45       0.02512143
   46       0.12701435
   47      -0.05333301
   48       0.04928749
   49       0.11289692
   50       0.12582579
   51       0.03312109
   52      -0.06035720
   53      -0.05757931
   54       0.12257978
   55      -0.08374064
   56      -0.06137009
   57       0.04598841
   58       0.11948481
   59      -0.04930331
   60       0.10418558
   61       0.08523585
   62       0.12296413
   63       0.04148212
   64      -0.06539183
   65       0.09756433
   66      -0.08544953
   67      -0.04339054
   68       0.10420439
   69      -0.06567757
   70       0.12865924
   71       0.10182022
   72       0.10111194


 Atomic net (on-site) populations and hybridisation ratios
 Atom       Population         Hybrid.
    1       2.71226466      0.32193384
    2       2.86753137      0.28311716
    3       2.69207384      0.32698154
    4       2.84665214      0.28833697
    5       2.69519976      0.32620006
    6       0.55903811      0.44096189
    7       2.95668459      0.26082885
    8       2.93799476      0.26550131
    9       2.72003005      0.31999249
   10       0.55333645      0.44666355
   11       2.77561891      0.30609527
   12       2.72992934      0.31751766
   13       0.58499385      0.41500615
   14       0.58728285      0.41271715
   15       2.71232141      0.32191965
   16       2.88258770      0.27935307
   17       2.82839603      0.29290099
   18       0.56548991      0.43451009
   19       2.85716510      0.28570873
   20       2.93491553      0.26627112
   21       2.71973693      0.32006577
   22       0.55590716      0.44409284
   23       2.83686023      0.29078494
   24       0.57802398      0.42197602
   25       0.58950027      0.41049973
   26       0.58764720      0.41235280
   27       2.69331753      0.32667062
   28       2.84026079      0.28993480
   29       0.58494396      0.41505604
   30       2.86512438      0.28371890
   31       2.79973852      0.30006537
   32       0.56940436      0.43059564
   33       2.79410393      0.30147402
   34       0.59210302      0.40789698
   35       0.57985008      0.42014992
   36       0.59176735      0.40823265
   37       2.71305257      0.32173686
   38       2.79723735      0.30069066
   39       2.71280419      0.32179895
   40       2.82646791      0.29338302
   41       2.73166548      0.31708363
   42       0.54609896      0.45390104
   43       2.82329531      0.29417617
   44       2.84450110      0.28887473
   45       2.72082988      0.31979253
   46       0.53753615      0.46246385
   47       2.78716470      0.30320883
   48       2.70287462      0.32428135
   49       0.55434318      0.44565682
   50       0.53914426      0.46085574
   51       2.70102027      0.32474493
   52       2.82591022      0.29352245
   53       2.77181709      0.30704573
   54       0.54523365      0.45476635
   55       2.80064794      0.29983801
   56       2.81415361      0.29646160
   57       2.70318470      0.32420382
   58       0.54668192      0.45331808
   59       2.77748199      0.30562950
   60       0.56304939      0.43695061
   61       0.58465922      0.41534078
   62       0.54404617      0.45595383
   63       2.69767957      0.32558011
   64       2.79889736      0.30027566
   65       0.57023456      0.42976544
   66       2.88876593      0.27780852
   67       2.74239173      0.31440207
   68       0.56264164      0.43735836
   69       2.81939167      0.29515208
   70       0.53750493      0.46249507
   71       0.56730442      0.43269558
   72       0.56815417      0.43184583

Nr. of electrons (up):    102.00000000
Atom populations (up)
 Atom       Population
    1       1.98287846
    2       2.05452627
    3       1.97224051
    4       2.05131305
    5       1.97785130
    6       0.44500565
    7       2.09184769
    8       2.08802145
    9       1.98376272
   10       0.44253612
   11       2.03213387
   12       1.97832188
   13       0.45964295
   14       0.45979854
   15       1.97792723
   16       2.05830612
   17       2.05060403
   18       0.44715640
   19       2.06331017
   20       2.08663935
   21       1.98104428
   22       0.44381204
   23       2.04643273
   24       0.45631458
   25       0.46155722
   26       0.46045673
   27       1.97222138
   28       2.04690931
   29       0.45838307
   30       2.06273156
   31       2.04338420
   32       0.45011466
   33       2.03615954
   34       0.46187463
   35       0.45659115
   36       0.46160944
   37       1.97676615
   38       2.07509754
   39       1.97473658
   40       2.09747891
   41       1.98576792
   42       0.43654417
   43       2.09573827
   44       2.12458204
   45       1.97846233
   46       0.43233522
   47       2.04623925
   48       1.97885085
   49       0.44063964
   50       0.43190641
   51       1.97078496
   52       2.09026026
   53       2.04208591
   54       0.43762987
   55       2.05999603
   56       2.10534050
   57       1.97854661
   58       0.43694444
   59       2.03763460
   60       0.44718489
   61       0.45638186
   62       0.43441537
   63       1.97353833
   64       2.05918135
   65       0.45050124
   66       2.08340400
   67       2.03494107
   68       0.44642315
   69       2.04580804
   70       0.43337865
   71       0.44834944
   72       0.44870384

l-shell populations (up)
 Atom Sh.   l       Population
    1   1   0       0.58986557
    1   2   1       1.39301289
    2   1   0       0.62212515
    2   2   1       1.43240112
    3   1   0       0.58961268
    3   2   1       1.38262783
    4   1   0       0.61864667
    4   2   1       1.43266639
    5   1   0       0.58681729
    5   2   1       1.39103401
    6   1   0       0.44500565
    7   1   0       0.62551551
    7   2   1       1.46633218
    8   1   0       0.62167758
    8   2   1       1.46634387
    9   1   0       0.59200606
    9   2   1       1.39175666
   10   1   0       0.44253612
   11   1   0       0.60913567
   11   2   1       1.42299821
   12   1   0       0.59676665
   12   2   1       1.38155523
   13   1   0       0.45964295
   14   1   0       0.45979854
   15   1   0       0.59247011
   15   2   1       1.38545712
   16   1   0       0.62553688
   16   2   1       1.43276924
   17   1   0       0.61318601
   17   2   1       1.43741801
   18   1   0       0.44715640
   19   1   0       0.61583816
   19   2   1       1.44747201
   20   1   0       0.62182891
   20   2   1       1.46481044
   21   1   0       0.59272899
   21   2   1       1.38831529
   22   1   0       0.44381204
   23   1   0       0.61950833
   23   2   1       1.42692441
   24   1   0       0.45631458
   25   1   0       0.46155722
   26   1   0       0.46045673
   27   1   0       0.58928764
   27   2   1       1.38293374
   28   1   0       0.62013253
   28   2   1       1.42677677
   29   1   0       0.45838307
   30   1   0       0.61671772
   30   2   1       1.44601384
   31   1   0       0.60944070
   31   2   1       1.43394349
   32   1   0       0.45011466
   33   1   0       0.61133058
   33   2   1       1.42482896
   34   1   0       0.46187463
   35   1   0       0.45659115
   36   1   0       0.46160944
   37   1   0       0.58691757
   37   2   1       1.38984857
   38   1   0       0.62137634
   38   2   1       1.45372120
   39   1   0       0.58753000
   39   2   1       1.38720659
   40   1   0       0.63390572
   40   2   1       1.46357320
   41   1   0       0.59510858
   41   2   1       1.39065934
   42   1   0       0.43654417
   43   1   0       0.61946899
   43   2   1       1.47626928
   44   1   0       0.63469464
   44   2   1       1.48988740
   45   1   0       0.58732417
   45   2   1       1.39113816
   46   1   0       0.43233522
   47   1   0       0.61684626
   47   2   1       1.42939299
   48   1   0       0.59023527
   48   2   1       1.38861558
   49   1   0       0.44063964
   50   1   0       0.43190641
   51   1   0       0.58348575
   51   2   1       1.38729921
   52   1   0       0.62765505
   52   2   1       1.46260521
   53   1   0       0.61110171
   53   2   1       1.43098420
   54   1   0       0.43762987
   55   1   0       0.61058859
   55   2   1       1.44940744
   56   1   0       0.62451025
   56   2   1       1.48083025
   57   1   0       0.58871221
   57   2   1       1.38983441
   58   1   0       0.43694444
   59   1   0       0.61450880
   59   2   1       1.42312580
   60   1   0       0.44718489
   61   1   0       0.45638186
   62   1   0       0.43441537
   63   1   0       0.58666283
   63   2   1       1.38687551
   64   1   0       0.61551465
   64   2   1       1.44366671
   65   1   0       0.45050124
   66   1   0       0.63949040
   66   2   1       1.44391360
   67   1   0       0.60717642
   67   2   1       1.42776464
   68   1   0       0.44642315
   69   1   0       0.62244530
   69   2   1       1.42336274
   70   1   0       0.43337865
   71   1   0       0.44834944
   72   1   0       0.44870384

Orbital populations (up)
 Atom Sh.   l   m       Population  Label
    1   1   0   0       0.58986557  s
    1   2   1  -1       0.47976711  p_y
    1   2   1   0       0.45675028  p_z
    1   2   1   1       0.45649550  p_x
    2   1   0   0       0.62212515  s
    2   2   1  -1       0.48955908  p_y
    2   2   1   0       0.46213354  p_z
    2   2   1   1       0.48070849  p_x
    3   1   0   0       0.58961268  s
    3   2   1  -1       0.47395021  p_y
    3   2   1   0       0.45095221  p_z
    3   2   1   1       0.45772541  p_x
    4   1   0   0       0.61864667  s
    4   2   1  -1       0.48766575  p_y
    4   2   1   0       0.46373231  p_z
    4   2   1   1       0.48126833  p_x
    5   1   0   0       0.58681729  s
    5   2   1  -1       0.47582482  p_y
    5   2   1   0       0.45934482  p_z
    5   2   1   1       0.45586437  p_x
    6   1   0   0       0.44500565  s
    7   1   0   0       0.62551551  s
    7   2   1  -1       0.51649349  p_y
    7   2   1   0       0.46928112  p_z
    7   2   1   1       0.48055757  p_x
    8   1   0   0       0.62167758  s
    8   2   1  -1       0.51786338  p_y
    8   2   1   0       0.47196591  p_z
    8   2   1   1       0.47651458  p_x
    9   1   0   0       0.59200606  s
    9   2   1  -1       0.48027453  p_y
    9   2   1   0       0.45652966  p_z
    9   2   1   1       0.45495246  p_x
   10   1   0   0       0.44253612  s
   11   1   0   0       0.60913567  s
   11   2   1  -1       0.48186635  p_y
   11   2   1   0       0.46301759  p_z
   11   2   1   1       0.47811426  p_x
   12   1   0   0       0.59676665  s
   12   2   1  -1       0.47584501  p_y
   12   2   1   0       0.44686690  p_z
   12   2   1   1       0.45884331  p_x
   13   1   0   0       0.45964295  s
   14   1   0   0       0.45979854  s
   15   1   0   0       0.59247011  s
   15   2   1  -1       0.47641077  p_y
   15   2   1   0       0.45290225  p_z
   15   2   1   1       0.45614410  p_x
   16   1   0   0       0.62553688  s
   16   2   1  -1       0.48832740  p_y
   16   2   1   0       0.46309893  p_z
   16   2   1   1       0.48134291  p_x
   17   1   0   0       0.61318601  s
   17   2   1  -1       0.49649525  p_y
   17   2   1   0       0.47336306  p_z
   17   2   1   1       0.46755970  p_x
   18   1   0   0       0.44715640  s
   19   1   0   0       0.61583816  s
   19   2   1  -1       0.50179682  p_y
   19   2   1   0       0.46571437  p_z
   19   2   1   1       0.47996083  p_x
   20   1   0   0       0.62182891  s
   20   2   1  -1       0.51597604  p_y
   20   2   1   0       0.47043141  p_z
   20   2   1   1       0.47840300  p_x
   21   1   0   0       0.59272899  s
   21   2   1  -1       0.47828661  p_y
   21   2   1   0       0.45442812  p_z
   21   2   1   1       0.45560056  p_x
   22   1   0   0       0.44381204  s
   23   1   0   0       0.61950833  s
   23   2   1  -1       0.48916056  p_y
   23   2   1   0       0.47289977  p_z
   23   2   1   1       0.46486408  p_x
   24   1   0   0       0.45631458  s
   25   1   0   0       0.46155722  s
   26   1   0   0       0.46045673  s
   27   1   0   0       0.58928764  s
   27   2   1  -1       0.47523331  p_y
   27   2   1   0       0.44758168  p_z
   27   2   1   1       0.46011875  p_x
   28   1   0   0       0.62013253  s
   28   2   1  -1       0.48523852  p_y
   28   2   1   0       0.46158596  p_z
   28   2   1   1       0.47995229  p_x
   29   1   0   0       0.45838307  s
   30   1   0   0       0.61671772  s
   30   2   1  -1       0.49939780  p_y
   30   2   1   0       0.46675034  p_z
   30   2   1   1       0.47986570  p_x
   31   1   0   0       0.60944070  s
   31   2   1  -1       0.49048281  p_y
   31   2   1   0       0.47835425  p_z
   31   2   1   1       0.46510643  p_x
   32   1   0   0       0.45011466  s
   33   1   0   0       0.61133058  s
   33   2   1  -1       0.48458703  p_y
   33   2   1   0       0.46888767  p_z
   33   2   1   1       0.47135426  p_x
   34   1   0   0       0.46187463  s
   35   1   0   0       0.45659115  s
   36   1   0   0       0.46160944  s
   37   1   0   0       0.58691757  s
   37   2   1  -1       0.47885078  p_y
   37   2   1   0       0.45025879  p_z
   37   2   1   1       0.46073901  p_x
   38   1   0   0       0.62137634  s
   38   2   1  -1       0.49897985  p_y
   38   2   1   0       0.47060300  p_z
   38   2   1   1       0.48413836  p_x
   39   1   0   0       0.58753000  s
   39   2   1  -1       0.47866139  p_y
   39   2   1   0       0.45168951  p_z
   39   2   1   1       0.45685569  p_x
   40   1   0   0       0.63390572  s
   40   2   1  -1       0.50613035  p_y
   40   2   1   0       0.46832629  p_z
   40   2   1   1       0.48911655  p_x
   41   1   0   0       0.59510858  s
   41   2   1  -1       0.47754294  p_y
   41   2   1   0       0.45433534  p_z
   41   2   1   1       0.45878106  p_x
   42   1   0   0       0.43654417  s
   43   1   0   0       0.61946899  s
   43   2   1  -1       0.51694947  p_y
   43   2   1   0       0.46703044  p_z
   43   2   1   1       0.49228937  p_x
   44   1   0   0       0.63469464  s
   44   2   1  -1       0.52734073  p_y
   44   2   1   0       0.46902402  p_z
   44   2   1   1       0.49352266  p_x
   45   1   0   0       0.58732417  s
   45   2   1  -1       0.47873297  p_y
   45   2   1   0       0.45325375  p_z
   45   2   1   1       0.45915144  p_x
   46   1   0   0       0.43233522  s
   47   1   0   0       0.61684626  s
   47   2   1  -1       0.48437081  p_y
   47   2   1   0       0.46493856  p_z
   47   2   1   1       0.48008362  p_x
   48   1   0   0       0.59023527  s
   48   2   1  -1       0.47511642  p_y
   48   2   1   0       0.45370301  p_z
   48   2   1   1       0.45979616  p_x
   49   1   0   0       0.44063964  s
   50   1   0   0       0.43190641  s
   51   1   0   0       0.58348575  s
   51   2   1  -1       0.47860339  p_y
   51   2   1   0       0.44815838  p_z
   51   2   1   1       0.46053745  p_x
   52   1   0   0       0.62765505  s
   52   2   1  -1       0.50824674  p_y
   52   2   1   0       0.46638123  p_z
   52   2   1   1       0.48797724  p_x
   53   1   0   0       0.61110171  s
   53   2   1  -1       0.49017243  p_y
   53   2   1   0       0.47180730  p_z
   53   2   1   1       0.46900447  p_x
   54   1   0   0       0.43762987  s
   55   1   0   0       0.61058859  s
   55   2   1  -1       0.50105890  p_y
   55   2   1   0       0.46406794  p_z
   55   2   1   1       0.48428060  p_x
   56   1   0   0       0.62451025  s
   56   2   1  -1       0.51655110  p_y
   56   2   1   0       0.47246241  p_z
   56   2   1   1       0.49181674  p_x
   57   1   0   0       0.58871221  s
   57   2   1  -1       0.47964530  p_y
   57   2   1   0       0.44998945  p_z
   57   2   1   1       0.46019966  p_x
   58   1   0   0       0.43694444  s
   59   1   0   0       0.61450880  s
   59   2   1  -1       0.48096087  p_y
   59   2   1   0       0.47670191  p_z
   59   2   1   1       0.46546301  p_x
   60   1   0   0       0.44718489  s
   61   1   0   0       0.45638186  s
   62   1   0   0       0.43441537  s
   63   1   0   0       0.58666283  s
   63   2   1  -1       0.47605528  p_y
   63   2   1   0       0.45230486  p_z
   63   2   1   1       0.45851536  p_x
   64   1   0   0       0.61551465  s
   64   2   1  -1       0.50048108  p_y
   64   2   1   0       0.46052687  p_z
   64   2   1   1       0.48265875  p_x
   65   1   0   0       0.45050124  s
   66   1   0   0       0.63949040  s
   66   2   1  -1       0.49754851  p_y
   66   2   1   0       0.46196197  p_z
   66   2   1   1       0.48440311  p_x
   67   1   0   0       0.60717642  s
   67   2   1  -1       0.48429599  p_y
   67   2   1   0       0.48069182  p_z
   67   2   1   1       0.46277683  p_x
   68   1   0   0       0.44642315  s
   69   1   0   0       0.62244530  s
   69   2   1  -1       0.48891594  p_y
   69   2   1   0       0.46194183  p_z
   69   2   1   1       0.47250496  p_x
   70   1   0   0       0.43337865  s
   71   1   0   0       0.44834944  s
   72   1   0   0       0.44870384  s

Nr. of electrons (down):    101.00000000
Atom populations (down)
 Atom       Population
    1       1.98303783
    2       2.05347892
    3       1.97232798
    4       2.05007020
    5       1.97786155
    6       0.44506295
    7       2.09110966
    8       2.08715147
    9       1.98393574
   10       0.44260468
   11       2.03182440
   12       1.97819662
   13       0.45968536
   14       0.45984883
   15       1.97799540
   16       2.05730070
   17       2.05046896
   18       0.44717390
   19       2.06304524
   20       2.08605026
   21       1.98109930
   22       0.44386817
   23       2.04605865
   24       0.45632081
   25       0.46157600
   26       0.46048819
   27       1.97210159
   28       2.04655423
   29       0.45840050
   30       2.06254593
   31       2.04334999
   32       0.45013355
   33       2.03582058
   34       0.46187538
   35       0.45659245
   36       0.46162852
   37       1.99275544
   38       1.97737862
   39       1.99223996
   40       1.94616034
   41       1.98030489
   42       0.44186564
   43       1.98868938
   44       1.93678418
   45       1.99641624
   46       0.44065043
   47       2.00709376
   48       1.97186166
   49       0.44646344
   50       0.44226780
   51       1.99609395
   52       1.97009693
   53       2.01549340
   54       0.43979035
   55       2.02374461
   56       1.95602959
   57       1.97546498
   58       0.44357074
   59       2.01166871
   60       0.44862953
   61       0.45838229
   62       0.44262049
   63       1.98497954
   64       2.00621047
   65       0.45193443
   66       2.00204554
   67       2.00844948
   68       0.44937246
   69       2.01986953
   70       0.43796211
   71       0.44983034
   72       0.45018422

l-shell populations (down)
 Atom Sh.   l       Population
    1   1   0       0.58989946
    1   2   1       1.39313837
    2   1   0       0.62207647
    2   2   1       1.43140245
    3   1   0       0.58963422
    3   2   1       1.38269376
    4   1   0       0.61858709
    4   2   1       1.43148311
    5   1   0       0.58683622
    5   2   1       1.39102533
    6   1   0       0.44506295
    7   1   0       0.62547326
    7   2   1       1.46563640
    8   1   0       0.62163124
    8   2   1       1.46552023
    9   1   0       0.59204017
    9   2   1       1.39189557
   10   1   0       0.44260468
   11   1   0       0.60912347
   11   2   1       1.42270092
   12   1   0       0.59677428
   12   2   1       1.38142234
   13   1   0       0.45968536
   14   1   0       0.45984883
   15   1   0       0.59248884
   15   2   1       1.38550656
   16   1   0       0.62548912
   16   2   1       1.43181157
   17   1   0       0.61318799
   17   2   1       1.43728097
   18   1   0       0.44717390
   19   1   0       0.61582190
   19   2   1       1.44722335
   20   1   0       0.62180327
   20   2   1       1.46424699
   21   1   0       0.59274947
   21   2   1       1.38834983
   22   1   0       0.44386817
   23   1   0       0.61949634
   23   2   1       1.42656232
   24   1   0       0.45632081
   25   1   0       0.46157600
   26   1   0       0.46048819
   27   1   0       0.58929067
   27   2   1       1.38281092
   28   1   0       0.62011636
   28   2   1       1.42643786
   29   1   0       0.45840050
   30   1   0       0.61671061
   30   2   1       1.44583532
   31   1   0       0.60944780
   31   2   1       1.43390219
   32   1   0       0.45013355
   33   1   0       0.61131841
   33   2   1       1.42450217
   34   1   0       0.46187538
   35   1   0       0.45659245
   36   1   0       0.46162852
   37   1   0       0.59035024
   37   2   1       1.40240520
   38   1   0       0.61691424
   38   2   1       1.36046438
   39   1   0       0.59165116
   39   2   1       1.40058880
   40   1   0       0.62670691
   40   2   1       1.31945343
   41   1   0       0.59671638
   41   2   1       1.38358852
   42   1   0       0.44186564
   43   1   0       0.61463389
   43   2   1       1.37405549
   44   1   0       0.62577242
   44   2   1       1.31101176
   45   1   0       0.59096917
   45   2   1       1.40544707
   46   1   0       0.44065043
   47   1   0       0.61553025
   47   2   1       1.39156351
   48   1   0       0.59185754
   48   2   1       1.38000412
   49   1   0       0.44646344
   50   1   0       0.44226780
   51   1   0       0.58841217
   51   2   1       1.40768178
   52   1   0       0.62213849
   52   2   1       1.34795845
   53   1   0       0.61074314
   53   2   1       1.40475026
   54   1   0       0.43979035
   55   1   0       0.60940436
   55   2   1       1.41434024
   56   1   0       0.61744111
   56   2   1       1.33858848
   57   1   0       0.59057697
   57   2   1       1.38488800
   58   1   0       0.44357074
   59   1   0       0.61413417
   59   2   1       1.39753454
   60   1   0       0.44862953
   61   1   0       0.45838229
   62   1   0       0.44262049
   63   1   0       0.59000899
   63   2   1       1.39497056
   64   1   0       0.61352716
   64   2   1       1.39268331
   65   1   0       0.45193443
   66   1   0       0.63597890
   66   2   1       1.36606664
   67   1   0       0.60701136
   67   2   1       1.40143811
   68   1   0       0.44937246
   69   1   0       0.62258410
   69   2   1       1.39728543
   70   1   0       0.43796211
   71   1   0       0.44983034
   72   1   0       0.45018422

Orbital populations (down)
 Atom Sh.   l   m       Population  Label
    1   1   0   0       0.58989946  s
    1   2   1  -1       0.47982243  p_y
    1   2   1   0       0.45679540  p_z
    1   2   1   1       0.45652053  p_x
    2   1   0   0       0.62207647  s
    2   2   1  -1       0.48887542  p_y
    2   2   1   0       0.46198228  p_z
    2   2   1   1       0.48054475  p_x
    3   1   0   0       0.58963422  s
    3   2   1  -1       0.47398294  p_y
    3   2   1   0       0.45096966  p_z
    3   2   1   1       0.45774117  p_x
    4   1   0   0       0.61858709  s
    4   2   1  -1       0.48687925  p_y
    4   2   1   0       0.46355091  p_z
    4   2   1   1       0.48105295  p_x
    5   1   0   0       0.58683622  s
    5   2   1  -1       0.47580665  p_y
    5   2   1   0       0.45935950  p_z
    5   2   1   1       0.45585918  p_x
    6   1   0   0       0.44506295  s
    7   1   0   0       0.62547326  s
    7   2   1  -1       0.51619846  p_y
    7   2   1   0       0.46914685  p_z
    7   2   1   1       0.48029109  p_x
    8   1   0   0       0.62163124  s
    8   2   1  -1       0.51744177  p_y
    8   2   1   0       0.47180064  p_z
    8   2   1   1       0.47627782  p_x
    9   1   0   0       0.59204017  s
    9   2   1  -1       0.48033658  p_y
    9   2   1   0       0.45657697  p_z
    9   2   1   1       0.45498202  p_x
   10   1   0   0       0.44260468  s
   11   1   0   0       0.60912347  s
   11   2   1  -1       0.48166445  p_y
   11   2   1   0       0.46297463  p_z
   11   2   1   1       0.47806185  p_x
   12   1   0   0       0.59677428  s
   12   2   1  -1       0.47576968  p_y
   12   2   1   0       0.44682386  p_z
   12   2   1   1       0.45882880  p_x
   13   1   0   0       0.45968536  s
   14   1   0   0       0.45984883  s
   15   1   0   0       0.59248884  s
   15   2   1  -1       0.47642061  p_y
   15   2   1   0       0.45293173  p_z
   15   2   1   1       0.45615421  p_x
   16   1   0   0       0.62548912  s
   16   2   1  -1       0.48770558  p_y
   16   2   1   0       0.46294151  p_z
   16   2   1   1       0.48116448  p_x
   17   1   0   0       0.61318799  s
   17   2   1  -1       0.49636874  p_y
   17   2   1   0       0.47335331  p_z
   17   2   1   1       0.46755892  p_x
   18   1   0   0       0.44717390  s
   19   1   0   0       0.61582190  s
   19   2   1  -1       0.50175821  p_y
   19   2   1   0       0.46568039  p_z
   19   2   1   1       0.47978475  p_x
   20   1   0   0       0.62180327  s
   20   2   1  -1       0.51563077  p_y
   20   2   1   0       0.47032358  p_z
   20   2   1   1       0.47829265  p_x
   21   1   0   0       0.59274947  s
   21   2   1  -1       0.47827675  p_y
   21   2   1   0       0.45444948  p_z
   21   2   1   1       0.45562360  p_x
   22   1   0   0       0.44386817  s
   23   1   0   0       0.61949634  s
   23   2   1  -1       0.48889104  p_y
   23   2   1   0       0.47284208  p_z
   23   2   1   1       0.46482920  p_x
   24   1   0   0       0.45632081  s
   25   1   0   0       0.46157600  s
   26   1   0   0       0.46048819  s
   27   1   0   0       0.58929067  s
   27   2   1  -1       0.47512954  p_y
   27   2   1   0       0.44756995  p_z
   27   2   1   1       0.46011144  p_x
   28   1   0   0       0.62011636  s
   28   2   1  -1       0.48502145  p_y
   28   2   1   0       0.46153434  p_z
   28   2   1   1       0.47988207  p_x
   29   1   0   0       0.45840050  s
   30   1   0   0       0.61671061  s
   30   2   1  -1       0.49922728  p_y
   30   2   1   0       0.46673923  p_z
   30   2   1   1       0.47986881  p_x
   31   1   0   0       0.60944780  s
   31   2   1  -1       0.49045856  p_y
   31   2   1   0       0.47834729  p_z
   31   2   1   1       0.46509634  p_x
   32   1   0   0       0.45013355  s
   33   1   0   0       0.61131841  s
   33   2   1  -1       0.48439758  p_y
   33   2   1   0       0.46882927  p_z
   33   2   1   1       0.47127533  p_x
   34   1   0   0       0.46187538  s
   35   1   0   0       0.45659245  s
   36   1   0   0       0.46162852  s
   37   1   0   0       0.59035024  s
   37   2   1  -1       0.48410798  p_y
   37   2   1   0       0.45478586  p_z
   37   2   1   1       0.46351136  p_x
   38   1   0   0       0.61691424  s
   38   2   1  -1       0.42912013  p_y
   38   2   1   0       0.46639511  p_z
   38   2   1   1       0.46494914  p_x
   39   1   0   0       0.59165116  s
   39   2   1  -1       0.48390338  p_y
   39   2   1   0       0.45589847  p_z
   39   2   1   1       0.46078695  p_x
   40   1   0   0       0.62670691  s
   40   2   1  -1       0.40455000  p_y
   40   2   1   0       0.46072469  p_z
   40   2   1   1       0.45417874  p_x
   41   1   0   0       0.59671638  s
   41   2   1  -1       0.46943459  p_y
   41   2   1   0       0.45609363  p_z
   41   2   1   1       0.45806030  p_x
   42   1   0   0       0.44186564  s
   43   1   0   0       0.61463389  s
   43   2   1  -1       0.44409727  p_y
   43   2   1   0       0.46169441  p_z
   43   2   1   1       0.46826381  p_x
   44   1   0   0       0.62577242  s
   44   2   1  -1       0.39707582  p_y
   44   2   1   0       0.45894255  p_z
   44   2   1   1       0.45499339  p_x
   45   1   0   0       0.59096917  s
   45   2   1  -1       0.48531026  p_y
   45   2   1   0       0.45754150  p_z
   45   2   1   1       0.46259531  p_x
   46   1   0   0       0.44065043  s
   47   1   0   0       0.61553025  s
   47   2   1  -1       0.45584502  p_y
   47   2   1   0       0.46252482  p_z
   47   2   1   1       0.47319368  p_x
   48   1   0   0       0.59185754  s
   48   2   1  -1       0.46684859  p_y
   48   2   1   0       0.45418807  p_z
   48   2   1   1       0.45896747  p_x
   49   1   0   0       0.44646344  s
   50   1   0   0       0.44226780  s
   51   1   0   0       0.58841217  s
   51   2   1  -1       0.48830880  p_y
   51   2   1   0       0.45419219  p_z
   51   2   1   1       0.46518078  p_x
   52   1   0   0       0.62213849  s
   52   2   1  -1       0.42226795  p_y
   52   2   1   0       0.46107922  p_z
   52   2   1   1       0.46461128  p_x
   53   1   0   0       0.61074314  s
   53   2   1  -1       0.47087333  p_y
   53   2   1   0       0.46986266  p_z
   53   2   1   1       0.46401427  p_x
   54   1   0   0       0.43979035  s
   55   1   0   0       0.60940436  s
   55   2   1  -1       0.47705656  p_y
   55   2   1   0       0.46088094  p_z
   55   2   1   1       0.47640274  p_x
   56   1   0   0       0.61744111  s
   56   2   1  -1       0.41667620  p_y
   56   2   1   0       0.46592245  p_z
   56   2   1   1       0.45598983  p_x
   57   1   0   0       0.59057697  s
   57   2   1  -1       0.47332174  p_y
   57   2   1   0       0.45185116  p_z
   57   2   1   1       0.45971511  p_x
   58   1   0   0       0.44357074  s
   59   1   0   0       0.61413417  s
   59   2   1  -1       0.46247683  p_y
   59   2   1   0       0.47430807  p_z
   59   2   1   1       0.46074963  p_x
   60   1   0   0       0.44862953  s
   61   1   0   0       0.45838229  s
   62   1   0   0       0.44262049  s
   63   1   0   0       0.59000899  s
   63   2   1  -1       0.47834709  p_y
   63   2   1   0       0.45634625  p_z
   63   2   1   1       0.46027722  p_x
   64   1   0   0       0.61352716  s
   64   2   1  -1       0.46288392  p_y
   64   2   1   0       0.45888245  p_z
   64   2   1   1       0.47091694  p_x
   65   1   0   0       0.45193443  s
   66   1   0   0       0.63597890  s
   66   2   1  -1       0.44096020  p_y
   66   2   1   0       0.45927290  p_z
   66   2   1   1       0.46583354  p_x
   67   1   0   0       0.60701136  s
   67   2   1  -1       0.46345641  p_y
   67   2   1   0       0.47964131  p_z
   67   2   1   1       0.45834039  p_x
   68   1   0   0       0.44937246  s
   69   1   0   0       0.62258410  s
   69   2   1  -1       0.46709140  p_y
   69   2   1   0       0.46294399  p_z
   69   2   1   1       0.46725004  p_x
   70   1   0   0       0.43796211  s
   71   1   0   0       0.44983034  s
   72   1   0   0       0.45018422  s

Spin  up
Fermi level:                        -0.2207158043 H           -6.0060 eV
Band energy:                       -47.9997886019 H        -1306.1407 eV
TS:                                  0.0000000000 H            0.0000 eV
Band free energy (E-TS):           -47.9997886019 H        -1306.1407 eV
Extrapolated E(0K):                -47.9997886019 H        -1306.1407 eV
Input / Output electrons (up):    102.0000000004    102.0000000000

Spin  down
Fermi level:                        -0.2435935788 H           -6.6285 eV
Band energy:                       -47.6610467440 H        -1296.9231 eV
TS:                                  0.0000000000 H            0.0000 eV
Band free energy (E-TS):           -47.6610467440 H        -1296.9231 eV
Extrapolated E(0K):                -47.6610467440 H        -1296.9231 eV
Input / Output electrons (down):    100.9999999996    101.0000000000

Energy H0:                         -86.3571169893 H        -2349.8967 eV
Energy SCC:                          0.0240373896 H            0.6541 eV
Energy SPIN:                        -0.0015325131 H           -0.0417 eV
Energy 3rd:                          0.0000881018 H            0.0024 eV
Total Electronic energy:           -86.3345240110 H        -2349.2819 eV
Repulsive energy:                    0.8084005674 H           21.9977 eV
Total energy:                      -85.5261234436 H        -2327.2842 eV
Extrapolated to 0:                 -85.5261234436 H        -2327.2842 eV
Total Mermin free energy:          -85.5261234436 H        -2327.2842 eV
Force related energy:              -85.5261234436 H        -2327.2842 eV

Constraints converged

SCC converged

