            --------------------------------------------------------
                             AMBER SQM VERSION 19
 
                                     By
              Ross C. Walker, Michael F. Crowley, Scott Brozell,
                         Tim Giese, Andreas W. Goetz,
                        Tai-Sung Lee and David A. Case
 
            --------------------------------------------------------
 

--------------------------------------------------------------------------------
  QM CALCULATION INFO
--------------------------------------------------------------------------------

| QMMM: Citation for AMBER QMMM Run:
| QMMM: R.C. Walker, M.F. Crowley and D.A. Case, J. COMP. CHEM. 29:1019, 2008

QMMM: SINGLET STATE CALCULATION
QMMM: RHF CALCULATION, NO. OF DOUBLY OCCUPIED LEVELS = 51

| QMMM: *** Selected Hamiltonian *** 
| QMMM: AM1         

| QMMM: *** Parameter sets in use ***
| QMMM: C : M.J.S.DEWAR et al. JACS, 107, 3902, (1985)
| QMMM: H : M.J.S.DEWAR et al. JACS, 107, 3902, (1985)

| QMMM: *** SCF convergence criteria ***
| QMMM: Energy change                :  0.1D-09 kcal/mol
| QMMM: Error matrix |FP-PF|         :  0.1D+00 au
| QMMM: Density matrix change        :  0.5D-06
| QMMM: Maximum number of SCF cycles :     1000

| QMMM: *** Diagonalization Routine Information ***
| QMMM: Pseudo diagonalizations are allowed.
| QMMM: Auto diagonalization routine selection is in use.
| QMMM:
| QMMM: Timing diagonalization routines:
| QMMM:                              norbs =      102
| QMMM:    diag iterations used for timing =       10
| QMMM:
| QMMM:              Internal diag routine = 0.019368 seconds
| QMMM:                 Dspev diag routine = 0.061798 seconds
| QMMM:                Dspevd diag routine = 0.016908 seconds
| QMMM:                Dspevx diag routine = 0.056816 seconds
| QMMM:                 Dsyev diag routine = 0.018768 seconds
| QMMM:                Dsyevd diag routine = 0.313443 seconds
| QMMM:                Dsyevr diag routine = 0.019143 seconds
| QMMM:
| QMMM:                Pseudo diag routine = 0.005351 seconds
| QMMM:
| QMMM: Using dspevd routine (diag_routine=3).

  QMMM: QM Region Cartesian Coordinates (*=link atom) 
  QMMM: QM_NO.   MM_NO.  ATOM         X         Y         Z
  QMMM:     1        1      C       14.9580   37.0590   47.1490
  QMMM:     2        2      C       14.8020   37.1780   45.7570
  QMMM:     3        3      C       13.9770   36.5020   47.9790
  QMMM:     4        4      C       16.1890   37.5470   47.7530
  QMMM:     5        5      H       14.0000   36.8610   45.3560
  QMMM:     6        6      C       15.7780   37.7440   44.9470
  QMMM:     7        7      H       13.1640   36.1850   47.6070
  QMMM:     8        8      C       14.1560   36.4000   49.3670
  QMMM:     9        9      C       17.1810   38.1190   46.9210
  QMMM:    10       10      C       16.3680   37.4450   49.1400
  QMMM:    11       11      C       17.0020   38.2200   45.5460
  QMMM:    12       12      C       15.6140   37.8690   43.5250
  QMMM:    13       13      C       13.1650   35.8280   50.1990
  QMMM:    14       14      C       15.3870   36.8880   49.9710
  QMMM:    15       15      H       17.9860   38.4400   47.3100
  QMMM:    16       16      H       17.1820   37.7620   49.5130
  QMMM:    17       17      C       17.9980   38.8060   44.6830
  QMMM:    18       18      H       14.8140   37.5630   43.1130
  QMMM:    19       19      C       16.5930   38.4200   42.7630
  QMMM:    20       20      C       13.3430   35.7270   51.5740
  QMMM:    21       21      H       12.3590   35.5070   49.8100
  QMMM:    22       22      C       15.5440   36.7680   51.3630
  QMMM:    23       23      C       17.8000   38.9030   43.3480
  QMMM:    24       24      H       18.8080   39.1300   45.0580
  QMMM:    25       25      H       16.4720   38.4850   41.8220
  QMMM:    26       26      C       12.3470   35.1410   52.4370
  QMMM:    27       27      C       14.5680   36.2030   52.1720
  QMMM:    28       28      H       16.3450   37.0860   51.7640
  QMMM:    29       29      H       18.4690   39.2940   42.7980
  QMMM:    30       30      C       12.5450   35.0440   53.7720
  QMMM:    31       31      H       11.5370   34.8170   52.0620
  QMMM:    32       32      C       14.7320   36.0780   53.5950
  QMMM:    33       33      C       13.7530   35.5270   54.3570
  QMMM:    34       34      H       11.8770   34.6520   54.3220
  QMMM:    35       35      H       15.5310   36.3840   54.0070
  QMMM:    36       36      H       13.8740   35.4620   55.2970

--------------------------------------------------------------------------------
  RESULTS
--------------------------------------------------------------------------------

      iter         sqm energy              rms gradient
      ----    -------------------    -----------------------
xmin    10      111.5752 kcal/mol        0.0061 kcal/(mol*A)
  ... geometry converged !
 
 Final MO eigenvalues (eV):
 -41.3552  -40.3050  -38.6519  -36.3578  -34.3205  -33.5786  -33.3608  -31.8411
 -30.4124  -29.8411  -27.5692  -26.2819  -24.0191  -23.6979  -22.9450  -22.3385
 -22.1718  -21.2549  -18.7362  -17.8758  -17.8266  -16.6982  -16.5634  -16.4456
 -15.6392  -15.6042  -15.4466  -14.8761  -14.8629  -14.3097  -14.1470  -14.1448
 -13.9150  -13.9133  -13.8423  -13.6267  -13.0881  -12.9227  -12.4492  -12.1801
 -11.8551  -11.7699  -11.6704  -11.4805  -11.4730  -10.8625  -10.3668   -9.9117
  -9.0380   -8.7234   -7.4910   -1.5175   -0.3913   -0.2762    0.5654    0.8466
   1.2590    1.6276    1.7900    2.5609    3.1091    3.3235    3.4250    3.5501
   3.6184    3.6848    3.7541    3.7699    3.8757    3.9645    4.0435    4.0815
   4.1439    4.1464    4.2109    4.2125    4.2515    4.3193    4.5049    4.6076
   4.6339    4.6754    4.7303    4.9400    4.9720    5.0405    5.0749    5.0932
   5.1898    5.3152    5.3509    5.3664    5.5040    5.5745    5.6166    5.6626
   5.7764    5.7815    5.8256    5.9286    6.0552    6.1073

 Heat of formation   =        111.57517629 kcal/mol  (        4.83826271 eV)

 Total SCF energy    =     -69351.74142591 kcal/mol  (    -3007.31717731 eV)
 Electronic energy   =    -481637.44483413 kcal/mol  (   -20885.36684594 eV)
 Core-core repulsion =     412285.70340821 kcal/mol  (    17878.04966863 eV)
 
    Atomic Charges for Step       1 :
  Atom    Element       Mulliken Charge
     1      C                 -0.029
     2      C                 -0.107
     3      C                 -0.107
     4      C                 -0.029
     5      H                  0.134
     6      C                 -0.032
     7      H                  0.135
     8      C                 -0.029
     9      C                 -0.107
    10      C                 -0.107
    11      C                 -0.032
    12      C                 -0.118
    13      C                 -0.107
    14      C                 -0.029
    15      H                  0.134
    16      H                  0.135
    17      C                 -0.118
    18      H                  0.132
    19      C                 -0.126
    20      C                 -0.032
    21      H                  0.134
    22      C                 -0.107
    23      C                 -0.126
    24      H                  0.132
    25      H                  0.132
    26      C                 -0.118
    27      C                 -0.032
    28      H                  0.134
    29      H                  0.132
    30      C                 -0.126
    31      H                  0.132
    32      C                 -0.118
    33      C                 -0.126
    34      H                  0.132
    35      H                  0.132
    36      H                  0.132
 Total Mulliken Charge =      -0.000
 
                  X        Y        Z     TOTAL  
  QM DIPOLE     0.000   -0.000   -0.000    0.000
 
 Final Structure

  QMMM: QM Region Cartesian Coordinates (*=link atom) 
  QMMM: QM_NO.   MM_NO.  ATOM         X         Y         Z
  QMMM:     1        1      C       14.9693   37.0707   47.1624
  QMMM:     2        2      C       14.7979   37.1838   45.7566
  QMMM:     3        3      C       13.9831   36.5041   47.9796
  QMMM:     4        4      C       16.1845   37.5502   47.7552
  QMMM:     5        5      H       13.8621   36.8132   45.3100
  QMMM:     6        6      C       15.7749   37.7437   44.9576
  QMMM:     7        7      H       13.0504   36.1360   47.5246
  QMMM:     8        8      C       14.1609   36.3967   49.3647
  QMMM:     9        9      C       17.1791   38.1234   46.9182
  QMMM:    10       10      C       16.3623   37.4429   49.1402
  QMMM:    11       11      C       16.9963   38.2257   45.5535
  QMMM:    12       12      C       15.6133   37.8642   43.5309
  QMMM:    13       13      C       13.1663   35.8235   50.2017
  QMMM:    14       14      C       15.3761   36.8762   49.9574
  QMMM:    15       15      H       18.1087   38.4889   47.3816
  QMMM:    16       16      H       17.2950   37.8109   49.5952
  QMMM:    17       17      C       17.9972   38.8049   44.6938
  QMMM:    18       18      H       14.6760   37.4921   43.0899
  QMMM:    19       19      C       16.5856   38.4180   42.7606
  QMMM:    20       20      C       13.3491   35.7212   51.5664
  QMMM:    21       21      H       12.2367   35.4581   49.7383
  QMMM:    22       22      C       15.5475   36.7631   51.3633
  QMMM:    23       23      C       17.7998   38.8971   43.3529
  QMMM:    24       24      H       18.9244   39.1685   45.1624
  QMMM:    25       25      H       16.4656   38.5116   41.6711
  QMMM:    26       26      C       12.3482   35.1420   52.4260
  QMMM:    27       27      C       14.5706   36.2032   52.1622
  QMMM:    28       28      H       16.4833   37.1337   51.8098
  QMMM:    29       29      H       18.5617   39.3386   42.6936
  QMMM:    30       30      C       12.5456   35.0497   53.7669
  QMMM:    31       31      H       11.4211   34.7784   51.9575
  QMMM:    32       32      C       14.7322   36.0826   53.5890
  QMMM:    33       33      C       13.7599   35.5288   54.3592
  QMMM:    34       34      H       11.7838   34.6081   54.4262
  QMMM:    35       35      H       15.6695   36.4547   54.0299
  QMMM:    36       36      H       13.8799   35.4352   55.4487

           --------- Calculation Completed ----------

