 Fermi distribution function

Calculation with static geometry


********************************************************************************
 iSCC Total electronic   Diff electronic      SCC error    
   17   -0.86227830E+02    0.45459984E-07    0.82728586E-06
********************************************************************************

 Total charge:     1.00000000

 Atomic gross charges (e)
 Atom           Charge
    1       0.03755564
    2      -0.12488636
    3       0.02532090
    4      -0.13070848
    5       0.03851752
    6       0.11121995
    7      -0.15238148
    8      -0.16239424
    9       0.03371106
   10       0.12015095
   11      -0.09356794
   12       0.04653502
   13       0.10334195
   14       0.10559176
   15       0.03879481
   16      -0.12319131
   17      -0.09828119
   18       0.11250281
   19      -0.11832096
   20      -0.16832428
   21       0.03408656
   22       0.09977156
   23      -0.09235403
   24       0.07757018
   25       0.10221129
   26       0.10975749
   27       0.03847855
   28      -0.09550639
   29       0.08803777
   30      -0.11532722
   31      -0.11044792
   32       0.09115183
   33      -0.09554854
   34       0.10175912
   35       0.09037625
   36       0.07489076
   37       0.03219471
   38      -0.05158441
   39       0.03668498
   40      -0.03741370
   41       0.04524487
   42       0.10626205
   43      -0.06716070
   44      -0.04937471
   45       0.02815728
   46       0.11630724
   47      -0.05788918
   48       0.04662131
   49       0.11137932
   50       0.10804102
   51       0.02626460
   52      -0.05661296
   53      -0.04264797
   54       0.11038605
   55      -0.08379022
   56      -0.06935291
   57       0.03487770
   58       0.11008843
   59      -0.05079833
   60       0.11111329
   61       0.10468302
   62       0.11626516
   63       0.04538411
   64      -0.08465635
   65       0.11870605
   66      -0.07578481
   67      -0.06121438
   68       0.10489518
   69      -0.05469459
   70       0.11452857
   71       0.10783614
   72       0.10696071


 Atomic net (on-site) populations and hybridisation ratios
 Atom       Population         Hybrid.
    1       2.71386714      0.32153321
    2       2.87702373      0.28074407
    3       2.74194679      0.31451330
    4       2.90267090      0.27433228
    5       2.71727690      0.32068077
    6       0.55638352      0.44361648
    7       2.91329915      0.27167521
    8       2.93159280      0.26710180
    9       2.71298879      0.32175280
   10       0.54537097      0.45462903
   11       2.84469664      0.28882584
   12       2.70701772      0.32324557
   13       0.56469110      0.43530890
   14       0.56205868      0.43794132
   15       2.71003589      0.32249103
   16       2.87779668      0.28055083
   17       2.82221425      0.29444644
   18       0.55364493      0.44635507
   19       2.86940717      0.28264821
   20       2.93132909      0.26716773
   21       2.72046321      0.31988420
   22       0.57121824      0.42878176
   23       2.81653725      0.29586569
   24       0.59170882      0.40829118
   25       0.56266421      0.43733579
   26       0.55687661      0.44312339
   27       2.71727476      0.32068131
   28       2.84380608      0.28904848
   29       0.58200664      0.41799336
   30       2.85857127      0.28535718
   31       2.84598096      0.28850476
   32       0.57819008      0.42180992
   33       2.82944962      0.29263760
   34       0.56700559      0.43299441
   35       0.57425634      0.42574366
   36       0.59297642      0.40702358
   37       2.69464444      0.32633889
   38       2.82479890      0.29380027
   39       2.68493580      0.32876605
   40       2.81625401      0.29593650
   41       2.70262564      0.32434359
   42       0.56356922      0.43643078
   43       2.83628424      0.29092894
   44       2.83070954      0.29232262
   45       2.70967384      0.32258154
   46       0.55106138      0.44893862
   47       2.80354161      0.29911460
   48       2.70642493      0.32339377
   49       0.55900477      0.44099523
   50       0.56303494      0.43696506
   51       2.70882987      0.32279253
   52       2.83636608      0.29090848
   53       2.76121663      0.30969584
   54       0.55712683      0.44287317
   55       2.83797974      0.29050507
   56       2.84850191      0.28787452
   57       2.72407184      0.31898204
   58       0.56112737      0.43887263
   59       2.77151292      0.30712177
   60       0.55349294      0.44650706
   61       0.56226828      0.43773172
   62       0.55358054      0.44641946
   63       2.69360520      0.32659870
   64       2.85316684      0.28670829
   65       0.54785203      0.45214797
   66       2.82716834      0.29320791
   67       2.77960605      0.30509849
   68       0.56085917      0.43914083
   69       2.77456569      0.30635858
   70       0.55324472      0.44675528
   71       0.55742633      0.44257367
   72       0.55800839      0.44199161

Nr. of electrons (up):    102.00000000
Atom populations (up)
 Atom       Population
    1       1.98118247
    2       2.06270026
    3       1.98738298
    4       2.06586068
    5       1.98073650
    6       0.44437566
    7       2.07619806
    8       2.08121365
    9       1.98307712
   10       0.43989658
   11       2.04685158
   12       1.97683306
   13       0.44832862
   14       0.44720328
   15       1.98060930
   16       2.06197387
   17       2.04915118
   18       0.44374471
   19       2.05917681
   20       2.08416628
   21       1.98289398
   22       0.45009319
   23       2.04624749
   24       0.46121433
   25       0.44889348
   26       0.44512106
   27       1.98084626
   28       2.04789848
   29       0.45597710
   30       2.05764944
   31       2.05518468
   32       0.45441582
   33       2.04792685
   34       0.44912137
   35       0.45481405
   36       0.46254635
   37       1.97372024
   38       2.09070525
   39       1.96944297
   40       2.09840729
   41       1.97643090
   42       0.44329363
   43       2.10735749
   44       2.11463093
   45       1.97608323
   46       0.43748795
   47       2.05317682
   48       1.97168823
   49       0.44022307
   50       0.44099829
   51       1.97544642
   52       2.09022658
   53       2.03519905
   54       0.44350850
   55       2.07175927
   56       2.10586230
   57       1.98076061
   58       0.44153791
   59       2.03294039
   60       0.44368025
   61       0.44600869
   62       0.43793578
   63       1.97539022
   64       2.06721690
   65       0.44022785
   66       2.06027298
   67       2.03913951
   68       0.44616784
   69       2.03854235
   70       0.44151660
   71       0.44561062
   72       0.44589655

l-shell populations (up)
 Atom Sh.   l       Population
    1   1   0       0.59217905
    1   2   1       1.38900342
    2   1   0       0.62040956
    2   2   1       1.44229070
    3   1   0       0.59745202
    3   2   1       1.38993097
    4   1   0       0.62618242
    4   2   1       1.43967826
    5   1   0       0.59189680
    5   2   1       1.38883969
    6   1   0       0.44437566
    7   1   0       0.62261725
    7   2   1       1.45358081
    8   1   0       0.62526555
    8   2   1       1.45594810
    9   1   0       0.58989836
    9   2   1       1.39317876
   10   1   0       0.43989658
   11   1   0       0.62135373
   11   2   1       1.42549785
   12   1   0       0.59218311
   12   2   1       1.38464996
   13   1   0       0.44832862
   14   1   0       0.44720328
   15   1   0       0.59047069
   15   2   1       1.39013861
   16   1   0       0.61984959
   16   2   1       1.44212428
   17   1   0       0.61212637
   17   2   1       1.43702480
   18   1   0       0.44374471
   19   1   0       0.62143766
   19   2   1       1.43773914
   20   1   0       0.62368762
   20   2   1       1.46047866
   21   1   0       0.59160961
   21   2   1       1.39128437
   22   1   0       0.45009319
   23   1   0       0.61380306
   23   2   1       1.43244443
   24   1   0       0.46121433
   25   1   0       0.44889348
   26   1   0       0.44512106
   27   1   0       0.59221307
   27   2   1       1.38863318
   28   1   0       0.61898915
   28   2   1       1.42890933
   29   1   0       0.45597710
   30   1   0       0.61903174
   30   2   1       1.43861770
   31   1   0       0.61718056
   31   2   1       1.43800412
   32   1   0       0.45441582
   33   1   0       0.61547599
   33   2   1       1.43245087
   34   1   0       0.44912137
   35   1   0       0.45481405
   36   1   0       0.46254635
   37   1   0       0.58120065
   37   2   1       1.39251959
   38   1   0       0.62646290
   38   2   1       1.46424234
   39   1   0       0.57868848
   39   2   1       1.39075449
   40   1   0       0.63016954
   40   2   1       1.46823775
   41   1   0       0.58939389
   41   2   1       1.38703701
   42   1   0       0.44329363
   43   1   0       0.62673215
   43   2   1       1.48062535
   44   1   0       0.62929186
   44   2   1       1.48533907
   45   1   0       0.58496073
   45   2   1       1.39112250
   46   1   0       0.43748795
   47   1   0       0.61854227
   47   2   1       1.43463455
   48   1   0       0.59075579
   48   2   1       1.38093244
   49   1   0       0.44022307
   50   1   0       0.44099829
   51   1   0       0.58411394
   51   2   1       1.39133248
   52   1   0       0.62808113
   52   2   1       1.46214545
   53   1   0       0.61329084
   53   2   1       1.42190821
   54   1   0       0.44350850
   55   1   0       0.62274503
   55   2   1       1.44901423
   56   1   0       0.62877149
   56   2   1       1.47709081
   57   1   0       0.59233303
   57   2   1       1.38842758
   58   1   0       0.44153791
   59   1   0       0.61463278
   59   2   1       1.41830761
   60   1   0       0.44368025
   61   1   0       0.44600869
   62   1   0       0.43793578
   63   1   0       0.58625668
   63   2   1       1.38913354
   64   1   0       0.62575998
   64   2   1       1.44145692
   65   1   0       0.44022785
   66   1   0       0.61891222
   66   2   1       1.44136077
   67   1   0       0.61401941
   67   2   1       1.42512010
   68   1   0       0.44616784
   69   1   0       0.61335296
   69   2   1       1.42518939
   70   1   0       0.44151660
   71   1   0       0.44561062
   72   1   0       0.44589655

Orbital populations (up)
 Atom Sh.   l   m       Population  Label
    1   1   0   0       0.59217905  s
    1   2   1  -1       0.47343253  p_y
    1   2   1   0       0.45824108  p_z
    1   2   1   1       0.45732981  p_x
    2   1   0   0       0.62040956  s
    2   2   1  -1       0.49443230  p_y
    2   2   1   0       0.46565234  p_z
    2   2   1   1       0.48220607  p_x
    3   1   0   0       0.59745202  s
    3   2   1  -1       0.47769974  p_y
    3   2   1   0       0.45544957  p_z
    3   2   1   1       0.45678165  p_x
    4   1   0   0       0.62618242  s
    4   2   1  -1       0.49738784  p_y
    4   2   1   0       0.46398941  p_z
    4   2   1   1       0.47830101  p_x
    5   1   0   0       0.59189680  s
    5   2   1  -1       0.47422114  p_y
    5   2   1   0       0.45829095  p_z
    5   2   1   1       0.45632761  p_x
    6   1   0   0       0.44437566  s
    7   1   0   0       0.62261725  s
    7   2   1  -1       0.50600503  p_y
    7   2   1   0       0.46248993  p_z
    7   2   1   1       0.48508586  p_x
    8   1   0   0       0.62526555  s
    8   2   1  -1       0.51071166  p_y
    8   2   1   0       0.46433913  p_z
    8   2   1   1       0.48089732  p_x
    9   1   0   0       0.58989836  s
    9   2   1  -1       0.47676627  p_y
    9   2   1   0       0.45766073  p_z
    9   2   1   1       0.45875175  p_x
   10   1   0   0       0.43989658  s
   11   1   0   0       0.62135373  s
   11   2   1  -1       0.49031115  p_y
   11   2   1   0       0.46093745  p_z
   11   2   1   1       0.47424925  p_x
   12   1   0   0       0.59218311  s
   12   2   1  -1       0.47559250  p_y
   12   2   1   0       0.44805356  p_z
   12   2   1   1       0.46100390  p_x
   13   1   0   0       0.44832862  s
   14   1   0   0       0.44720328  s
   15   1   0   0       0.59047069  s
   15   2   1  -1       0.47837250  p_y
   15   2   1   0       0.45558771  p_z
   15   2   1   1       0.45617841  p_x
   16   1   0   0       0.61984959  s
   16   2   1  -1       0.49608003  p_y
   16   2   1   0       0.46485234  p_z
   16   2   1   1       0.48119191  p_x
   17   1   0   0       0.61212637  s
   17   2   1  -1       0.49095571  p_y
   17   2   1   0       0.47369561  p_z
   17   2   1   1       0.47237349  p_x
   18   1   0   0       0.44374471  s
   19   1   0   0       0.62143766  s
   19   2   1  -1       0.49930409  p_y
   19   2   1   0       0.46032656  p_z
   19   2   1   1       0.47810850  p_x
   20   1   0   0       0.62368762  s
   20   2   1  -1       0.50910926  p_y
   20   2   1   0       0.46904115  p_z
   20   2   1   1       0.48232826  p_x
   21   1   0   0       0.59160961  s
   21   2   1  -1       0.47731986  p_y
   21   2   1   0       0.45273336  p_z
   21   2   1   1       0.46123116  p_x
   22   1   0   0       0.45009319  s
   23   1   0   0       0.61380306  s
   23   2   1  -1       0.49160761  p_y
   23   2   1   0       0.47176756  p_z
   23   2   1   1       0.46906926  p_x
   24   1   0   0       0.46121433  s
   25   1   0   0       0.44889348  s
   26   1   0   0       0.44512106  s
   27   1   0   0       0.59221307  s
   27   2   1  -1       0.47701379  p_y
   27   2   1   0       0.44812198  p_z
   27   2   1   1       0.46349742  p_x
   28   1   0   0       0.61898915  s
   28   2   1  -1       0.49468155  p_y
   28   2   1   0       0.45917041  p_z
   28   2   1   1       0.47505736  p_x
   29   1   0   0       0.45597710  s
   30   1   0   0       0.61903174  s
   30   2   1  -1       0.50052205  p_y
   30   2   1   0       0.45729257  p_z
   30   2   1   1       0.48080308  p_x
   31   1   0   0       0.61718056  s
   31   2   1  -1       0.48743820  p_y
   31   2   1   0       0.47353262  p_z
   31   2   1   1       0.47703329  p_x
   32   1   0   0       0.45441582  s
   33   1   0   0       0.61547599  s
   33   2   1  -1       0.48630452  p_y
   33   2   1   0       0.47381153  p_z
   33   2   1   1       0.47233481  p_x
   34   1   0   0       0.44912137  s
   35   1   0   0       0.45481405  s
   36   1   0   0       0.46254635  s
   37   1   0   0       0.58120065  s
   37   2   1  -1       0.48130620  p_y
   37   2   1   0       0.44671503  p_z
   37   2   1   1       0.46449835  p_x
   38   1   0   0       0.62646290  s
   38   2   1  -1       0.51105078  p_y
   38   2   1   0       0.46397567  p_z
   38   2   1   1       0.48921589  p_x
   39   1   0   0       0.57868848  s
   39   2   1  -1       0.47800798  p_y
   39   2   1   0       0.44782414  p_z
   39   2   1   1       0.46492237  p_x
   40   1   0   0       0.63016954  s
   40   2   1  -1       0.51540747  p_y
   40   2   1   0       0.46304075  p_z
   40   2   1   1       0.48978953  p_x
   41   1   0   0       0.58939389  s
   41   2   1  -1       0.47487587  p_y
   41   2   1   0       0.44593125  p_z
   41   2   1   1       0.46622989  p_x
   42   1   0   0       0.44329363  s
   43   1   0   0       0.62673215  s
   43   2   1  -1       0.52523728  p_y
   43   2   1   0       0.46250983  p_z
   43   2   1   1       0.49287824  p_x
   44   1   0   0       0.62929186  s
   44   2   1  -1       0.53019137  p_y
   44   2   1   0       0.46281573  p_z
   44   2   1   1       0.49233197  p_x
   45   1   0   0       0.58496073  s
   45   2   1  -1       0.48308475  p_y
   45   2   1   0       0.44651941  p_z
   45   2   1   1       0.46151834  p_x
   46   1   0   0       0.43748795  s
   47   1   0   0       0.61854227  s
   47   2   1  -1       0.49407913  p_y
   47   2   1   0       0.46021080  p_z
   47   2   1   1       0.48034462  p_x
   48   1   0   0       0.59075579  s
   48   2   1  -1       0.47517872  p_y
   48   2   1   0       0.44738217  p_z
   48   2   1   1       0.45837154  p_x
   49   1   0   0       0.44022307  s
   50   1   0   0       0.44099829  s
   51   1   0   0       0.58411394  s
   51   2   1  -1       0.48022596  p_y
   51   2   1   0       0.44549423  p_z
   51   2   1   1       0.46561230  p_x
   52   1   0   0       0.62808113  s
   52   2   1  -1       0.51066189  p_y
   52   2   1   0       0.45640319  p_z
   52   2   1   1       0.49508036  p_x
   53   1   0   0       0.61329084  s
   53   2   1  -1       0.48330586  p_y
   53   2   1   0       0.46369933  p_z
   53   2   1   1       0.47490301  p_x
   54   1   0   0       0.44350850  s
   55   1   0   0       0.62274503  s
   55   2   1  -1       0.50806966  p_y
   55   2   1   0       0.45750788  p_z
   55   2   1   1       0.48343669  p_x
   56   1   0   0       0.62877149  s
   56   2   1  -1       0.51233526  p_y
   56   2   1   0       0.46152776  p_z
   56   2   1   1       0.50322779  p_x
   57   1   0   0       0.59233303  s
   57   2   1  -1       0.47810077  p_y
   57   2   1   0       0.44570636  p_z
   57   2   1   1       0.46462045  p_x
   58   1   0   0       0.44153791  s
   59   1   0   0       0.61463278  s
   59   2   1  -1       0.47323152  p_y
   59   2   1   0       0.48136567  p_z
   59   2   1   1       0.46371043  p_x
   60   1   0   0       0.44368025  s
   61   1   0   0       0.44600869  s
   62   1   0   0       0.43793578  s
   63   1   0   0       0.58625668  s
   63   2   1  -1       0.47769461  p_y
   63   2   1   0       0.44349465  p_z
   63   2   1   1       0.46794428  p_x
   64   1   0   0       0.62575998  s
   64   2   1  -1       0.50576152  p_y
   64   2   1   0       0.45608814  p_z
   64   2   1   1       0.47960727  p_x
   65   1   0   0       0.44022785  s
   66   1   0   0       0.61891222  s
   66   2   1  -1       0.49262193  p_y
   66   2   1   0       0.45624041  p_z
   66   2   1   1       0.49249842  p_x
   67   1   0   0       0.61401941  s
   67   2   1  -1       0.47957632  p_y
   67   2   1   0       0.47819207  p_z
   67   2   1   1       0.46735171  p_x
   68   1   0   0       0.44616784  s
   69   1   0   0       0.61335296  s
   69   2   1  -1       0.48308569  p_y
   69   2   1   0       0.46179730  p_z
   69   2   1   1       0.48030641  p_x
   70   1   0   0       0.44151660  s
   71   1   0   0       0.44561062  s
   72   1   0   0       0.44589655  s

Nr. of electrons (down):    101.00000000
Atom populations (down)
 Atom       Population
    1       1.98126190
    2       2.06218609
    3       1.98729611
    4       2.06484780
    5       1.98074598
    6       0.44440439
    7       2.07618342
    8       2.08118059
    9       1.98321182
   10       0.43995247
   11       2.04671637
   12       1.97663191
   13       0.44832943
   14       0.44720496
   15       1.98059590
   16       2.06121745
   17       2.04913001
   18       0.44375248
   19       2.05914415
   20       2.08415800
   21       1.98301946
   22       0.45013525
   23       2.04610654
   24       0.46121549
   25       0.44889524
   26       0.44512146
   27       1.98067519
   28       2.04760791
   29       0.45598513
   30       2.05767778
   31       2.05526324
   32       0.45443234
   33       2.04762168
   34       0.44911952
   35       0.45480970
   36       0.46256288
   37       1.99408505
   38       1.96087916
   39       1.99387204
   40       1.93900640
   41       1.97832423
   42       0.45044432
   43       1.95980321
   44       1.93474379
   45       1.99575949
   46       0.44620482
   47       2.00471236
   48       1.98169046
   49       0.44839761
   50       0.45096069
   51       1.99828898
   52       1.96638638
   53       2.00744892
   54       0.44610545
   55       2.01203096
   56       1.96349062
   57       1.98436169
   58       0.44837366
   59       2.01785793
   60       0.44520646
   61       0.44930829
   62       0.44579906
   63       1.97922567
   64       2.01743945
   65       0.44106610
   66       2.01551182
   67       2.02207487
   68       0.44893699
   69       2.01615223
   70       0.44395483
   71       0.44655324
   72       0.44714274

l-shell populations (down)
 Atom Sh.   l       Population
    1   1   0       0.59220226
    1   2   1       1.38905964
    2   1   0       0.62038564
    2   2   1       1.44180045
    3   1   0       0.59744822
    3   2   1       1.38984789
    4   1   0       0.62613394
    4   2   1       1.43871385
    5   1   0       0.59190779
    5   2   1       1.38883819
    6   1   0       0.44440439
    7   1   0       0.62262026
    7   2   1       1.45356316
    8   1   0       0.62526541
    8   2   1       1.45591518
    9   1   0       0.58992631
    9   2   1       1.39328551
   10   1   0       0.43995247
   11   1   0       0.62134774
   11   2   1       1.42536863
   12   1   0       0.59217541
   12   2   1       1.38445650
   13   1   0       0.44832943
   14   1   0       0.44720496
   15   1   0       0.59046883
   15   2   1       1.39012707
   16   1   0       0.61981286
   16   2   1       1.44140459
   17   1   0       0.61212890
   17   2   1       1.43700111
   18   1   0       0.44375248
   19   1   0       0.62144048
   19   2   1       1.43770367
   20   1   0       0.62368968
   20   2   1       1.46046833
   21   1   0       0.59163014
   21   2   1       1.39138932
   22   1   0       0.45013525
   23   1   0       0.61379746
   23   2   1       1.43230907
   24   1   0       0.46121549
   25   1   0       0.44889524
   26   1   0       0.44512146
   27   1   0       0.59220442
   27   2   1       1.38847077
   28   1   0       0.61897355
   28   2   1       1.42863436
   29   1   0       0.45598513
   30   1   0       0.61903876
   30   2   1       1.43863902
   31   1   0       0.61719145
   31   2   1       1.43807179
   32   1   0       0.45443234
   33   1   0       0.61545973
   33   2   1       1.43216195
   34   1   0       0.44911952
   35   1   0       0.45480970
   36   1   0       0.46256288
   37   1   0       0.58523874
   37   2   1       1.40884631
   38   1   0       0.62044985
   38   2   1       1.34042931
   39   1   0       0.58352090
   39   2   1       1.41035114
   40   1   0       0.62259362
   40   2   1       1.31641279
   41   1   0       0.59162175
   41   2   1       1.38670248
   42   1   0       0.45044432
   43   1   0       0.61975230
   43   2   1       1.34005091
   44   1   0       0.62071662
   44   2   1       1.31402717
   45   1   0       0.58897061
   45   2   1       1.40678888
   46   1   0       0.44620482
   47   1   0       0.61667031
   47   2   1       1.38804205
   48   1   0       0.59369449
   48   2   1       1.38799597
   49   1   0       0.44839761
   50   1   0       0.45096069
   51   1   0       0.58883847
   51   2   1       1.40945051
   52   1   0       0.62228594
   52   2   1       1.34410044
   53   1   0       0.61283318
   53   2   1       1.39461574
   54   1   0       0.44610545
   55   1   0       0.62010277
   55   2   1       1.39192818
   56   1   0       0.62213002
   56   2   1       1.34136059
   57   1   0       0.59457425
   57   2   1       1.38978744
   58   1   0       0.44837366
   59   1   0       0.61506211
   59   2   1       1.40279582
   60   1   0       0.44520646
   61   1   0       0.44930829
   62   1   0       0.44579906
   63   1   0       0.58876141
   63   2   1       1.39046426
   64   1   0       0.62370642
   64   2   1       1.39373303
   65   1   0       0.44106610
   66   1   0       0.61719250
   66   2   1       1.39831933
   67   1   0       0.61413598
   67   2   1       1.40793889
   68   1   0       0.44893699
   69   1   0       0.61311019
   69   2   1       1.40304205
   70   1   0       0.44395483
   71   1   0       0.44655324
   72   1   0       0.44714274

Orbital populations (down)
 Atom Sh.   l   m       Population  Label
    1   1   0   0       0.59220226  s
    1   2   1  -1       0.47344794  p_y
    1   2   1   0       0.45826948  p_z
    1   2   1   1       0.45734221  p_x
    2   1   0   0       0.62038564  s
    2   2   1  -1       0.49411622  p_y
    2   2   1   0       0.46557073  p_z
    2   2   1   1       0.48211349  p_x
    3   1   0   0       0.59744822  s
    3   2   1  -1       0.47764680  p_y
    3   2   1   0       0.45543654  p_z
    3   2   1   1       0.45676455  p_x
    4   1   0   0       0.62613394  s
    4   2   1  -1       0.49673107  p_y
    4   2   1   0       0.46384349  p_z
    4   2   1   1       0.47813930  p_x
    5   1   0   0       0.59190779  s
    5   2   1  -1       0.47421149  p_y
    5   2   1   0       0.45829849  p_z
    5   2   1   1       0.45632821  p_x
    6   1   0   0       0.44440439  s
    7   1   0   0       0.62262026  s
    7   2   1  -1       0.50598769  p_y
    7   2   1   0       0.46249249  p_z
    7   2   1   1       0.48508297  p_x
    8   1   0   0       0.62526541  s
    8   2   1  -1       0.51068751  p_y
    8   2   1   0       0.46433619  p_z
    8   2   1   1       0.48089148  p_x
    9   1   0   0       0.58992631  s
    9   2   1  -1       0.47681155  p_y
    9   2   1   0       0.45769774  p_z
    9   2   1   1       0.45877622  p_x
   10   1   0   0       0.43995247  s
   11   1   0   0       0.62134774  s
   11   2   1  -1       0.49021565  p_y
   11   2   1   0       0.46092189  p_z
   11   2   1   1       0.47423109  p_x
   12   1   0   0       0.59217541  s
   12   2   1  -1       0.47545998  p_y
   12   2   1   0       0.44802602  p_z
   12   2   1   1       0.46097050  p_x
   13   1   0   0       0.44832943  s
   14   1   0   0       0.44720496  s
   15   1   0   0       0.59046883  s
   15   2   1  -1       0.47836755  p_y
   15   2   1   0       0.45558484  p_z
   15   2   1   1       0.45617467  p_x
   16   1   0   0       0.61981286  s
   16   2   1  -1       0.49559808  p_y
   16   2   1   0       0.46471833  p_z
   16   2   1   1       0.48108818  p_x
   17   1   0   0       0.61212890  s
   17   2   1  -1       0.49093451  p_y
   17   2   1   0       0.47369440  p_z
   17   2   1   1       0.47237219  p_x
   18   1   0   0       0.44375248  s
   19   1   0   0       0.62144048  s
   19   2   1  -1       0.49927473  p_y
   19   2   1   0       0.46032734  p_z
   19   2   1   1       0.47810160  p_x
   20   1   0   0       0.62368968  s
   20   2   1  -1       0.50909863  p_y
   20   2   1   0       0.46904529  p_z
   20   2   1   1       0.48232441  p_x
   21   1   0   0       0.59163014  s
   21   2   1  -1       0.47737145  p_y
   21   2   1   0       0.45276104  p_z
   21   2   1   1       0.46125683  p_x
   22   1   0   0       0.45013525  s
   23   1   0   0       0.61379746  s
   23   2   1  -1       0.49151937  p_y
   23   2   1   0       0.47174788  p_z
   23   2   1   1       0.46904182  p_x
   24   1   0   0       0.46121549  s
   25   1   0   0       0.44889524  s
   26   1   0   0       0.44512146  s
   27   1   0   0       0.59220442  s
   27   2   1  -1       0.47690958  p_y
   27   2   1   0       0.44809951  p_z
   27   2   1   1       0.46346168  p_x
   28   1   0   0       0.61897355  s
   28   2   1  -1       0.49449090  p_y
   28   2   1   0       0.45912650  p_z
   28   2   1   1       0.47501696  p_x
   29   1   0   0       0.45598513  s
   30   1   0   0       0.61903876  s
   30   2   1  -1       0.50053240  p_y
   30   2   1   0       0.45730169  p_z
   30   2   1   1       0.48080493  p_x
   31   1   0   0       0.61719145  s
   31   2   1  -1       0.48747043  p_y
   31   2   1   0       0.47354672  p_z
   31   2   1   1       0.47705463  p_x
   32   1   0   0       0.45443234  s
   33   1   0   0       0.61545973  s
   33   2   1  -1       0.48613737  p_y
   33   2   1   0       0.47376375  p_z
   33   2   1   1       0.47226084  p_x
   34   1   0   0       0.44911952  s
   35   1   0   0       0.45480970  s
   36   1   0   0       0.46256288  s
   37   1   0   0       0.58523874  s
   37   2   1  -1       0.48932952  p_y
   37   2   1   0       0.45187885  p_z
   37   2   1   1       0.46763794  p_x
   38   1   0   0       0.62044985  s
   38   2   1  -1       0.41717416  p_y
   38   2   1   0       0.45710730  p_z
   38   2   1   1       0.46614785  p_x
   39   1   0   0       0.58352090  s
   39   2   1  -1       0.48815488  p_y
   39   2   1   0       0.45316688  p_z
   39   2   1   1       0.46902938  p_x
   40   1   0   0       0.62259362  s
   40   2   1  -1       0.39680307  p_y
   40   2   1   0       0.45450791  p_z
   40   2   1   1       0.46510181  p_x
   41   1   0   0       0.59162175  s
   41   2   1  -1       0.47153285  p_y
   41   2   1   0       0.44916404  p_z
   41   2   1   1       0.46600560  p_x
   42   1   0   0       0.45044432  s
   43   1   0   0       0.61975230  s
   43   2   1  -1       0.41370943  p_y
   43   2   1   0       0.45468111  p_z
   43   2   1   1       0.47166037  p_x
   44   1   0   0       0.62071662  s
   44   2   1  -1       0.39497435  p_y
   44   2   1   0       0.45197728  p_z
   44   2   1   1       0.46707554  p_x
   45   1   0   0       0.58897061  s
   45   2   1  -1       0.49145336  p_y
   45   2   1   0       0.45112229  p_z
   45   2   1   1       0.46421323  p_x
   46   1   0   0       0.44620482  s
   47   1   0   0       0.61667031  s
   47   2   1  -1       0.45754562  p_y
   47   2   1   0       0.45844833  p_z
   47   2   1   1       0.47204811  p_x
   48   1   0   0       0.59369449  s
   48   2   1  -1       0.47703849  p_y
   48   2   1   0       0.45026169  p_z
   48   2   1   1       0.46069579  p_x
   49   1   0   0       0.44839761  s
   50   1   0   0       0.45096069  s
   51   1   0   0       0.58883847  s
   51   2   1  -1       0.48905564  p_y
   51   2   1   0       0.45143374  p_z
   51   2   1   1       0.46896114  p_x
   52   1   0   0       0.62228594  s
   52   2   1  -1       0.41926127  p_y
   52   2   1   0       0.45034142  p_z
   52   2   1   1       0.47449776  p_x
   53   1   0   0       0.61283318  s
   53   2   1  -1       0.46090225  p_y
   53   2   1   0       0.46360521  p_z
   53   2   1   1       0.47010828  p_x
   54   1   0   0       0.44610545  s
   55   1   0   0       0.62010277  s
   55   2   1  -1       0.46401740  p_y
   55   2   1   0       0.45428022  p_z
   55   2   1   1       0.47363057  p_x
   56   1   0   0       0.62213002  s
   56   2   1  -1       0.42823007  p_y
   56   2   1   0       0.45416513  p_z
   56   2   1   1       0.45896539  p_x
   57   1   0   0       0.59457425  s
   57   2   1  -1       0.47633408  p_y
   57   2   1   0       0.44789308  p_z
   57   2   1   1       0.46556027  p_x
   58   1   0   0       0.44837366  s
   59   1   0   0       0.61506211  s
   59   2   1  -1       0.46053639  p_y
   59   2   1   0       0.48069913  p_z
   59   2   1   1       0.46156030  p_x
   60   1   0   0       0.44520646  s
   61   1   0   0       0.44930829  s
   62   1   0   0       0.44579906  s
   63   1   0   0       0.58876141  s
   63   2   1  -1       0.47545594  p_y
   63   2   1   0       0.44701760  p_z
   63   2   1   1       0.46799072  p_x
   64   1   0   0       0.62370642  s
   64   2   1  -1       0.46850829  p_y
   64   2   1   0       0.45331129  p_z
   64   2   1   1       0.47191345  p_x
   65   1   0   0       0.44106610  s
   66   1   0   0       0.61719250  s
   66   2   1  -1       0.46494066  p_y
   66   2   1   0       0.45497725  p_z
   66   2   1   1       0.47840142  p_x
   67   1   0   0       0.61413598  s
   67   2   1  -1       0.46769889  p_y
   67   2   1   0       0.47699020  p_z
   67   2   1   1       0.46324980  p_x
   68   1   0   0       0.44893699  s
   69   1   0   0       0.61311019  s
   69   2   1  -1       0.46855531  p_y
   69   2   1   0       0.46132941  p_z
   69   2   1   1       0.47315733  p_x
   70   1   0   0       0.44395483  s
   71   1   0   0       0.44655324  s
   72   1   0   0       0.44714274  s

Spin  up
Fermi level:                        -0.1996495016 H           -5.4327 eV
Band energy:                       -45.8497836859 H        -1247.6361 eV
TS:                                  0.0000000000 H            0.0000 eV
Band free energy (E-TS):           -45.8497836859 H        -1247.6361 eV
Extrapolated E(0K):                -45.8497836859 H        -1247.6361 eV
Input / Output electrons (up):    102.0000000001    102.0000000000

Spin  down
Fermi level:                        -0.2165121759 H           -5.8916 eV
Band energy:                       -45.5494108159 H        -1239.4625 eV
TS:                                  0.0000000000 H            0.0000 eV
Band free energy (E-TS):           -45.5494108159 H        -1239.4625 eV
Extrapolated E(0K):                -45.5494108159 H        -1239.4625 eV
Input / Output electrons (down):    100.9999999999    101.0000000000

Energy H0:                         -86.2645208860 H        -2347.3770 eV
Energy SCC:                          0.0383360461 H            1.0432 eV
Energy SPIN:                        -0.0016896252 H           -0.0460 eV
Energy 3rd:                          0.0000444728 H            0.0012 eV
Total Electronic energy:           -86.2278299923 H        -2346.3786 eV
Repulsive energy:                    0.7466409459 H           20.3171 eV
Total energy:                      -85.4811890464 H        -2326.0615 eV
Extrapolated to 0:                 -85.4811890464 H        -2326.0615 eV
Total Mermin free energy:          -85.4811890464 H        -2326.0615 eV
Force related energy:              -85.4811890464 H        -2326.0615 eV

Constraints converged

SCC converged

