 Fermi distribution function

Calculation with static geometry


********************************************************************************
 iSCC Total electronic   Diff electronic      SCC error    
   15   -0.86301492E+02    0.13655294E-06    0.50900129E-05
********************************************************************************

 Total charge:     1.00000000

 Atomic gross charges (e)
 Atom           Charge
    1       0.02231693
    2      -0.05018147
    3       0.01166415
    4      -0.03345411
    5       0.04108298
    6       0.12304025
    7      -0.06697903
    8      -0.05168786
    9       0.01943216
   10       0.13115064
   11      -0.06274268
   12       0.04723059
   13       0.11078104
   14       0.11434572
   15       0.02125769
   16      -0.04873548
   17      -0.06003458
   18       0.12462742
   19      -0.08134647
   20      -0.06635395
   21       0.04293381
   22       0.11026970
   23      -0.05970656
   24       0.09390730
   25       0.11657567
   26       0.11741345
   27       0.04609185
   28      -0.06376237
   29       0.10719825
   30      -0.07304612
   31      -0.06030395
   32       0.10368262
   33      -0.05015029
   34       0.11310927
   35       0.10988042
   36       0.10041028
   37       0.02730296
   38      -0.12568326
   39       0.03970555
   40      -0.12251067
   41       0.04673274
   42       0.11373405
   43      -0.17493754
   44      -0.15915724
   45       0.03172017
   46       0.10948661
   47      -0.08399736
   48       0.03840836
   49       0.10836499
   50       0.11160499
   51       0.03447419
   52      -0.12920410
   53      -0.09501070
   54       0.11858338
   55      -0.14344891
   56      -0.16117751
   57       0.03439052
   58       0.10736612
   59      -0.09306982
   60       0.09112465
   61       0.07969075
   62       0.11166720
   63       0.04361274
   64      -0.11389484
   65       0.08220291
   66      -0.09551651
   67      -0.10891843
   68       0.09490926
   69      -0.10304610
   70       0.10393117
   71       0.09804470
   72       0.08259773


 Atomic net (on-site) populations and hybridisation ratios
 Atom       Population         Hybrid.
    1       2.73002380      0.31749405
    2       2.80541481      0.29864630
    3       2.75645886      0.31088529
    4       2.80821870      0.29794532
    5       2.71586051      0.32103487
    6       0.54502373      0.45497627
    7       2.83079665      0.29230084
    8       2.82301002      0.29424749
    9       2.72806091      0.31798477
   10       0.53493309      0.46506691
   11       2.81627580      0.29593105
   12       2.70730650      0.32317337
   13       0.55737083      0.44262917
   14       0.55356390      0.44643610
   15       2.72848964      0.31787759
   16       2.80616830      0.29845793
   17       2.78554034      0.30361492
   18       0.54192095      0.45807905
   19       2.83534154      0.29116462
   20       2.83186399      0.29203400
   21       2.71238228      0.32190443
   22       0.56101096      0.43898904
   23       2.78534418      0.30366396
   24       0.57543306      0.42456694
   25       0.54835654      0.45164346
   26       0.54945370      0.45054630
   27       2.71050216      0.32237446
   28       2.81419742      0.29645065
   29       0.56300646      0.43699354
   30       2.81874872      0.29531282
   31       2.79716646      0.30070838
   32       0.56584445      0.43415555
   33       2.78561739      0.30359565
   34       0.55573073      0.44426927
   35       0.55500170      0.44499830
   36       0.56753698      0.43246302
   37       2.72127906      0.31968024
   38       2.88252075      0.27936981
   39       2.71479977      0.32130006
   40       2.86329442      0.28417639
   41       2.69394586      0.32651353
   42       0.55283705      0.44716295
   43       2.94399539      0.26400115
   44       2.90624664      0.27343834
   45       2.71616541      0.32095865
   46       0.55806690      0.44193310
   47       2.82264557      0.29433861
   48       2.71583301      0.32104175
   49       0.55581870      0.44418130
   50       0.55488811      0.44511189
   51       2.71617895      0.32095526
   52       2.87781990      0.28054503
   53       2.82735255      0.29316186
   54       0.54642129      0.45357871
   55       2.89669336      0.27582666
   56       2.91852982      0.27036754
   57       2.70507132      0.32373217
   58       0.55989507      0.44010493
   59       2.82499737      0.29375066
   60       0.57446646      0.42553354
   61       0.58659339      0.41340661
   62       0.55621625      0.44378375
   63       2.69263798      0.32684050
   64       2.85346601      0.28663350
   65       0.58402073      0.41597927
   66       2.80044800      0.29988800
   67       2.84650444      0.28837389
   68       0.57224020      0.42775980
   69       2.82541008      0.29364748
   70       0.56612151      0.43387849
   71       0.56657549      0.43342451
   72       0.58472810      0.41527190

Nr. of electrons (up):    102.00000000
Atom populations (up)
 Atom       Population
    1       1.97918885
    2       2.08432052
    3       1.98310871
    4       2.09883756
    5       1.98187462
    6       0.43521332
    7       2.09988673
    8       2.10818901
    9       1.98051311
   10       0.42990141
   11       2.05270808
   12       1.97467845
   13       0.44098636
   14       0.43829119
   15       1.97792382
   16       2.08365996
   17       2.04668645
   18       0.43648885
   19       2.06781369
   20       2.10490119
   21       1.97974274
   22       0.44158417
   23       2.03858909
   24       0.45213666
   25       0.44020697
   26       0.43735580
   27       1.97473140
   28       2.05578967
   29       0.44591035
   30       2.06240694
   31       2.04488972
   32       0.44683963
   33       2.03693930
   34       0.44200867
   35       0.44432385
   36       0.44913570
   37       1.98625591
   38       2.06337035
   39       1.98015190
   40       2.06181603
   41       1.97656526
   42       0.44310415
   43       2.08748831
   44       2.07961787
   45       1.98407989
   46       0.44522612
   47       2.04224618
   48       1.98087103
   49       0.44581644
   50       0.44419540
   51       1.98280577
   52       2.06502533
   53       2.04746386
   54       0.44069467
   55       2.07169020
   56       2.08059832
   57       1.98280902
   58       0.44629377
   59       2.04680024
   60       0.45444015
   61       0.46015672
   62       0.44416592
   63       1.97834487
   64       2.05706239
   65       0.45888382
   66       2.04773977
   67       2.05452113
   68       0.45253887
   69       2.05169656
   70       0.44803544
   71       0.45097426
   72       0.45869157

l-shell populations (up)
 Atom Sh.   l       Population
    1   1   0       0.59105063
    1   2   1       1.38813821
    2   1   0       0.62478278
    2   2   1       1.45953774
    3   1   0       0.59572281
    3   2   1       1.38738590
    4   1   0       0.63230418
    4   2   1       1.46653338
    5   1   0       0.59261492
    5   2   1       1.38925970
    6   1   0       0.43521332
    7   1   0       0.62713273
    7   2   1       1.47275400
    8   1   0       0.63073240
    8   2   1       1.47745661
    9   1   0       0.58864651
    9   2   1       1.39186661
   10   1   0       0.42990141
   11   1   0       0.62287972
   11   2   1       1.42982835
   12   1   0       0.59232759
   12   2   1       1.38235086
   13   1   0       0.44098636
   14   1   0       0.43829119
   15   1   0       0.58937403
   15   2   1       1.38854979
   16   1   0       0.62389482
   16   2   1       1.45976514
   17   1   0       0.61429111
   17   2   1       1.43239534
   18   1   0       0.43648885
   19   1   0       0.62369398
   19   2   1       1.44411972
   20   1   0       0.62795779
   20   2   1       1.47694340
   21   1   0       0.59215002
   21   2   1       1.38759273
   22   1   0       0.44158417
   23   1   0       0.61514191
   23   2   1       1.42344718
   24   1   0       0.45213666
   25   1   0       0.44020697
   26   1   0       0.43735580
   27   1   0       0.59223130
   27   2   1       1.38250010
   28   1   0       0.62053124
   28   2   1       1.43525844
   29   1   0       0.44591035
   30   1   0       0.62040433
   30   2   1       1.44200261
   31   1   0       0.61928056
   31   2   1       1.42560916
   32   1   0       0.44683963
   33   1   0       0.61759569
   33   2   1       1.41934361
   34   1   0       0.44200867
   35   1   0       0.44432385
   36   1   0       0.44913570
   37   1   0       0.59064267
   37   2   1       1.39561324
   38   1   0       0.62167740
   38   2   1       1.44169295
   39   1   0       0.59196978
   39   2   1       1.38818212
   40   1   0       0.61635059
   40   2   1       1.44546544
   41   1   0       0.58704165
   41   2   1       1.38952361
   42   1   0       0.44310415
   43   1   0       0.62557776
   43   2   1       1.46191055
   44   1   0       0.61883297
   44   2   1       1.46078489
   45   1   0       0.58926903
   45   2   1       1.39481086
   46   1   0       0.44522612
   47   1   0       0.61797615
   47   2   1       1.42427003
   48   1   0       0.59150594
   48   2   1       1.38936509
   49   1   0       0.44581644
   50   1   0       0.44419540
   51   1   0       0.59053427
   51   2   1       1.39227150
   52   1   0       0.61848784
   52   2   1       1.44653748
   53   1   0       0.61514404
   53   2   1       1.43231982
   54   1   0       0.44069467
   55   1   0       0.62149723
   55   2   1       1.45019297
   56   1   0       0.62194899
   56   2   1       1.45864933
   57   1   0       0.58573462
   57   2   1       1.39707441
   58   1   0       0.44629377
   59   1   0       0.61610626
   59   2   1       1.43069398
   60   1   0       0.45444015
   61   1   0       0.46015672
   62   1   0       0.44416592
   63   1   0       0.58371477
   63   2   1       1.39463011
   64   1   0       0.61810137
   64   2   1       1.43896103
   65   1   0       0.45888382
   66   1   0       0.60753482
   66   2   1       1.44020495
   67   1   0       0.61844634
   67   2   1       1.43607479
   68   1   0       0.45253887
   69   1   0       0.61153897
   69   2   1       1.44015759
   70   1   0       0.44803544
   71   1   0       0.45097426
   72   1   0       0.45869157

Orbital populations (up)
 Atom Sh.   l   m       Population  Label
    1   1   0   0       0.59105063  s
    1   2   1  -1       0.47387440  p_y
    1   2   1   0       0.45673107  p_z
    1   2   1   1       0.45753274  p_x
    2   1   0   0       0.62478278  s
    2   2   1  -1       0.50211383  p_y
    2   2   1   0       0.46884210  p_z
    2   2   1   1       0.48858181  p_x
    3   1   0   0       0.59572281  s
    3   2   1  -1       0.47776525  p_y
    3   2   1   0       0.45395325  p_z
    3   2   1   1       0.45566739  p_x
    4   1   0   0       0.63230418  s
    4   2   1  -1       0.51006717  p_y
    4   2   1   0       0.46946195  p_z
    4   2   1   1       0.48700426  p_x
    5   1   0   0       0.59261492  s
    5   2   1  -1       0.47301637  p_y
    5   2   1   0       0.45826175  p_z
    5   2   1   1       0.45798158  p_x
    6   1   0   0       0.43521332  s
    7   1   0   0       0.62713273  s
    7   2   1  -1       0.51443891  p_y
    7   2   1   0       0.46619517  p_z
    7   2   1   1       0.49211992  p_x
    8   1   0   0       0.63073240  s
    8   2   1  -1       0.52021873  p_y
    8   2   1   0       0.46904356  p_z
    8   2   1   1       0.48819432  p_x
    9   1   0   0       0.58864651  s
    9   2   1  -1       0.47741110  p_y
    9   2   1   0       0.45685661  p_z
    9   2   1   1       0.45759890  p_x
   10   1   0   0       0.42990141  s
   11   1   0   0       0.62287972  s
   11   2   1  -1       0.49253935  p_y
   11   2   1   0       0.46083187  p_z
   11   2   1   1       0.47645714  p_x
   12   1   0   0       0.59232759  s
   12   2   1  -1       0.47404382  p_y
   12   2   1   0       0.44903077  p_z
   12   2   1   1       0.45927627  p_x
   13   1   0   0       0.44098636  s
   14   1   0   0       0.43829119  s
   15   1   0   0       0.58937403  s
   15   2   1  -1       0.47815137  p_y
   15   2   1   0       0.45403001  p_z
   15   2   1   1       0.45636841  p_x
   16   1   0   0       0.62389482  s
   16   2   1  -1       0.50359812  p_y
   16   2   1   0       0.46756804  p_z
   16   2   1   1       0.48859898  p_x
   17   1   0   0       0.61429111  s
   17   2   1  -1       0.48324326  p_y
   17   2   1   0       0.47461564  p_z
   17   2   1   1       0.47453644  p_x
   18   1   0   0       0.43648885  s
   19   1   0   0       0.62369398  s
   19   2   1  -1       0.50139424  p_y
   19   2   1   0       0.45882614  p_z
   19   2   1   1       0.48389933  p_x
   20   1   0   0       0.62795779  s
   20   2   1  -1       0.51688942  p_y
   20   2   1   0       0.47291797  p_z
   20   2   1   1       0.48713600  p_x
   21   1   0   0       0.59215002  s
   21   2   1  -1       0.47474575  p_y
   21   2   1   0       0.45333795  p_z
   21   2   1   1       0.45950903  p_x
   22   1   0   0       0.44158417  s
   23   1   0   0       0.61514191  s
   23   2   1  -1       0.48328467  p_y
   23   2   1   0       0.47510504  p_z
   23   2   1   1       0.46505747  p_x
   24   1   0   0       0.45213666  s
   25   1   0   0       0.44020697  s
   26   1   0   0       0.43735580  s
   27   1   0   0       0.59223130  s
   27   2   1  -1       0.47155844  p_y
   27   2   1   0       0.44731570  p_z
   27   2   1   1       0.46362595  p_x
   28   1   0   0       0.62053124  s
   28   2   1  -1       0.49674004  p_y
   28   2   1   0       0.45796663  p_z
   28   2   1   1       0.48055176  p_x
   29   1   0   0       0.44591035  s
   30   1   0   0       0.62040433  s
   30   2   1  -1       0.50188022  p_y
   30   2   1   0       0.45649013  p_z
   30   2   1   1       0.48363226  p_x
   31   1   0   0       0.61928056  s
   31   2   1  -1       0.47905765  p_y
   31   2   1   0       0.47432835  p_z
   31   2   1   1       0.47222316  p_x
   32   1   0   0       0.44683963  s
   33   1   0   0       0.61759569  s
   33   2   1  -1       0.47363778  p_y
   33   2   1   0       0.47477372  p_z
   33   2   1   1       0.47093212  p_x
   34   1   0   0       0.44200867  s
   35   1   0   0       0.44432385  s
   36   1   0   0       0.44913570  s
   37   1   0   0       0.59064267  s
   37   2   1  -1       0.48328039  p_y
   37   2   1   0       0.45503022  p_z
   37   2   1   1       0.45730264  p_x
   38   1   0   0       0.62167740  s
   38   2   1  -1       0.49218461  p_y
   38   2   1   0       0.46568452  p_z
   38   2   1   1       0.48382381  p_x
   39   1   0   0       0.59196978  s
   39   2   1  -1       0.47801888  p_y
   39   2   1   0       0.45047706  p_z
   39   2   1   1       0.45968618  p_x
   40   1   0   0       0.61635059  s
   40   2   1  -1       0.49568838  p_y
   40   2   1   0       0.46642185  p_z
   40   2   1   1       0.48335521  p_x
   41   1   0   0       0.58704165  s
   41   2   1  -1       0.47932768  p_y
   41   2   1   0       0.45456792  p_z
   41   2   1   1       0.45562801  p_x
   42   1   0   0       0.44310415  s
   43   1   0   0       0.62557776  s
   43   2   1  -1       0.51364963  p_y
   43   2   1   0       0.46486050  p_z
   43   2   1   1       0.48340042  p_x
   44   1   0   0       0.61883297  s
   44   2   1  -1       0.51292938  p_y
   44   2   1   0       0.46309798  p_z
   44   2   1   1       0.48475753  p_x
   45   1   0   0       0.58926903  s
   45   2   1  -1       0.48061262  p_y
   45   2   1   0       0.45358208  p_z
   45   2   1   1       0.46061616  p_x
   46   1   0   0       0.44522612  s
   47   1   0   0       0.61797615  s
   47   2   1  -1       0.48289485  p_y
   47   2   1   0       0.46558457  p_z
   47   2   1   1       0.47579060  p_x
   48   1   0   0       0.59150594  s
   48   2   1  -1       0.47600313  p_y
   48   2   1   0       0.45263525  p_z
   48   2   1   1       0.46072670  p_x
   49   1   0   0       0.44581644  s
   50   1   0   0       0.44419540  s
   51   1   0   0       0.59053427  s
   51   2   1  -1       0.48009340  p_y
   51   2   1   0       0.45045393  p_z
   51   2   1   1       0.46172416  p_x
   52   1   0   0       0.61848784  s
   52   2   1  -1       0.50090378  p_y
   52   2   1   0       0.46367976  p_z
   52   2   1   1       0.48195394  p_x
   53   1   0   0       0.61514404  s
   53   2   1  -1       0.49634907  p_y
   53   2   1   0       0.46802743  p_z
   53   2   1   1       0.46794332  p_x
   54   1   0   0       0.44069467  s
   55   1   0   0       0.62149723  s
   55   2   1  -1       0.50341744  p_y
   55   2   1   0       0.46699776  p_z
   55   2   1   1       0.47977776  p_x
   56   1   0   0       0.62194899  s
   56   2   1  -1       0.50876285  p_y
   56   2   1   0       0.46212608  p_z
   56   2   1   1       0.48776040  p_x
   57   1   0   0       0.58573462  s
   57   2   1  -1       0.48298018  p_y
   57   2   1   0       0.45011226  p_z
   57   2   1   1       0.46398197  p_x
   58   1   0   0       0.44629377  s
   59   1   0   0       0.61610626  s
   59   2   1  -1       0.49268082  p_y
   59   2   1   0       0.47345132  p_z
   59   2   1   1       0.46456183  p_x
   60   1   0   0       0.45444015  s
   61   1   0   0       0.46015672  s
   62   1   0   0       0.44416592  s
   63   1   0   0       0.58371477  s
   63   2   1  -1       0.47973168  p_y
   63   2   1   0       0.45147324  p_z
   63   2   1   1       0.46342519  p_x
   64   1   0   0       0.61810137  s
   64   2   1  -1       0.49811973  p_y
   64   2   1   0       0.46437262  p_z
   64   2   1   1       0.47646868  p_x
   65   1   0   0       0.45888382  s
   66   1   0   0       0.60753482  s
   66   2   1  -1       0.49232120  p_y
   66   2   1   0       0.46577477  p_z
   66   2   1   1       0.48210898  p_x
   67   1   0   0       0.61844634  s
   67   2   1  -1       0.49287127  p_y
   67   2   1   0       0.47231943  p_z
   67   2   1   1       0.47088409  p_x
   68   1   0   0       0.45253887  s
   69   1   0   0       0.61153897  s
   69   2   1  -1       0.50051243  p_y
   69   2   1   0       0.46720371  p_z
   69   2   1   1       0.47244145  p_x
   70   1   0   0       0.44803544  s
   71   1   0   0       0.45097426  s
   72   1   0   0       0.45869157  s

Nr. of electrons (down):    101.00000000
Atom populations (down)
 Atom       Population
    1       1.99849423
    2       1.96586095
    3       2.00522714
    4       1.93461656
    5       1.97704240
    6       0.44174643
    7       1.96709230
    8       1.94349885
    9       2.00005473
   10       0.43894795
   11       2.01003461
   12       1.97809097
   13       0.44823260
   14       0.44736309
   15       2.00081849
   16       1.96507552
   17       2.01334813
   18       0.43888373
   19       2.01353277
   20       1.96145276
   21       1.97732345
   22       0.44814613
   23       2.02111746
   24       0.45395604
   25       0.44321736
   26       0.44523076
   27       1.97917676
   28       2.00797270
   29       0.44689140
   30       2.01063918
   31       2.01541423
   32       0.44947775
   33       2.01321099
   34       0.44488206
   35       0.44579573
   36       0.45045402
   37       1.98644114
   38       2.06231291
   39       1.98014255
   40       2.06069463
   41       1.97670200
   42       0.44316179
   43       2.08744923
   44       2.07953938
   45       1.98419993
   46       0.44528727
   47       2.04175118
   48       1.98072061
   49       0.44581857
   50       0.44419961
   51       1.98272004
   52       2.06417877
   53       2.04754684
   54       0.44072195
   55       2.07175871
   56       2.08057919
   57       1.98280046
   58       0.44634011
   59       2.04626958
   60       0.45443520
   61       0.46015253
   62       0.44416688
   63       1.97804239
   64       2.05683245
   65       0.45891328
   66       2.04777674
   67       2.05439730
   68       0.45255187
   69       2.05134955
   70       0.44803339
   71       0.45098104
   72       0.45871071

l-shell populations (down)
 Atom Sh.   l       Population
    1   1   0       0.59504911
    1   2   1       1.40344511
    2   1   0       0.61937175
    2   2   1       1.34648920
    3   1   0       0.60020885
    3   2   1       1.40501829
    4   1   0       0.62442436
    4   2   1       1.31019219
    5   1   0       0.59435428
    5   2   1       1.38268812
    6   1   0       0.44174643
    7   1   0       0.62089159
    7   2   1       1.34620071
    8   1   0       0.62282327
    8   2   1       1.32067557
    9   1   0       0.59271567
    9   2   1       1.40733906
   10   1   0       0.43894795
   11   1   0       0.62144424
   11   2   1       1.38859036
   12   1   0       0.59490105
   12   2   1       1.38318992
   13   1   0       0.44823260
   14   1   0       0.44736309
   15   1   0       0.59387840
   15   2   1       1.40694009
   16   1   0       0.61845528
   16   2   1       1.34662025
   17   1   0       0.61357018
   17   2   1       1.39977795
   18   1   0       0.43888373
   19   1   0       0.62143974
   19   2   1       1.39209303
   20   1   0       0.62124051
   20   2   1       1.34021225
   21   1   0       0.59408624
   21   2   1       1.38323721
   22   1   0       0.44814613
   23   1   0       0.61547829
   23   2   1       1.40563917
   24   1   0       0.45395604
   25   1   0       0.44321736
   26   1   0       0.44523076
   27   1   0       0.59490407
   27   2   1       1.38427269
   28   1   0       0.61879204
   28   2   1       1.38918066
   29   1   0       0.44689140
   30   1   0       0.61833737
   30   2   1       1.39230181
   31   1   0       0.61885931
   31   2   1       1.39655492
   32   1   0       0.44947775
   33   1   0       0.61751245
   33   2   1       1.39569853
   34   1   0       0.44488206
   35   1   0       0.44579573
   36   1   0       0.45045402
   37   1   0       0.59067772
   37   2   1       1.39576341
   38   1   0       0.62162616
   38   2   1       1.44068676
   39   1   0       0.59196862
   39   2   1       1.38817393
   40   1   0       0.61629758
   40   2   1       1.44439705
   41   1   0       0.58706794
   41   2   1       1.38963406
   42   1   0       0.44316179
   43   1   0       0.62557761
   43   2   1       1.46187162
   44   1   0       0.61883077
   44   2   1       1.46070861
   45   1   0       0.58929908
   45   2   1       1.39490085
   46   1   0       0.44528727
   47   1   0       0.61795131
   47   2   1       1.42379987
   48   1   0       0.59149785
   48   2   1       1.38922276
   49   1   0       0.44581857
   50   1   0       0.44419961
   51   1   0       0.59053045
   51   2   1       1.39218959
   52   1   0       0.61844863
   52   2   1       1.44573014
   53   1   0       0.61516066
   53   2   1       1.43238618
   54   1   0       0.44072195
   55   1   0       0.62150880
   55   2   1       1.45024990
   56   1   0       0.62195290
   56   2   1       1.45862629
   57   1   0       0.58575121
   57   2   1       1.39704924
   58   1   0       0.44634011
   59   1   0       0.61608055
   59   2   1       1.43018904
   60   1   0       0.45443520
   61   1   0       0.46015253
   62   1   0       0.44416688
   63   1   0       0.58370273
   63   2   1       1.39433966
   64   1   0       0.61809267
   64   2   1       1.43873978
   65   1   0       0.45891328
   66   1   0       0.60754459
   66   2   1       1.44023215
   67   1   0       0.61844796
   67   2   1       1.43594934
   68   1   0       0.45255187
   69   1   0       0.61152410
   69   2   1       1.43982545
   70   1   0       0.44803339
   71   1   0       0.45098104
   72   1   0       0.45871071

Orbital populations (down)
 Atom Sh.   l   m       Population  Label
    1   1   0   0       0.59504911  s
    1   2   1  -1       0.48103314  p_y
    1   2   1   0       0.46235596  p_z
    1   2   1   1       0.46005601  p_x
    2   1   0   0       0.61937175  s
    2   2   1  -1       0.42992786  p_y
    2   2   1   0       0.44995223  p_z
    2   2   1   1       0.46660912  p_x
    3   1   0   0       0.60020885  s
    3   2   1  -1       0.48572999  p_y
    3   2   1   0       0.46018234  p_z
    3   2   1   1       0.45910596  p_x
    4   1   0   0       0.62442436  s
    4   2   1  -1       0.40264786  p_y
    4   2   1   0       0.44673767  p_z
    4   2   1   1       0.46080667  p_x
    5   1   0   0       0.59435428  s
    5   2   1  -1       0.46591261  p_y
    5   2   1   0       0.45960480  p_z
    5   2   1   1       0.45717071  p_x
    6   1   0   0       0.44174643  s
    7   1   0   0       0.62089159  s
    7   2   1  -1       0.43312792  p_y
    7   2   1   0       0.44378758  p_z
    7   2   1   1       0.46928521  p_x
    8   1   0   0       0.62282327  s
    8   2   1  -1       0.40947382  p_y
    8   2   1   0       0.44457041  p_z
    8   2   1   1       0.46663134  p_x
    9   1   0   0       0.59271567  s
    9   2   1  -1       0.48392557  p_y
    9   2   1   0       0.46248583  p_z
    9   2   1   1       0.46092766  p_x
   10   1   0   0       0.43894795  s
   11   1   0   0       0.62144424  s
   11   2   1  -1       0.46116950  p_y
   11   2   1   0       0.45678266  p_z
   11   2   1   1       0.47063821  p_x
   12   1   0   0       0.59490105  s
   12   2   1  -1       0.47108601  p_y
   12   2   1   0       0.45156113  p_z
   12   2   1   1       0.46054277  p_x
   13   1   0   0       0.44823260  s
   14   1   0   0       0.44736309  s
   15   1   0   0       0.59387840  s
   15   2   1  -1       0.48670194  p_y
   15   2   1   0       0.46051329  p_z
   15   2   1   1       0.45972487  p_x
   16   1   0   0       0.61845528  s
   16   2   1  -1       0.42764303  p_y
   16   2   1   0       0.44611084  p_z
   16   2   1   1       0.47286637  p_x
   17   1   0   0       0.61357018  s
   17   2   1  -1       0.46076317  p_y
   17   2   1   0       0.46997961  p_z
   17   2   1   1       0.46903517  p_x
   18   1   0   0       0.43888373  s
   19   1   0   0       0.62143974  s
   19   2   1  -1       0.46558208  p_y
   19   2   1   0       0.45273883  p_z
   19   2   1   1       0.47377212  p_x
   20   1   0   0       0.62124051  s
   20   2   1  -1       0.42213402  p_y
   20   2   1   0       0.44934306  p_z
   20   2   1   1       0.46873517  p_x
   21   1   0   0       0.59408624  s
   21   2   1  -1       0.46951539  p_y
   21   2   1   0       0.45498123  p_z
   21   2   1   1       0.45874058  p_x
   22   1   0   0       0.44814613  s
   23   1   0   0       0.61547829  s
   23   2   1  -1       0.47048179  p_y
   23   2   1   0       0.47274704  p_z
   23   2   1   1       0.46241035  p_x
   24   1   0   0       0.45395604  s
   25   1   0   0       0.44321736  s
   26   1   0   0       0.44523076  s
   27   1   0   0       0.59490407  s
   27   2   1  -1       0.47008132  p_y
   27   2   1   0       0.45040480  p_z
   27   2   1   1       0.46378657  p_x
   28   1   0   0       0.61879204  s
   28   2   1  -1       0.46357022  p_y
   28   2   1   0       0.45104466  p_z
   28   2   1   1       0.47456578  p_x
   29   1   0   0       0.44689140  s
   30   1   0   0       0.61833737  s
   30   2   1  -1       0.46637865  p_y
   30   2   1   0       0.45273977  p_z
   30   2   1   1       0.47318340  p_x
   31   1   0   0       0.61885931  s
   31   2   1  -1       0.46304673  p_y
   31   2   1   0       0.46899655  p_z
   31   2   1   1       0.46451164  p_x
   32   1   0   0       0.44947775  s
   33   1   0   0       0.61751245  s
   33   2   1  -1       0.46105882  p_y
   33   2   1   0       0.47067518  p_z
   33   2   1   1       0.46396454  p_x
   34   1   0   0       0.44488206  s
   35   1   0   0       0.44579573  s
   36   1   0   0       0.45045402  s
   37   1   0   0       0.59067772  s
   37   2   1  -1       0.48335592  p_y
   37   2   1   0       0.45506814  p_z
   37   2   1   1       0.45733936  p_x
   38   1   0   0       0.62162616  s
   38   2   1  -1       0.49146027  p_y
   38   2   1   0       0.46563811  p_z
   38   2   1   1       0.48358837  p_x
   39   1   0   0       0.59196862  s
   39   2   1  -1       0.47801483  p_y
   39   2   1   0       0.45047693  p_z
   39   2   1   1       0.45968217  p_x
   40   1   0   0       0.61629758  s
   40   2   1  -1       0.49495615  p_y
   40   2   1   0       0.46636384  p_z
   40   2   1   1       0.48307707  p_x
   41   1   0   0       0.58706794  s
   41   2   1  -1       0.47938148  p_y
   41   2   1   0       0.45460079  p_z
   41   2   1   1       0.45565179  p_x
   42   1   0   0       0.44316179  s
   43   1   0   0       0.62557761  s
   43   2   1  -1       0.51361822  p_y
   43   2   1   0       0.46486090  p_z
   43   2   1   1       0.48339250  p_x
   44   1   0   0       0.61883077  s
   44   2   1  -1       0.51287064  p_y
   44   2   1   0       0.46309707  p_z
   44   2   1   1       0.48474089  p_x
   45   1   0   0       0.58929908  s
   45   2   1  -1       0.48065058  p_y
   45   2   1   0       0.45361266  p_z
   45   2   1   1       0.46063761  p_x
   46   1   0   0       0.44528727  s
   47   1   0   0       0.61795131  s
   47   2   1  -1       0.48254864  p_y
   47   2   1   0       0.46554302  p_z
   47   2   1   1       0.47570822  p_x
   48   1   0   0       0.59149785  s
   48   2   1  -1       0.47590175  p_y
   48   2   1   0       0.45262090  p_z
   48   2   1   1       0.46070012  p_x
   49   1   0   0       0.44581857  s
   50   1   0   0       0.44419961  s
   51   1   0   0       0.59053045  s
   51   2   1  -1       0.48002992  p_y
   51   2   1   0       0.45045142  p_z
   51   2   1   1       0.46170825  p_x
   52   1   0   0       0.61844863  s
   52   2   1  -1       0.50028283  p_y
   52   2   1   0       0.46364177  p_z
   52   2   1   1       0.48180553  p_x
   53   1   0   0       0.61516066  s
   53   2   1  -1       0.49637817  p_y
   53   2   1   0       0.46804554  p_z
   53   2   1   1       0.46796248  p_x
   54   1   0   0       0.44072195  s
   55   1   0   0       0.62150880  s
   55   2   1  -1       0.50344793  p_y
   55   2   1   0       0.46700912  p_z
   55   2   1   1       0.47979286  p_x
   56   1   0   0       0.62195290  s
   56   2   1  -1       0.50874404  p_y
   56   2   1   0       0.46213286  p_z
   56   2   1   1       0.48774939  p_x
   57   1   0   0       0.58575121  s
   57   2   1  -1       0.48294184  p_y
   57   2   1   0       0.45012453  p_z
   57   2   1   1       0.46398287  p_x
   58   1   0   0       0.44634011  s
   59   1   0   0       0.61608055  s
   59   2   1  -1       0.49235106  p_y
   59   2   1   0       0.47338416  p_z
   59   2   1   1       0.46445382  p_x
   60   1   0   0       0.45443520  s
   61   1   0   0       0.46015253  s
   62   1   0   0       0.44416688  s
   63   1   0   0       0.58370273  s
   63   2   1  -1       0.47952384  p_y
   63   2   1   0       0.45146318  p_z
   63   2   1   1       0.46335264  p_x
   64   1   0   0       0.61809267  s
   64   2   1  -1       0.49795023  p_y
   64   2   1   0       0.46436316  p_z
   64   2   1   1       0.47642639  p_x
   65   1   0   0       0.45891328  s
   66   1   0   0       0.60754459  s
   66   2   1  -1       0.49232976  p_y
   66   2   1   0       0.46578486  p_z
   66   2   1   1       0.48211753  p_x
   67   1   0   0       0.61844796  s
   67   2   1  -1       0.49277159  p_y
   67   2   1   0       0.47231633  p_z
   67   2   1   1       0.47086142  p_x
   68   1   0   0       0.45255187  s
   69   1   0   0       0.61152410  s
   69   2   1  -1       0.50026122  p_y
   69   2   1   0       0.46719096  p_z
   69   2   1   1       0.47237327  p_x
   70   1   0   0       0.44803339  s
   71   1   0   0       0.45098104  s
   72   1   0   0       0.45871071  s

Spin  up
Fermi level:                        -0.1967683046 H           -5.3543 eV
Band energy:                       -45.5466905984 H        -1239.3885 eV
TS:                                  0.0000000000 H            0.0000 eV
Band free energy (E-TS):           -45.5466905984 H        -1239.3885 eV
Extrapolated E(0K):                -45.5466905984 H        -1239.3885 eV
Input / Output electrons (up):    102.0000000003    102.0000000000

Spin  down
Fermi level:                        -0.2114400281 H           -5.7536 eV
Band energy:                       -45.2518692806 H        -1231.3660 eV
TS:                                  0.0000000000 H            0.0000 eV
Band free energy (E-TS):           -45.2518692806 H        -1231.3660 eV
Extrapolated E(0K):                -45.2518692806 H        -1231.3660 eV
Input / Output electrons (down):    100.9999999997    101.0000000000

Energy H0:                         -86.3330800191 H        -2349.2426 eV
Energy SCC:                          0.0331098203 H            0.9010 eV
Energy SPIN:                        -0.0015572717 H           -0.0424 eV
Energy 3rd:                          0.0000357375 H            0.0010 eV
Total Electronic energy:           -86.3014917330 H        -2348.3831 eV
Repulsive energy:                    0.7833946958 H           21.3173 eV
Total energy:                      -85.5180970372 H        -2327.0658 eV
Extrapolated to 0:                 -85.5180970372 H        -2327.0658 eV
Total Mermin free energy:          -85.5180970372 H        -2327.0658 eV
Force related energy:              -85.5180970372 H        -2327.0658 eV

Constraints converged

SCC converged

