 Fermi distribution function

Calculation with static geometry


********************************************************************************
 iSCC Total electronic   Diff electronic      SCC error    
   18   -0.86232721E+02    0.44843077E-07    0.60099855E-06
********************************************************************************

 Total charge:     1.00000000

 Atomic gross charges (e)
 Atom           Charge
    1       0.03702667
    2      -0.12031238
    3       0.03127722
    4      -0.12237554
    5       0.04182986
    6       0.10458442
    7      -0.16072303
    8      -0.16016670
    9       0.03350318
   10       0.11325556
   11      -0.07981764
   12       0.04101004
   13       0.10999985
   14       0.10337544
   15       0.03532413
   16      -0.12180949
   17      -0.10259532
   18       0.10193576
   19      -0.11727539
   20      -0.17249648
   21       0.03402322
   22       0.09924055
   23      -0.09333335
   24       0.08318662
   25       0.10367516
   26       0.11387066
   27       0.03788823
   28      -0.09555062
   29       0.08300202
   30      -0.11575770
   31      -0.10475104
   32       0.08998053
   33      -0.08754563
   34       0.10048054
   35       0.08734907
   36       0.06878255
   37       0.02585676
   38      -0.04963541
   39       0.03115694
   40      -0.03636451
   41       0.04802774
   42       0.10554028
   43      -0.05966179
   44      -0.04161560
   45       0.02709347
   46       0.11329085
   47      -0.06059481
   48       0.05105282
   49       0.10401800
   50       0.10344876
   51       0.02545048
   52      -0.05576345
   53      -0.04470708
   54       0.11303851
   55      -0.07649798
   56      -0.06787981
   57       0.04275183
   58       0.10736875
   59      -0.05053370
   60       0.11316799
   61       0.09854402
   62       0.11067793
   63       0.04641912
   64      -0.07875197
   65       0.11774529
   66      -0.08194144
   67      -0.06185585
   68       0.10158361
   69      -0.05596235
   70       0.12138795
   71       0.10851269
   72       0.10554096


 Atomic net (on-site) populations and hybridisation ratios
 Atom       Population         Hybrid.
    1       2.71121486      0.32219629
    2       2.88049091      0.27987727
    3       2.72966172      0.31758457
    4       2.88893878      0.27776530
    5       2.70530184      0.32367454
    6       0.56938204      0.43061796
    7       2.92199700      0.26950075
    8       2.92969702      0.26757574
    9       2.71357648      0.32160588
   10       0.55826891      0.44173109
   11       2.82211545      0.29447114
   12       2.72283131      0.31929217
   13       0.55285522      0.44714478
   14       0.56648843      0.43351157
   15       2.71624478      0.32093881
   16       2.88343555      0.27914111
   17       2.82214942      0.29446265
   18       0.57295031      0.42704969
   19       2.85630503      0.28592374
   20       2.92970903      0.26757274
   21       2.72002845      0.31999289
   22       0.57385556      0.42614444
   23       2.82997607      0.29250598
   24       0.58220454      0.41779546
   25       0.55954362      0.44045638
   26       0.54706674      0.45293326
   27       2.71659072      0.32085232
   28       2.84521816      0.28869546
   29       0.58885916      0.41114084
   30       2.85859757      0.28535061
   31       2.83077699      0.29230575
   32       0.58073743      0.41926257
   33       2.82220699      0.29444825
   34       0.57031295      0.42968705
   35       0.57854557      0.42145443
   36       0.60486013      0.39513987
   37       2.70893884      0.32276529
   38       2.81510027      0.29622493
   39       2.69758755      0.32560311
   40       2.80218827      0.29945293
   41       2.69487892      0.32628027
   42       0.56525906      0.43474094
   43       2.83988793      0.29002802
   44       2.81390204      0.29652449
   45       2.71055551      0.32236112
   46       0.55331113      0.44668887
   47       2.80990725      0.29752319
   48       2.68836390      0.32790902
   49       0.57339755      0.42660245
   50       0.57269552      0.42730448
   51       2.71246214      0.32188447
   52       2.83229757      0.29192561
   53       2.76645040      0.30838740
   54       0.55231487      0.44768513
   55       2.83163796      0.29209051
   56       2.85372198      0.28656951
   57       2.70234610      0.32441347
   58       0.56405256      0.43594744
   59       2.77788281      0.30552930
   60       0.54981941      0.45018059
   61       0.57370138      0.42629862
   62       0.56551863      0.43448137
   63       2.69501769      0.32624558
   64       2.83529021      0.29117745
   65       0.55207386      0.44792614
   66       2.82642631      0.29339342
   67       2.78803986      0.30299003
   68       0.56547350      0.43452650
   69       2.78555986      0.30361003
   70       0.53981686      0.46018314
   71       0.55839628      0.44160372
   72       0.56067034      0.43932966

Nr. of electrons (up):    102.00000000
Atom populations (up)
 Atom       Population
    1       1.98145562
    2       2.06039724
    3       1.98439693
    4       2.06162009
    5       1.97908457
    6       0.44769376
    7       2.08037689
    8       2.08011551
    9       1.98319030
   10       0.44334740
   11       2.03996769
   12       1.97959684
   13       0.44499926
   14       0.44831053
   15       1.98234141
   16       2.06125689
   17       2.05131135
   18       0.44902853
   19       2.05865461
   20       2.08626828
   21       1.98293131
   22       0.45035969
   23       2.04673792
   24       0.45840596
   25       0.44816152
   26       0.44306364
   27       1.98113621
   28       2.04790997
   29       0.45849483
   30       2.05786892
   31       2.05234222
   32       0.45500195
   33       2.04391842
   34       0.44976042
   35       0.45632732
   36       0.46560035
   37       1.97713577
   38       2.08919044
   39       1.97264169
   40       2.09542499
   41       1.97546083
   42       0.44367204
   43       2.10575340
   44       2.10293287
   45       1.97684961
   46       0.43919963
   47       2.05645096
   48       1.96957111
   49       0.44358991
   50       0.44358537
   51       1.97734189
   52       2.09126037
   53       2.03766208
   54       0.44208468
   55       2.06959718
   56       2.10094509
   57       1.97721871
   58       0.44281664
   59       2.03362380
   60       0.44258376
   61       0.44893750
   62       0.44079049
   63       1.97689428
   64       2.06348978
   65       0.44064702
   66       2.06238805
   67       2.03998350
   68       0.44786985
   69       2.04104812
   70       0.43819451
   71       0.44523310
   72       0.44649663

l-shell populations (up)
 Atom Sh.   l       Population
    1   1   0       0.59111876
    1   2   1       1.39033686
    2   1   0       0.62205287
    2   2   1       1.43834437
    3   1   0       0.59544401
    3   2   1       1.38895293
    4   1   0       0.62432354
    4   2   1       1.43729655
    5   1   0       0.58947541
    5   2   1       1.38960916
    6   1   0       0.44769376
    7   1   0       0.62334605
    7   2   1       1.45703084
    8   1   0       0.62523460
    8   2   1       1.45488091
    9   1   0       0.59016460
    9   2   1       1.39302569
   10   1   0       0.44334740
   11   1   0       0.61788214
   11   2   1       1.42208555
   12   1   0       0.59511863
   12   2   1       1.38447822
   13   1   0       0.44499926
   14   1   0       0.44831053
   15   1   0       0.59160397
   15   2   1       1.39073744
   16   1   0       0.62226649
   16   2   1       1.43899040
   17   1   0       0.61140249
   17   2   1       1.43990886
   18   1   0       0.44902853
   19   1   0       0.61880479
   19   2   1       1.43984982
   20   1   0       0.62249380
   20   2   1       1.46377449
   21   1   0       0.59165137
   21   2   1       1.39127994
   22   1   0       0.45035969
   23   1   0       0.61710939
   23   2   1       1.42962853
   24   1   0       0.45840596
   25   1   0       0.44816152
   26   1   0       0.44306364
   27   1   0       0.59191036
   27   2   1       1.38922584
   28   1   0       0.61972704
   28   2   1       1.42818293
   29   1   0       0.45849483
   30   1   0       0.61900930
   30   2   1       1.43885962
   31   1   0       0.61429604
   31   2   1       1.43804618
   32   1   0       0.45500195
   33   1   0       0.61499431
   33   2   1       1.42892412
   34   1   0       0.44976042
   35   1   0       0.45632732
   36   1   0       0.46560035
   37   1   0       0.58347892
   37   2   1       1.39365686
   38   1   0       0.62436003
   38   2   1       1.46483041
   39   1   0       0.58116106
   39   2   1       1.39148062
   40   1   0       0.62572277
   40   2   1       1.46970222
   41   1   0       0.58762658
   41   2   1       1.38783424
   42   1   0       0.44367204
   43   1   0       0.62932897
   43   2   1       1.47642443
   44   1   0       0.62652877
   44   2   1       1.47640409
   45   1   0       0.58463329
   45   2   1       1.39221632
   46   1   0       0.43919963
   47   1   0       0.62001155
   47   2   1       1.43643941
   48   1   0       0.58640244
   48   2   1       1.38316867
   49   1   0       0.44358991
   50   1   0       0.44358537
   51   1   0       0.58485027
   51   2   1       1.39249162
   52   1   0       0.62683252
   52   2   1       1.46442785
   53   1   0       0.61461661
   53   2   1       1.42304547
   54   1   0       0.44208468
   55   1   0       0.62222490
   55   2   1       1.44737228
   56   1   0       0.63048701
   56   2   1       1.47045808
   57   1   0       0.58799036
   57   2   1       1.38922835
   58   1   0       0.44281664
   59   1   0       0.61652469
   59   2   1       1.41709911
   60   1   0       0.44258376
   61   1   0       0.44893750
   62   1   0       0.44079049
   63   1   0       0.58708328
   63   2   1       1.38981100
   64   1   0       0.62171178
   64   2   1       1.44177800
   65   1   0       0.44064702
   66   1   0       0.61803549
   66   2   1       1.44435256
   67   1   0       0.61633258
   67   2   1       1.42365092
   68   1   0       0.44786985
   69   1   0       0.61637356
   69   2   1       1.42467456
   70   1   0       0.43819451
   71   1   0       0.44523310
   72   1   0       0.44649663

Orbital populations (up)
 Atom Sh.   l   m       Population  Label
    1   1   0   0       0.59111876  s
    1   2   1  -1       0.47550377  p_y
    1   2   1   0       0.45752213  p_z
    1   2   1   1       0.45731096  p_x
    2   1   0   0       0.62205287  s
    2   2   1  -1       0.49380617  p_y
    2   2   1   0       0.46455199  p_z
    2   2   1   1       0.47998622  p_x
    3   1   0   0       0.59544401  s
    3   2   1  -1       0.47702481  p_y
    3   2   1   0       0.45500431  p_z
    3   2   1   1       0.45692381  p_x
    4   1   0   0       0.62432354  s
    4   2   1  -1       0.49556886  p_y
    4   2   1   0       0.46415488  p_z
    4   2   1   1       0.47757280  p_x
    5   1   0   0       0.58947541  s
    5   2   1  -1       0.47474902  p_y
    5   2   1   0       0.45824879  p_z
    5   2   1   1       0.45661135  p_x
    6   1   0   0       0.44769376  s
    7   1   0   0       0.62334605  s
    7   2   1  -1       0.50722418  p_y
    7   2   1   0       0.46308993  p_z
    7   2   1   1       0.48671672  p_x
    8   1   0   0       0.62523460  s
    8   2   1  -1       0.50971218  p_y
    8   2   1   0       0.46520129  p_z
    8   2   1   1       0.47996745  p_x
    9   1   0   0       0.59016460  s
    9   2   1  -1       0.47815156  p_y
    9   2   1   0       0.45689643  p_z
    9   2   1   1       0.45797771  p_x
   10   1   0   0       0.44334740  s
   11   1   0   0       0.61788214  s
   11   2   1  -1       0.48760082  p_y
   11   2   1   0       0.46145001  p_z
   11   2   1   1       0.47303472  p_x
   12   1   0   0       0.59511863  s
   12   2   1  -1       0.47602924  p_y
   12   2   1   0       0.44829419  p_z
   12   2   1   1       0.46015479  p_x
   13   1   0   0       0.44499926  s
   14   1   0   0       0.44831053  s
   15   1   0   0       0.59160397  s
   15   2   1  -1       0.47872315  p_y
   15   2   1   0       0.45584580  p_z
   15   2   1   1       0.45616849  p_x
   16   1   0   0       0.62226649  s
   16   2   1  -1       0.49445772  p_y
   16   2   1   0       0.46469614  p_z
   16   2   1   1       0.47983654  p_x
   17   1   0   0       0.61140249  s
   17   2   1  -1       0.49334343  p_y
   17   2   1   0       0.47428345  p_z
   17   2   1   1       0.47228199  p_x
   18   1   0   0       0.44902853  s
   19   1   0   0       0.61880479  s
   19   2   1  -1       0.49865332  p_y
   19   2   1   0       0.46107273  p_z
   19   2   1   1       0.48012377  p_x
   20   1   0   0       0.62249380  s
   20   2   1  -1       0.51041606  p_y
   20   2   1   0       0.46889072  p_z
   20   2   1   1       0.48446770  p_x
   21   1   0   0       0.59165137  s
   21   2   1  -1       0.47842081  p_y
   21   2   1   0       0.45281286  p_z
   21   2   1   1       0.46004627  p_x
   22   1   0   0       0.45035969  s
   23   1   0   0       0.61710939  s
   23   2   1  -1       0.49111381  p_y
   23   2   1   0       0.47081342  p_z
   23   2   1   1       0.46770130  p_x
   24   1   0   0       0.45840596  s
   25   1   0   0       0.44816152  s
   26   1   0   0       0.44306364  s
   27   1   0   0       0.59191036  s
   27   2   1  -1       0.47771729  p_y
   27   2   1   0       0.44868044  p_z
   27   2   1   1       0.46282811  p_x
   28   1   0   0       0.61972704  s
   28   2   1  -1       0.49258058  p_y
   28   2   1   0       0.46036769  p_z
   28   2   1   1       0.47523466  p_x
   29   1   0   0       0.45849483  s
   30   1   0   0       0.61900930  s
   30   2   1  -1       0.49911899  p_y
   30   2   1   0       0.45897129  p_z
   30   2   1   1       0.48076934  p_x
   31   1   0   0       0.61429604  s
   31   2   1  -1       0.48912685  p_y
   31   2   1   0       0.47475706  p_z
   31   2   1   1       0.47416228  p_x
   32   1   0   0       0.45500195  s
   33   1   0   0       0.61499431  s
   33   2   1  -1       0.48687584  p_y
   33   2   1   0       0.47129045  p_z
   33   2   1   1       0.47075782  p_x
   34   1   0   0       0.44976042  s
   35   1   0   0       0.45632732  s
   36   1   0   0       0.46560035  s
   37   1   0   0       0.58347892  s
   37   2   1  -1       0.48191976  p_y
   37   2   1   0       0.44718653  p_z
   37   2   1   1       0.46455057  p_x
   38   1   0   0       0.62436003  s
   38   2   1  -1       0.51159353  p_y
   38   2   1   0       0.46317535  p_z
   38   2   1   1       0.49006153  p_x
   39   1   0   0       0.58116106  s
   39   2   1  -1       0.47966247  p_y
   39   2   1   0       0.44687492  p_z
   39   2   1   1       0.46494324  p_x
   40   1   0   0       0.62572277  s
   40   2   1  -1       0.51542791  p_y
   40   2   1   0       0.46332520  p_z
   40   2   1   1       0.49094911  p_x
   41   1   0   0       0.58762658  s
   41   2   1  -1       0.47606879  p_y
   41   2   1   0       0.44675327  p_z
   41   2   1   1       0.46501219  p_x
   42   1   0   0       0.44367204  s
   43   1   0   0       0.62932897  s
   43   2   1  -1       0.52382166  p_y
   43   2   1   0       0.46148302  p_z
   43   2   1   1       0.49111975  p_x
   44   1   0   0       0.62652877  s
   44   2   1  -1       0.52411291  p_y
   44   2   1   0       0.46173961  p_z
   44   2   1   1       0.49055158  p_x
   45   1   0   0       0.58463329  s
   45   2   1  -1       0.48318978  p_y
   45   2   1   0       0.44604502  p_z
   45   2   1   1       0.46298152  p_x
   46   1   0   0       0.43919963  s
   47   1   0   0       0.62001155  s
   47   2   1  -1       0.49462643  p_y
   47   2   1   0       0.46099250  p_z
   47   2   1   1       0.48082048  p_x
   48   1   0   0       0.58640244  s
   48   2   1  -1       0.47594449  p_y
   48   2   1   0       0.44773380  p_z
   48   2   1   1       0.45949039  p_x
   49   1   0   0       0.44358991  s
   50   1   0   0       0.44358537  s
   51   1   0   0       0.58485027  s
   51   2   1  -1       0.48042897  p_y
   51   2   1   0       0.44608887  p_z
   51   2   1   1       0.46597378  p_x
   52   1   0   0       0.62683252  s
   52   2   1  -1       0.51278284  p_y
   52   2   1   0       0.45753412  p_z
   52   2   1   1       0.49411089  p_x
   53   1   0   0       0.61461661  s
   53   2   1  -1       0.48436734  p_y
   53   2   1   0       0.46398496  p_z
   53   2   1   1       0.47469317  p_x
   54   1   0   0       0.44208468  s
   55   1   0   0       0.62222490  s
   55   2   1  -1       0.50773101  p_y
   55   2   1   0       0.45710046  p_z
   55   2   1   1       0.48254081  p_x
   56   1   0   0       0.63048701  s
   56   2   1  -1       0.51080981  p_y
   56   2   1   0       0.46038742  p_z
   56   2   1   1       0.49926085  p_x
   57   1   0   0       0.58799036  s
   57   2   1  -1       0.47794410  p_y
   57   2   1   0       0.44615248  p_z
   57   2   1   1       0.46513177  p_x
   58   1   0   0       0.44281664  s
   59   1   0   0       0.61652469  s
   59   2   1  -1       0.47405539  p_y
   59   2   1   0       0.47949591  p_z
   59   2   1   1       0.46354780  p_x
   60   1   0   0       0.44258376  s
   61   1   0   0       0.44893750  s
   62   1   0   0       0.44079049  s
   63   1   0   0       0.58708328  s
   63   2   1  -1       0.47777641  p_y
   63   2   1   0       0.44462145  p_z
   63   2   1   1       0.46741314  p_x
   64   1   0   0       0.62171178  s
   64   2   1  -1       0.50495448  p_y
   64   2   1   0       0.45539645  p_z
   64   2   1   1       0.48142707  p_x
   65   1   0   0       0.44064702  s
   66   1   0   0       0.61803549  s
   66   2   1  -1       0.49324457  p_y
   66   2   1   0       0.45779873  p_z
   66   2   1   1       0.49330926  p_x
   67   1   0   0       0.61633258  s
   67   2   1  -1       0.47956464  p_y
   67   2   1   0       0.47617378  p_z
   67   2   1   1       0.46791250  p_x
   68   1   0   0       0.44786985  s
   69   1   0   0       0.61637356  s
   69   2   1  -1       0.48354084  p_y
   69   2   1   0       0.46316731  p_z
   69   2   1   1       0.47796641  p_x
   70   1   0   0       0.43819451  s
   71   1   0   0       0.44523310  s
   72   1   0   0       0.44649663  s

Nr. of electrons (down):    101.00000000
Atom populations (down)
 Atom       Population
    1       1.98151771
    2       2.05991514
    3       1.98432585
    4       2.06075545
    5       1.97908557
    6       0.44772182
    7       2.08034614
    8       2.08005119
    9       1.98330653
   10       0.44339704
   11       2.03984996
   12       1.97939312
   13       0.44500089
   14       0.44831403
   15       1.98233446
   16       2.06055260
   17       2.05128397
   18       0.44903570
   19       2.05862078
   20       2.08622819
   21       1.98304547
   22       0.45039977
   23       2.04659543
   24       0.45840742
   25       0.44816333
   26       0.44306570
   27       1.98097557
   28       2.04764065
   29       0.45850315
   30       2.05788878
   31       2.05240882
   32       0.45501751
   33       2.04362720
   34       0.44975904
   35       0.45632360
   36       0.46561710
   37       1.99700747
   38       1.96044497
   39       1.99620137
   40       1.94093952
   41       1.97651143
   42       0.45078767
   43       1.95390839
   44       1.93868273
   45       1.99605691
   46       0.44750951
   47       2.00414385
   48       1.97937607
   49       0.45239209
   50       0.45296588
   51       1.99720763
   52       1.96450308
   53       2.00704501
   54       0.44487681
   55       2.00690080
   56       1.96693471
   57       1.98002946
   58       0.44981461
   59       2.01690990
   60       0.44424826
   61       0.45251847
   62       0.44853158
   63       1.97668661
   64       2.01526218
   65       0.44160769
   66       2.01955339
   67       2.02187234
   68       0.45054654
   69       2.01491423
   70       0.44041753
   71       0.44625421
   72       0.44796241

l-shell populations (down)
 Atom Sh.   l       Population
    1   1   0       0.59113898
    1   2   1       1.39037874
    2   1   0       0.62203063
    2   2   1       1.43788450
    3   1   0       0.59544162
    3   2   1       1.38888423
    4   1   0       0.62428252
    4   2   1       1.43647293
    5   1   0       0.58948545
    5   2   1       1.38960012
    6   1   0       0.44772182
    7   1   0       0.62334812
    7   2   1       1.45699802
    8   1   0       0.62523275
    8   2   1       1.45481845
    9   1   0       0.59018918
    9   2   1       1.39311735
   10   1   0       0.44339704
   11   1   0       0.61787717
   11   2   1       1.42197279
   12   1   0       0.59511112
   12   2   1       1.38428200
   13   1   0       0.44500089
   14   1   0       0.44831403
   15   1   0       0.59160340
   15   2   1       1.39073106
   16   1   0       0.62223237
   16   2   1       1.43832023
   17   1   0       0.61140452
   17   2   1       1.43987945
   18   1   0       0.44903570
   19   1   0       0.61880759
   19   2   1       1.43981319
   20   1   0       0.62249420
   20   2   1       1.46373400
   21   1   0       0.59167036
   21   2   1       1.39137511
   22   1   0       0.45039977
   23   1   0       0.61710379
   23   2   1       1.42949165
   24   1   0       0.45840742
   25   1   0       0.44816333
   26   1   0       0.44306570
   27   1   0       0.59190279
   27   2   1       1.38907278
   28   1   0       0.61971271
   28   2   1       1.42792794
   29   1   0       0.45850315
   30   1   0       0.61901574
   30   2   1       1.43887303
   31   1   0       0.61430601
   31   2   1       1.43810281
   32   1   0       0.45501751
   33   1   0       0.61497952
   33   2   1       1.42864769
   34   1   0       0.44975904
   35   1   0       0.45632360
   36   1   0       0.46561710
   37   1   0       0.58749847
   37   2   1       1.40950899
   38   1   0       0.61843402
   38   2   1       1.34201095
   39   1   0       0.58586946
   39   2   1       1.41033191
   40   1   0       0.61842314
   40   2   1       1.32251639
   41   1   0       0.58983622
   41   2   1       1.38667522
   42   1   0       0.45078767
   43   1   0       0.62216516
   43   2   1       1.33174323
   44   1   0       0.61873413
   44   2   1       1.31994860
   45   1   0       0.58867027
   45   2   1       1.40738664
   46   1   0       0.44750951
   47   1   0       0.61804214
   47   2   1       1.38610171
   48   1   0       0.58943082
   48   2   1       1.38994525
   49   1   0       0.45239209
   50   1   0       0.45296588
   51   1   0       0.58917149
   51   2   1       1.40803614
   52   1   0       0.62094914
   52   2   1       1.34355394
   53   1   0       0.61410550
   53   2   1       1.39293951
   54   1   0       0.44487681
   55   1   0       0.61948603
   55   2   1       1.38741477
   56   1   0       0.62429035
   56   2   1       1.34264436
   57   1   0       0.59027407
   57   2   1       1.38975539
   58   1   0       0.44981461
   59   1   0       0.61695588
   59   2   1       1.39995402
   60   1   0       0.44424826
   61   1   0       0.45251847
   62   1   0       0.44853158
   63   1   0       0.58929031
   63   2   1       1.38739630
   64   1   0       0.61976027
   64   2   1       1.39550192
   65   1   0       0.44160769
   66   1   0       0.61649757
   66   2   1       1.40305582
   67   1   0       0.61643964
   67   2   1       1.40543271
   68   1   0       0.45054654
   69   1   0       0.61595660
   69   2   1       1.39895763
   70   1   0       0.44041753
   71   1   0       0.44625421
   72   1   0       0.44796241

Orbital populations (down)
 Atom Sh.   l   m       Population  Label
    1   1   0   0       0.59113898  s
    1   2   1  -1       0.47551312  p_y
    1   2   1   0       0.45754510  p_z
    1   2   1   1       0.45732051  p_x
    2   1   0   0       0.62203063  s
    2   2   1  -1       0.49350814  p_y
    2   2   1   0       0.46447606  p_z
    2   2   1   1       0.47990029  p_x
    3   1   0   0       0.59544162  s
    3   2   1  -1       0.47697939  p_y
    3   2   1   0       0.45499444  p_z
    3   2   1   1       0.45691040  p_x
    4   1   0   0       0.62428252  s
    4   2   1  -1       0.49501599  p_y
    4   2   1   0       0.46402846  p_z
    4   2   1   1       0.47742847  p_x
    5   1   0   0       0.58948545  s
    5   2   1  -1       0.47473487  p_y
    5   2   1   0       0.45825426  p_z
    5   2   1   1       0.45661099  p_x
    6   1   0   0       0.44772182  s
    7   1   0   0       0.62334812  s
    7   2   1  -1       0.50719745  p_y
    7   2   1   0       0.46308973  p_z
    7   2   1   1       0.48671084  p_x
    8   1   0   0       0.62523275  s
    8   2   1  -1       0.50966827  p_y
    8   2   1   0       0.46519305  p_z
    8   2   1   1       0.47995712  p_x
    9   1   0   0       0.59018918  s
    9   2   1  -1       0.47819051  p_y
    9   2   1   0       0.45692866  p_z
    9   2   1   1       0.45799819  p_x
   10   1   0   0       0.44339704  s
   11   1   0   0       0.61787717  s
   11   2   1  -1       0.48751881  p_y
   11   2   1   0       0.46143636  p_z
   11   2   1   1       0.47301762  p_x
   12   1   0   0       0.59511112  s
   12   2   1  -1       0.47589503  p_y
   12   2   1   0       0.44826660  p_z
   12   2   1   1       0.46012036  p_x
   13   1   0   0       0.44500089  s
   14   1   0   0       0.44831403  s
   15   1   0   0       0.59160340  s
   15   2   1  -1       0.47872045  p_y
   15   2   1   0       0.45584452  p_z
   15   2   1   1       0.45616609  p_x
   16   1   0   0       0.62223237  s
   16   2   1  -1       0.49401571  p_y
   16   2   1   0       0.46457152  p_z
   16   2   1   1       0.47973300  p_x
   17   1   0   0       0.61140452  s
   17   2   1  -1       0.49331868  p_y
   17   2   1   0       0.47428114  p_z
   17   2   1   1       0.47227963  p_x
   18   1   0   0       0.44903570  s
   19   1   0   0       0.61880759  s
   19   2   1  -1       0.49862314  p_y
   19   2   1   0       0.46107345  p_z
   19   2   1   1       0.48011660  p_x
   20   1   0   0       0.62249420  s
   20   2   1  -1       0.51038538  p_y
   20   2   1   0       0.46888978  p_z
   20   2   1   1       0.48445884  p_x
   21   1   0   0       0.59167036  s
   21   2   1  -1       0.47846729  p_y
   21   2   1   0       0.45283827  p_z
   21   2   1   1       0.46006955  p_x
   22   1   0   0       0.45039977  s
   23   1   0   0       0.61710379  s
   23   2   1  -1       0.49102328  p_y
   23   2   1   0       0.47079379  p_z
   23   2   1   1       0.46767458  p_x
   24   1   0   0       0.45840742  s
   25   1   0   0       0.44816333  s
   26   1   0   0       0.44306570  s
   27   1   0   0       0.59190279  s
   27   2   1  -1       0.47761834  p_y
   27   2   1   0       0.44865907  p_z
   27   2   1   1       0.46279536  p_x
   28   1   0   0       0.61971271  s
   28   2   1  -1       0.49240876  p_y
   28   2   1   0       0.46032645  p_z
   28   2   1   1       0.47519273  p_x
   29   1   0   0       0.45850315  s
   30   1   0   0       0.61901574  s
   30   2   1  -1       0.49912399  p_y
   30   2   1   0       0.45897956  p_z
   30   2   1   1       0.48076948  p_x
   31   1   0   0       0.61430601  s
   31   2   1  -1       0.48915359  p_y
   31   2   1   0       0.47476904  p_z
   31   2   1   1       0.47418017  p_x
   32   1   0   0       0.45501751  s
   33   1   0   0       0.61497952  s
   33   2   1  -1       0.48671390  p_y
   33   2   1   0       0.47124649  p_z
   33   2   1   1       0.47068730  p_x
   34   1   0   0       0.44975904  s
   35   1   0   0       0.45632360  s
   36   1   0   0       0.46561710  s
   37   1   0   0       0.58749847  s
   37   2   1  -1       0.48969633  p_y
   37   2   1   0       0.45222372  p_z
   37   2   1   1       0.46758894  p_x
   38   1   0   0       0.61843402  s
   38   2   1  -1       0.41850748  p_y
   38   2   1   0       0.45644067  p_z
   38   2   1   1       0.46706280  p_x
   39   1   0   0       0.58586946  s
   39   2   1  -1       0.48935952  p_y
   39   2   1   0       0.45223063  p_z
   39   2   1   1       0.46874176  p_x
   40   1   0   0       0.61842314  s
   40   2   1  -1       0.40036626  p_y
   40   2   1   0       0.45510029  p_z
   40   2   1   1       0.46704984  p_x
   41   1   0   0       0.58983622  s
   41   2   1  -1       0.47222360  p_y
   41   2   1   0       0.44986150  p_z
   41   2   1   1       0.46459011  p_x
   42   1   0   0       0.45078767  s
   43   1   0   0       0.62216516  s
   43   2   1  -1       0.40938416  p_y
   43   2   1   0       0.45333510  p_z
   43   2   1   1       0.46902398  p_x
   44   1   0   0       0.61873413  s
   44   2   1  -1       0.40182847  p_y
   44   2   1   0       0.45195177  p_z
   44   2   1   1       0.46616836  p_x
   45   1   0   0       0.58867027  s
   45   2   1  -1       0.49109285  p_y
   45   2   1   0       0.45070082  p_z
   45   2   1   1       0.46559297  p_x
   46   1   0   0       0.44750951  s
   47   1   0   0       0.61804214  s
   47   2   1  -1       0.45550395  p_y
   47   2   1   0       0.45912775  p_z
   47   2   1   1       0.47147000  p_x
   48   1   0   0       0.58943082  s
   48   2   1  -1       0.47760402  p_y
   48   2   1   0       0.45064447  p_z
   48   2   1   1       0.46169676  p_x
   49   1   0   0       0.45239209  s
   50   1   0   0       0.45296588  s
   51   1   0   0       0.58917149  s
   51   2   1  -1       0.48778486  p_y
   51   2   1   0       0.45142513  p_z
   51   2   1   1       0.46882615  p_x
   52   1   0   0       0.62094914  s
   52   2   1  -1       0.41913119  p_y
   52   2   1   0       0.45121748  p_z
   52   2   1   1       0.47320527  p_x
   53   1   0   0       0.61410550  s
   53   2   1  -1       0.45960990  p_y
   53   2   1   0       0.46378984  p_z
   53   2   1   1       0.46953977  p_x
   54   1   0   0       0.44487681  s
   55   1   0   0       0.61948603  s
   55   2   1  -1       0.46164286  p_y
   55   2   1   0       0.45380688  p_z
   55   2   1   1       0.47196503  p_x
   56   1   0   0       0.62429035  s
   56   2   1  -1       0.42999897  p_y
   56   2   1   0       0.45354712  p_z
   56   2   1   1       0.45909828  p_x
   57   1   0   0       0.59027407  s
   57   2   1  -1       0.47569201  p_y
   57   2   1   0       0.44824499  p_z
   57   2   1   1       0.46581838  p_x
   58   1   0   0       0.44981461  s
   59   1   0   0       0.61695588  s
   59   2   1  -1       0.45991323  p_y
   59   2   1   0       0.47872475  p_z
   59   2   1   1       0.46131605  p_x
   60   1   0   0       0.44424826  s
   61   1   0   0       0.45251847  s
   62   1   0   0       0.44853158  s
   63   1   0   0       0.58929031  s
   63   2   1  -1       0.47326205  p_y
   63   2   1   0       0.44769252  p_z
   63   2   1   1       0.46644173  p_x
   64   1   0   0       0.61976027  s
   64   2   1  -1       0.46911584  p_y
   64   2   1   0       0.45281315  p_z
   64   2   1   1       0.47357294  p_x
   65   1   0   0       0.44160769  s
   66   1   0   0       0.61649757  s
   66   2   1  -1       0.46634440  p_y
   66   2   1   0       0.45667848  p_z
   66   2   1   1       0.48003294  p_x
   67   1   0   0       0.61643964  s
   67   2   1  -1       0.46684270  p_y
   67   2   1   0       0.47499269  p_z
   67   2   1   1       0.46359732  p_x
   68   1   0   0       0.45054654  s
   69   1   0   0       0.61595660  s
   69   2   1  -1       0.46657564  p_y
   69   2   1   0       0.46249190  p_z
   69   2   1   1       0.46989008  p_x
   70   1   0   0       0.44041753  s
   71   1   0   0       0.44625421  s
   72   1   0   0       0.44796241  s

Spin  up
Fermi level:                        -0.1979268663 H           -5.3859 eV
Band energy:                       -45.6725461395 H        -1242.8132 eV
TS:                                  0.0000000000 H            0.0000 eV
Band free energy (E-TS):           -45.6725461395 H        -1242.8132 eV
Extrapolated E(0K):                -45.6725461395 H        -1242.8132 eV
Input / Output electrons (up):    102.0000000000    102.0000000000

Spin  down
Fermi level:                        -0.2142790321 H           -5.8308 eV
Band energy:                       -45.3740184875 H        -1234.6899 eV
TS:                                  0.0000000000 H            0.0000 eV
Band free energy (E-TS):           -45.3740184875 H        -1234.6899 eV
Extrapolated E(0K):                -45.3740184875 H        -1234.6899 eV
Input / Output electrons (down):    101.0000000000    101.0000000000

Energy H0:                         -86.2686669449 H        -2347.4899 eV
Energy SCC:                          0.0375204839 H            1.0210 eV
Energy SPIN:                        -0.0016106606 H           -0.0438 eV
Energy 3rd:                          0.0000357889 H            0.0010 eV
Total Electronic energy:           -86.2327213327 H        -2346.5117 eV
Repulsive energy:                    0.7416166982 H           20.1804 eV
Total energy:                      -85.4911046345 H        -2326.3313 eV
Extrapolated to 0:                 -85.4911046345 H        -2326.3313 eV
Total Mermin free energy:          -85.4911046345 H        -2326.3313 eV
Force related energy:              -85.4911046345 H        -2326.3313 eV

Constraints converged

SCC converged

