 Fermi distribution function

Calculation with static geometry


********************************************************************************
 iSCC Total electronic   Diff electronic      SCC error    
   18   -0.86236648E+02   -0.25550904E-07    0.57076049E-06
********************************************************************************

 Total charge:     1.00000000

 Atomic gross charges (e)
 Atom           Charge
    1       0.02730154
    2      -0.04687249
    3       0.01597676
    4      -0.02821777
    5       0.04650050
    6       0.11717124
    7      -0.06505201
    8      -0.04720869
    9       0.02393953
   10       0.12489862
   11      -0.05919513
   12       0.04757378
   13       0.11750689
   14       0.11537064
   15       0.02078813
   16      -0.04620698
   17      -0.06340154
   18       0.11732656
   19      -0.07748475
   20      -0.07072549
   21       0.04711686
   22       0.10729548
   23      -0.06290328
   24       0.09379544
   25       0.11626429
   26       0.12247818
   27       0.04600286
   28      -0.06232724
   29       0.10072359
   30      -0.07866169
   31      -0.05781588
   32       0.10021242
   33      -0.05330646
   34       0.11435755
   35       0.10573086
   36       0.09110452
   37       0.04586674
   38      -0.11225984
   39       0.06127412
   40      -0.10958585
   41       0.04576661
   42       0.09606092
   43      -0.17092617
   44      -0.17289168
   45       0.04101734
   46       0.10569083
   47      -0.08311883
   48       0.06253004
   49       0.07463449
   50       0.07202684
   51       0.05390039
   52      -0.11191032
   53      -0.08040420
   54       0.10056293
   55      -0.13304605
   56      -0.17520484
   57       0.03533226
   58       0.09943311
   59      -0.07039610
   60       0.09761802
   61       0.07369343
   62       0.07102348
   63       0.05232736
   64      -0.09831483
   65       0.09843872
   66      -0.13109014
   67      -0.09600776
   68       0.09389629
   69      -0.08755008
   70       0.08124037
   71       0.09306277
   72       0.07725282


 Atomic net (on-site) populations and hybridisation ratios
 Atom       Population         Hybrid.
    1       2.72318958      0.31920261
    2       2.80652688      0.29836828
    3       2.74910424      0.31272394
    4       2.80087048      0.29978238
    5       2.70580532      0.32354867
    6       0.55444005      0.44555995
    7       2.82852574      0.29286857
    8       2.81910818      0.29522296
    9       2.72345350      0.31913662
   10       0.54444902      0.45555098
   11       2.80883775      0.29779056
   12       2.71208625      0.32197844
   13       0.54791241      0.45208759
   14       0.55391195      0.44608805
   15       2.73020805      0.31744799
   16       2.80710917      0.29822271
   17       2.78597550      0.30350613
   18       0.55399008      0.44600992
   19       2.82410462      0.29397384
   20       2.83281925      0.29179519
   21       2.70767865      0.32308034
   22       0.56522358      0.43477642
   23       2.79476536      0.30130866
   24       0.57341675      0.42658325
   25       0.54785308      0.45214692
   26       0.54118781      0.45881219
   27       2.70998383      0.32250404
   28       2.81311267      0.29672183
   29       0.57051234      0.42948766
   30       2.82365706      0.29408573
   31       2.78971768      0.30257058
   32       0.57000810      0.42999190
   33       2.78915162      0.30271210
   34       0.55586411      0.44413589
   35       0.55970002      0.44029998
   36       0.58005765      0.41994235
   37       2.68371162      0.32907210
   38       2.87865631      0.28033592
   39       2.66241789      0.33439553
   40       2.87964338      0.28008915
   41       2.69863648      0.32534088
   42       0.57395466      0.42604534
   43       2.94322109      0.26419473
   44       2.94848937      0.26287766
   45       2.69581179      0.32604705
   46       0.56061829      0.43938171
   47       2.82755354      0.29311162
   48       2.68276346      0.32930913
   49       0.59958395      0.40041605
   50       0.60180289      0.39819711
   51       2.68143515      0.32964121
   52       2.88743512      0.27814122
   53       2.79819582      0.30045104
   54       0.56534038      0.43465962
   55       2.88576505      0.27855874
   56       2.95562664      0.26109334
   57       2.71602414      0.32099396
   58       0.57150654      0.42849346
   59       2.79245465      0.30188634
   60       0.56567814      0.43432186
   61       0.59621589      0.40378411
   62       0.60223077      0.39776923
   63       2.68707530      0.32823118
   64       2.85883060      0.28529235
   65       0.56971564      0.43028436
   66       2.87602066      0.28099483
   67       2.81742626      0.29564344
   68       0.57219024      0.42780976
   69       2.81062564      0.29734359
   70       0.58214271      0.41785729
   71       0.57283308      0.42716692
   72       0.58824693      0.41175307

Nr. of electrons (up):    102.00000000
Atom populations (up)
 Atom       Population
    1       1.97669803
    2       2.08416651
    3       1.98082618
    4       2.09561213
    5       1.97928345
    6       0.43798315
    7       2.10069496
    8       2.10785984
    9       1.97852265
   10       0.43295907
   11       2.04977050
   12       1.97573876
   13       0.43758421
   14       0.43762499
   15       1.97825481
   16       2.08237598
   17       2.04772303
   18       0.44017012
   19       2.06360521
   20       2.10636511
   21       1.97840370
   22       0.44302840
   23       2.04146919
   24       0.45223712
   25       0.44049597
   26       0.43495144
   27       1.97574138
   28       2.05343950
   29       0.44906534
   30       2.06318103
   31       2.04331587
   32       0.44865520
   33       2.03832410
   34       0.44148318
   35       0.44639413
   36       0.45377883
   37       1.97697612
   38       2.05648847
   39       1.96939228
   40       2.05545474
   41       1.97706807
   42       0.45194959
   43       2.08553120
   44       2.08652900
   45       1.97939232
   46       0.44711844
   47       2.04165466
   48       1.96879875
   49       0.46267859
   50       0.46398189
   51       1.97305167
   52       2.05659740
   53       2.04019119
   54       0.44971326
   55       2.06653609
   56       2.08762485
   57       1.98226797
   58       0.45024804
   59       2.03526260
   60       0.45119166
   61       0.46315239
   62       0.46448886
   63       1.97391561
   64       2.04944547
   65       0.45077705
   66       2.06549125
   67       2.04796256
   68       0.45303576
   69       2.04403365
   70       0.45938548
   71       0.45347093
   72       0.46135908

l-shell populations (up)
 Atom Sh.   l       Population
    1   1   0       0.59010208
    1   2   1       1.38659596
    2   1   0       0.62562804
    2   2   1       1.45853847
    3   1   0       0.59479137
    3   2   1       1.38603481
    4   1   0       0.63120022
    4   2   1       1.46441191
    5   1   0       0.59105276
    5   2   1       1.38823069
    6   1   0       0.43798315
    7   1   0       0.62756952
    7   2   1       1.47312543
    8   1   0       0.63104765
    8   2   1       1.47681219
    9   1   0       0.58845727
    9   2   1       1.39006538
   10   1   0       0.43295907
   11   1   0       0.62120321
   11   2   1       1.42856730
   12   1   0       0.59375559
   12   2   1       1.38198317
   13   1   0       0.43758421
   14   1   0       0.43762499
   15   1   0       0.58990351
   15   2   1       1.38835129
   16   1   0       0.62488163
   16   2   1       1.45749435
   17   1   0       0.61344981
   17   2   1       1.43427322
   18   1   0       0.44017012
   19   1   0       0.62173385
   19   2   1       1.44187136
   20   1   0       0.62749734
   20   2   1       1.47886777
   21   1   0       0.59184128
   21   2   1       1.38656242
   22   1   0       0.44302840
   23   1   0       0.61679257
   23   2   1       1.42467662
   24   1   0       0.45223712
   25   1   0       0.44049597
   26   1   0       0.43495144
   27   1   0       0.59215916
   27   2   1       1.38358222
   28   1   0       0.62049954
   28   2   1       1.43293996
   29   1   0       0.44906534
   30   1   0       0.62055550
   30   2   1       1.44262553
   31   1   0       0.61725074
   31   2   1       1.42606512
   32   1   0       0.44865520
   33   1   0       0.61731787
   33   2   1       1.42100623
   34   1   0       0.44148318
   35   1   0       0.44639413
   36   1   0       0.45377883
   37   1   0       0.58333335
   37   2   1       1.39364277
   38   1   0       0.62077133
   38   2   1       1.43571714
   39   1   0       0.58041132
   39   2   1       1.38898095
   40   1   0       0.62225692
   40   2   1       1.43319782
   41   1   0       0.58830303
   41   2   1       1.38876504
   42   1   0       0.45194959
   43   1   0       0.62146278
   43   2   1       1.46406842
   44   1   0       0.62061365
   44   2   1       1.46591535
   45   1   0       0.58593897
   45   2   1       1.39345336
   46   1   0       0.44711844
   47   1   0       0.61728513
   47   2   1       1.42436954
   48   1   0       0.58802782
   48   2   1       1.38077094
   49   1   0       0.46267859
   50   1   0       0.46398189
   51   1   0       0.58445650
   51   2   1       1.38859517
   52   1   0       0.62328570
   52   2   1       1.43331169
   53   1   0       0.61159149
   53   2   1       1.42859970
   54   1   0       0.44971326
   55   1   0       0.61963432
   55   2   1       1.44690176
   56   1   0       0.62309960
   56   2   1       1.46452525
   57   1   0       0.58965552
   57   2   1       1.39261244
   58   1   0       0.45024804
   59   1   0       0.61384606
   59   2   1       1.42141655
   60   1   0       0.45119166
   61   1   0       0.46315239
   62   1   0       0.46448886
   63   1   0       0.58520693
   63   2   1       1.38870868
   64   1   0       0.62218253
   64   2   1       1.42726293
   65   1   0       0.45077705
   66   1   0       0.61557819
   66   2   1       1.44991306
   67   1   0       0.61290694
   67   2   1       1.43505563
   68   1   0       0.45303576
   69   1   0       0.61202252
   69   2   1       1.43201113
   70   1   0       0.45938548
   71   1   0       0.45347093
   72   1   0       0.46135908

Orbital populations (up)
 Atom Sh.   l   m       Population  Label
    1   1   0   0       0.59010208  s
    1   2   1  -1       0.47373756  p_y
    1   2   1   0       0.45583253  p_z
    1   2   1   1       0.45702587  p_x
    2   1   0   0       0.62562804  s
    2   2   1  -1       0.50255381  p_y
    2   2   1   0       0.46868608  p_z
    2   2   1   1       0.48729857  p_x
    3   1   0   0       0.59479137  s
    3   2   1  -1       0.47678342  p_y
    3   2   1   0       0.45362891  p_z
    3   2   1   1       0.45562248  p_x
    4   1   0   0       0.63120022  s
    4   2   1  -1       0.50897517  p_y
    4   2   1   0       0.46954700  p_z
    4   2   1   1       0.48588974  p_x
    5   1   0   0       0.59105276  s
    5   2   1  -1       0.47276998  p_y
    5   2   1   0       0.45777492  p_z
    5   2   1   1       0.45768579  p_x
    6   1   0   0       0.43798315  s
    7   1   0   0       0.62756952  s
    7   2   1  -1       0.51395960  p_y
    7   2   1   0       0.46602583  p_z
    7   2   1   1       0.49314000  p_x
    8   1   0   0       0.63104765  s
    8   2   1  -1       0.51945981  p_y
    8   2   1   0       0.46927708  p_z
    8   2   1   1       0.48807530  p_x
    9   1   0   0       0.58845727  s
    9   2   1  -1       0.47708897  p_y
    9   2   1   0       0.45602955  p_z
    9   2   1   1       0.45694687  p_x
   10   1   0   0       0.43295907  s
   11   1   0   0       0.62120321  s
   11   2   1  -1       0.49166490  p_y
   11   2   1   0       0.46122679  p_z
   11   2   1   1       0.47567561  p_x
   12   1   0   0       0.59375559  s
   12   2   1  -1       0.47406513  p_y
   12   2   1   0       0.44899122  p_z
   12   2   1   1       0.45892683  p_x
   13   1   0   0       0.43758421  s
   14   1   0   0       0.43762499  s
   15   1   0   0       0.58990351  s
   15   2   1  -1       0.47797591  p_y
   15   2   1   0       0.45409916  p_z
   15   2   1   1       0.45627622  p_x
   16   1   0   0       0.62488163  s
   16   2   1  -1       0.50272498  p_y
   16   2   1   0       0.46761805  p_z
   16   2   1   1       0.48715132  p_x
   17   1   0   0       0.61344981  s
   17   2   1  -1       0.48540774  p_y
   17   2   1   0       0.47475873  p_z
   17   2   1   1       0.47410675  p_x
   18   1   0   0       0.44017012  s
   19   1   0   0       0.62173385  s
   19   2   1  -1       0.49961117  p_y
   19   2   1   0       0.45887704  p_z
   19   2   1   1       0.48338315  p_x
   20   1   0   0       0.62749734  s
   20   2   1  -1       0.51746565  p_y
   20   2   1   0       0.47261211  p_z
   20   2   1   1       0.48879000  p_x
   21   1   0   0       0.59184128  s
   21   2   1  -1       0.47476918  p_y
   21   2   1   0       0.45307643  p_z
   21   2   1   1       0.45871680  p_x
   22   1   0   0       0.44302840  s
   23   1   0   0       0.61679257  s
   23   2   1  -1       0.48504094  p_y
   23   2   1   0       0.47417773  p_z
   23   2   1   1       0.46545794  p_x
   24   1   0   0       0.45223712  s
   25   1   0   0       0.44049597  s
   26   1   0   0       0.43495144  s
   27   1   0   0       0.59215916  s
   27   2   1  -1       0.47254876  p_y
   27   2   1   0       0.44760171  p_z
   27   2   1   1       0.46343175  p_x
   28   1   0   0       0.62049954  s
   28   2   1  -1       0.49505176  p_y
   28   2   1   0       0.45843575  p_z
   28   2   1   1       0.47945245  p_x
   29   1   0   0       0.44906534  s
   30   1   0   0       0.62055550  s
   30   2   1  -1       0.50168965  p_y
   30   2   1   0       0.45717753  p_z
   30   2   1   1       0.48375835  p_x
   31   1   0   0       0.61725074  s
   31   2   1  -1       0.48024537  p_y
   31   2   1   0       0.47473925  p_z
   31   2   1   1       0.47108051  p_x
   32   1   0   0       0.44865520  s
   33   1   0   0       0.61731787  s
   33   2   1  -1       0.47681259  p_y
   33   2   1   0       0.47343928  p_z
   33   2   1   1       0.47075437  p_x
   34   1   0   0       0.44148318  s
   35   1   0   0       0.44639413  s
   36   1   0   0       0.45377883  s
   37   1   0   0       0.58333335  s
   37   2   1  -1       0.48085052  p_y
   37   2   1   0       0.44865942  p_z
   37   2   1   1       0.46413282  p_x
   38   1   0   0       0.62077133  s
   38   2   1  -1       0.49477111  p_y
   38   2   1   0       0.45914799  p_z
   38   2   1   1       0.48179805  p_x
   39   1   0   0       0.58041132  s
   39   2   1  -1       0.47614152  p_y
   39   2   1   0       0.44742457  p_z
   39   2   1   1       0.46541486  p_x
   40   1   0   0       0.62225692  s
   40   2   1  -1       0.49389502  p_y
   40   2   1   0       0.45881084  p_z
   40   2   1   1       0.48049195  p_x
   41   1   0   0       0.58830303  s
   41   2   1  -1       0.47653621  p_y
   41   2   1   0       0.44800925  p_z
   41   2   1   1       0.46421957  p_x
   42   1   0   0       0.45194959  s
   43   1   0   0       0.62146278  s
   43   2   1  -1       0.52515123  p_y
   43   2   1   0       0.45886197  p_z
   43   2   1   1       0.48005522  p_x
   44   1   0   0       0.62061365  s
   44   2   1  -1       0.52860389  p_y
   44   2   1   0       0.45790372  p_z
   44   2   1   1       0.47940773  p_x
   45   1   0   0       0.58593897  s
   45   2   1  -1       0.48357439  p_y
   45   2   1   0       0.44652413  p_z
   45   2   1   1       0.46335484  p_x
   46   1   0   0       0.44711844  s
   47   1   0   0       0.61728513  s
   47   2   1  -1       0.48841978  p_y
   47   2   1   0       0.45888109  p_z
   47   2   1   1       0.47706866  p_x
   48   1   0   0       0.58802782  s
   48   2   1  -1       0.47580508  p_y
   48   2   1   0       0.44460109  p_z
   48   2   1   1       0.46036477  p_x
   49   1   0   0       0.46267859  s
   50   1   0   0       0.46398189  s
   51   1   0   0       0.58445650  s
   51   2   1  -1       0.47749995  p_y
   51   2   1   0       0.44669223  p_z
   51   2   1   1       0.46440299  p_x
   52   1   0   0       0.62328570  s
   52   2   1  -1       0.49329689  p_y
   52   2   1   0       0.45480597  p_z
   52   2   1   1       0.48520884  p_x
   53   1   0   0       0.61159149  s
   53   2   1  -1       0.49213504  p_y
   53   2   1   0       0.46368501  p_z
   53   2   1   1       0.47277965  p_x
   54   1   0   0       0.44971326  s
   55   1   0   0       0.61963432  s
   55   2   1  -1       0.51249463  p_y
   55   2   1   0       0.45886061  p_z
   55   2   1   1       0.47554653  p_x
   56   1   0   0       0.62309960  s
   56   2   1  -1       0.51475216  p_y
   56   2   1   0       0.45655921  p_z
   56   2   1   1       0.49321389  p_x
   57   1   0   0       0.58965552  s
   57   2   1  -1       0.48266646  p_y
   57   2   1   0       0.44364780  p_z
   57   2   1   1       0.46629818  p_x
   58   1   0   0       0.45024804  s
   59   1   0   0       0.61384606  s
   59   2   1  -1       0.48066669  p_y
   59   2   1   0       0.47443872  p_z
   59   2   1   1       0.46631114  p_x
   60   1   0   0       0.45119166  s
   61   1   0   0       0.46315239  s
   62   1   0   0       0.46448886  s
   63   1   0   0       0.58520693  s
   63   2   1  -1       0.47800893  p_y
   63   2   1   0       0.44447072  p_z
   63   2   1   1       0.46622903  p_x
   64   1   0   0       0.62218253  s
   64   2   1  -1       0.49569598  p_y
   64   2   1   0       0.45711004  p_z
   64   2   1   1       0.47445691  p_x
   65   1   0   0       0.45077705  s
   66   1   0   0       0.61557819  s
   66   2   1  -1       0.50150786  p_y
   66   2   1   0       0.45652447  p_z
   66   2   1   1       0.49188073  p_x
   67   1   0   0       0.61290694  s
   67   2   1  -1       0.49157718  p_y
   67   2   1   0       0.47338235  p_z
   67   2   1   1       0.47009610  p_x
   68   1   0   0       0.45303576  s
   69   1   0   0       0.61202252  s
   69   2   1  -1       0.49018204  p_y
   69   2   1   0       0.46107698  p_z
   69   2   1   1       0.48075211  p_x
   70   1   0   0       0.45938548  s
   71   1   0   0       0.45347093  s
   72   1   0   0       0.46135908  s

Nr. of electrons (down):    101.00000000
Atom populations (down)
 Atom       Population
    1       1.99600043
    2       1.96270597
    3       2.00319706
    4       1.93260564
    5       1.97421605
    6       0.44484562
    7       1.96435705
    8       1.93934885
    9       1.99753782
   10       0.44214231
   11       2.00942463
   12       1.97668746
   13       0.44490890
   14       0.44700438
   15       2.00095706
   16       1.96383101
   17       2.01567851
   18       0.44250333
   19       2.01387953
   20       1.96436038
   21       1.97447944
   22       0.44967612
   23       2.02143410
   24       0.45396744
   25       0.44323974
   26       0.44257038
   27       1.97825576
   28       2.00888774
   29       0.45021107
   30       2.01548067
   31       2.01450002
   32       0.45113237
   33       2.01498235
   34       0.44415927
   35       0.44787501
   36       0.45511665
   37       1.97715715
   38       2.05577137
   39       1.96933360
   40       2.05413112
   41       1.97716532
   42       0.45198949
   43       2.08539497
   44       2.08636269
   45       1.97959034
   46       0.44719073
   47       2.04146416
   48       1.96867121
   49       0.46268692
   50       0.46399126
   51       1.97304794
   52       2.05531293
   53       2.04021301
   54       0.44972381
   55       2.06650997
   56       2.08757999
   57       1.98239977
   58       0.45031885
   59       2.03513349
   60       0.45119032
   61       0.46315418
   62       0.46448766
   63       1.97375703
   64       2.04886937
   65       0.45078423
   66       2.06559888
   67       2.04804520
   68       0.45306794
   69       2.04351644
   70       0.45937415
   71       0.45346630
   72       0.46138810

l-shell populations (down)
 Atom Sh.   l       Population
    1   1   0       0.59412672
    1   2   1       1.40187371
    2   1   0       0.62007715
    2   2   1       1.34262882
    3   1   0       0.59936369
    3   2   1       1.40383337
    4   1   0       0.62340138
    4   2   1       1.30920426
    5   1   0       0.59283012
    5   2   1       1.38138593
    6   1   0       0.44484562
    7   1   0       0.62120771
    7   2   1       1.34314934
    8   1   0       0.62297445
    8   2   1       1.31637440
    9   1   0       0.59249086
    9   2   1       1.40504696
   10   1   0       0.44214231
   11   1   0       0.61986577
   11   2   1       1.38955886
   12   1   0       0.59622160
   12   2   1       1.38046586
   13   1   0       0.44490890
   14   1   0       0.44700438
   15   1   0       0.59444008
   15   2   1       1.40651698
   16   1   0       0.61946653
   16   2   1       1.34436448
   17   1   0       0.61279038
   17   2   1       1.40288814
   18   1   0       0.44250333
   19   1   0       0.61975250
   19   2   1       1.39412704
   20   1   0       0.62088822
   20   2   1       1.34347216
   21   1   0       0.59369610
   21   2   1       1.38078334
   22   1   0       0.44967612
   23   1   0       0.61694180
   23   2   1       1.40449229
   24   1   0       0.45396744
   25   1   0       0.44323974
   26   1   0       0.44257038
   27   1   0       0.59470483
   27   2   1       1.38355093
   28   1   0       0.61892775
   28   2   1       1.38995999
   29   1   0       0.45021107
   30   1   0       0.61869352
   30   2   1       1.39678714
   31   1   0       0.61681315
   31   2   1       1.39768687
   32   1   0       0.45113237
   33   1   0       0.61721259
   33   2   1       1.39776977
   34   1   0       0.44415927
   35   1   0       0.44787501
   36   1   0       0.45511665
   37   1   0       0.58336657
   37   2   1       1.39379057
   38   1   0       0.62073606
   38   2   1       1.43503531
   39   1   0       0.58041061
   39   2   1       1.38892300
   40   1   0       0.62219334
   40   2   1       1.43193778
   41   1   0       0.58831986
   41   2   1       1.38884545
   42   1   0       0.45198949
   43   1   0       0.62145856
   43   2   1       1.46393642
   44   1   0       0.62060679
   44   2   1       1.46575590
   45   1   0       0.58597993
   45   2   1       1.39361040
   46   1   0       0.44719073
   47   1   0       0.61727507
   47   2   1       1.42418910
   48   1   0       0.58802303
   48   2   1       1.38064818
   49   1   0       0.46268692
   50   1   0       0.46399126
   51   1   0       0.58445662
   51   2   1       1.38859133
   52   1   0       0.62322425
   52   2   1       1.43208868
   53   1   0       0.61159647
   53   2   1       1.42861654
   54   1   0       0.44972381
   55   1   0       0.61963596
   55   2   1       1.44687401
   56   1   0       0.62310023
   56   2   1       1.46447975
   57   1   0       0.58968609
   57   2   1       1.39271368
   58   1   0       0.45031885
   59   1   0       0.61384036
   59   2   1       1.42129313
   60   1   0       0.45119032
   61   1   0       0.46315418
   62   1   0       0.46448766
   63   1   0       0.58519833
   63   2   1       1.38855870
   64   1   0       0.62215395
   64   2   1       1.42671542
   65   1   0       0.45078423
   66   1   0       0.61559243
   66   2   1       1.45000646
   67   1   0       0.61292413
   67   2   1       1.43512107
   68   1   0       0.45306794
   69   1   0       0.61199527
   69   2   1       1.43152116
   70   1   0       0.45937415
   71   1   0       0.45346630
   72   1   0       0.46138810

Orbital populations (down)
 Atom Sh.   l   m       Population  Label
    1   1   0   0       0.59412672  s
    1   2   1  -1       0.48082324  p_y
    1   2   1   0       0.46146378  p_z
    1   2   1   1       0.45958668  p_x
    2   1   0   0       0.62007715  s
    2   2   1  -1       0.42821279  p_y
    2   2   1   0       0.44954059  p_z
    2   2   1   1       0.46487544  p_x
    3   1   0   0       0.59936369  s
    3   2   1  -1       0.48476218  p_y
    3   2   1   0       0.45996623  p_z
    3   2   1   1       0.45910496  p_x
    4   1   0   0       0.62340138  s
    4   2   1  -1       0.40306579  p_y
    4   2   1   0       0.44675703  p_z
    4   2   1   1       0.45938143  p_x
    5   1   0   0       0.59283012  s
    5   2   1  -1       0.46555511  p_y
    5   2   1   0       0.45904582  p_z
    5   2   1   1       0.45678499  p_x
    6   1   0   0       0.44484562  s
    7   1   0   0       0.62120771  s
    7   2   1  -1       0.43033278  p_y
    7   2   1   0       0.44307581  p_z
    7   2   1   1       0.46974075  p_x
    8   1   0   0       0.62297445  s
    8   2   1  -1       0.40649085  p_y
    8   2   1   0       0.44400505  p_z
    8   2   1   1       0.46587850  p_x
    9   1   0   0       0.59249086  s
    9   2   1  -1       0.48335037  p_y
    9   2   1   0       0.46154408  p_z
    9   2   1   1       0.46015251  p_x
   10   1   0   0       0.44214231  s
   11   1   0   0       0.61986577  s
   11   2   1  -1       0.46231914  p_y
   11   2   1   0       0.45728534  p_z
   11   2   1   1       0.46995438  p_x
   12   1   0   0       0.59622160  s
   12   2   1  -1       0.46954286  p_y
   12   2   1   0       0.45112341  p_z
   12   2   1   1       0.45979959  p_x
   13   1   0   0       0.44490890  s
   14   1   0   0       0.44700438  s
   15   1   0   0       0.59444008  s
   15   2   1  -1       0.48633370  p_y
   15   2   1   0       0.46057649  p_z
   15   2   1   1       0.45960679  p_x
   16   1   0   0       0.61946653  s
   16   2   1  -1       0.42728010  p_y
   16   2   1   0       0.44617296  p_z
   16   2   1   1       0.47091142  p_x
   17   1   0   0       0.61279038  s
   17   2   1  -1       0.46355506  p_y
   17   2   1   0       0.47046457  p_z
   17   2   1   1       0.46886850  p_x
   18   1   0   0       0.44250333  s
   19   1   0   0       0.61975250  s
   19   2   1  -1       0.46684051  p_y
   19   2   1   0       0.45330344  p_z
   19   2   1   1       0.47398309  p_x
   20   1   0   0       0.62088822  s
   20   2   1  -1       0.42358286  p_y
   20   2   1   0       0.44962420  p_z
   20   2   1   1       0.47026510  p_x
   21   1   0   0       0.59369610  s
   21   2   1  -1       0.46870448  p_y
   21   2   1   0       0.45433978  p_z
   21   2   1   1       0.45773908  p_x
   22   1   0   0       0.44967612  s
   23   1   0   0       0.61694180  s
   23   2   1  -1       0.47062616  p_y
   23   2   1   0       0.47147473  p_z
   23   2   1   1       0.46239141  p_x
   24   1   0   0       0.45396744  s
   25   1   0   0       0.44323974  s
   26   1   0   0       0.44257038  s
   27   1   0   0       0.59470483  s
   27   2   1  -1       0.46997288  p_y
   27   2   1   0       0.45039520  p_z
   27   2   1   1       0.46318285  p_x
   28   1   0   0       0.61892775  s
   28   2   1  -1       0.46453545  p_y
   28   2   1   0       0.45196541  p_z
   28   2   1   1       0.47345913  p_x
   29   1   0   0       0.45021107  s
   30   1   0   0       0.61869352  s
   30   2   1  -1       0.46927443  p_y
   30   2   1   0       0.45359074  p_z
   30   2   1   1       0.47392197  p_x
   31   1   0   0       0.61681315  s
   31   2   1  -1       0.46428686  p_y
   31   2   1   0       0.46953955  p_z
   31   2   1   1       0.46386046  p_x
   32   1   0   0       0.45113237  s
   33   1   0   0       0.61721259  s
   33   2   1  -1       0.46412085  p_y
   33   2   1   0       0.46955702  p_z
   33   2   1   1       0.46409190  p_x
   34   1   0   0       0.44415927  s
   35   1   0   0       0.44787501  s
   36   1   0   0       0.45511665  s
   37   1   0   0       0.58336657  s
   37   2   1  -1       0.48092709  p_y
   37   2   1   0       0.44870128  p_z
   37   2   1   1       0.46416220  p_x
   38   1   0   0       0.62073606  s
   38   2   1  -1       0.49425111  p_y
   38   2   1   0       0.45910951  p_z
   38   2   1   1       0.48167469  p_x
   39   1   0   0       0.58041061  s
   39   2   1  -1       0.47609128  p_y
   39   2   1   0       0.44742589  p_z
   39   2   1   1       0.46540582  p_x
   40   1   0   0       0.62219334  s
   40   2   1  -1       0.49291800  p_y
   40   2   1   0       0.45873707  p_z
   40   2   1   1       0.48028271  p_x
   41   1   0   0       0.58831986  s
   41   2   1  -1       0.47657482  p_y
   41   2   1   0       0.44803072  p_z
   41   2   1   1       0.46423991  p_x
   42   1   0   0       0.45198949  s
   43   1   0   0       0.62145856  s
   43   2   1  -1       0.52507017  p_y
   43   2   1   0       0.45886019  p_z
   43   2   1   1       0.48000606  p_x
   44   1   0   0       0.62060679  s
   44   2   1  -1       0.52851120  p_y
   44   2   1   0       0.45790128  p_z
   44   2   1   1       0.47934342  p_x
   45   1   0   0       0.58597993  s
   45   2   1  -1       0.48365178  p_y
   45   2   1   0       0.44657057  p_z
   45   2   1   1       0.46338805  p_x
   46   1   0   0       0.44719073  s
   47   1   0   0       0.61727507  s
   47   2   1  -1       0.48827889  p_y
   47   2   1   0       0.45887106  p_z
   47   2   1   1       0.47703915  p_x
   48   1   0   0       0.58802303  s
   48   2   1  -1       0.47570049  p_y
   48   2   1   0       0.44459657  p_z
   48   2   1   1       0.46035111  p_x
   49   1   0   0       0.46268692  s
   50   1   0   0       0.46399126  s
   51   1   0   0       0.58445662  s
   51   2   1  -1       0.47749737  p_y
   51   2   1   0       0.44669456  p_z
   51   2   1   1       0.46439939  p_x
   52   1   0   0       0.62322425  s
   52   2   1  -1       0.49235265  p_y
   52   2   1   0       0.45473882  p_z
   52   2   1   1       0.48499721  p_x
   53   1   0   0       0.61159647  s
   53   2   1  -1       0.49214465  p_y
   53   2   1   0       0.46369102  p_z
   53   2   1   1       0.47278087  p_x
   54   1   0   0       0.44972381  s
   55   1   0   0       0.61963596  s
   55   2   1  -1       0.51246168  p_y
   55   2   1   0       0.45886011  p_z
   55   2   1   1       0.47555222  p_x
   56   1   0   0       0.62310023  s
   56   2   1  -1       0.51472754  p_y
   56   2   1   0       0.45656286  p_z
   56   2   1   1       0.49318935  p_x
   57   1   0   0       0.58968609  s
   57   2   1  -1       0.48270951  p_y
   57   2   1   0       0.44367636  p_z
   57   2   1   1       0.46632781  p_x
   58   1   0   0       0.45031885  s
   59   1   0   0       0.61384036  s
   59   2   1  -1       0.48057943  p_y
   59   2   1   0       0.47442917  p_z
   59   2   1   1       0.46628453  p_x
   60   1   0   0       0.45119032  s
   61   1   0   0       0.46315418  s
   62   1   0   0       0.46448766  s
   63   1   0   0       0.58519833  s
   63   2   1  -1       0.47790548  p_y
   63   2   1   0       0.44446275  p_z
   63   2   1   1       0.46619048  p_x
   64   1   0   0       0.62215395  s
   64   2   1  -1       0.49527420  p_y
   64   2   1   0       0.45707461  p_z
   64   2   1   1       0.47436661  p_x
   65   1   0   0       0.45078423  s
   66   1   0   0       0.61559243  s
   66   2   1  -1       0.50155439  p_y
   66   2   1   0       0.45654149  p_z
   66   2   1   1       0.49191058  p_x
   67   1   0   0       0.61292413  s
   67   2   1  -1       0.49161634  p_y
   67   2   1   0       0.47339372  p_z
   67   2   1   1       0.47011101  p_x
   68   1   0   0       0.45306794  s
   69   1   0   0       0.61199527  s
   69   2   1  -1       0.48991164  p_y
   69   2   1   0       0.46103847  p_z
   69   2   1   1       0.48057105  p_x
   70   1   0   0       0.45937415  s
   71   1   0   0       0.45346630  s
   72   1   0   0       0.46138810  s

Spin  up
Fermi level:                        -0.2265845187 H           -6.1657 eV
Band energy:                       -48.0440853373 H        -1307.3461 eV
TS:                                  0.0000000000 H            0.0000 eV
Band free energy (E-TS):           -48.0440853373 H        -1307.3461 eV
Extrapolated E(0K):                -48.0440853373 H        -1307.3461 eV
Input / Output electrons (up):    102.0000000000    102.0000000000

Spin  down
Fermi level:                        -0.2413784380 H           -6.5682 eV
Band energy:                       -47.7075203352 H        -1298.1877 eV
TS:                                  0.0000000000 H            0.0000 eV
Band free energy (E-TS):           -47.7075203352 H        -1298.1877 eV
Extrapolated E(0K):                -47.7075203352 H        -1298.1877 eV
Input / Output electrons (down):    101.0000000000    101.0000000000

Energy H0:                         -86.2598180625 H        -2347.2491 eV
Energy SCC:                          0.0247019567 H            0.6722 eV
Energy SPIN:                        -0.0015652388 H           -0.0426 eV
Energy 3rd:                          0.0000334513 H            0.0009 eV
Total Electronic energy:           -86.2366478933 H        -2346.6186 eV
Repulsive energy:                    0.7390564673 H           20.1107 eV
Total energy:                      -85.4975914260 H        -2326.5078 eV
Extrapolated to 0:                 -85.4975914260 H        -2326.5078 eV
Total Mermin free energy:          -85.4975914260 H        -2326.5078 eV
Force related energy:              -85.4975914260 H        -2326.5078 eV

Constraints converged

SCC converged

