 Fermi distribution function

Difference derivative step: 215


********************************************************************************
 iSCC Total electronic   Diff electronic      SCC error    
   16   -0.43032490E+02   -0.71054274E-14    0.41238124E-10
********************************************************************************

 Total charge:     1.00000000

 Atomic gross charges (e)
 Atom           Charge
    1       0.03368715
    2      -0.06019225
    3       0.03367543
    4      -0.04489516
    5       0.05466312
    6       0.09819049
    7      -0.06019047
    8      -0.04489499
    9       0.03367574
   10       0.09794614
   11      -0.06878786
   12       0.05466040
   13       0.09818184
   14       0.09794613
   15       0.03368692
   16      -0.06019079
   17      -0.03833927
   18       0.09925057
   19      -0.06878490
   20      -0.06019162
   21       0.05466166
   22       0.09818171
   23      -0.03834158
   24       0.10501272
   25       0.09924779
   26       0.09819044
   27       0.05466308
   28      -0.06878456
   29       0.10501551
   30      -0.06879626
   31      -0.03833796
   32       0.09924767
   33      -0.03836317
   34       0.09925005
   35       0.10501519
   36       0.10504109


 Atomic net (on-site) populations and hybridisation ratios
 Atom       Population         Hybrid.
    1       2.71161060      0.32209735
    2       2.81982708      0.29504323
    3       2.71162622      0.32209344
    4       2.80717505      0.29820624
    5       2.69377019      0.32655745
    6       0.56859947      0.43140053
    7       2.81981458      0.29504635
    8       2.80717487      0.29820628
    9       2.71162587      0.32209353
   10       0.56888828      0.43111172
   11       2.80781273      0.29804682
   12       2.69376736      0.32655816
   13       0.56860862      0.43139138
   14       0.56888829      0.43111171
   15       2.71161092      0.32209727
   16       2.81981495      0.29504626
   17       2.76450991      0.30887252
   18       0.56719924      0.43280076
   19       2.80780497      0.29804876
   20       2.81982664      0.29504334
   21       2.69376594      0.32655852
   22       0.56860875      0.43139125
   23       2.76450835      0.30887291
   24       0.56170184      0.43829816
   25       0.56720190      0.43279810
   26       0.56859951      0.43140049
   27       2.69377083      0.32655729
   28       2.80780415      0.29804896
   29       0.56169803      0.43830197
   30       2.80782831      0.29804292
   31       2.76450417      0.30887396
   32       0.56720187      0.43279813
   33       2.76448744      0.30887814
   34       0.56719942      0.43280058
   35       0.56169826      0.43830174
   36       0.56163901      0.43836099

Nr. of electrons (up):     51.00000000
Atom populations (up)
 Atom       Population
    1       1.97260088
    2       2.09601036
    3       1.97260857
    4       2.10328899
    5       1.97110705
    6       0.44725814
    7       2.09599263
    8       2.10328841
    9       1.97260833
   10       0.44655701
   11       2.06057877
   12       1.97111282
   13       0.44726344
   14       0.44655705
   15       1.97260108
   16       2.09599330
   17       2.03181080
   18       0.44891819
   19       2.06057155
   20       2.09600967
   21       1.97111221
   22       0.44726348
   23       2.03181731
   24       0.44679292
   25       0.44891991
   26       0.44725818
   27       1.97110729
   28       2.06057129
   29       0.44679123
   30       2.06058220
   31       2.03181563
   32       0.44891997
   33       2.03182255
   34       0.44891849
   35       0.44679137
   36       0.44677896

l-shell populations (up)
 Atom Sh.   l       Population
    1   1   0       0.58692603
    1   2   1       1.38567485
    2   1   0       0.62519941
    2   2   1       1.47081095
    3   1   0       0.58692696
    3   2   1       1.38568161
    4   1   0       0.62650994
    4   2   1       1.47677905
    5   1   0       0.58892210
    5   2   1       1.38218495
    6   1   0       0.44725814
    7   1   0       0.62519487
    7   2   1       1.47079776
    8   1   0       0.62650993
    8   2   1       1.47677848
    9   1   0       0.58692693
    9   2   1       1.38568140
   10   1   0       0.44655701
   11   1   0       0.61799968
   11   2   1       1.44257909
   12   1   0       0.58891954
   12   2   1       1.38219327
   13   1   0       0.44726344
   14   1   0       0.44655705
   15   1   0       0.58692609
   15   2   1       1.38567498
   16   1   0       0.62519490
   16   2   1       1.47079840
   17   1   0       0.61442180
   17   2   1       1.41738900
   18   1   0       0.44891819
   19   1   0       0.61799742
   19   2   1       1.44257413
   20   1   0       0.62519951
   20   2   1       1.47081016
   21   1   0       0.58891951
   21   2   1       1.38219269
   22   1   0       0.44726348
   23   1   0       0.61442123
   23   2   1       1.41739608
   24   1   0       0.44679292
   25   1   0       0.44891991
   26   1   0       0.44725818
   27   1   0       0.58892217
   27   2   1       1.38218512
   28   1   0       0.61799726
   28   2   1       1.44257403
   29   1   0       0.44679123
   30   1   0       0.61800161
   30   2   1       1.44258059
   31   1   0       0.61442048
   31   2   1       1.41739515
   32   1   0       0.44891997
   33   1   0       0.61441060
   33   2   1       1.41741195
   34   1   0       0.44891849
   35   1   0       0.44679137
   36   1   0       0.44677896

Orbital populations (up)
 Atom Sh.   l   m       Population  Label
    1   1   0   0       0.58692603  s
    1   2   1  -1       0.47436154  p_y
    1   2   1   0       0.45366234  p_z
    1   2   1   1       0.45765097  p_x
    2   1   0   0       0.62519941  s
    2   2   1  -1       0.51163186  p_y
    2   2   1   0       0.47382578  p_z
    2   2   1   1       0.48535331  p_x
    3   1   0   0       0.58692696  s
    3   2   1  -1       0.47492200  p_y
    3   2   1   0       0.45428866  p_z
    3   2   1   1       0.45647096  p_x
    4   1   0   0       0.62650994  s
    4   2   1  -1       0.51438191  p_y
    4   2   1   0       0.47471566  p_z
    4   2   1   1       0.48768149  p_x
    5   1   0   0       0.58892210  s
    5   2   1  -1       0.47017801  p_y
    5   2   1   0       0.45347178  p_z
    5   2   1   1       0.45853516  p_x
    6   1   0   0       0.44725814  s
    7   1   0   0       0.62519487  s
    7   2   1  -1       0.51073395  p_y
    7   2   1   0       0.47286512  p_z
    7   2   1   1       0.48719869  p_x
    8   1   0   0       0.62650993  s
    8   2   1  -1       0.51438164  p_y
    8   2   1   0       0.47471555  p_z
    8   2   1   1       0.48768129  p_x
    9   1   0   0       0.58692693  s
    9   2   1  -1       0.47492196  p_y
    9   2   1   0       0.45428858  p_z
    9   2   1   1       0.45647086  p_x
   10   1   0   0       0.44655701  s
   11   1   0   0       0.61799968  s
   11   2   1  -1       0.49706528  p_y
   11   2   1   0       0.46743764  p_z
   11   2   1   1       0.47807617  p_x
   12   1   0   0       0.58891954  s
   12   2   1  -1       0.47167916  p_y
   12   2   1   0       0.45509695  p_z
   12   2   1   1       0.45541716  p_x
   13   1   0   0       0.44726344  s
   14   1   0   0       0.44655705  s
   15   1   0   0       0.58692609  s
   15   2   1  -1       0.47436157  p_y
   15   2   1   0       0.45366246  p_z
   15   2   1   1       0.45765095  p_x
   16   1   0   0       0.62519490  s
   16   2   1  -1       0.51073458  p_y
   16   2   1   0       0.47286523  p_z
   16   2   1   1       0.48719859  p_x
   17   1   0   0       0.61442180  s
   17   2   1  -1       0.47447151  p_y
   17   2   1   0       0.47174878  p_z
   17   2   1   1       0.47116871  p_x
   18   1   0   0       0.44891819  s
   19   1   0   0       0.61799742  s
   19   2   1  -1       0.49522983  p_y
   19   2   1   0       0.46549912  p_z
   19   2   1   1       0.48184517  p_x
   20   1   0   0       0.62519951  s
   20   2   1  -1       0.51163102  p_y
   20   2   1   0       0.47382630  p_z
   20   2   1   1       0.48535284  p_x
   21   1   0   0       0.58891951  s
   21   2   1  -1       0.47167877  p_y
   21   2   1   0       0.45509686  p_z
   21   2   1   1       0.45541707  p_x
   22   1   0   0       0.44726348  s
   23   1   0   0       0.61442123  s
   23   2   1  -1       0.47926718  p_y
   23   2   1   0       0.47689848  p_z
   23   2   1   1       0.46123043  p_x
   24   1   0   0       0.44679292  s
   25   1   0   0       0.44891991  s
   26   1   0   0       0.44725818  s
   27   1   0   0       0.58892217  s
   27   2   1  -1       0.47017731  p_y
   27   2   1   0       0.45347252  p_z
   27   2   1   1       0.45853529  p_x
   28   1   0   0       0.61799726  s
   28   2   1  -1       0.49522972  p_y
   28   2   1   0       0.46549948  p_z
   28   2   1   1       0.48184483  p_x
   29   1   0   0       0.44679123  s
   30   1   0   0       0.61800161  s
   30   2   1  -1       0.49706614  p_y
   30   2   1   0       0.46743877  p_z
   30   2   1   1       0.47807567  p_x
   31   1   0   0       0.61442048  s
   31   2   1  -1       0.47926575  p_y
   31   2   1   0       0.47689861  p_z
   31   2   1   1       0.46123079  p_x
   32   1   0   0       0.44891997  s
   33   1   0   0       0.61441060  s
   33   2   1  -1       0.47447467  p_y
   33   2   1   0       0.47176527  p_z
   33   2   1   1       0.47117201  p_x
   34   1   0   0       0.44891849  s
   35   1   0   0       0.44679137  s
   36   1   0   0       0.44677896  s

Nr. of electrons (down):     50.00000000
Atom populations (down)
 Atom       Population
    1       1.99371196
    2       1.96418189
    3       1.99371600
    4       1.94160617
    5       1.97422983
    6       0.45455138
    7       1.96419784
    8       1.94160658
    9       1.99371594
   10       0.45549684
   11       2.00820909
   12       1.97422679
   13       0.45455473
   14       0.45549682
   15       1.99371201
   16       1.96419749
   17       2.00652847
   18       0.45183124
   19       2.00821335
   20       1.96418195
   21       1.97422613
   22       0.45455482
   23       2.00652427
   24       0.44819436
   25       0.45183231
   26       0.45455138
   27       1.97422963
   28       2.00821327
   29       0.44819326
   30       2.00821406
   31       2.00652232
   32       0.45183236
   33       2.00654063
   34       0.45183146
   35       0.44819343
   36       0.44817996

l-shell populations (down)
 Atom Sh.   l       Population
    1   1   0       0.59116786
    1   2   1       1.40254410
    2   1   0       0.61904710
    2   2   1       1.34513479
    3   1   0       0.59116801
    3   2   1       1.40254799
    4   1   0       0.61880487
    4   2   1       1.32280129
    5   1   0       0.59130199
    5   2   1       1.38292783
    6   1   0       0.45455138
    7   1   0       0.61904428
    7   2   1       1.34515355
    8   1   0       0.61880492
    8   2   1       1.32280166
    9   1   0       0.59116801
    9   2   1       1.40254793
   10   1   0       0.45549684
   11   1   0       0.61595221
   11   2   1       1.39225688
   12   1   0       0.59129832
   12   2   1       1.38292847
   13   1   0       0.45455473
   14   1   0       0.45549682
   15   1   0       0.59116790
   15   2   1       1.40254411
   16   1   0       0.61904427
   16   2   1       1.34515322
   17   1   0       0.61427927
   17   2   1       1.39224920
   18   1   0       0.45183124
   19   1   0       0.61595072
   19   2   1       1.39226264
   20   1   0       0.61904724
   20   2   1       1.34513471
   21   1   0       0.59129830
   21   2   1       1.38292783
   22   1   0       0.45455482
   23   1   0       0.61427793
   23   2   1       1.39224634
   24   1   0       0.44819436
   25   1   0       0.45183231
   26   1   0       0.45455138
   27   1   0       0.59130202
   27   2   1       1.38292761
   28   1   0       0.61595057
   28   2   1       1.39226270
   29   1   0       0.44819326
   30   1   0       0.61595423
   30   2   1       1.39225983
   31   1   0       0.61427716
   31   2   1       1.39224516
   32   1   0       0.45183236
   33   1   0       0.61426803
   33   2   1       1.39227260
   34   1   0       0.45183146
   35   1   0       0.44819343
   36   1   0       0.44817996

Orbital populations (down)
 Atom Sh.   l   m       Population  Label
    1   1   0   0       0.59116786  s
    1   2   1  -1       0.48166793  p_y
    1   2   1   0       0.45980542  p_z
    1   2   1   1       0.46107075  p_x
    2   1   0   0       0.61904710  s
    2   2   1  -1       0.43208658  p_y
    2   2   1   0       0.45242402  p_z
    2   2   1   1       0.46062419  p_x
    3   1   0   0       0.59116801  s
    3   2   1  -1       0.48208118  p_y
    3   2   1   0       0.46027444  p_z
    3   2   1   1       0.46019238  p_x
    4   1   0   0       0.61880487  s
    4   2   1  -1       0.41702990  p_y
    4   2   1   0       0.44827228  p_z
    4   2   1   1       0.45749912  p_x
    5   1   0   0       0.59130199  s
    5   2   1  -1       0.46847825  p_y
    5   2   1   0       0.45577744  p_z
    5   2   1   1       0.45867214  p_x
    6   1   0   0       0.45455138  s
    7   1   0   0       0.61904428  s
    7   2   1  -1       0.43112026  p_y
    7   2   1   0       0.45135942  p_z
    7   2   1   1       0.46267388  p_x
    8   1   0   0       0.61880492  s
    8   2   1  -1       0.41703022  p_y
    8   2   1   0       0.44827208  p_z
    8   2   1   1       0.45749935  p_x
    9   1   0   0       0.59116801  s
    9   2   1  -1       0.48208121  p_y
    9   2   1   0       0.46027440  p_z
    9   2   1   1       0.46019232  p_x
   10   1   0   0       0.45549684  s
   11   1   0   0       0.61595221  s
   11   2   1  -1       0.46482752  p_y
   11   2   1   0       0.45928545  p_z
   11   2   1   1       0.46814391  p_x
   12   1   0   0       0.59129832  s
   12   2   1  -1       0.46959163  p_y
   12   2   1   0       0.45698768  p_z
   12   2   1   1       0.45634916  p_x
   13   1   0   0       0.45455473  s
   14   1   0   0       0.45549682  s
   15   1   0   0       0.59116790  s
   15   2   1  -1       0.48166789  p_y
   15   2   1   0       0.45980550  p_z
   15   2   1   1       0.46107072  p_x
   16   1   0   0       0.61904427  s
   16   2   1  -1       0.43111971  p_y
   16   2   1   0       0.45135919  p_z
   16   2   1   1       0.46267432  p_x
   17   1   0   0       0.61427927  s
   17   2   1  -1       0.45777711  p_y
   17   2   1   0       0.46796176  p_z
   17   2   1   1       0.46651034  p_x
   18   1   0   0       0.45183124  s
   19   1   0   0       0.61595072  s
   19   2   1  -1       0.46289408  p_y
   19   2   1   0       0.45719334  p_z
   19   2   1   1       0.47217522  p_x
   20   1   0   0       0.61904724  s
   20   2   1  -1       0.43208609  p_y
   20   2   1   0       0.45242432  p_z
   20   2   1   1       0.46062431  p_x
   21   1   0   0       0.59129830  s
   21   2   1  -1       0.46959125  p_y
   21   2   1   0       0.45698756  p_z
   21   2   1   1       0.45634902  p_x
   22   1   0   0       0.45455482  s
   23   1   0   0       0.61427793  s
   23   2   1  -1       0.46222124  p_y
   23   2   1   0       0.47273036  p_z
   23   2   1   1       0.45729474  p_x
   24   1   0   0       0.44819436  s
   25   1   0   0       0.45183231  s
   26   1   0   0       0.45455138  s
   27   1   0   0       0.59130202  s
   27   2   1  -1       0.46847739  p_y
   27   2   1   0       0.45577822  p_z
   27   2   1   1       0.45867199  p_x
   28   1   0   0       0.61595057  s
   28   2   1  -1       0.46289424  p_y
   28   2   1   0       0.45719382  p_z
   28   2   1   1       0.47217465  p_x
   29   1   0   0       0.44819326  s
   30   1   0   0       0.61595423  s
   30   2   1  -1       0.46482903  p_y
   30   2   1   0       0.45928722  p_z
   30   2   1   1       0.46814359  p_x
   31   1   0   0       0.61427716  s
   31   2   1  -1       0.46221942  p_y
   31   2   1   0       0.47273027  p_z
   31   2   1   1       0.45729547  p_x
   32   1   0   0       0.45183236  s
   33   1   0   0       0.61426803  s
   33   2   1  -1       0.45778026  p_y
   33   2   1   0       0.46797758  p_z
   33   2   1   1       0.46651476  p_x
   34   1   0   0       0.45183146  s
   35   1   0   0       0.44819343  s
   36   1   0   0       0.44817996  s

Spin  up
Fermi level:                        -0.2984087126 H           -8.1201 eV
Band energy:                       -27.7791180936 H         -755.9083 eV
TS:                                  0.0000000000 H            0.0000 eV
Band free energy (E-TS):           -27.7791180936 H         -755.9083 eV
Extrapolated E(0K):                -27.7791180936 H         -755.9083 eV
Input / Output electrons (up):     51.0000000000     51.0000000000

Spin  down
Fermi level:                        -0.3325717035 H           -9.0497 eV
Band energy:                       -27.3633857293 H         -744.5956 eV
TS:                                  0.0000000000 H            0.0000 eV
Band free energy (E-TS):           -27.3633857293 H         -744.5956 eV
Extrapolated E(0K):                -27.3633857293 H         -744.5956 eV
Input / Output electrons (down):     50.0000000000     50.0000000000

Energy H0:                         -43.0916277191 H        -1172.5829 eV
Energy SCC:                          0.0602930487 H            1.6407 eV
Energy SPIN:                        -0.0015841836 H           -0.0431 eV
Energy 3rd:                          0.0004288103 H            0.0117 eV
Total Electronic energy:           -43.0324900437 H        -1170.9736 eV
Repulsive energy:                    0.3953942711 H           10.7592 eV
Total energy:                      -42.6370957726 H        -1160.2144 eV
Extrapolated to 0:                 -42.6370957726 H        -1160.2144 eV
Total Mermin free energy:          -42.6370957726 H        -1160.2144 eV
Force related energy:              -42.6370957726 H        -1160.2144 eV

Non-constrained calculation

SCC converged

Total Forces
    1      0.000003528403      0.000000001701      0.000001755750
    2      0.000003380650      0.000000349726      0.000001437568
    3      0.000002726825     -0.000001800679      0.000000861945
    4      0.000000545329      0.000001266604      0.000002722797
    5      0.000003790182      0.000003969657      0.000003251385
    6      0.000001358723     -0.000004716008     -0.000003242676
    7      0.000001966768     -0.000001736909      0.000001572239
    8     -0.000000596566     -0.000001285077     -0.000002711658
    9     -0.000002709430      0.000001782006     -0.000000895399
   10     -0.000000786576      0.000001027912      0.000009246174
   11      0.000001847757      0.000002741042      0.000001534337
   12      0.000003699744      0.000003926229      0.000003812028
   13     -0.000002362188     -0.000009647604      0.000000949158
   14      0.000000761985     -0.000001073711     -0.000009247975
   15     -0.000003417074      0.000000047920     -0.000001606780
   16     -0.000001938448      0.000001942728     -0.000001419287
   17     -0.000002712842     -0.000002822110     -0.000000811355
   18      0.000002968850      0.000004599485      0.000001506012
   19      0.000002068695      0.000004809792      0.000004757120
   20     -0.000003771414     -0.000000230527     -0.000001226148
   21     -0.000003391696     -0.000003812235     -0.000003899080
   22      0.000002389995      0.000009750629     -0.000000863568
   23     -0.000001962571     -0.000000885757      0.000001041318
   24     -0.000006833131     -0.000008997668     -0.000004610348
   25      0.000003314773      0.000008191219      0.000008547350
   26     -0.000001418023      0.000004628962      0.000003186760
   27     -0.000003574242     -0.000006520939     -0.000002808855
   28     -0.000001908672     -0.000006007540     -0.000005329195
   29     -0.000004915291     -0.000004439327     -0.000000397652
   30     -0.000011303249     -0.000001434441      0.000004878799
   31      0.000004203173      0.000000658052     -0.000003991863
   32     -0.000003153472     -0.000008158327     -0.000008662621
   33     -0.000060604357      0.000000114157      0.000090712188
   34     -0.000002960189     -0.000003540269     -0.000001937087
   35      0.000005263609      0.000004685178      0.000000325140
   36      0.000076503969      0.000012616129     -0.000088436525

Maximal derivative component:        0.907122E-04 au
Max force for moved atoms::          0.907122E-04 au

Warning: dipole moment is not defined absolutely!
Dipole moment:   21.65132093   54.88932750  117.63846883 au
Dipole moment:   55.03217297  139.51476565  299.00718696 Debye

Second derivatives completed

 Born charges/dipole derivatives wrt. atom positions (e)
Atom 1
   -0.067817   -0.018790    0.147349
   -0.112353   -0.109898    0.422952
    0.345399    0.323632   -1.017304
Atom 2
    0.216584    0.011669   -0.318130
   -0.080750    0.032683   -0.110939
   -0.123009   -0.208778    0.512051
Atom 3
   -0.228547   -0.130946    0.555058
   -0.037383   -0.032488    0.179684
    0.356612    0.278535   -0.933855
Atom 4
    0.271086    0.034603   -0.407955
    0.034531    0.115303   -0.375668
   -0.407703   -0.375405    1.181591
Atom 5
    0.145651    0.127455   -0.366413
   -0.001276   -0.037644    0.196835
   -0.093746    0.060018    0.026984
Atom 6
   -0.015533    0.059331   -0.004926
    0.055559    0.049527    0.044043
    0.003266    0.040043    0.010000
Atom 7
    0.150776   -0.088179   -0.036945
    0.004176    0.064328   -0.267959
   -0.232178   -0.170260    0.546202
Atom 8
    0.271087    0.034603   -0.407956
    0.034532    0.115304   -0.375669
   -0.407702   -0.375406    1.181590
Atom 9
   -0.228546   -0.130946    0.555056
   -0.037382   -0.032487    0.179682
    0.356612    0.278535   -0.933856
Atom 10
   -0.020326    0.054986    0.008906
    0.055027    0.053622    0.035501
    0.008907    0.035484    0.013458
Atom 11
    0.085823   -0.062421   -0.031803
   -0.244600   -0.094157    0.312902
    0.354182    0.120235   -0.698522
Atom 12
   -0.158559   -0.036137    0.302971
    0.092554    0.109079   -0.213376
    0.030246   -0.076597    0.184408
Atom 13
   -0.029800    0.053825    0.021653
    0.057654    0.056399    0.027337
    0.013546    0.031427    0.017366
Atom 14
   -0.020327    0.054986    0.008906
    0.055026    0.053622    0.035501
    0.008907    0.035484    0.013458
Atom 15
   -0.067818   -0.018791    0.147352
   -0.112355   -0.109900    0.422957
    0.345398    0.323632   -1.017301
Atom 16
    0.150777   -0.088177   -0.036944
    0.004176    0.064326   -0.267960
   -0.232178   -0.170260    0.546202
Atom 17
   -0.031233   -0.170513    0.352689
    0.183022    0.128132   -0.546314
   -0.395859   -0.171697    0.745326
Atom 18
   -0.028284    0.058929    0.010597
    0.069067    0.046272    0.038920
   -0.010560    0.049675    0.005161
Atom 19
   -0.044744   -0.259804    0.523648
   -0.077353   -0.031096    0.002503
    0.138531    0.196394   -0.631092
Atom 20
    0.216585    0.011671   -0.318131
   -0.080749    0.032683   -0.110940
   -0.123009   -0.208778    0.512049
Atom 21
   -0.158559   -0.036138    0.302970
    0.092554    0.109080   -0.213377
    0.030246   -0.076597    0.184406
Atom 22
   -0.029801    0.053824    0.021654
    0.057653    0.056399    0.027339
    0.013545    0.031427    0.017367
Atom 23
    0.295040    0.220723   -0.820552
   -0.132981   -0.029225    0.121567
   -0.072645   -0.254004    0.576478
Atom 24
   -0.015045    0.039585    0.043855
    0.034527    0.070870    0.035651
    0.054353    0.030254   -0.017004
Atom 25
   -0.040812    0.067620    0.005742
    0.057489    0.052272    0.038333
    0.027017    0.027795    0.011684
Atom 26
   -0.015534    0.059330   -0.004926
    0.055560    0.049528    0.044042
    0.003266    0.040043    0.010000
Atom 27
    0.145651    0.127455   -0.366413
   -0.001277   -0.037645    0.196835
   -0.093745    0.060019    0.026985
Atom 28
   -0.044744   -0.259804    0.523647
   -0.077354   -0.031097    0.002506
    0.138530    0.196394   -0.631091
Atom 29
    0.015742    0.038063    0.014257
    0.043091    0.056023    0.058025
    0.003641    0.063249   -0.032929
Atom 30
    0.085823   -0.062421   -0.031802
   -0.244601   -0.094158    0.312904
    0.354181    0.120235   -0.698522
Atom 31
    0.295040    0.220724   -0.820554
   -0.132980   -0.029223    0.121562
   -0.072645   -0.254005    0.576475
Atom 32
   -0.040812    0.067619    0.005743
    0.057489    0.052271    0.038334
    0.027017    0.027796    0.011685
Atom 33
   -0.031233   -0.170514    0.352689
    0.183022    0.128133   -0.546314
   -0.395858   -0.171698    0.745325
Atom 34
   -0.028284    0.058929    0.010597
    0.069067    0.046272    0.038920
   -0.010560    0.049675    0.005162
Atom 35
    0.015742    0.038063    0.014256
    0.043091    0.056022    0.058025
    0.003642    0.063249   -0.032928
Atom 36
   -0.015045    0.039585    0.043855
    0.034526    0.070870    0.035652
    0.054353    0.030254   -0.017004
