 Fermi distribution function

Calculation with static geometry


********************************************************************************
 iSCC Total electronic   Diff electronic      SCC error    
   19   -0.86240654E+02   -0.27770724E-07    0.53310860E-06
********************************************************************************

 Total charge:     1.00000000

 Atomic gross charges (e)
 Atom           Charge
    1       0.02707449
    2      -0.05192134
    3       0.01129180
    4      -0.03262273
    5       0.04329851
    6       0.12330934
    7      -0.05855653
    8      -0.04818172
    9       0.02366450
   10       0.13057538
   11      -0.06927774
   12       0.05126127
   13       0.11116082
   14       0.11754873
   15       0.02254824
   16      -0.04880175
   17      -0.05926061
   18       0.12663254
   19      -0.07571400
   20      -0.06579359
   21       0.04728176
   22       0.10791984
   23      -0.06487420
   24       0.08817701
   25       0.11476836
   26       0.11846520
   27       0.04562759
   28      -0.06262049
   29       0.10564317
   30      -0.07774182
   31      -0.06108894
   32       0.10122782
   33      -0.06304197
   34       0.11613749
   35       0.10826667
   36       0.09767893
   37       0.05192088
   38      -0.11226201
   39       0.06825143
   40      -0.11024807
   41       0.04256064
   42       0.09701950
   43      -0.18219377
   44      -0.19444848
   45       0.04284134
   46       0.10713258
   47      -0.07781562
   48       0.05879895
   49       0.08647100
   50       0.08126137
   51       0.05870229
   52      -0.11230524
   53      -0.07728090
   54       0.09757170
   55      -0.14316407
   56      -0.18698314
   57       0.03033095
   58       0.10185595
   59      -0.07157109
   60       0.09516943
   61       0.08251631
   62       0.08172842
   63       0.05351523
   64      -0.10683827
   65       0.10155648
   66      -0.12112950
   67      -0.09521584
   68       0.09700135
   69      -0.08787707
   70       0.06926163
   71       0.09405328
   72       0.07975031


 Atomic net (on-site) populations and hybridisation ratios
 Atom       Population         Hybrid.
    1       2.72682895      0.31829276
    2       2.80273111      0.29931722
    3       2.75910528      0.31022368
    4       2.80847333      0.29788167
    5       2.71760577      0.32059856
    6       0.54094757      0.45905243
    7       2.82297342      0.29425665
    8       2.81863275      0.29534181
    9       2.72394810      0.31901298
   10       0.53193468      0.46806532
   11       2.82476994      0.29380751
   12       2.69854479      0.32536380
   13       0.56029235      0.43970765
   14       0.54914747      0.45085253
   15       2.72595595      0.31851101
   16       2.80258788      0.29935303
   17       2.78744699      0.30313825
   18       0.53497231      0.46502769
   19       2.83435218      0.29141195
   20       2.83472172      0.29131957
   21       2.70842953      0.32289262
   22       0.56184801      0.43815199
   23       2.78424506      0.30393874
   24       0.58326755      0.41673245
   25       0.55157192      0.44842808
   26       0.55213456      0.44786544
   27       2.71113218      0.32221696
   28       2.81172367      0.29706908
   29       0.56334168      0.43665832
   30       2.82285732      0.29428567
   31       2.80165278      0.29958680
   32       0.56741946      0.43258054
   33       2.79670479      0.30082380
   34       0.55168265      0.44831735
   35       0.55593589      0.44406411
   36       0.56689596      0.43310404
   37       2.67044461      0.33238885
   38       2.88626494      0.27843376
   39       2.65002226      0.33749444
   40       2.89350272      0.27662432
   41       2.70590943      0.32352264
   42       0.57200475      0.42799525
   43       2.94298345      0.26425414
   44       2.97785402      0.25553649
   45       2.69376930      0.32655767
   46       0.56066152      0.43933848
   47       2.81990159      0.29502460
   48       2.69919070      0.32520232
   49       0.57908735      0.42091265
   50       0.58617137      0.41382863
   51       2.67462708      0.33134323
   52       2.89099722      0.27725070
   53       2.79319187      0.30170203
   54       0.57098272      0.42901728
   55       2.89402274      0.27649432
   56       2.96009467      0.25997633
   57       2.73305335      0.31673666
   58       0.56912859      0.43087141
   59       2.78711523      0.30322119
   60       0.57006560      0.42993440
   61       0.58096508      0.41903492
   62       0.58359358      0.41640642
   63       2.68375632      0.32906092
   64       2.87811063      0.28047234
   65       0.56246489      0.43753511
   66       2.87475469      0.28131133
   67       2.80971977      0.29757006
   68       0.56797858      0.43202142
   69       2.80172118      0.29956971
   70       0.60266120      0.39733880
   71       0.56983484      0.43016516
   72       0.58409246      0.41590754

Nr. of electrons (up):    102.00000000
Atom populations (up)
 Atom       Population
    1       1.97617545
    2       2.08685221
    3       1.98349037
    4       2.10352616
    5       1.98066566
    6       0.43506677
    7       2.09431527
    8       2.10566082
    9       1.97805014
   10       0.43001129
   11       2.05625593
   12       1.97322220
   13       0.44080554
   14       0.43677627
   15       1.97763687
   16       2.08381229
   17       2.04587651
   18       0.43550461
   19       2.06466490
   20       2.10263335
   21       1.97801311
   22       0.44279310
   23       2.04104640
   24       0.45501499
   25       0.44110886
   26       0.43684561
   27       1.97567479
   28       2.05385576
   29       0.44670365
   30       2.06282559
   31       2.04543508
   32       0.44814729
   33       2.04291611
   34       0.44060913
   35       0.44513097
   36       0.45054681
   37       1.97392884
   38       2.05656482
   39       1.96591874
   40       2.05593129
   41       1.97865447
   42       0.45146622
   43       2.09112450
   44       2.09724326
   45       1.97845805
   46       0.44638869
   47       2.03901706
   48       1.97068310
   49       0.45676278
   50       0.45936820
   51       1.97066193
   52       2.05687164
   53       2.03861572
   54       0.45120799
   55       2.07157925
   56       2.09346520
   57       1.98475231
   58       0.44903241
   59       2.03586296
   60       0.45241674
   61       0.45874185
   62       0.45913884
   63       1.97332483
   64       2.05374543
   65       0.44921757
   66       2.06049453
   67       2.04755288
   68       0.45148108
   69       2.04419421
   70       0.46537563
   71       0.45297641
   72       0.46011067

l-shell populations (up)
 Atom Sh.   l       Population
    1   1   0       0.59117006
    1   2   1       1.38500539
    2   1   0       0.62363627
    2   2   1       1.46321594
    3   1   0       0.59646021
    3   2   1       1.38703016
    4   1   0       0.63261497
    4   2   1       1.47091119
    5   1   0       0.59337526
    5   2   1       1.38729040
    6   1   0       0.43506677
    7   1   0       0.62711483
    7   2   1       1.46720044
    8   1   0       0.63066084
    8   2   1       1.47499998
    9   1   0       0.58829964
    9   2   1       1.38975050
   10   1   0       0.43001129
   11   1   0       0.62371414
   11   2   1       1.43254179
   12   1   0       0.59084467
   12   2   1       1.38237753
   13   1   0       0.44080554
   14   1   0       0.43677627
   15   1   0       0.58905304
   15   2   1       1.38858383
   16   1   0       0.62242037
   16   2   1       1.46139193
   17   1   0       0.61450099
   17   2   1       1.43137552
   18   1   0       0.43550461
   19   1   0       0.62462580
   19   2   1       1.44003910
   20   1   0       0.62896893
   20   2   1       1.47366442
   21   1   0       0.59187986
   21   2   1       1.38613325
   22   1   0       0.44279310
   23   1   0       0.61336578
   23   2   1       1.42768061
   24   1   0       0.45501499
   25   1   0       0.44110886
   26   1   0       0.43684561
   27   1   0       0.59226751
   27   2   1       1.38340728
   28   1   0       0.61967972
   28   2   1       1.43417604
   29   1   0       0.44670365
   30   1   0       0.62064809
   30   2   1       1.44217750
   31   1   0       0.61989996
   31   2   1       1.42553511
   32   1   0       0.44814729
   33   1   0       0.61744083
   33   2   1       1.42547527
   34   1   0       0.44060913
   35   1   0       0.44513097
   36   1   0       0.45054681
   37   1   0       0.58119042
   37   2   1       1.39273842
   38   1   0       0.62275904
   38   2   1       1.43380579
   39   1   0       0.57830378
   39   2   1       1.38761496
   40   1   0       0.62620989
   40   2   1       1.42972140
   41   1   0       0.58978762
   41   2   1       1.38886685
   42   1   0       0.45146622
   43   1   0       0.61898903
   43   2   1       1.47213547
   44   1   0       0.62254775
   44   2   1       1.47469551
   45   1   0       0.58613239
   45   2   1       1.39232566
   46   1   0       0.44638869
   47   1   0       0.61624821
   47   2   1       1.42276886
   48   1   0       0.59196182
   48   2   1       1.37872127
   49   1   0       0.45676278
   50   1   0       0.45936820
   51   1   0       0.58388844
   51   2   1       1.38677350
   52   1   0       0.62443196
   52   2   1       1.43243968
   53   1   0       0.61067046
   53   2   1       1.42794526
   54   1   0       0.45120799
   55   1   0       0.61996389
   55   2   1       1.45161536
   56   1   0       0.62095502
   56   2   1       1.47251018
   57   1   0       0.59345169
   57   2   1       1.39130062
   58   1   0       0.44903241
   59   1   0       0.61209136
   59   2   1       1.42377160
   60   1   0       0.45241674
   61   1   0       0.45874185
   62   1   0       0.45913884
   63   1   0       0.58472834
   63   2   1       1.38859649
   64   1   0       0.62561968
   64   2   1       1.42812575
   65   1   0       0.44921757
   66   1   0       0.61669848
   66   2   1       1.44379605
   67   1   0       0.61087534
   67   2   1       1.43667754
   68   1   0       0.45148108
   69   1   0       0.60939518
   69   2   1       1.43479903
   70   1   0       0.46537563
   71   1   0       0.45297641
   72   1   0       0.46011067

Orbital populations (up)
 Atom Sh.   l   m       Population  Label
    1   1   0   0       0.59117006  s
    1   2   1  -1       0.47162586  p_y
    1   2   1   0       0.45625590  p_z
    1   2   1   1       0.45712364  p_x
    2   1   0   0       0.62363627  s
    2   2   1  -1       0.50390642  p_y
    2   2   1   0       0.46983910  p_z
    2   2   1   1       0.48947042  p_x
    3   1   0   0       0.59646021  s
    3   2   1  -1       0.47750818  p_y
    3   2   1   0       0.45408237  p_z
    3   2   1   1       0.45543961  p_x
    4   1   0   0       0.63261497  s
    4   2   1  -1       0.51331273  p_y
    4   2   1   0       0.47028160  p_z
    4   2   1   1       0.48731686  p_x
    5   1   0   0       0.59337526  s
    5   2   1  -1       0.47208211  p_y
    5   2   1   0       0.45781772  p_z
    5   2   1   1       0.45739057  p_x
    6   1   0   0       0.43506677  s
    7   1   0   0       0.62711483  s
    7   2   1  -1       0.51117471  p_y
    7   2   1   0       0.46499618  p_z
    7   2   1   1       0.49102956  p_x
    8   1   0   0       0.63066084  s
    8   2   1  -1       0.51836982  p_y
    8   2   1   0       0.46804726  p_z
    8   2   1   1       0.48858290  p_x
    9   1   0   0       0.58829964  s
    9   2   1  -1       0.47569661  p_y
    9   2   1   0       0.45661777  p_z
    9   2   1   1       0.45743611  p_x
   10   1   0   0       0.43001129  s
   11   1   0   0       0.62371414  s
   11   2   1  -1       0.49445484  p_y
   11   2   1   0       0.46100224  p_z
   11   2   1   1       0.47708470  p_x
   12   1   0   0       0.59084467  s
   12   2   1  -1       0.47383409  p_y
   12   2   1   0       0.44883188  p_z
   12   2   1   1       0.45971155  p_x
   13   1   0   0       0.44080554  s
   14   1   0   0       0.43677627  s
   15   1   0   0       0.58905304  s
   15   2   1  -1       0.47813480  p_y
   15   2   1   0       0.45407732  p_z
   15   2   1   1       0.45637171  p_x
   16   1   0   0       0.62242037  s
   16   2   1  -1       0.50495242  p_y
   16   2   1   0       0.46792447  p_z
   16   2   1   1       0.48851503  p_x
   17   1   0   0       0.61450099  s
   17   2   1  -1       0.48330241  p_y
   17   2   1   0       0.47398541  p_z
   17   2   1   1       0.47408770  p_x
   18   1   0   0       0.43550461  s
   19   1   0   0       0.62462580  s
   19   2   1  -1       0.49996595  p_y
   19   2   1   0       0.45844122  p_z
   19   2   1   1       0.48163194  p_x
   20   1   0   0       0.62896893  s
   20   2   1  -1       0.51479195  p_y
   20   2   1   0       0.47233519  p_z
   20   2   1   1       0.48653728  p_x
   21   1   0   0       0.59187986  s
   21   2   1  -1       0.47359931  p_y
   21   2   1   0       0.45288058  p_z
   21   2   1   1       0.45965337  p_x
   22   1   0   0       0.44279310  s
   23   1   0   0       0.61336578  s
   23   2   1  -1       0.48589626  p_y
   23   2   1   0       0.47522489  p_z
   23   2   1   1       0.46655946  p_x
   24   1   0   0       0.45501499  s
   25   1   0   0       0.44110886  s
   26   1   0   0       0.43684561  s
   27   1   0   0       0.59226751  s
   27   2   1  -1       0.47229924  p_y
   27   2   1   0       0.44717980  p_z
   27   2   1   1       0.46392824  p_x
   28   1   0   0       0.61967972  s
   28   2   1  -1       0.49703919  p_y
   28   2   1   0       0.45761983  p_z
   28   2   1   1       0.47951702  p_x
   29   1   0   0       0.44670365  s
   30   1   0   0       0.62064809  s
   30   2   1  -1       0.50225708  p_y
   30   2   1   0       0.45591645  p_z
   30   2   1   1       0.48400397  p_x
   31   1   0   0       0.61989996  s
   31   2   1  -1       0.47874387  p_y
   31   2   1   0       0.47359461  p_z
   31   2   1   1       0.47319663  p_x
   32   1   0   0       0.44814729  s
   33   1   0   0       0.61744083  s
   33   2   1  -1       0.47691634  p_y
   33   2   1   0       0.47581022  p_z
   33   2   1   1       0.47274871  p_x
   34   1   0   0       0.44060913  s
   35   1   0   0       0.44513097  s
   36   1   0   0       0.45054681  s
   37   1   0   0       0.58119042  s
   37   2   1  -1       0.48028995  p_y
   37   2   1   0       0.44826230  p_z
   37   2   1   1       0.46418617  p_x
   38   1   0   0       0.62275904  s
   38   2   1  -1       0.49305197  p_y
   38   2   1   0       0.45966267  p_z
   38   2   1   1       0.48109115  p_x
   39   1   0   0       0.57830378  s
   39   2   1  -1       0.47434692  p_y
   39   2   1   0       0.44797801  p_z
   39   2   1   1       0.46529003  p_x
   40   1   0   0       0.62620989  s
   40   2   1  -1       0.49268569  p_y
   40   2   1   0       0.45829508  p_z
   40   2   1   1       0.47874064  p_x
   41   1   0   0       0.58978762  s
   41   2   1  -1       0.47590579  p_y
   41   2   1   0       0.44756523  p_z
   41   2   1   1       0.46539583  p_x
   42   1   0   0       0.45146622  s
   43   1   0   0       0.61898903  s
   43   2   1  -1       0.52776349  p_y
   43   2   1   0       0.46064627  p_z
   43   2   1   1       0.48372571  p_x
   44   1   0   0       0.62254775  s
   44   2   1  -1       0.53356477  p_y
   44   2   1   0       0.45883226  p_z
   44   2   1   1       0.48229848  p_x
   45   1   0   0       0.58613239  s
   45   2   1  -1       0.48294997  p_y
   45   2   1   0       0.44697178  p_z
   45   2   1   1       0.46240391  p_x
   46   1   0   0       0.44638869  s
   47   1   0   0       0.61624821  s
   47   2   1  -1       0.48798516  p_y
   47   2   1   0       0.45825758  p_z
   47   2   1   1       0.47652612  p_x
   48   1   0   0       0.59196182  s
   48   2   1  -1       0.47507411  p_y
   48   2   1   0       0.44422709  p_z
   48   2   1   1       0.45942007  p_x
   49   1   0   0       0.45676278  s
   50   1   0   0       0.45936820  s
   51   1   0   0       0.58388844  s
   51   2   1  -1       0.47662647  p_y
   51   2   1   0       0.44648888  p_z
   51   2   1   1       0.46365815  p_x
   52   1   0   0       0.62443196  s
   52   2   1  -1       0.49241133  p_y
   52   2   1   0       0.45391396  p_z
   52   2   1   1       0.48611439  p_x
   53   1   0   0       0.61067046  s
   53   2   1  -1       0.49160791  p_y
   53   2   1   0       0.46333979  p_z
   53   2   1   1       0.47299756  p_x
   54   1   0   0       0.45120799  s
   55   1   0   0       0.61996389  s
   55   2   1  -1       0.51382353  p_y
   55   2   1   0       0.45996167  p_z
   55   2   1   1       0.47783016  p_x
   56   1   0   0       0.62095502  s
   56   2   1  -1       0.51648820  p_y
   56   2   1   0       0.45756277  p_z
   56   2   1   1       0.49845922  p_x
   57   1   0   0       0.59345169  s
   57   2   1  -1       0.48208029  p_y
   57   2   1   0       0.44344277  p_z
   57   2   1   1       0.46577756  p_x
   58   1   0   0       0.44903241  s
   59   1   0   0       0.61209136  s
   59   2   1  -1       0.48018314  p_y
   59   2   1   0       0.47708293  p_z
   59   2   1   1       0.46650553  p_x
   60   1   0   0       0.45241674  s
   61   1   0   0       0.45874185  s
   62   1   0   0       0.45913884  s
   63   1   0   0       0.58472834  s
   63   2   1  -1       0.47777564  p_y
   63   2   1   0       0.44416505  p_z
   63   2   1   1       0.46665580  p_x
   64   1   0   0       0.62561968  s
   64   2   1  -1       0.49723859  p_y
   64   2   1   0       0.45773365  p_z
   64   2   1   1       0.47315350  p_x
   65   1   0   0       0.44921757  s
   66   1   0   0       0.61669848  s
   66   2   1  -1       0.49995618  p_y
   66   2   1   0       0.45451039  p_z
   66   2   1   1       0.48932948  p_x
   67   1   0   0       0.61087534  s
   67   2   1  -1       0.49129587  p_y
   67   2   1   0       0.47587313  p_z
   67   2   1   1       0.46950854  p_x
   68   1   0   0       0.45148108  s
   69   1   0   0       0.60939518  s
   69   2   1  -1       0.49077967  p_y
   69   2   1   0       0.46037627  p_z
   69   2   1   1       0.48364310  p_x
   70   1   0   0       0.46537563  s
   71   1   0   0       0.45297641  s
   72   1   0   0       0.46011067  s

Nr. of electrons (down):    101.00000000
Atom populations (down)
 Atom       Population
    1       1.99675006
    2       1.96506913
    3       2.00521782
    4       1.92909656
    5       1.97603583
    6       0.44162389
    7       1.96424126
    8       1.94252090
    9       1.99828536
   10       0.43941333
   11       2.01302181
   12       1.97551652
   13       0.44803364
   14       0.44567500
   15       1.99981489
   16       1.96498945
   17       2.01338409
   18       0.43786285
   19       2.01104910
   20       1.96316023
   21       1.97470512
   22       0.44928706
   23       2.02382780
   24       0.45680800
   25       0.44412278
   26       0.44468919
   27       1.97869762
   28       2.00876472
   29       0.44765318
   30       2.01491623
   31       2.01565387
   32       0.45062490
   33       2.02012587
   34       0.44325338
   35       0.44660236
   36       0.45177426
   37       1.97415028
   38       2.05569719
   39       1.96582983
   40       2.05431678
   41       1.97878489
   42       0.45151428
   43       2.09106927
   44       2.09720522
   45       1.97870061
   46       0.44647873
   47       2.03879855
   48       1.97051795
   49       0.45676622
   50       0.45937043
   51       1.97063578
   52       2.05543360
   53       2.03866518
   54       0.45122030
   55       2.07158481
   56       2.09351794
   57       1.98491674
   58       0.44911164
   59       2.03570813
   60       0.45241384
   61       0.45874184
   62       0.45913274
   63       1.97315994
   64       2.05309284
   65       0.44922595
   66       2.06063497
   67       2.04766296
   68       0.45151757
   69       2.04368286
   70       0.46536274
   71       0.45297031
   72       0.46013901

l-shell populations (down)
 Atom Sh.   l       Population
    1   1   0       0.59538545
    1   2   1       1.40136460
    2   1   0       0.61806710
    2   2   1       1.34700203
    3   1   0       0.60087625
    3   2   1       1.40434158
    4   1   0       0.62422399
    4   2   1       1.30487257
    5   1   0       0.59517938
    5   2   1       1.38085645
    6   1   0       0.44162389
    7   1   0       0.62100671
    7   2   1       1.34323455
    8   1   0       0.62283561
    8   2   1       1.31968529
    9   1   0       0.59254194
    9   2   1       1.40574342
   10   1   0       0.43941333
   11   1   0       0.62223219
   11   2   1       1.39078962
   12   1   0       0.59332598
   12   2   1       1.38219055
   13   1   0       0.44803364
   14   1   0       0.44567500
   15   1   0       0.59344453
   15   2   1       1.40637036
   16   1   0       0.61696775
   16   2   1       1.34802170
   17   1   0       0.61382098
   17   2   1       1.39956311
   18   1   0       0.43786285
   19   1   0       0.62240302
   19   2   1       1.38864607
   20   1   0       0.62244326
   20   2   1       1.34071697
   21   1   0       0.59377008
   21   2   1       1.38093505
   22   1   0       0.44928706
   23   1   0       0.61369341
   23   2   1       1.41013439
   24   1   0       0.45680800
   25   1   0       0.44412278
   26   1   0       0.44468919
   27   1   0       0.59479536
   27   2   1       1.38390226
   28   1   0       0.61806583
   28   2   1       1.39069890
   29   1   0       0.44765318
   30   1   0       0.61875468
   30   2   1       1.39616155
   31   1   0       0.61941902
   31   2   1       1.39623485
   32   1   0       0.45062490
   33   1   0       0.61734241
   33   2   1       1.40278346
   34   1   0       0.44325338
   35   1   0       0.44660236
   36   1   0       0.45177426
   37   1   0       0.58123075
   37   2   1       1.39291953
   38   1   0       0.62271601
   38   2   1       1.43298117
   39   1   0       0.57829874
   39   2   1       1.38753109
   40   1   0       0.62613182
   40   2   1       1.42818496
   41   1   0       0.58980857
   41   2   1       1.38897632
   42   1   0       0.45151428
   43   1   0       0.61898928
   43   2   1       1.47207999
   44   1   0       0.62254774
   44   2   1       1.47465748
   45   1   0       0.58618086
   45   2   1       1.39251975
   46   1   0       0.44647873
   47   1   0       0.61623597
   47   2   1       1.42256258
   48   1   0       0.59195362
   48   2   1       1.37856433
   49   1   0       0.45676622
   50   1   0       0.45937043
   51   1   0       0.58388423
   51   2   1       1.38675155
   52   1   0       0.62436237
   52   2   1       1.43107123
   53   1   0       0.61067735
   53   2   1       1.42798783
   54   1   0       0.45122030
   55   1   0       0.61996760
   55   2   1       1.45161722
   56   1   0       0.62096021
   56   2   1       1.47255773
   57   1   0       0.59348645
   57   2   1       1.39143030
   58   1   0       0.44911164
   59   1   0       0.61208379
   59   2   1       1.42362434
   60   1   0       0.45241384
   61   1   0       0.45874184
   62   1   0       0.45913274
   63   1   0       0.58471742
   63   2   1       1.38844252
   64   1   0       0.62558676
   64   2   1       1.42750608
   65   1   0       0.44922595
   66   1   0       0.61671460
   66   2   1       1.44392037
   67   1   0       0.61089457
   67   2   1       1.43676839
   68   1   0       0.45151757
   69   1   0       0.60936749
   69   2   1       1.43431536
   70   1   0       0.46536274
   71   1   0       0.45297031
   72   1   0       0.46013901

Orbital populations (down)
 Atom Sh.   l   m       Population  Label
    1   1   0   0       0.59538545  s
    1   2   1  -1       0.47934411  p_y
    1   2   1   0       0.46221648  p_z
    1   2   1   1       0.45980402  p_x
    2   1   0   0       0.61806710  s
    2   2   1  -1       0.42989859  p_y
    2   2   1   0       0.45029390  p_z
    2   2   1   1       0.46680954  p_x
    3   1   0   0       0.60087625  s
    3   2   1  -1       0.48535873  p_y
    3   2   1   0       0.46020143  p_z
    3   2   1   1       0.45878142  p_x
    4   1   0   0       0.62422399  s
    4   2   1  -1       0.39852986  p_y
    4   2   1   0       0.44635711  p_z
    4   2   1   1       0.45998561  p_x
    5   1   0   0       0.59517938  s
    5   2   1  -1       0.46492268  p_y
    5   2   1   0       0.45928326  p_z
    5   2   1   1       0.45665051  p_x
    6   1   0   0       0.44162389  s
    7   1   0   0       0.62100671  s
    7   2   1  -1       0.43170108  p_y
    7   2   1   0       0.44294351  p_z
    7   2   1   1       0.46858996  p_x
    8   1   0   0       0.62283561  s
    8   2   1  -1       0.40808735  p_y
    8   2   1   0       0.44402970  p_z
    8   2   1   1       0.46756824  p_x
    9   1   0   0       0.59254194  s
    9   2   1  -1       0.48232508  p_y
    9   2   1   0       0.46244508  p_z
    9   2   1   1       0.46097327  p_x
   10   1   0   0       0.43941333  s
   11   1   0   0       0.62223219  s
   11   2   1  -1       0.46244821  p_y
   11   2   1   0       0.45697442  p_z
   11   2   1   1       0.47136699  p_x
   12   1   0   0       0.59332598  s
   12   2   1  -1       0.47020599  p_y
   12   2   1   0       0.45119828  p_z
   12   2   1   1       0.46078629  p_x
   13   1   0   0       0.44803364  s
   14   1   0   0       0.44567500  s
   15   1   0   0       0.59344453  s
   15   2   1  -1       0.48638131  p_y
   15   2   1   0       0.46038460  p_z
   15   2   1   1       0.45960445  p_x
   16   1   0   0       0.61696775  s
   16   2   1  -1       0.42842026  p_y
   16   2   1   0       0.44638919  p_z
   16   2   1   1       0.47321226  p_x
   17   1   0   0       0.61382098  s
   17   2   1  -1       0.46148676  p_y
   17   2   1   0       0.46933649  p_z
   17   2   1   1       0.46873986  p_x
   18   1   0   0       0.43786285  s
   19   1   0   0       0.62240302  s
   19   2   1  -1       0.46454809  p_y
   19   2   1   0       0.45249717  p_z
   19   2   1   1       0.47160081  p_x
   20   1   0   0       0.62244326  s
   20   2   1  -1       0.42244717  p_y
   20   2   1   0       0.44927961  p_z
   20   2   1   1       0.46899019  p_x
   21   1   0   0       0.59377008  s
   21   2   1  -1       0.46780978  p_y
   21   2   1   0       0.45441972  p_z
   21   2   1   1       0.45870555  p_x
   22   1   0   0       0.44928706  s
   23   1   0   0       0.61369341  s
   23   2   1  -1       0.47334279  p_y
   23   2   1   0       0.47288821  p_z
   23   2   1   1       0.46390338  p_x
   24   1   0   0       0.45680800  s
   25   1   0   0       0.44412278  s
   26   1   0   0       0.44468919  s
   27   1   0   0       0.59479536  s
   27   2   1  -1       0.47007092  p_y
   27   2   1   0       0.45001536  p_z
   27   2   1   1       0.46381598  p_x
   28   1   0   0       0.61806583  s
   28   2   1  -1       0.46534841  p_y
   28   2   1   0       0.45114124  p_z
   28   2   1   1       0.47420924  p_x
   29   1   0   0       0.44765318  s
   30   1   0   0       0.61875468  s
   30   2   1  -1       0.46904295  p_y
   30   2   1   0       0.45263820  p_z
   30   2   1   1       0.47448039  p_x
   31   1   0   0       0.61941902  s
   31   2   1  -1       0.46276542  p_y
   31   2   1   0       0.46821024  p_z
   31   2   1   1       0.46525919  p_x
   32   1   0   0       0.45062490  s
   33   1   0   0       0.61734241  s
   33   2   1  -1       0.46501421  p_y
   33   2   1   0       0.47174483  p_z
   33   2   1   1       0.46602442  p_x
   34   1   0   0       0.44325338  s
   35   1   0   0       0.44660236  s
   36   1   0   0       0.45177426  s
   37   1   0   0       0.58123075  s
   37   2   1  -1       0.48038367  p_y
   37   2   1   0       0.44831323  p_z
   37   2   1   1       0.46422262  p_x
   38   1   0   0       0.62271601  s
   38   2   1  -1       0.49242406  p_y
   38   2   1   0       0.45961487  p_z
   38   2   1   1       0.48094225  p_x
   39   1   0   0       0.57829874  s
   39   2   1  -1       0.47428134  p_y
   39   2   1   0       0.44797505  p_z
   39   2   1   1       0.46527470  p_x
   40   1   0   0       0.62613182  s
   40   2   1  -1       0.49149855  p_y
   40   2   1   0       0.45820432  p_z
   40   2   1   1       0.47848209  p_x
   41   1   0   0       0.58980857  s
   41   2   1  -1       0.47596160  p_y
   41   2   1   0       0.44759254  p_z
   41   2   1   1       0.46542219  p_x
   42   1   0   0       0.45151428  s
   43   1   0   0       0.61898928  s
   43   2   1  -1       0.52773915  p_y
   43   2   1   0       0.46064913  p_z
   43   2   1   1       0.48369171  p_x
   44   1   0   0       0.62254774  s
   44   2   1  -1       0.53356139  p_y
   44   2   1   0       0.45883735  p_z
   44   2   1   1       0.48225873  p_x
   45   1   0   0       0.58618086  s
   45   2   1  -1       0.48304801  p_y
   45   2   1   0       0.44702557  p_z
   45   2   1   1       0.46244617  p_x
   46   1   0   0       0.44647873  s
   47   1   0   0       0.61623597  s
   47   2   1  -1       0.48782439  p_y
   47   2   1   0       0.45824536  p_z
   47   2   1   1       0.47649283  p_x
   48   1   0   0       0.59195362  s
   48   2   1  -1       0.47494460  p_y
   48   2   1   0       0.44421955  p_z
   48   2   1   1       0.45940017  p_x
   49   1   0   0       0.45676622  s
   50   1   0   0       0.45937043  s
   51   1   0   0       0.58388423  s
   51   2   1  -1       0.47661435  p_y
   51   2   1   0       0.44648681  p_z
   51   2   1   1       0.46365039  p_x
   52   1   0   0       0.62436237  s
   52   2   1  -1       0.49135427  p_y
   52   2   1   0       0.45383984  p_z
   52   2   1   1       0.48587712  p_x
   53   1   0   0       0.61067735  s
   53   2   1  -1       0.49163639  p_y
   53   2   1   0       0.46334773  p_z
   53   2   1   1       0.47300371  p_x
   54   1   0   0       0.45122030  s
   55   1   0   0       0.61996760  s
   55   2   1  -1       0.51381250  p_y
   55   2   1   0       0.45996437  p_z
   55   2   1   1       0.47784036  p_x
   56   1   0   0       0.62096021  s
   56   2   1  -1       0.51651720  p_y
   56   2   1   0       0.45757106  p_z
   56   2   1   1       0.49846947  p_x
   57   1   0   0       0.59348645  s
   57   2   1  -1       0.48214056  p_y
   57   2   1   0       0.44347650  p_z
   57   2   1   1       0.46581324  p_x
   58   1   0   0       0.44911164  s
   59   1   0   0       0.61208379  s
   59   2   1  -1       0.48007956  p_y
   59   2   1   0       0.47707119  p_z
   59   2   1   1       0.46647358  p_x
   60   1   0   0       0.45241384  s
   61   1   0   0       0.45874184  s
   62   1   0   0       0.45913274  s
   63   1   0   0       0.58471742  s
   63   2   1  -1       0.47767321  p_y
   63   2   1   0       0.44415442  p_z
   63   2   1   1       0.46661489  p_x
   64   1   0   0       0.62558676  s
   64   2   1  -1       0.49675999  p_y
   64   2   1   0       0.45769216  p_z
   64   2   1   1       0.47305392  p_x
   65   1   0   0       0.44922595  s
   66   1   0   0       0.61671460  s
   66   2   1  -1       0.50002533  p_y
   66   2   1   0       0.45452863  p_z
   66   2   1   1       0.48936641  p_x
   67   1   0   0       0.61089457  s
   67   2   1  -1       0.49135102  p_y
   67   2   1   0       0.47588729  p_z
   67   2   1   1       0.46953007  p_x
   68   1   0   0       0.45151757  s
   69   1   0   0       0.60936749  s
   69   2   1  -1       0.49051554  p_y
   69   2   1   0       0.46033639  p_z
   69   2   1   1       0.48346344  p_x
   70   1   0   0       0.46536274  s
   71   1   0   0       0.45297031  s
   72   1   0   0       0.46013901  s

Spin  up
Fermi level:                        -0.2270714067 H           -6.1789 eV
Band energy:                       -48.0262113055 H        -1306.8597 eV
TS:                                  0.0000000000 H            0.0000 eV
Band free energy (E-TS):           -48.0262113055 H        -1306.8597 eV
Extrapolated E(0K):                -48.0262113055 H        -1306.8597 eV
Input / Output electrons (up):    102.0000000000    102.0000000000

Spin  down
Fermi level:                        -0.2400828949 H           -6.5330 eV
Band energy:                       -47.6910738954 H        -1297.7401 eV
TS:                                  0.0000000000 H            0.0000 eV
Band free energy (E-TS):           -47.6910738954 H        -1297.7401 eV
Extrapolated E(0K):                -47.6910738954 H        -1297.7401 eV
Input / Output electrons (down):    101.0000000000    101.0000000000

Energy H0:                         -86.2643931803 H        -2347.3736 eV
Energy SCC:                          0.0253173472 H            0.6889 eV
Energy SPIN:                        -0.0015713530 H           -0.0428 eV
Energy 3rd:                         -0.0000069223 H           -0.0002 eV
Total Electronic energy:           -86.2406541083 H        -2346.7276 eV
Repulsive energy:                    0.7638496057 H           20.7854 eV
Total energy:                      -85.4768045027 H        -2325.9422 eV
Extrapolated to 0:                 -85.4768045027 H        -2325.9422 eV
Total Mermin free energy:          -85.4768045027 H        -2325.9422 eV
Force related energy:              -85.4768045027 H        -2325.9422 eV

Constraints converged

SCC converged

