 KPT            1  SPIN            1  KWEIGHT    1.0000000000000000     
     1   -19.242  2.00000
     2   -18.956  2.00000
     3   -18.482  2.00000
     4   -17.792  2.00000
     5   -17.288  2.00000
     6   -16.976  2.00000
     7   -16.900  2.00000
     8   -16.463  2.00000
     9   -16.083  2.00000
    10   -15.756  2.00000
    11   -14.826  2.00000
    12   -14.260  2.00000
    13   -13.288  2.00000
    14   -13.225  2.00000
    15   -12.454  2.00000
    16   -12.224  2.00000
    17   -12.205  2.00000
    18   -12.167  2.00000
    19   -10.936  2.00000
    20   -10.437  2.00000
    21   -10.329  2.00000
    22    -9.904  2.00000
    23    -9.763  2.00000
    24    -9.701  2.00000
    25    -9.335  2.00000
    26    -9.188  2.00000
    27    -9.044  2.00000
    28    -9.021  2.00000
    29    -8.937  2.00000
    30    -8.913  2.00000
    31    -8.528  2.00000
    32    -8.439  2.00000
    33    -8.407  2.00000
    34    -8.302  2.00000
    35    -8.176  2.00000
    36    -8.119  2.00000
    37    -7.933  2.00000
    38    -7.768  2.00000
    39    -7.582  2.00000
    40    -7.531  2.00000
    41    -7.476  2.00000
    42    -7.182  2.00000
    43    -7.115  2.00000
    44    -7.036  2.00000
    45    -6.795  2.00000
    46    -6.685  2.00000
    47    -6.493  2.00000
    48    -6.452  2.00000
    49    -5.960  2.00000
    50    -5.651  2.00000
    51    -4.578  2.00000
    52    -3.214  0.00000
    53    -1.972  0.00000
    54    -1.400  0.00000
    55    -0.774  0.00000
    56    -0.402  0.00000
    57     0.235  0.00000
    58     1.022  0.00000
    59     1.168  0.00000
    60     2.582  0.00000
    61     3.447  0.00000
    62     3.596  0.00000
    63     3.807  0.00000
    64     4.112  0.00000
    65     4.527  0.00000
    66     4.713  0.00000
    67     5.142  0.00000
    68     5.723  0.00000
    69     5.789  0.00000
    70     6.157  0.00000
    71     6.249  0.00000
    72     6.652  0.00000
    73     7.172  0.00000
    74     7.583  0.00000
    75     7.641  0.00000
    76     7.679  0.00000
    77    15.071  0.00000
    78    15.564  0.00000
    79    16.115  0.00000
    80    16.461  0.00000
    81    16.654  0.00000
    82    17.499  0.00000
    83    17.671  0.00000
    84    18.146  0.00000
    85    18.342  0.00000
    86    19.837  0.00000
    87    20.508  0.00000
    88    22.363  0.00000
    89    22.784  0.00000
    90    23.089  0.00000
    91    23.312  0.00000
    92    24.299  0.00000
    93    24.791  0.00000
    94    25.537  0.00000
    95    26.286  0.00000
    96    26.709  0.00000
    97    26.987  0.00000
    98    27.570  0.00000
    99    28.866  0.00000
   100    31.079  0.00000
   101    32.080  0.00000
   102    32.877  0.00000

