|===============================================================================
|
|  DFTB+ release 24.1
|
|  Copyright (C) 2006 - 2024  DFTB+ developers group
|
|===============================================================================
|
|  When publishing results obtained with DFTB+, please cite the following
|  reference:
|
|  * DFTB+, a software package for efficient approximate density functional
|    theory based atomistic simulations, J. Chem. Phys. 152, 124101 (2020).
|    [doi: 10.1063/1.5143190]
|
|  You should also cite additional publications crediting the parametrization
|  data you use. Please consult the documentation of the SK-files for the
|  references.
|
|===============================================================================

Reading input file 'dftb_in.hsd'
Parser version: 14

--------------------------------------------------------------------------------
***  Converting input from parser version 10 to parser version 14 ...
***  Done.

Reading SK-files:
/home/takahashi/qmmm/sk/3ob/C-C.skf
/home/takahashi/qmmm/sk/3ob/C-H.skf
/home/takahashi/qmmm/sk/3ob/H-H.skf
Done.


Processed input in HSD format written to 'dftb_pin.hsd'

Starting initialization...
--------------------------------------------------------------------------------
OpenMP threads:              4
Chosen random seed:          82325139
Current stacksize:           unlimited
Mode:                        Static calculation
Self consistent charges:     Yes
SCC-tolerance:                 0.100000E-04
Max. scc iterations:                    300
Shell resolved Hubbard:      No
Spin polarisation:           No
Nr. of up electrons:            51.000000
Nr. of down electrons:          51.000000
Periodic boundaries:         No
Electronic solver:           Relatively robust
Mixer:                       Broyden mixer
Mixing parameter:                  0.200000
Maximal SCC-cycles:                     300
Nr. of chrg. vec. in memory:            300
Electronic temperature:              0.100000E-07 H      0.272114E-06 eV
Initial charges:             Set automatically (system chrg:   0.000E+00)
Included shells:             C:  s, p
                             H:  s
Full 3rd order correction    Yes
Damped SCC                   Yes
Damped species(s):           H                                                 
Extra options:
                             Mulliken analysis
                             Force calculation
Force type                   original
                             External charges specified

--------------------------------------------------------------------------------

***  Geometry step: 0

 iSCC Total electronic   Diff electronic      SCC error    
    1    0.00000000E+00    0.00000000E+00    0.14831767E+00
    2   -0.43009688E+02   -0.43009688E+02    0.98817236E-01
    3   -0.43016153E+02   -0.64648922E-02    0.47116442E-01
    4   -0.43019590E+02   -0.34371793E-02    0.11318393E-01
    5   -0.43019748E+02   -0.15773448E-03    0.24532487E-02
    6   -0.43019789E+02   -0.41431389E-04    0.12688238E-02
    7   -0.43019795E+02   -0.52979446E-05    0.53621085E-03
    8   -0.43019795E+02   -0.71242198E-07    0.69400634E-04
    9   -0.43019795E+02   -0.19201956E-07    0.31759438E-04
   10   -0.43019795E+02   -0.15960282E-08    0.92749837E-05
>> Charges saved for restart in charges.bin

Total Energy:                      -42.7332704813 H        -1162.8315 eV
Extrapolated to 0K:                -42.7332704813 H        -1162.8315 eV
Total Mermin free energy:          -42.7332704813 H        -1162.8315 eV
Force related energy:              -42.7332704813 H        -1162.8315 eV


--------------------------------------------------------------------------------
DFTB+ running times                          cpu [s]             wall clock [s]
--------------------------------------------------------------------------------
Global initialisation                  +       0.03 (  7.5%)       0.00 (  1.5%)
SCC                                    +       0.21 ( 48.6%)       0.04 ( 53.8%)
Post-SCC processing                    +       0.18 ( 42.1%)       0.03 ( 40.0%)
--------------------------------------------------------------------------------
Missing                                +       0.01 (  1.7%)       0.00 (  4.6%)
Total                                  =       0.43 (100.0%)       0.06 (100.0%)
--------------------------------------------------------------------------------
