 KPT            1  SPIN            1  KWEIGHT    1.0000000000000000     
     1    -21.5504  1.00000
     2    -21.2457  1.00000
     3    -21.1797  1.00000
     4    -20.8244  1.00000
     5    -20.6917  1.00000
     6    -20.3366  1.00000
     7    -19.9692  1.00000
     8    -19.6227  1.00000
     9    -19.3552  1.00000
    10    -19.2806  1.00000
    11    -19.2128  1.00000
    12    -19.0063  1.00000
    13    -18.8449  1.00000
    14    -18.7632  1.00000
    15    -18.5182  1.00000
    16    -18.4664  1.00000
    17    -18.3354  1.00000
    18    -18.0189  1.00000
    19    -17.7899  1.00000
    20    -17.6110  1.00000
    21    -16.9969  1.00000
    22    -16.8336  1.00000
    23    -16.7013  1.00000
    24    -16.2312  1.00000
    25    -15.6902  1.00000
    26    -15.4291  1.00000
    27    -15.1890  1.00000
    28    -15.1535  1.00000
    29    -14.9317  1.00000
    30    -14.6869  1.00000
    31    -14.5184  1.00000
    32    -14.5158  1.00000
    33    -14.4808  1.00000
    34    -14.3855  1.00000
    35    -14.2618  1.00000
    36    -14.1312  1.00000
    37    -13.3535  1.00000
    38    -12.9517  1.00000
    39    -12.8478  1.00000
    40    -12.6468  1.00000
    41    -12.3962  1.00000
    42    -12.3420  1.00000
    43    -12.1991  1.00000
    44    -12.1909  1.00000
    45    -12.1224  1.00000
    46    -11.7705  1.00000
    47    -11.7511  1.00000
    48    -11.6974  1.00000
    49    -11.6376  1.00000
    50    -11.5340  1.00000
    51    -11.4719  1.00000
    52    -11.4397  1.00000
    53    -11.3123  1.00000
    54    -11.2414  1.00000
    55    -11.1887  1.00000
    56    -11.1611  1.00000
    57    -11.1062  1.00000
    58    -11.0746  1.00000
    59    -10.9604  1.00000
    60    -10.8868  1.00000
    61    -10.8360  1.00000
    62    -10.7728  1.00000
    63    -10.7027  1.00000
    64    -10.6869  1.00000
    65    -10.4917  1.00000
    66    -10.4756  1.00000
    67    -10.4347  1.00000
    68    -10.3708  1.00000
    69    -10.3250  1.00000
    70    -10.2613  1.00000
    71    -10.2596  1.00000
    72    -10.2518  1.00000
    73    -10.1912  1.00000
    74    -10.1404  1.00000
    75     -9.9590  1.00000
    76     -9.9326  1.00000
    77     -9.8908  1.00000
    78     -9.6180  1.00000
    79     -9.5764  1.00000
    80     -9.4670  1.00000
    81     -9.4012  1.00000
    82     -9.3911  1.00000
    83     -9.3786  1.00000
    84     -9.3506  1.00000
    85     -9.1148  1.00000
    86     -9.0845  1.00000
    87     -9.0601  1.00000
    88     -9.0289  1.00000
    89     -8.9893  1.00000
    90     -8.9137  1.00000
    91     -8.6575  1.00000
    92     -8.6217  1.00000
    93     -8.5929  1.00000
    94     -8.5285  1.00000
    95     -8.4751  1.00000
    96     -8.3787  1.00000
    97     -8.3245  1.00000
    98     -7.9287  1.00000
    99     -7.6164  1.00000
   100     -7.4804  1.00000
   101     -6.7384  1.00000
   102     -6.6429  1.00000
   103     -5.6394  0.00000
   104     -5.2748  0.00000
   105     -4.5096  0.00000
   106     -4.0253  0.00000
   107     -3.3306  0.00000
   108     -3.2494  0.00000
   109     -3.2152  0.00000
   110     -2.7861  0.00000
   111     -2.4801  0.00000
   112     -2.2777  0.00000
   113     -2.2661  0.00000
   114     -1.8881  0.00000
   115     -1.5248  0.00000
   116     -1.3930  0.00000
   117     -1.1759  0.00000
   118     -0.8772  0.00000
   119      0.4364  0.00000
   120      0.6444  0.00000
   121      1.7380  0.00000
   122      1.7709  0.00000
   123      2.4485  0.00000
   124      2.6654  0.00000
   125      6.2721  0.00000
   126      6.3382  0.00000
   127      6.8258  0.00000
   128      7.1982  0.00000
   129      7.2952  0.00000
   130      7.4036  0.00000
   131      7.4715  0.00000
   132      7.6237  0.00000
   133      8.4052  0.00000
   134      8.4270  0.00000
   135      8.7194  0.00000
   136      9.0371  0.00000
   137      9.5679  0.00000
   138      9.6326  0.00000
   139      9.7227  0.00000
   140      9.8805  0.00000
   141      9.8972  0.00000
   142     10.3636  0.00000
   143     10.4915  0.00000
   144     11.0249  0.00000
   145     11.2298  0.00000
   146     11.2607  0.00000
   147     11.4867  0.00000
   148     11.5169  0.00000
   149     12.1386  0.00000
   150     12.5117  0.00000
   151     12.6381  0.00000
   152     12.8164  0.00000
   153     13.0497  0.00000
   154     13.1664  0.00000
   155     13.9128  0.00000
   156     14.2514  0.00000
   157     14.7300  0.00000
   158     14.9264  0.00000
   159     15.1319  0.00000
   160     15.2408  0.00000
   161     15.7009  0.00000
   162     15.9664  0.00000
   163     15.9971  0.00000
   164     16.0780  0.00000
   165     16.4016  0.00000
   166     16.5367  0.00000
   167     16.7931  0.00000
   168     16.8064  0.00000
   169     17.3668  0.00000
   170     17.6147  0.00000
   171     17.8384  0.00000
   172     17.9851  0.00000
   173     18.2797  0.00000
   174     18.6283  0.00000
   175     19.2086  0.00000
   176     19.5124  0.00000
   177     19.8542  0.00000
   178     20.0232  0.00000
   179     20.1467  0.00000
   180     20.3498  0.00000
   181     20.6316  0.00000
   182     21.0535  0.00000
   183     21.3383  0.00000
   184     21.4012  0.00000
   185     21.8670  0.00000
   186     21.8863  0.00000
   187     22.4757  0.00000
   188     22.5841  0.00000
   189     22.7878  0.00000
   190     23.4469  0.00000
   191     23.5141  0.00000
   192     23.9397  0.00000
   193     24.0521  0.00000
   194     24.3854  0.00000
   195     25.1262  0.00000
   196     26.2469  0.00000
   197     26.8192  0.00000
   198     27.3819  0.00000
   199     27.8964  0.00000
   200     28.4673  0.00000
   201     28.9519  0.00000
   202     29.2453  0.00000
   203     29.4613  0.00000
   204     30.5633  0.00000

 KPT            1  SPIN            2  KWEIGHT    1.0000000000000000     
     1    -21.5501  1.00000
     2    -21.1875  1.00000
     3    -21.1788  1.00000
     4    -20.7756  1.00000
     5    -20.6914  1.00000
     6    -20.2934  1.00000
     7    -19.9690  1.00000
     8    -19.5784  1.00000
     9    -19.3547  1.00000
    10    -19.2126  1.00000
    11    -19.1856  1.00000
    12    -19.0060  1.00000
    13    -18.7757  1.00000
    14    -18.7033  1.00000
    15    -18.5179  1.00000
    16    -18.4663  1.00000
    17    -18.2731  1.00000
    18    -17.9949  1.00000
    19    -17.7896  1.00000
    20    -17.5451  1.00000
    21    -16.9966  1.00000
    22    -16.7393  1.00000
    23    -16.7009  1.00000
    24    -16.1611  1.00000
    25    -15.6900  1.00000
    26    -15.4289  1.00000
    27    -15.1385  1.00000
    28    -15.1037  1.00000
    29    -14.9315  1.00000
    30    -14.6864  1.00000
    31    -14.5178  1.00000
    32    -14.4807  1.00000
    33    -14.4600  1.00000
    34    -14.3483  1.00000
    35    -14.2188  1.00000
    36    -14.0769  1.00000
    37    -13.3533  1.00000
    38    -12.8977  1.00000
    39    -12.8475  1.00000
    40    -12.6465  1.00000
    41    -12.3421  1.00000
    42    -12.2936  1.00000
    43    -12.1985  1.00000
    44    -12.1906  1.00000
    45    -12.1221  1.00000
    46    -11.7226  1.00000
    47    -11.7037  1.00000
    48    -11.6521  1.00000
    49    -11.6364  1.00000
    50    -11.5227  1.00000
    51    -11.4706  1.00000
    52    -11.4394  1.00000
    53    -11.2853  1.00000
    54    -11.2411  1.00000
    55    -11.1355  1.00000
    56    -11.1232  1.00000
    57    -11.0865  1.00000
    58    -11.0258  1.00000
    59    -10.9424  1.00000
    60    -10.8453  1.00000
    61    -10.8345  1.00000
    62    -10.7482  1.00000
    63    -10.7023  1.00000
    64    -10.6858  1.00000
    65    -10.4799  1.00000
    66    -10.4351  1.00000
    67    -10.4258  1.00000
    68    -10.3145  1.00000
    69    -10.2952  1.00000
    70    -10.2555  1.00000
    71    -10.2137  1.00000
    72    -10.2031  1.00000
    73    -10.1349  1.00000
    74    -10.0940  1.00000
    75     -9.9582  1.00000
    76     -9.9323  1.00000
    77     -9.8905  1.00000
    78     -9.5818  1.00000
    79     -9.5419  1.00000
    80     -9.4580  1.00000
    81     -9.3969  1.00000
    82     -9.3506  1.00000
    83     -9.3406  1.00000
    84     -9.3024  1.00000
    85     -9.1145  1.00000
    86     -9.0593  1.00000
    87     -9.0555  1.00000
    88     -8.9883  1.00000
    89     -8.9723  1.00000
    90     -8.8444  1.00000
    91     -8.6191  1.00000
    92     -8.5945  1.00000
    93     -8.5835  1.00000
    94     -8.5056  1.00000
    95     -8.4745  1.00000
    96     -8.3785  1.00000
    97     -8.2596  1.00000
    98     -7.9268  1.00000
    99     -7.6160  1.00000
   100     -7.4037  1.00000
   101     -6.7368  1.00000
   102     -6.5139  0.00000
   103     -5.6386  0.00000
   104     -5.1484  0.00000
   105     -4.5092  0.00000
   106     -3.9433  0.00000
   107     -3.3305  0.00000
   108     -3.2498  0.00000
   109     -3.2150  0.00000
   110     -2.7184  0.00000
   111     -2.4799  0.00000
   112     -2.2772  0.00000
   113     -2.2227  0.00000
   114     -1.8239  0.00000
   115     -1.5245  0.00000
   116     -1.3084  0.00000
   117     -1.1757  0.00000
   118     -0.8376  0.00000
   119      0.4366  0.00000
   120      0.6827  0.00000
   121      1.7384  0.00000
   122      1.8111  0.00000
   123      2.4972  0.00000
   124      2.6656  0.00000
   125      6.2723  0.00000
   126      6.3720  0.00000
   127      6.8260  0.00000
   128      7.2175  0.00000
   129      7.3186  0.00000
   130      7.4038  0.00000
   131      7.4869  0.00000
   132      7.6238  0.00000
   133      8.4255  0.00000
   134      8.4337  0.00000
   135      8.7195  0.00000
   136      9.1050  0.00000
   137      9.5683  0.00000
   138      9.6679  0.00000
   139      9.7738  0.00000
   140      9.8830  0.00000
   141      9.9456  0.00000
   142     10.3639  0.00000
   143     10.5393  0.00000
   144     11.0251  0.00000
   145     11.2579  0.00000
   146     11.2753  0.00000
   147     11.4871  0.00000
   148     11.5518  0.00000
   149     12.1387  0.00000
   150     12.5311  0.00000
   151     12.6560  0.00000
   152     12.8164  0.00000
   153     13.0500  0.00000
   154     13.2204  0.00000
   155     13.9339  0.00000
   156     14.2516  0.00000
   157     14.7869  0.00000
   158     14.9490  0.00000
   159     15.1322  0.00000
   160     15.2851  0.00000
   161     15.7536  0.00000
   162     15.9674  0.00000
   163     16.0409  0.00000
   164     16.0788  0.00000
   165     16.4019  0.00000
   166     16.5805  0.00000
   167     16.7935  0.00000
   168     16.8404  0.00000
   169     17.4214  0.00000
   170     17.6149  0.00000
   171     17.8887  0.00000
   172     17.9853  0.00000
   173     18.2798  0.00000
   174     18.6284  0.00000
   175     19.2739  0.00000
   176     19.5125  0.00000
   177     19.9113  0.00000
   178     20.0234  0.00000
   179     20.2191  0.00000
   180     20.3500  0.00000
   181     20.6319  0.00000
   182     21.1089  0.00000
   183     21.3385  0.00000
   184     21.4516  0.00000
   185     21.8863  0.00000
   186     21.9402  0.00000
   187     22.4759  0.00000
   188     22.6321  0.00000
   189     22.7881  0.00000
   190     23.4962  0.00000
   191     23.5143  0.00000
   192     23.9961  0.00000
   193     24.0525  0.00000
   194     24.4338  0.00000
   195     25.1775  0.00000
   196     26.2979  0.00000
   197     26.8194  0.00000
   198     27.3821  0.00000
   199     27.9536  0.00000
   200     28.4675  0.00000
   201     28.9522  0.00000
   202     29.2455  0.00000
   203     29.5058  0.00000
   204     30.6084  0.00000

