 Fermi distribution function

Calculation with static geometry


********************************************************************************
 iSCC Total electronic   Diff electronic      SCC error    
   17   -0.86309912E+02   -0.18335825E-07    0.86653591E-06
********************************************************************************

 Total charge:     1.00000000

 Atomic gross charges (e)
 Atom           Charge
    1       0.02494460
    2      -0.04854156
    3       0.02855334
    4      -0.02995130
    5       0.05219909
    6       0.11614203
    7      -0.06877071
    8      -0.04722979
    9       0.02287542
   10       0.12065825
   11      -0.05085919
   12       0.04231729
   13       0.12075050
   14       0.11786012
   15       0.01824161
   16      -0.05503876
   17      -0.06394796
   18       0.11356256
   19      -0.07725342
   20      -0.06863104
   21       0.04642783
   22       0.11856621
   23      -0.06898813
   24       0.09861653
   25       0.11193258
   26       0.11773551
   27       0.04849125
   28      -0.07401310
   29       0.10028150
   30      -0.08250886
   31      -0.05076150
   32       0.10722837
   33      -0.05105782
   34       0.11647256
   35       0.09842097
   36       0.09532704
   37       0.03398595
   38      -0.11141526
   39       0.04753977
   40      -0.10134756
   41       0.05892939
   42       0.09773916
   43      -0.17841568
   44      -0.16285403
   45       0.03777406
   46       0.09500352
   47      -0.08975524
   48       0.07263455
   49       0.07845040
   50       0.07718435
   51       0.04700095
   52      -0.10935823
   53      -0.08523117
   54       0.10236200
   55      -0.13143187
   56      -0.18286602
   57       0.05243974
   58       0.09732434
   59      -0.07804136
   60       0.09770542
   61       0.07225837
   62       0.07756361
   63       0.05244665
   64      -0.08239949
   65       0.10371260
   66      -0.12867876
   67      -0.10810392
   68       0.08648322
   69      -0.09760603
   70       0.07894767
   71       0.10132445
   72       0.07864242


 Atomic net (on-site) populations and hybridisation ratios
 Atom       Population         Hybrid.
    1       2.72254990      0.31936253
    2       2.81186788      0.29703303
    3       2.71991367      0.32002158
    4       2.77855982      0.30536005
    5       2.68853393      0.32786652
    6       0.55323015      0.44676985
    7       2.84611289      0.28847178
    8       2.81338030      0.29665493
    9       2.73061342      0.31734665
   10       0.54794827      0.45205173
   11       2.76474037      0.30881491
   12       2.73217478      0.31695630
   13       0.54571999      0.45428001
   14       0.55043669      0.44956331
   15       2.73909794      0.31522552
   16       2.82566838      0.29358290
   17       2.79276498      0.30180876
   18       0.55793341      0.44206659
   19       2.80922687      0.29769328
   20       2.83439764      0.29140059
   21       2.71253362      0.32186660
   22       0.55005139      0.44994861
   23       2.81490692      0.29627327
   24       0.56696999      0.43303001
   25       0.55495391      0.44504609
   26       0.54961481      0.45038519
   27       2.70154728      0.32461318
   28       2.82295204      0.29426199
   29       0.56802318      0.43197682
   30       2.82450766      0.29387308
   31       2.76518212      0.30870447
   32       0.56219597      0.43780403
   33       2.77482663      0.30629334
   34       0.55250484      0.44749516
   35       0.56842212      0.43157788
   36       0.57330627      0.42669373
   37       2.70869372      0.32282657
   38       2.86612187      0.28346953
   39       2.69936262      0.32515935
   40       2.85447188      0.28638203
   41       2.67032132      0.33241967
   42       0.57253203      0.42746797
   43       2.95506211      0.26123447
   44       2.91430341      0.27142415
   45       2.69456786      0.32635804
   46       0.57596645      0.42403355
   47       2.84732897      0.28816776
   48       2.64749620      0.33812595
   49       0.59090484      0.40909516
   50       0.59251611      0.40748389
   51       2.69641253      0.32589687
   52       2.87703352      0.28074162
   53       2.81683862      0.29579034
   54       0.56457306      0.43542694
   55       2.87414712      0.28146322
   56       2.96226342      0.25943414
   57       2.66527425      0.33368144
   58       0.57459574      0.42540426
   59       2.80781227      0.29804693
   60       0.56581008      0.43418992
   61       0.59565927      0.40434073
   62       0.59098096      0.40901904
   63       2.69132015      0.32716996
   64       2.81769556      0.29557611
   65       0.56034091      0.43965909
   66       2.87899463      0.28025134
   67       2.84386126      0.28903468
   68       0.58291943      0.41708057
   69       2.83527862      0.29118035
   70       0.58747792      0.41252208
   71       0.56233059      0.43766941
   72       0.58505680      0.41494320

Nr. of electrons (up):    102.00000000
Atom populations (up)
 Atom       Population
    1       1.97857544
    2       2.08733828
    3       1.97445133
    4       2.08679633
    5       1.97597973
    6       0.43843812
    7       2.10779982
    8       2.10941069
    9       1.97974559
   10       0.43570864
   11       2.04363028
   12       1.98032785
   13       0.43557969
   14       0.43631135
   15       1.97975685
   16       2.08978786
   17       2.04739220
   18       0.44219795
   19       2.05961516
   20       2.10332044
   21       1.97920092
   22       0.43727307
   23       2.04798037
   24       0.44984178
   25       0.44286408
   26       0.43735651
   27       1.97586436
   28       2.05847925
   29       0.44909908
   30       2.06390348
   31       2.03868995
   32       0.44519201
   33       2.03784002
   34       0.44050867
   35       0.45005652
   36       0.45165426
   37       1.98294038
   38       2.05599557
   39       1.97624062
   40       2.05115042
   41       1.97050292
   42       0.45111449
   43       2.08932581
   44       2.08156361
   45       1.98104548
   46       0.45247217
   47       2.04496508
   48       1.96372444
   49       0.46076810
   50       0.46140052
   51       1.97649095
   52       2.05520370
   53       2.04262161
   54       0.44881413
   55       2.06574657
   56       2.09149715
   57       1.97373779
   58       0.45130879
   59       2.03907453
   60       0.45114697
   61       0.46386900
   62       0.46121705
   63       1.97385014
   64       2.04142085
   65       0.44814070
   66       2.06430297
   67       2.05403013
   68       0.45674608
   69       2.04906855
   70       0.46053185
   71       0.44933897
   72       0.46066401

l-shell populations (up)
 Atom Sh.   l       Population
    1   1   0       0.58851797
    1   2   1       1.39005747
    2   1   0       0.62640425
    2   2   1       1.46093403
    3   1   0       0.58953082
    3   2   1       1.38492051
    4   1   0       0.62366192
    4   2   1       1.46313441
    5   1   0       0.58741229
    5   2   1       1.38856744
    6   1   0       0.43843812
    7   1   0       0.63243613
    7   2   1       1.47536369
    8   1   0       0.62949808
    8   2   1       1.47991261
    9   1   0       0.59067819
    9   2   1       1.38906740
   10   1   0       0.43570864
   11   1   0       0.61026174
   11   2   1       1.43336855
   12   1   0       0.59808503
   12   2   1       1.38224282
   13   1   0       0.43557969
   14   1   0       0.43631135
   15   1   0       0.59225102
   15   2   1       1.38750583
   16   1   0       0.62976532
   16   2   1       1.46002254
   17   1   0       0.61532851
   17   2   1       1.43206370
   18   1   0       0.44219795
   19   1   0       0.61809002
   19   2   1       1.44152514
   20   1   0       0.62868038
   20   2   1       1.47464006
   21   1   0       0.59326901
   21   2   1       1.38593191
   22   1   0       0.43727307
   23   1   0       0.62159393
   23   2   1       1.42638644
   24   1   0       0.44984178
   25   1   0       0.44286408
   26   1   0       0.43735651
   27   1   0       0.59070540
   27   2   1       1.38515896
   28   1   0       0.62134276
   28   2   1       1.43713649
   29   1   0       0.44909908
   30   1   0       0.61990426
   30   2   1       1.44399922
   31   1   0       0.61128723
   31   2   1       1.42740272
   32   1   0       0.44519201
   33   1   0       0.61354386
   33   2   1       1.42429615
   34   1   0       0.44050867
   35   1   0       0.45005652
   36   1   0       0.45165426
   37   1   0       0.58684143
   37   2   1       1.39609895
   38   1   0       0.61742913
   38   2   1       1.43856644
   39   1   0       0.58762361
   39   2   1       1.38861700
   40   1   0       0.61560898
   40   2   1       1.43554145
   41   1   0       0.58280311
   41   2   1       1.38769980
   42   1   0       0.45111449
   43   1   0       0.62246449
   43   2   1       1.46686132
   44   1   0       0.61576951
   44   2   1       1.46579410
   45   1   0       0.58356954
   45   2   1       1.39747594
   46   1   0       0.45247217
   47   1   0       0.62144840
   47   2   1       1.42351667
   48   1   0       0.57934095
   48   2   1       1.38438350
   49   1   0       0.46076810
   50   1   0       0.46140052
   51   1   0       0.58611922
   51   2   1       1.39037172
   52   1   0       0.61983944
   52   2   1       1.43536426
   53   1   0       0.61607808
   53   2   1       1.42654354
   54   1   0       0.44881413
   55   1   0       0.61556312
   55   2   1       1.45018345
   56   1   0       0.62429895
   56   2   1       1.46719819
   57   1   0       0.57884427
   57   2   1       1.39489351
   58   1   0       0.45130879
   59   1   0       0.61680804
   59   2   1       1.42226649
   60   1   0       0.45114697
   61   1   0       0.46386900
   62   1   0       0.46121705
   63   1   0       0.58616904
   63   2   1       1.38768110
   64   1   0       0.61331736
   64   2   1       1.42810349
   65   1   0       0.44814070
   66   1   0       0.61921621
   66   2   1       1.44508677
   67   1   0       0.61724058
   67   2   1       1.43678955
   68   1   0       0.45674608
   69   1   0       0.61715160
   69   2   1       1.43191695
   70   1   0       0.46053185
   71   1   0       0.44933897
   72   1   0       0.46066401

Orbital populations (up)
 Atom Sh.   l   m       Population  Label
    1   1   0   0       0.58851797  s
    1   2   1  -1       0.47881793  p_y
    1   2   1   0       0.45446367  p_z
    1   2   1   1       0.45677587  p_x
    2   1   0   0       0.62640425  s
    2   2   1  -1       0.50556050  p_y
    2   2   1   0       0.46760731  p_z
    2   2   1   1       0.48776622  p_x
    3   1   0   0       0.58953082  s
    3   2   1  -1       0.47574764  p_y
    3   2   1   0       0.45226832  p_z
    3   2   1   1       0.45690455  p_x
    4   1   0   0       0.62366192  s
    4   2   1  -1       0.50385137  p_y
    4   2   1   0       0.46991165  p_z
    4   2   1   1       0.48937138  p_x
    5   1   0   0       0.58741229  s
    5   2   1  -1       0.47280781  p_y
    5   2   1   0       0.45801123  p_z
    5   2   1   1       0.45774840  p_x
    6   1   0   0       0.43843812  s
    7   1   0   0       0.63243613  s
    7   2   1  -1       0.51517309  p_y
    7   2   1   0       0.46817742  p_z
    7   2   1   1       0.49201318  p_x
    8   1   0   0       0.62949808  s
    8   2   1  -1       0.51829284  p_y
    8   2   1   0       0.47271741  p_z
    8   2   1   1       0.48890236  p_x
    9   1   0   0       0.59067819  s
    9   2   1  -1       0.47974423  p_y
    9   2   1   0       0.45468723  p_z
    9   2   1   1       0.45463594  p_x
   10   1   0   0       0.43570864  s
   11   1   0   0       0.61026174  s
   11   2   1  -1       0.48854390  p_y
   11   2   1   0       0.46397884  p_z
   11   2   1   1       0.48084581  p_x
   12   1   0   0       0.59808503  s
   12   2   1  -1       0.47536794  p_y
   12   2   1   0       0.44999319  p_z
   12   2   1   1       0.45688169  p_x
   13   1   0   0       0.43557969  s
   14   1   0   0       0.43631135  s
   15   1   0   0       0.59225102  s
   15   2   1  -1       0.47794697  p_y
   15   2   1   0       0.45342333  p_z
   15   2   1   1       0.45613553  p_x
   16   1   0   0       0.62976532  s
   16   2   1  -1       0.50258693  p_y
   16   2   1   0       0.46833235  p_z
   16   2   1   1       0.48910326  p_x
   17   1   0   0       0.61532851  s
   17   2   1  -1       0.48872190  p_y
   17   2   1   0       0.47373422  p_z
   17   2   1   1       0.46960758  p_x
   18   1   0   0       0.44219795  s
   19   1   0   0       0.61809002  s
   19   2   1  -1       0.49564489  p_y
   19   2   1   0       0.46024550  p_z
   19   2   1   1       0.48563475  p_x
   20   1   0   0       0.62868038  s
   20   2   1  -1       0.51527732  p_y
   20   2   1   0       0.47033694  p_z
   20   2   1   1       0.48902580  p_x
   21   1   0   0       0.59326901  s
   21   2   1  -1       0.47638746  p_y
   21   2   1   0       0.45459050  p_z
   21   2   1   1       0.45495394  p_x
   22   1   0   0       0.43727307  s
   23   1   0   0       0.62159393  s
   23   2   1  -1       0.48587248  p_y
   23   2   1   0       0.47777918  p_z
   23   2   1   1       0.46273479  p_x
   24   1   0   0       0.44984178  s
   25   1   0   0       0.44286408  s
   26   1   0   0       0.43735651  s
   27   1   0   0       0.59070540  s
   27   2   1  -1       0.47437028  p_y
   27   2   1   0       0.44960956  p_z
   27   2   1   1       0.46117912  p_x
   28   1   0   0       0.62134276  s
   28   2   1  -1       0.49079072  p_y
   28   2   1   0       0.46161151  p_z
   28   2   1   1       0.48473426  p_x
   29   1   0   0       0.44909908  s
   30   1   0   0       0.61990426  s
   30   2   1  -1       0.49623093  p_y
   30   2   1   0       0.46235732  p_z
   30   2   1   1       0.48541096  p_x
   31   1   0   0       0.61128723  s
   31   2   1  -1       0.48485545  p_y
   31   2   1   0       0.47908827  p_z
   31   2   1   1       0.46345900  p_x
   32   1   0   0       0.44519201  s
   33   1   0   0       0.61354386  s
   33   2   1  -1       0.48033658  p_y
   33   2   1   0       0.47239232  p_z
   33   2   1   1       0.47156725  p_x
   34   1   0   0       0.44050867  s
   35   1   0   0       0.45005652  s
   36   1   0   0       0.45165426  s
   37   1   0   0       0.58684143  s
   37   2   1  -1       0.48194714  p_y
   37   2   1   0       0.44930178  p_z
   37   2   1   1       0.46485003  p_x
   38   1   0   0       0.61742913  s
   38   2   1  -1       0.49616526  p_y
   38   2   1   0       0.45833305  p_z
   38   2   1   1       0.48406813  p_x
   39   1   0   0       0.58762361  s
   39   2   1  -1       0.47875194  p_y
   39   2   1   0       0.44595320  p_z
   39   2   1   1       0.46391187  p_x
   40   1   0   0       0.61560898  s
   40   2   1  -1       0.49347122  p_y
   40   2   1   0       0.45990539  p_z
   40   2   1   1       0.48216484  p_x
   41   1   0   0       0.58280311  s
   41   2   1  -1       0.47810597  p_y
   41   2   1   0       0.44906668  p_z
   41   2   1   1       0.46052715  p_x
   42   1   0   0       0.45111449  s
   43   1   0   0       0.62246449  s
   43   2   1  -1       0.52516748  p_y
   43   2   1   0       0.45860836  p_z
   43   2   1   1       0.48308548  p_x
   44   1   0   0       0.61576951  s
   44   2   1  -1       0.52332425  p_y
   44   2   1   0       0.45857456  p_z
   44   2   1   1       0.48389529  p_x
   45   1   0   0       0.58356954  s
   45   2   1  -1       0.48421845  p_y
   45   2   1   0       0.44617086  p_z
   45   2   1   1       0.46708663  p_x
   46   1   0   0       0.45247217  s
   47   1   0   0       0.62144840  s
   47   2   1  -1       0.48686338  p_y
   47   2   1   0       0.46030370  p_z
   47   2   1   1       0.47634959  p_x
   48   1   0   0       0.57934095  s
   48   2   1  -1       0.47454636  p_y
   48   2   1   0       0.44690003  p_z
   48   2   1   1       0.46293710  p_x
   49   1   0   0       0.46076810  s
   50   1   0   0       0.46140052  s
   51   1   0   0       0.58611922  s
   51   2   1  -1       0.47738231  p_y
   51   2   1   0       0.44776905  p_z
   51   2   1   1       0.46522037  p_x
   52   1   0   0       0.61983944  s
   52   2   1  -1       0.49398520  p_y
   52   2   1   0       0.45855700  p_z
   52   2   1   1       0.48282206  p_x
   53   1   0   0       0.61607808  s
   53   2   1  -1       0.49221663  p_y
   53   2   1   0       0.46363273  p_z
   53   2   1   1       0.47069417  p_x
   54   1   0   0       0.44881413  s
   55   1   0   0       0.61556312  s
   55   2   1  -1       0.51152009  p_y
   55   2   1   0       0.45983838  p_z
   55   2   1   1       0.47882498  p_x
   56   1   0   0       0.62429895  s
   56   2   1  -1       0.51906546  p_y
   56   2   1   0       0.45750618  p_z
   56   2   1   1       0.49062655  p_x
   57   1   0   0       0.57884427  s
   57   2   1  -1       0.48250092  p_y
   57   2   1   0       0.44544280  p_z
   57   2   1   1       0.46694979  p_x
   58   1   0   0       0.45130879  s
   59   1   0   0       0.61680804  s
   59   2   1  -1       0.48262622  p_y
   59   2   1   0       0.47332369  p_z
   59   2   1   1       0.46631658  p_x
   60   1   0   0       0.45114697  s
   61   1   0   0       0.46386900  s
   62   1   0   0       0.46121705  s
   63   1   0   0       0.58616904  s
   63   2   1  -1       0.47714514  p_y
   63   2   1   0       0.44589238  p_z
   63   2   1   1       0.46464358  p_x
   64   1   0   0       0.61331736  s
   64   2   1  -1       0.49237746  p_y
   64   2   1   0       0.45615328  p_z
   64   2   1   1       0.47957276  p_x
   65   1   0   0       0.44814070  s
   66   1   0   0       0.61921621  s
   66   2   1  -1       0.49919712  p_y
   66   2   1   0       0.46022322  p_z
   66   2   1   1       0.48566643  p_x
   67   1   0   0       0.61724058  s
   67   2   1  -1       0.49429616  p_y
   67   2   1   0       0.47076256  p_z
   67   2   1   1       0.47173083  p_x
   68   1   0   0       0.45674608  s
   69   1   0   0       0.61715160  s
   69   2   1  -1       0.49209531  p_y
   69   2   1   0       0.46424603  p_z
   69   2   1   1       0.47557562  p_x
   70   1   0   0       0.46053185  s
   71   1   0   0       0.44933897  s
   72   1   0   0       0.46066401  s

Nr. of electrons (down):    101.00000000
Atom populations (down)
 Atom       Population
    1       1.99647996
    2       1.96120328
    3       1.99699532
    4       1.94315498
    5       1.97182118
    6       0.44541986
    7       1.96097088
    8       1.93781910
    9       1.99737899
   10       0.44363310
   11       2.00722891
   12       1.97735486
   13       0.44366981
   14       0.44582854
   15       2.00200154
   16       1.96525091
   17       2.01655576
   18       0.44423949
   19       2.01763826
   20       1.96531060
   21       1.97437125
   22       0.44416072
   23       2.02100776
   24       0.45154169
   25       0.44520334
   26       0.44490797
   27       1.97564439
   28       2.01553385
   29       0.45061942
   30       2.01860538
   31       2.01207154
   32       0.44757962
   33       2.01321780
   34       0.44301877
   35       0.45152252
   36       0.45301870
   37       1.98307367
   38       2.05541969
   39       1.97621961
   40       2.05019713
   41       1.97056769
   42       0.45114635
   43       2.08908987
   44       2.08129043
   45       1.98118046
   46       0.45252432
   47       2.04479017
   48       1.96364101
   49       0.46078150
   50       0.46141513
   51       1.97650810
   52       2.05415452
   53       2.04260956
   54       0.44882387
   55       2.06568530
   56       2.09136888
   57       1.97382248
   58       0.45136687
   59       2.03896683
   60       0.45114761
   61       0.46387262
   62       0.46121935
   63       1.97370321
   64       2.04097864
   65       0.44814670
   66       2.06437578
   67       2.05407379
   68       0.45677070
   69       2.04853748
   70       0.46052049
   71       0.44933659
   72       0.46069357

l-shell populations (down)
 Atom Sh.   l       Population
    1   1   0       0.59232972
    1   2   1       1.40415023
    2   1   0       0.62067207
    2   2   1       1.34053121
    3   1   0       0.59418296
    3   2   1       1.40281236
    4   1   0       0.61686218
    4   2   1       1.32629279
    5   1   0       0.58931070
    5   2   1       1.38251048
    6   1   0       0.44541986
    7   1   0       0.62563141
    7   2   1       1.33533947
    8   1   0       0.62132634
    8   2   1       1.31649275
    9   1   0       0.59448047
    9   2   1       1.40289852
   10   1   0       0.44363310
   11   1   0       0.60910024
   11   2   1       1.39812867
   12   1   0       0.60042220
   12   2   1       1.37693265
   13   1   0       0.44366981
   14   1   0       0.44582854
   15   1   0       0.59682617
   15   2   1       1.40517538
   16   1   0       0.62404849
   16   2   1       1.34120241
   17   1   0       0.61475441
   17   2   1       1.40180135
   18   1   0       0.44423949
   19   1   0       0.61660756
   19   2   1       1.40103070
   20   1   0       0.62226765
   20   2   1       1.34304296
   21   1   0       0.59516106
   21   2   1       1.37921019
   22   1   0       0.44416072
   23   1   0       0.62130987
   23   2   1       1.39969789
   24   1   0       0.45154169
   25   1   0       0.44520334
   26   1   0       0.44490797
   27   1   0       0.59307677
   27   2   1       1.38256762
   28   1   0       0.61981657
   28   2   1       1.39571728
   29   1   0       0.45061942
   30   1   0       0.61822013
   30   2   1       1.40038525
   31   1   0       0.61095192
   31   2   1       1.40111962
   32   1   0       0.44757962
   33   1   0       0.61335607
   33   2   1       1.39986173
   34   1   0       0.44301877
   35   1   0       0.45152252
   36   1   0       0.45301870
   37   1   0       0.58686651
   37   2   1       1.39620716
   38   1   0       0.61740128
   38   2   1       1.43801841
   39   1   0       0.58762752
   39   2   1       1.38859209
   40   1   0       0.61556373
   40   2   1       1.43463340
   41   1   0       0.58281598
   41   2   1       1.38775171
   42   1   0       0.45114635
   43   1   0       0.62245540
   43   2   1       1.46663447
   44   1   0       0.61575646
   44   2   1       1.46553397
   45   1   0       0.58360028
   45   2   1       1.39758018
   46   1   0       0.45252432
   47   1   0       0.62143990
   47   2   1       1.42335027
   48   1   0       0.57934036
   48   2   1       1.38430065
   49   1   0       0.46078150
   50   1   0       0.46141513
   51   1   0       0.58612332
   51   2   1       1.39038478
   52   1   0       0.61979033
   52   2   1       1.43436419
   53   1   0       0.61608108
   53   2   1       1.42652848
   54   1   0       0.44882387
   55   1   0       0.61556293
   55   2   1       1.45012236
   56   1   0       0.62429556
   56   2   1       1.46707332
   57   1   0       0.57886815
   57   2   1       1.39495432
   58   1   0       0.45136687
   59   1   0       0.61680415
   59   2   1       1.42216268
   60   1   0       0.45114761
   61   1   0       0.46387262
   62   1   0       0.46121935
   63   1   0       0.58616293
   63   2   1       1.38754029
   64   1   0       0.61329609
   64   2   1       1.42768256
   65   1   0       0.44814670
   66   1   0       0.61922948
   66   2   1       1.44514631
   67   1   0       0.61725446
   67   2   1       1.43681933
   68   1   0       0.45677070
   69   1   0       0.61712552
   69   2   1       1.43141195
   70   1   0       0.46052049
   71   1   0       0.44933659
   72   1   0       0.46069357

Orbital populations (down)
 Atom Sh.   l   m       Population  Label
    1   1   0   0       0.59232972  s
    1   2   1  -1       0.48493336  p_y
    1   2   1   0       0.45978585  p_z
    1   2   1   1       0.45943102  p_x
    2   1   0   0       0.62067207  s
    2   2   1  -1       0.42574588  p_y
    2   2   1   0       0.44865810  p_z
    2   2   1   1       0.46612723  p_x
    3   1   0   0       0.59418296  s
    3   2   1  -1       0.48348018  p_y
    3   2   1   0       0.45880396  p_z
    3   2   1   1       0.46052822  p_x
    4   1   0   0       0.61686218  s
    4   2   1  -1       0.41448518  p_y
    4   2   1   0       0.44798240  p_z
    4   2   1   1       0.46382521  p_x
    5   1   0   0       0.58931070  s
    5   2   1  -1       0.46663431  p_y
    5   2   1   0       0.45918927  p_z
    5   2   1   1       0.45668690  p_x
    6   1   0   0       0.44541986  s
    7   1   0   0       0.62563141  s
    7   2   1  -1       0.42437151  p_y
    7   2   1   0       0.44430590  p_z
    7   2   1   1       0.46666206  p_x
    8   1   0   0       0.62132634  s
    8   2   1  -1       0.40751280  p_y
    8   2   1   0       0.44465626  p_z
    8   2   1   1       0.46432369  p_x
    9   1   0   0       0.59448047  s
    9   2   1  -1       0.48573022  p_y
    9   2   1   0       0.45982021  p_z
    9   2   1   1       0.45734809  p_x
   10   1   0   0       0.44363310  s
   11   1   0   0       0.60910024  s
   11   2   1  -1       0.46406592  p_y
   11   2   1   0       0.45966189  p_z
   11   2   1   1       0.47440086  p_x
   12   1   0   0       0.60042220  s
   12   2   1  -1       0.46874711  p_y
   12   2   1   0       0.45120467  p_z
   12   2   1   1       0.45698088  p_x
   13   1   0   0       0.44366981  s
   14   1   0   0       0.44582854  s
   15   1   0   0       0.59682617  s
   15   2   1  -1       0.48588844  p_y
   15   2   1   0       0.45989613  p_z
   15   2   1   1       0.45939081  p_x
   16   1   0   0       0.62404849  s
   16   2   1  -1       0.42639541  p_y
   16   2   1   0       0.44639012  p_z
   16   2   1   1       0.46841687  p_x
   17   1   0   0       0.61475441  s
   17   2   1  -1       0.46668534  p_y
   17   2   1   0       0.47049128  p_z
   17   2   1   1       0.46462473  p_x
   18   1   0   0       0.44423949  s
   19   1   0   0       0.61660756  s
   19   2   1  -1       0.46850124  p_y
   19   2   1   0       0.45520430  p_z
   19   2   1   1       0.47732516  p_x
   20   1   0   0       0.62226765  s
   20   2   1  -1       0.42566272  p_y
   20   2   1   0       0.45010883  p_z
   20   2   1   1       0.46727140  p_x
   21   1   0   0       0.59516106  s
   21   2   1  -1       0.47003431  p_y
   21   2   1   0       0.45501820  p_z
   21   2   1   1       0.45415769  p_x
   22   1   0   0       0.44416072  s
   23   1   0   0       0.62130987  s
   23   2   1  -1       0.46638938  p_y
   23   2   1   0       0.47436276  p_z
   23   2   1   1       0.45894576  p_x
   24   1   0   0       0.45154169  s
   25   1   0   0       0.44520334  s
   26   1   0   0       0.44490797  s
   27   1   0   0       0.59307677  s
   27   2   1  -1       0.47035248  p_y
   27   2   1   0       0.45181746  p_z
   27   2   1   1       0.46039767  p_x
   28   1   0   0       0.61981657  s
   28   2   1  -1       0.46447516  p_y
   28   2   1   0       0.45516378  p_z
   28   2   1   1       0.47607834  p_x
   29   1   0   0       0.45061942  s
   30   1   0   0       0.61822013  s
   30   2   1  -1       0.46812467  p_y
   30   2   1   0       0.45740694  p_z
   30   2   1   1       0.47485364  p_x
   31   1   0   0       0.61095192  s
   31   2   1  -1       0.46821380  p_y
   31   2   1   0       0.47458142  p_z
   31   2   1   1       0.45832440  p_x
   32   1   0   0       0.44757962  s
   33   1   0   0       0.61335607  s
   33   2   1  -1       0.46486264  p_y
   33   2   1   0       0.46945697  p_z
   33   2   1   1       0.46554212  p_x
   34   1   0   0       0.44301877  s
   35   1   0   0       0.45152252  s
   36   1   0   0       0.45301870  s
   37   1   0   0       0.58686651  s
   37   2   1  -1       0.48200366  p_y
   37   2   1   0       0.44933237  p_z
   37   2   1   1       0.46487113  p_x
   38   1   0   0       0.61740128  s
   38   2   1  -1       0.49574763  p_y
   38   2   1   0       0.45830293  p_z
   38   2   1   1       0.48396785  p_x
   39   1   0   0       0.58762752  s
   39   2   1  -1       0.47872211  p_y
   39   2   1   0       0.44595949  p_z
   39   2   1   1       0.46391049  p_x
   40   1   0   0       0.61556373  s
   40   2   1  -1       0.49276586  p_y
   40   2   1   0       0.45985394  p_z
   40   2   1   1       0.48201360  p_x
   41   1   0   0       0.58281598  s
   41   2   1  -1       0.47812926  p_y
   41   2   1   0       0.44908264  p_z
   41   2   1   1       0.46053981  p_x
   42   1   0   0       0.45114635  s
   43   1   0   0       0.62245540  s
   43   2   1  -1       0.52500647  p_y
   43   2   1   0       0.45859935  p_z
   43   2   1   1       0.48302865  p_x
   44   1   0   0       0.61575646  s
   44   2   1  -1       0.52315685  p_y
   44   2   1   0       0.45856473  p_z
   44   2   1   1       0.48381238  p_x
   45   1   0   0       0.58360028  s
   45   2   1  -1       0.48426502  p_y
   45   2   1   0       0.44620632  p_z
   45   2   1   1       0.46710884  p_x
   46   1   0   0       0.45252432  s
   47   1   0   0       0.62143990  s
   47   2   1  -1       0.48673682  p_y
   47   2   1   0       0.46029540  p_z
   47   2   1   1       0.47631805  p_x
   48   1   0   0       0.57934036  s
   48   2   1  -1       0.47447361  p_y
   48   2   1   0       0.44689907  p_z
   48   2   1   1       0.46292796  p_x
   49   1   0   0       0.46078150  s
   50   1   0   0       0.46141513  s
   51   1   0   0       0.58612332  s
   51   2   1  -1       0.47738845  p_y
   51   2   1   0       0.44777497  p_z
   51   2   1   1       0.46522136  p_x
   52   1   0   0       0.61979033  s
   52   2   1  -1       0.49321239  p_y
   52   2   1   0       0.45850045  p_z
   52   2   1   1       0.48265135  p_x
   53   1   0   0       0.61608108  s
   53   2   1  -1       0.49220097  p_y
   53   2   1   0       0.46363641  p_z
   53   2   1   1       0.47069109  p_x
   54   1   0   0       0.44882387  s
   55   1   0   0       0.61556293  s
   55   2   1  -1       0.51146403  p_y
   55   2   1   0       0.45983634  p_z
   55   2   1   1       0.47882199  p_x
   56   1   0   0       0.62429556  s
   56   2   1  -1       0.51898563  p_y
   56   2   1   0       0.45750451  p_z
   56   2   1   1       0.49058317  p_x
   57   1   0   0       0.57886815  s
   57   2   1  -1       0.48252400  p_y
   57   2   1   0       0.44546358  p_z
   57   2   1   1       0.46696675  p_x
   58   1   0   0       0.45136687  s
   59   1   0   0       0.61680415  s
   59   2   1  -1       0.48254853  p_y
   59   2   1   0       0.47331678  p_z
   59   2   1   1       0.46629737  p_x
   60   1   0   0       0.45114761  s
   61   1   0   0       0.46387262  s
   62   1   0   0       0.46121935  s
   63   1   0   0       0.58616293  s
   63   2   1  -1       0.47704947  p_y
   63   2   1   0       0.44588691  p_z
   63   2   1   1       0.46460391  p_x
   64   1   0   0       0.61329609  s
   64   2   1  -1       0.49206275  p_y
   64   2   1   0       0.45612924  p_z
   64   2   1   1       0.47949057  p_x
   65   1   0   0       0.44814670  s
   66   1   0   0       0.61922948  s
   66   2   1  -1       0.49922770  p_y
   66   2   1   0       0.46023939  p_z
   66   2   1   1       0.48567921  p_x
   67   1   0   0       0.61725446  s
   67   2   1  -1       0.49430854  p_y
   67   2   1   0       0.47076977  p_z
   67   2   1   1       0.47174103  p_x
   68   1   0   0       0.45677070  s
   69   1   0   0       0.61712552  s
   69   2   1  -1       0.49179707  p_y
   69   2   1   0       0.46420845  p_z
   69   2   1   1       0.47540644  p_x
   70   1   0   0       0.46052049  s
   71   1   0   0       0.44933659  s
   72   1   0   0       0.46069357  s

Spin  up
Fermi level:                        -0.2256834908 H           -6.1412 eV
Band energy:                       -48.0823310725 H        -1308.3868 eV
TS:                                  0.0000000000 H            0.0000 eV
Band free energy (E-TS):           -48.0823310725 H        -1308.3868 eV
Extrapolated E(0K):                -48.0823310725 H        -1308.3868 eV
Input / Output electrons (up):    102.0000000001    102.0000000000

Spin  down
Fermi level:                        -0.2434774224 H           -6.6254 eV
Band energy:                       -47.7433032479 H        -1299.1614 eV
TS:                                  0.0000000000 H            0.0000 eV
Band free energy (E-TS):           -47.7433032479 H        -1299.1614 eV
Extrapolated E(0K):                -47.7433032479 H        -1299.1614 eV
Input / Output electrons (down):    100.9999999999    101.0000000000

Energy H0:                         -86.3316659080 H        -2349.2042 eV
Energy SCC:                          0.0232987793 H            0.6340 eV
Energy SPIN:                        -0.0015450433 H           -0.0420 eV
Energy 3rd:                          0.0000002376 H            0.0000 eV
Total Electronic energy:           -86.3099119344 H        -2348.6122 eV
Repulsive energy:                    0.8027847884 H           21.8449 eV
Total energy:                      -85.5071271460 H        -2326.7673 eV
Extrapolated to 0:                 -85.5071271460 H        -2326.7673 eV
Total Mermin free energy:          -85.5071271460 H        -2326.7673 eV
Force related energy:              -85.5071271460 H        -2326.7673 eV

Constraints converged

SCC converged

