 Fermi distribution function

Difference derivative step: 215


********************************************************************************
 iSCC Total electronic   Diff electronic      SCC error    
   13   -0.43287785E+02   -0.21316282E-13    0.18285817E-10
********************************************************************************

 Total charge:    -0.00000000

 Atomic gross charges (e)
 Atom           Charge
    1       0.05264559
    2      -0.13834546
    3       0.05263471
    4      -0.13774025
    5       0.05550723
    6       0.08094874
    7      -0.13832997
    8      -0.13773989
    9       0.05263516
   10       0.08137229
   11      -0.10170154
   12       0.05550164
   13       0.08094302
   14       0.08137225
   15       0.05264534
   16      -0.13833078
   17      -0.07913591
   18       0.07921436
   19      -0.10169360
   20      -0.13834487
   21       0.05550334
   22       0.08094287
   23      -0.07914333
   24       0.07905208
   25       0.07921390
   26       0.08094859
   27       0.05550701
   28      -0.10169269
   29       0.07905511
   30      -0.10170717
   31      -0.07913884
   32       0.07921355
   33      -0.07917256
   34       0.07921334
   35       0.07905416
   36       0.07909257


 Atomic net (on-site) populations and hybridisation ratios
 Atom       Population         Hybrid.
    1       2.69293556      0.32676611
    2       2.89220006      0.27694999
    3       2.69295118      0.32676221
    4       2.89415446      0.27646138
    5       2.69270192      0.32682452
    6       0.58580199      0.41419801
    7       2.89217526      0.27695619
    8       2.89415413      0.27646147
    9       2.69295067      0.32676233
   10       0.58529929      0.41470071
   11       2.83714524      0.29071369
   12       2.69270202      0.32682449
   13       0.58580828      0.41419172
   14       0.58529934      0.41470066
   15       2.69293591      0.32676602
   16       2.89217606      0.27695599
   17       2.80345873      0.29913532
   18       0.58749735      0.41250265
   19       2.83713303      0.29071674
   20       2.89219958      0.27695011
   21       2.69270013      0.32682497
   22       0.58580843      0.41419157
   23       2.80346318      0.29913421
   24       0.58758224      0.41241776
   25       0.58749758      0.41250242
   26       0.58580214      0.41419786
   27       2.69270270      0.32682433
   28       2.83713170      0.29071708
   29       0.58757821      0.41242179
   30       2.83715818      0.29071046
   31       2.80345809      0.29913548
   32       0.58749778      0.41250222
   33       2.80344906      0.29913773
   34       0.58749804      0.41250196
   35       0.58757910      0.41242090
   36       0.58750633      0.41249367

Nr. of electrons (up):    102.00000000
Atom populations (up)
 Atom       Population
    1       3.94735441
    2       4.13834546
    3       3.94736529
    4       4.13774025
    5       3.94449277
    6       0.91905126
    7       4.13832997
    8       4.13773989
    9       3.94736484
   10       0.91862771
   11       4.10170154
   12       3.94449836
   13       0.91905698
   14       0.91862775
   15       3.94735466
   16       4.13833078
   17       4.07913591
   18       0.92078564
   19       4.10169360
   20       4.13834487
   21       3.94449666
   22       0.91905713
   23       4.07914333
   24       0.92094792
   25       0.92078610
   26       0.91905141
   27       3.94449299
   28       4.10169269
   29       0.92094489
   30       4.10170717
   31       4.07913884
   32       0.92078645
   33       4.07917256
   34       0.92078666
   35       0.92094584
   36       0.92090743

l-shell populations (up)
 Atom Sh.   l       Population
    1   1   0       1.17638922
    1   2   1       2.77096519
    2   1   0       1.23872419
    2   2   1       2.89962128
    3   1   0       1.17639051
    3   2   1       2.77097477
    4   1   0       1.23855941
    4   2   1       2.89918084
    5   1   0       1.17673366
    5   2   1       2.76775911
    6   1   0       0.91905126
    7   1   0       1.23871823
    7   2   1       2.89961173
    8   1   0       1.23855946
    8   2   1       2.89918043
    9   1   0       1.17639047
    9   2   1       2.77097437
   10   1   0       0.91862771
   11   1   0       1.23105393
   11   2   1       2.87064761
   12   1   0       1.17672791
   12   2   1       2.76777045
   13   1   0       0.91905698
   14   1   0       0.91862775
   15   1   0       1.17638935
   15   2   1       2.77096531
   16   1   0       1.23871825
   16   2   1       2.89961253
   17   1   0       1.22386254
   17   2   1       2.85527337
   18   1   0       0.92078564
   19   1   0       1.23105066
   19   2   1       2.87064294
   20   1   0       1.23872446
   20   2   1       2.89962041
   21   1   0       1.17672779
   21   2   1       2.76776887
   22   1   0       0.91905713
   23   1   0       1.22386125
   23   2   1       2.85528208
   24   1   0       0.92094792
   25   1   0       0.92078610
   26   1   0       0.91905141
   27   1   0       1.17673373
   27   2   1       2.76775926
   28   1   0       1.23105026
   28   2   1       2.87064242
   29   1   0       0.92094489
   30   1   0       1.23105757
   30   2   1       2.87064960
   31   1   0       1.22385949
   31   2   1       2.85527935
   32   1   0       0.92078645
   33   1   0       1.22384128
   33   2   1       2.85533128
   34   1   0       0.92078666
   35   1   0       0.92094584
   36   1   0       0.92090743

Orbital populations (up)
 Atom Sh.   l   m       Population  Label
    1   1   0   0       1.17638922  s
    1   2   1  -1       0.94770609  p_y
    1   2   1   0       0.90916795  p_z
    1   2   1   1       0.91409115  p_x
    2   1   0   0       1.23872419  s
    2   2   1  -1       1.00407688  p_y
    2   2   1   0       0.94043318  p_z
    2   2   1   1       0.95511121  p_x
    3   1   0   0       1.17639051  s
    3   2   1  -1       0.94733836  p_y
    3   2   1   0       0.90882001  p_z
    3   2   1   1       0.91481641  p_x
    4   1   0   0       1.23855941  s
    4   2   1  -1       1.00414357  p_y
    4   2   1   0       0.93921515  p_z
    4   2   1   1       0.95582212  p_x
    5   1   0   0       1.17673366  s
    5   2   1  -1       0.94675624  p_y
    5   2   1   0       0.90789024  p_z
    5   2   1   1       0.91311263  p_x
    6   1   0   0       0.91905126  s
    7   1   0   0       1.23871823  s
    7   2   1  -1       1.00336846  p_y
    7   2   1   0       0.93965870  p_z
    7   2   1   1       0.95658458  p_x
    8   1   0   0       1.23855946  s
    8   2   1  -1       1.00414355  p_y
    8   2   1   0       0.93921504  p_z
    8   2   1   1       0.95582184  p_x
    9   1   0   0       1.17639047  s
    9   2   1  -1       0.94733826  p_y
    9   2   1   0       0.90881992  p_z
    9   2   1   1       0.91481618  p_x
   10   1   0   0       0.91862771  s
   11   1   0   0       1.23105393  s
   11   2   1  -1       0.98715519  p_y
   11   2   1   0       0.93540795  p_z
   11   2   1   1       0.94808448  p_x
   12   1   0   0       1.17672791  s
   12   2   1  -1       0.94575382  p_y
   12   2   1   0       0.90683612  p_z
   12   2   1   1       0.91518050  p_x
   13   1   0   0       0.91905698  s
   14   1   0   0       0.91862775  s
   15   1   0   0       1.17638935  s
   15   2   1  -1       0.94770604  p_y
   15   2   1   0       0.90916812  p_z
   15   2   1   1       0.91409115  p_x
   16   1   0   0       1.23871825  s
   16   2   1  -1       1.00336923  p_y
   16   2   1   0       0.93965888  p_z
   16   2   1   1       0.95658441  p_x
   17   1   0   0       1.22386254  s
   17   2   1  -1       0.97351971  p_y
   17   2   1   0       0.94341543  p_z
   17   2   1   1       0.93833823  p_x
   18   1   0   0       0.92078564  s
   19   1   0   0       1.23105066  s
   19   2   1  -1       0.98575633  p_y
   19   2   1   0       0.93395924  p_z
   19   2   1   1       0.95092738  p_x
   20   1   0   0       1.23872446  s
   20   2   1  -1       1.00407553  p_y
   20   2   1   0       0.94043447  p_z
   20   2   1   1       0.95511041  p_x
   21   1   0   0       1.17672779  s
   21   2   1  -1       0.94575284  p_y
   21   2   1   0       0.90683587  p_z
   21   2   1   1       0.91518016  p_x
   22   1   0   0       0.91905713  s
   23   1   0   0       1.22386125  s
   23   2   1  -1       0.97739650  p_y
   23   2   1   0       0.94759564  p_z
   23   2   1   1       0.93028994  p_x
   24   1   0   0       0.92094792  s
   25   1   0   0       0.92078610  s
   26   1   0   0       0.91905141  s
   27   1   0   0       1.17673373  s
   27   2   1  -1       0.94675439  p_y
   27   2   1   0       0.90789172  p_z
   27   2   1   1       0.91311315  p_x
   28   1   0   0       1.23105026  s
   28   2   1  -1       0.98575594  p_y
   28   2   1   0       0.93395979  p_z
   28   2   1   1       0.95092669  p_x
   29   1   0   0       0.92094489  s
   30   1   0   0       1.23105757  s
   30   2   1  -1       0.98715647  p_y
   30   2   1   0       0.93540997  p_z
   30   2   1   1       0.94808316  p_x
   31   1   0   0       1.22385949  s
   31   2   1  -1       0.97739318  p_y
   31   2   1   0       0.94759576  p_z
   31   2   1   1       0.93029041  p_x
   32   1   0   0       0.92078645  s
   33   1   0   0       1.22384128  s
   33   2   1  -1       0.97352686  p_y
   33   2   1   0       0.94345641  p_z
   33   2   1   1       0.93834801  p_x
   34   1   0   0       0.92078666  s
   35   1   0   0       0.92094584  s
   36   1   0   0       0.92090743  s

Fermi level:                        -0.1589199633 H           -4.3244 eV
Band energy:                       -41.8974446380 H        -1140.0875 eV
TS:                                  0.0000000000 H            0.0000 eV
Band free energy (E-TS):           -41.8974446380 H        -1140.0875 eV
Extrapolated E(0K):                -41.8974446380 H        -1140.0875 eV
Input / Output electrons (q):    102.0000000000    102.0000000000

Energy H0:                         -43.2941813301 H        -1178.0946 eV
Energy SCC:                          0.0067383681 H            0.1834 eV
Energy 3rd:                         -0.0003420163 H           -0.0093 eV
Total Electronic energy:           -43.2877849783 H        -1177.9206 eV
Repulsive energy:                    0.4008726393 H           10.9083 eV
Total energy:                      -42.8869123390 H        -1167.0123 eV
Extrapolated to 0:                 -42.8869123390 H        -1167.0123 eV
Total Mermin free energy:          -42.8869123390 H        -1167.0123 eV
Force related energy:              -42.8869123390 H        -1167.0123 eV

Non-constrained calculation

SCC converged

Total Forces
    1      0.000004078151      0.000000576649      0.000002298155
    2      0.000003709709      0.000001038537      0.000001731238
    3      0.000003236775     -0.000001345130      0.000001212340
    4      0.000000710869      0.000001393649      0.000002884447
    5      0.000003797686      0.000004652679      0.000003814192
    6      0.000001818142     -0.000004519150     -0.000005588266
    7      0.000002345889     -0.000001372891      0.000002117811
    8     -0.000000736361     -0.000001405427     -0.000002865092
    9     -0.000003239821      0.000001324782     -0.000001203225
   10     -0.000000714563      0.000000970896      0.000009180421
   11      0.000001965834      0.000002475802      0.000002419427
   12      0.000003718469      0.000004439766      0.000004041403
   13     -0.000002134640     -0.000009718634      0.000001706965
   14      0.000000702789     -0.000001025779     -0.000009173179
   15     -0.000003921351     -0.000000476422     -0.000002133813
   16     -0.000002277958      0.000001559650     -0.000002067993
   17     -0.000003069421     -0.000003070901      0.000000290041
   18      0.000002676693      0.000003252361      0.000002037092
   19      0.000001300301      0.000004806361      0.000004826491
   20     -0.000004190075     -0.000000969473     -0.000001511214
   21     -0.000003510851     -0.000004345412     -0.000004066984
   22      0.000002148627      0.000009812491     -0.000001629616
   23     -0.000002141746     -0.000000952008      0.000001739164
   24     -0.000007648114     -0.000009469681     -0.000003623080
   25      0.000001772968      0.000006837425      0.000007777858
   26     -0.000001881933      0.000004415474      0.000005561737
   27     -0.000003425766     -0.000007417622     -0.000003541744
   28     -0.000001096930     -0.000005778300     -0.000005388918
   29     -0.000003615596     -0.000004221449      0.000000272984
   30     -0.000011958437     -0.000001103998      0.000004941819
   31      0.000004118294      0.000000981671     -0.000004158400
   32     -0.000001637128     -0.000006837857     -0.000007961215
   33     -0.000058683852     -0.000000358684      0.000088051908
   34     -0.000002570332     -0.000002058398     -0.000002508545
   35      0.000003914795      0.000004420003     -0.000000398085
   36      0.000076438885      0.000013489024     -0.000089086127

Maximal derivative component:        0.890861E-04 au
Max force for moved atoms::          0.890861E-04 au

Dipole moment:    0.00005434    0.00001845   -0.00005449 au
Dipole moment:    0.00013813    0.00004689   -0.00013850 Debye

Second derivatives completed

 Born charges/dipole derivatives wrt. atom positions (e)
Atom 1
   -0.022132    0.025921    0.024406
    0.023730    0.012332    0.060172
    0.029123    0.057616   -0.100175
Atom 2
    0.085392   -0.057645   -0.115314
   -0.082807   -0.063569   -0.070361
   -0.062545   -0.096819    0.132766
Atom 3
   -0.042149    0.021363    0.055292
    0.023578    0.022071    0.039753
    0.050489    0.042092   -0.090132
Atom 4
    0.078791   -0.075634   -0.069286
   -0.075721   -0.050797   -0.103764
   -0.069236   -0.103695    0.154981
Atom 5
    0.020883    0.013267    0.008539
    0.015250    0.015424    0.068662
    0.004668    0.070478   -0.098500
Atom 6
   -0.073819    0.062313    0.032299
    0.075078    0.030052    0.028062
    0.005452    0.041546   -0.012734
Atom 7
    0.051155   -0.086562   -0.017457
   -0.061459   -0.047163   -0.127852
   -0.070359   -0.101468    0.150902
Atom 8
    0.078791   -0.075634   -0.069285
   -0.075721   -0.050797   -0.103763
   -0.069236   -0.103695    0.154980
Atom 9
   -0.042149    0.021363    0.055293
    0.023578    0.022070    0.039755
    0.050489    0.042093   -0.090132
Atom 10
   -0.059598    0.065997    0.009648
    0.066031    0.028645    0.041629
    0.009651    0.041590   -0.016832
Atom 11
    0.118935   -0.012334   -0.207880
   -0.080043   -0.044849   -0.035589
   -0.064953   -0.107210    0.194398
Atom 12
   -0.032909    0.009108    0.074664
    0.007062    0.041441    0.022249
    0.078536    0.020355   -0.071017
Atom 13
   -0.057836    0.076818   -0.015574
    0.064088    0.022376    0.056052
    0.011287    0.042552   -0.021042
Atom 14
   -0.059599    0.065997    0.009648
    0.066030    0.028645    0.041629
    0.009651    0.041590   -0.016832
Atom 15
   -0.022131    0.025921    0.024405
    0.023730    0.012332    0.060171
    0.029123    0.057615   -0.100175
Atom 16
    0.051155   -0.086560   -0.017457
   -0.061459   -0.047164   -0.127853
   -0.070360   -0.101469    0.150903
Atom 17
    0.137893   -0.098660   -0.021773
   -0.081819   -0.047881    0.020548
   -0.057526    0.038519   -0.099053
Atom 18
   -0.107907    0.065984    0.058869
    0.095504    0.023373    0.016930
   -0.003340    0.048217   -0.019428
Atom 19
    0.040469   -0.089088    0.037275
   -0.021260   -0.006926   -0.177849
   -0.105657   -0.106106    0.235095
Atom 20
    0.085392   -0.057644   -0.115314
   -0.082807   -0.063569   -0.070362
   -0.062545   -0.096819    0.132765
Atom 21
   -0.032909    0.009108    0.074664
    0.007063    0.041442    0.022249
    0.078537    0.020355   -0.071019
Atom 22
   -0.057836    0.076817   -0.015574
    0.064088    0.022377    0.056053
    0.011287    0.042552   -0.021042
Atom 23
    0.031478   -0.093908    0.081181
   -0.110751    0.003387   -0.057228
    0.117040   -0.075071   -0.044090
Atom 24
   -0.084984    0.033949    0.102514
    0.031125    0.045705    0.037576
    0.108446    0.034588   -0.109606
Atom 25
   -0.075967    0.099162   -0.044966
    0.069638    0.007925    0.076884
    0.017296    0.045703   -0.035903
Atom 26
   -0.073819    0.062312    0.032299
    0.075078    0.030052    0.028062
    0.005451    0.041547   -0.012734
Atom 27
    0.020883    0.013267    0.008539
    0.015250    0.015424    0.068663
    0.004668    0.070478   -0.098499
Atom 28
    0.040470   -0.089087    0.037274
   -0.021260   -0.006925   -0.177850
   -0.105658   -0.106107    0.235095
Atom 29
   -0.007695    0.039948    0.007560
    0.042777    0.008455    0.104123
    0.001628    0.107114   -0.149627
Atom 30
    0.118935   -0.012333   -0.207880
   -0.080043   -0.044849   -0.035589
   -0.064953   -0.107210    0.194397
Atom 31
    0.031478   -0.093907    0.081180
   -0.110751    0.003388   -0.057229
    0.117039   -0.075072   -0.044091
Atom 32
   -0.075967    0.099161   -0.044965
    0.069637    0.007924    0.076885
    0.017296    0.045703   -0.035903
Atom 33
    0.137893   -0.098661   -0.021773
   -0.081819   -0.047881    0.020550
   -0.057526    0.038519   -0.099052
Atom 34
   -0.107907    0.065984    0.058869
    0.095504    0.023373    0.016930
   -0.003340    0.048217   -0.019428
Atom 35
   -0.007695    0.039947    0.007560
    0.042777    0.008454    0.104123
    0.001629    0.107115   -0.149626
Atom 36
   -0.084984    0.033949    0.102514
    0.031125    0.045705    0.037577
    0.108446    0.034588   -0.109606
