 KPT            1  SPIN            1  KWEIGHT    1.0000000000000000     
     1    -19.3304  2.00000
     2    -19.0811  2.00000
     3    -19.0694  2.00000
     4    -18.8256  2.00000
     5    -18.5433  2.00000
     6    -18.3520  2.00000
     7    -17.8568  2.00000
     8    -17.6113  2.00000
     9    -17.3811  2.00000
    10    -17.1158  2.00000
    11    -17.0972  2.00000
    12    -16.9850  2.00000
    13    -16.8459  2.00000
    14    -16.7731  2.00000
    15    -16.5667  2.00000
    16    -16.3526  2.00000
    17    -16.1333  2.00000
    18    -15.9590  2.00000
    19    -15.8609  2.00000
    20    -15.5846  2.00000
    21    -14.9578  2.00000
    22    -14.7073  2.00000
    23    -14.3363  2.00000
    24    -14.1554  2.00000
    25    -13.3763  2.00000
    26    -13.3361  2.00000
    27    -13.2072  2.00000
    28    -13.1041  2.00000
    29    -12.7632  2.00000
    30    -12.5491  2.00000
    31    -12.5161  2.00000
    32    -12.4217  2.00000
    33    -12.3543  2.00000
    34    -12.2687  2.00000
    35    -12.2329  2.00000
    36    -12.1601  2.00000
    37    -11.1272  2.00000
    38    -10.9508  2.00000
    39    -10.6367  2.00000
    40    -10.5711  2.00000
    41    -10.3846  2.00000
    42    -10.3445  2.00000
    43    -10.0969  2.00000
    44    -10.0611  2.00000
    45     -9.9356  2.00000
    46     -9.8651  2.00000
    47     -9.7838  2.00000
    48     -9.7588  2.00000
    49     -9.5608  2.00000
    50     -9.4170  2.00000
    51     -9.4023  2.00000
    52     -9.3567  2.00000
    53     -9.2655  2.00000
    54     -9.2157  2.00000
    55     -9.1396  2.00000
    56     -9.0714  2.00000
    57     -9.0497  2.00000
    58     -9.0422  2.00000
    59     -8.8909  2.00000
    60     -8.8500  2.00000
    61     -8.8035  2.00000
    62     -8.7144  2.00000
    63     -8.6179  2.00000
    64     -8.5812  2.00000
    65     -8.5347  2.00000
    66     -8.4556  2.00000
    67     -8.4321  2.00000
    68     -8.3893  2.00000
    69     -8.3525  2.00000
    70     -8.2923  2.00000
    71     -8.2590  2.00000
    72     -8.1972  2.00000
    73     -8.1146  2.00000
    74     -8.0183  2.00000
    75     -7.9027  2.00000
    76     -7.8143  2.00000
    77     -7.7193  2.00000
    78     -7.5958  2.00000
    79     -7.5526  2.00000
    80     -7.5198  2.00000
    81     -7.4106  2.00000
    82     -7.3740  2.00000
    83     -7.2977  2.00000
    84     -7.1958  2.00000
    85     -7.1480  2.00000
    86     -7.1194  2.00000
    87     -7.0176  2.00000
    88     -6.9771  2.00000
    89     -6.9577  2.00000
    90     -6.8559  2.00000
    91     -6.7119  2.00000
    92     -6.6784  2.00000
    93     -6.6114  2.00000
    94     -6.4813  2.00000
    95     -6.4613  2.00000
    96     -6.2476  2.00000
    97     -6.0033  2.00000
    98     -5.8167  2.00000
    99     -5.6961  2.00000
   100     -5.3965  2.00000
   101     -4.6598  2.00000
   102     -4.4428  2.00000
   103     -3.2745  0.00000
   104     -3.1723  0.00000
   105     -2.0869  0.00000
   106     -2.0641  0.00000
   107     -1.3793  0.00000
   108     -1.1934  0.00000
   109     -0.9509  0.00000
   110     -0.7854  0.00000
   111     -0.4232  0.00000
   112     -0.3008  0.00000
   113      0.0403  0.00000
   114      0.0698  0.00000
   115      0.7193  0.00000
   116      0.7580  0.00000
   117      1.0256  0.00000
   118      1.1016  0.00000
   119      2.4695  0.00000
   120      2.6066  0.00000
   121      3.6893  0.00000
   122      3.7738  0.00000
   123      4.4926  0.00000
   124      4.5676  0.00000
   125      7.2011  0.00000
   126      7.9939  0.00000
   127      8.2089  0.00000
   128      8.4705  0.00000
   129      8.5228  0.00000
   130      8.9172  0.00000
   131      9.4463  0.00000
   132      9.5595  0.00000
   133     10.1207  0.00000
   134     10.5897  0.00000
   135     10.6149  0.00000
   136     11.3354  0.00000
   137     11.5123  0.00000
   138     11.6153  0.00000
   139     11.6433  0.00000
   140     11.9711  0.00000
   141     12.0050  0.00000
   142     12.3652  0.00000
   143     12.7224  0.00000
   144     12.8482  0.00000
   145     13.1383  0.00000
   146     13.1647  0.00000
   147     13.1781  0.00000
   148     13.4212  0.00000
   149     13.9002  0.00000
   150     14.6854  0.00000
   151     14.6918  0.00000
   152     15.1789  0.00000
   153     15.9420  0.00000
   154     16.0537  0.00000
   155     16.2655  0.00000
   156     16.2994  0.00000
   157     16.5448  0.00000
   158     16.7908  0.00000
   159     16.9550  0.00000
   160     17.4856  0.00000
   161     17.7742  0.00000
   162     18.0101  0.00000
   163     18.0570  0.00000
   164     18.1356  0.00000
   165     18.3026  0.00000
   166     18.3755  0.00000
   167     18.7843  0.00000
   168     19.1497  0.00000
   169     19.5058  0.00000
   170     19.6874  0.00000
   171     20.3723  0.00000
   172     20.6152  0.00000
   173     20.7266  0.00000
   174     21.4521  0.00000
   175     21.5659  0.00000
   176     22.2306  0.00000
   177     22.3983  0.00000
   178     22.5315  0.00000
   179     22.5703  0.00000
   180     22.9835  0.00000
   181     23.1311  0.00000
   182     23.3386  0.00000
   183     23.5220  0.00000
   184     23.7355  0.00000
   185     24.6992  0.00000
   186     24.7603  0.00000
   187     25.2184  0.00000
   188     25.8417  0.00000
   189     26.0866  0.00000
   190     26.1638  0.00000
   191     26.1971  0.00000
   192     26.4579  0.00000
   193     26.9031  0.00000
   194     26.9838  0.00000
   195     27.6044  0.00000
   196     28.1239  0.00000
   197     28.4167  0.00000
   198     29.2734  0.00000
   199     30.2177  0.00000
   200     31.1333  0.00000
   201     31.6414  0.00000
   202     31.7457  0.00000
   203     31.8542  0.00000
   204     35.3073  0.00000

