 Fermi distribution function

Calculation with static geometry


********************************************************************************
 iSCC Total electronic   Diff electronic      SCC error    
   12   -0.86566840E+02   -0.92919095E-09    0.82582571E-05
********************************************************************************

 Total charge:    -0.00000000

 Atomic gross charges (e)
 Atom           Charge
    1       0.02377688
    2      -0.11972765
    3       0.04644377
    4      -0.12757630
    5       0.03672344
    6       0.10715451
    7      -0.15699200
    8      -0.14599300
    9       0.03210474
   10       0.10478025
   11      -0.10314411
   12       0.05271130
   13       0.11171477
   14       0.09162973
   15       0.03486997
   16      -0.13554774
   17      -0.10390174
   18       0.11136679
   19      -0.10129312
   20      -0.13589860
   21       0.04569886
   22       0.10356110
   23      -0.06780073
   24       0.07989096
   25       0.08450990
   26       0.09062439
   27       0.04213627
   28      -0.09107738
   29       0.04489098
   30      -0.11485966
   31      -0.10605285
   32       0.09799408
   33      -0.09496177
   34       0.11435902
   35       0.07044163
   36       0.07481555
   37       0.04282617
   38      -0.15724476
   39       0.03059396
   40      -0.13223722
   41       0.03956952
   42       0.10648474
   43      -0.13544264
   44      -0.13356533
   45       0.04383245
   46       0.09259760
   47      -0.08809667
   48       0.04951519
   49       0.10554229
   50       0.10892929
   51       0.04362636
   52      -0.14548927
   53      -0.09369649
   54       0.10274123
   55      -0.10658681
   56      -0.15407074
   57       0.04224453
   58       0.09186696
   59      -0.09874148
   60       0.08209721
   61       0.08219938
   62       0.11518282
   63       0.06328818
   64      -0.11790765
   65       0.06661340
   66      -0.09104877
   67      -0.09306586
   68       0.07748135
   69      -0.11721703
   70       0.11383120
   71       0.08506001
   72       0.08091464


 Atomic net (on-site) populations and hybridisation ratios
 Atom       Population         Hybrid.
    1       2.74479165      0.31380209
    2       2.86860058      0.28284986
    3       2.69432457      0.32641886
    4       2.87789390      0.28052653
    5       2.71105587      0.32223603
    6       0.56264585      0.43735415
    7       2.89175425      0.27706144
    8       2.90924227      0.27268943
    9       2.71995404      0.32001149
   10       0.55979827      0.44020173
   11       2.84439231      0.28890192
   12       2.68728927      0.32817768
   13       0.54823296      0.45176704
   14       0.57923113      0.42076887
   15       2.71983519      0.32004120
   16       2.89267841      0.27683040
   17       2.82290186      0.29427453
   18       0.54657851      0.45342149
   19       2.79781711      0.30054572
   20       2.88300596      0.27924851
   21       2.69907603      0.32523099
   22       0.56241422      0.43758578
   23       2.79157935      0.30210516
   24       0.58325116      0.41674884
   25       0.58250528      0.41749472
   26       0.58027016      0.41972984
   27       2.71574238      0.32106441
   28       2.82989659      0.29252585
   29       0.64298706      0.35701294
   30       2.84999964      0.28750009
   31       2.84484383      0.28878904
   32       0.57378997      0.42621003
   33       2.82174814      0.29456297
   34       0.54229182      0.45770818
   35       0.60491219      0.39508781
   36       0.59076496      0.40923504
   37       2.71511899      0.32122025
   38       2.94798251      0.26300437
   39       2.73534677      0.31616331
   40       2.87593927      0.28101518
   41       2.72020638      0.31994840
   42       0.56164701      0.43835299
   43       2.89163963      0.27709009
   44       2.90629783      0.27342554
   45       2.70040008      0.32489998
   46       0.58279180      0.41720820
   47       2.81386951      0.29653262
   48       2.70939696      0.32265076
   49       0.56398923      0.43601077
   50       0.56068103      0.43931897
   51       2.71140559      0.32214860
   52       2.90207933      0.27448017
   53       2.82157985      0.29460504
   54       0.56704906      0.43295094
   55       2.83598496      0.29100376
   56       2.93493530      0.26626617
   57       2.71040844      0.32239789
   58       0.57714139      0.42285861
   59       2.82894122      0.29276470
   60       0.59023439      0.40976561
   61       0.58809386      0.41190614
   62       0.54875905      0.45124095
   63       2.67875988      0.33031003
   64       2.86175723      0.28456069
   65       0.60756869      0.39243131
   66       2.83803293      0.29049177
   67       2.81321429      0.29669643
   68       0.58906586      0.41093414
   69       2.84314305      0.28921424
   70       0.55301424      0.44698576
   71       0.58590881      0.41409119
   72       0.57969553      0.42030447

Nr. of electrons (up):    204.00000000
Atom populations (up)
 Atom       Population
    1       3.97622312
    2       4.11972765
    3       3.95355623
    4       4.12757630
    5       3.96327656
    6       0.89284549
    7       4.15699200
    8       4.14599300
    9       3.96789526
   10       0.89521975
   11       4.10314411
   12       3.94728870
   13       0.88828523
   14       0.90837027
   15       3.96513003
   16       4.13554774
   17       4.10390174
   18       0.88863321
   19       4.10129312
   20       4.13589860
   21       3.95430114
   22       0.89643890
   23       4.06780073
   24       0.92010904
   25       0.91549010
   26       0.90937561
   27       3.95786373
   28       4.09107738
   29       0.95510902
   30       4.11485966
   31       4.10605285
   32       0.90200592
   33       4.09496177
   34       0.88564098
   35       0.92955837
   36       0.92518445
   37       3.95717383
   38       4.15724476
   39       3.96940604
   40       4.13223722
   41       3.96043048
   42       0.89351526
   43       4.13544264
   44       4.13356533
   45       3.95616755
   46       0.90740240
   47       4.08809667
   48       3.95048481
   49       0.89445771
   50       0.89107071
   51       3.95637364
   52       4.14548927
   53       4.09369649
   54       0.89725877
   55       4.10658681
   56       4.15407074
   57       3.95775547
   58       0.90813304
   59       4.09874148
   60       0.91790279
   61       0.91780062
   62       0.88481718
   63       3.93671182
   64       4.11790765
   65       0.93338660
   66       4.09104877
   67       4.09306586
   68       0.92251865
   69       4.11721703
   70       0.88616880
   71       0.91493999
   72       0.91908536

l-shell populations (up)
 Atom Sh.   l       Population
    1   1   0       1.19209622
    1   2   1       2.78412690
    2   1   0       1.24004074
    2   2   1       2.87968691
    3   1   0       1.17378120
    3   2   1       2.77977503
    4   1   0       1.23808122
    4   2   1       2.88949508
    5   1   0       1.17721998
    5   2   1       2.78605659
    6   1   0       0.89284549
    7   1   0       1.22854536
    7   2   1       2.92844663
    8   1   0       1.24085525
    8   2   1       2.90513775
    9   1   0       1.18287202
    9   2   1       2.78502324
   10   1   0       0.89521975
   11   1   0       1.23597328
   11   2   1       2.86717083
   12   1   0       1.16634142
   12   2   1       2.78094728
   13   1   0       0.88828523
   14   1   0       0.90837027
   15   1   0       1.18319563
   15   2   1       2.78193440
   16   1   0       1.24169209
   16   2   1       2.89385565
   17   1   0       1.21969445
   17   2   1       2.88420730
   18   1   0       0.88863321
   19   1   0       1.20645479
   19   2   1       2.89483833
   20   1   0       1.23568924
   20   2   1       2.90020936
   21   1   0       1.17374332
   21   2   1       2.78055782
   22   1   0       0.89643890
   23   1   0       1.21577020
   23   2   1       2.85203053
   24   1   0       0.92010904
   25   1   0       0.91549010
   26   1   0       0.90937561
   27   1   0       1.18298122
   27   2   1       2.77488251
   28   1   0       1.23305239
   28   2   1       2.85802499
   29   1   0       0.95510902
   30   1   0       1.23631364
   30   2   1       2.87854602
   31   1   0       1.23047981
   31   2   1       2.87557304
   32   1   0       0.90200592
   33   1   0       1.22530302
   33   2   1       2.86965875
   34   1   0       0.88564098
   35   1   0       0.92955837
   36   1   0       0.92518445
   37   1   0       1.18651741
   37   2   1       2.77065643
   38   1   0       1.26364723
   38   2   1       2.89359753
   39   1   0       1.19205771
   39   2   1       2.77734832
   40   1   0       1.23229532
   40   2   1       2.89994190
   41   1   0       1.18725324
   41   2   1       2.77317724
   42   1   0       0.89351526
   43   1   0       1.24472242
   43   2   1       2.89072022
   44   1   0       1.25250242
   44   2   1       2.88106291
   45   1   0       1.17520947
   45   2   1       2.78095808
   46   1   0       0.90740240
   47   1   0       1.22670931
   47   2   1       2.86138736
   48   1   0       1.18178972
   48   2   1       2.76869509
   49   1   0       0.89445771
   50   1   0       0.89107071
   51   1   0       1.18422101
   51   2   1       2.77215264
   52   1   0       1.24101546
   52   2   1       2.90447381
   53   1   0       1.22666753
   53   2   1       2.86702896
   54   1   0       0.89725877
   55   1   0       1.22736157
   55   2   1       2.87922523
   56   1   0       1.25699416
   56   2   1       2.89707658
   57   1   0       1.17949755
   57   2   1       2.77825792
   58   1   0       0.90813304
   59   1   0       1.22503421
   59   2   1       2.87370727
   60   1   0       0.91790279
   61   1   0       0.91780062
   62   1   0       0.88481718
   63   1   0       1.17398103
   63   2   1       2.76273079
   64   1   0       1.23533462
   64   2   1       2.88257302
   65   1   0       0.93338660
   66   1   0       1.23970385
   66   2   1       2.85134492
   67   1   0       1.22523155
   67   2   1       2.86783431
   68   1   0       0.92251865
   69   1   0       1.22084389
   69   2   1       2.89637314
   70   1   0       0.88616880
   71   1   0       0.91493999
   72   1   0       0.91908536

Orbital populations (up)
 Atom Sh.   l   m       Population  Label
    1   1   0   0       1.19209622  s
    1   2   1  -1       0.96040481  p_y
    1   2   1   0       0.90628700  p_z
    1   2   1   1       0.91743510  p_x
    2   1   0   0       1.24004074  s
    2   2   1  -1       0.98402232  p_y
    2   2   1   0       0.94271392  p_z
    2   2   1   1       0.95295067  p_x
    3   1   0   0       1.17378120  s
    3   2   1  -1       0.95275998  p_y
    3   2   1   0       0.91594377  p_z
    3   2   1   1       0.91107128  p_x
    4   1   0   0       1.23808122  s
    4   2   1  -1       1.00204703  p_y
    4   2   1   0       0.93088442  p_z
    4   2   1   1       0.95656363  p_x
    5   1   0   0       1.17721998  s
    5   2   1  -1       0.94952961  p_y
    5   2   1   0       0.92497480  p_z
    5   2   1   1       0.91155218  p_x
    6   1   0   0       0.89284549  s
    7   1   0   0       1.22854536  s
    7   2   1  -1       1.00311752  p_y
    7   2   1   0       0.95385839  p_z
    7   2   1   1       0.97147073  p_x
    8   1   0   0       1.24085525  s
    8   2   1  -1       1.01774869  p_y
    8   2   1   0       0.93135205  p_z
    8   2   1   1       0.95603700  p_x
    9   1   0   0       1.18287202  s
    9   2   1  -1       0.95753348  p_y
    9   2   1   0       0.91368745  p_z
    9   2   1   1       0.91380231  p_x
   10   1   0   0       0.89521975  s
   11   1   0   0       1.23597328  s
   11   2   1  -1       0.98507042  p_y
   11   2   1   0       0.92001911  p_z
   11   2   1   1       0.96208129  p_x
   12   1   0   0       1.16634142  s
   12   2   1  -1       0.96489655  p_y
   12   2   1   0       0.91094448  p_z
   12   2   1   1       0.90510625  p_x
   13   1   0   0       0.88828523  s
   14   1   0   0       0.90837027  s
   15   1   0   0       1.18319563  s
   15   2   1  -1       0.95355479  p_y
   15   2   1   0       0.90849417  p_z
   15   2   1   1       0.91988544  p_x
   16   1   0   0       1.24169209  s
   16   2   1  -1       0.99399292  p_y
   16   2   1   0       0.93418310  p_z
   16   2   1   1       0.96567964  p_x
   17   1   0   0       1.21969445  s
   17   2   1  -1       1.00430435  p_y
   17   2   1   0       0.94093225  p_z
   17   2   1   1       0.93897069  p_x
   18   1   0   0       0.88863321  s
   19   1   0   0       1.20645479  s
   19   2   1  -1       0.99485907  p_y
   19   2   1   0       0.93758986  p_z
   19   2   1   1       0.96238941  p_x
   20   1   0   0       1.23568924  s
   20   2   1  -1       1.00981130  p_y
   20   2   1   0       0.93352987  p_z
   20   2   1   1       0.95686818  p_x
   21   1   0   0       1.17374332  s
   21   2   1  -1       0.94262873  p_y
   21   2   1   0       0.92682793  p_z
   21   2   1   1       0.91110116  p_x
   22   1   0   0       0.89643890  s
   23   1   0   0       1.21577020  s
   23   2   1  -1       0.99071031  p_y
   23   2   1   0       0.92986666  p_z
   23   2   1   1       0.93145356  p_x
   24   1   0   0       0.92010904  s
   25   1   0   0       0.91549010  s
   26   1   0   0       0.90937561  s
   27   1   0   0       1.18298122  s
   27   2   1  -1       0.95401805  p_y
   27   2   1   0       0.91510784  p_z
   27   2   1   1       0.90575662  p_x
   28   1   0   0       1.23305239  s
   28   2   1  -1       0.97750687  p_y
   28   2   1   0       0.94991009  p_z
   28   2   1   1       0.93060804  p_x
   29   1   0   0       0.95510902  s
   30   1   0   0       1.23631364  s
   30   2   1  -1       0.97021217  p_y
   30   2   1   0       0.94572209  p_z
   30   2   1   1       0.96261176  p_x
   31   1   0   0       1.23047981  s
   31   2   1  -1       1.00967459  p_y
   31   2   1   0       0.94507091  p_z
   31   2   1   1       0.92082754  p_x
   32   1   0   0       0.90200592  s
   33   1   0   0       1.22530302  s
   33   2   1  -1       0.99258206  p_y
   33   2   1   0       0.95191497  p_z
   33   2   1   1       0.92516172  p_x
   34   1   0   0       0.88564098  s
   35   1   0   0       0.92955837  s
   36   1   0   0       0.92518445  s
   37   1   0   0       1.18651741  s
   37   2   1  -1       0.93119844  p_y
   37   2   1   0       0.90829875  p_z
   37   2   1   1       0.93115924  p_x
   38   1   0   0       1.26364723  s
   38   2   1  -1       0.99752096  p_y
   38   2   1   0       0.93150598  p_z
   38   2   1   1       0.96457059  p_x
   39   1   0   0       1.19205771  s
   39   2   1  -1       0.95449707  p_y
   39   2   1   0       0.91185982  p_z
   39   2   1   1       0.91099144  p_x
   40   1   0   0       1.23229532  s
   40   2   1  -1       1.00752029  p_y
   40   2   1   0       0.92169908  p_z
   40   2   1   1       0.97072254  p_x
   41   1   0   0       1.18725324  s
   41   2   1  -1       0.95327677  p_y
   41   2   1   0       0.89376529  p_z
   41   2   1   1       0.92613518  p_x
   42   1   0   0       0.89351526  s
   43   1   0   0       1.24472242  s
   43   2   1  -1       0.99231260  p_y
   43   2   1   0       0.93963531  p_z
   43   2   1   1       0.95877231  p_x
   44   1   0   0       1.25250242  s
   44   2   1  -1       0.99974614  p_y
   44   2   1   0       0.92282057  p_z
   44   2   1   1       0.95849620  p_x
   45   1   0   0       1.17520947  s
   45   2   1  -1       0.96526946  p_y
   45   2   1   0       0.90083062  p_z
   45   2   1   1       0.91485800  p_x
   46   1   0   0       0.90740240  s
   47   1   0   0       1.22670931  s
   47   2   1  -1       0.98273123  p_y
   47   2   1   0       0.92884997  p_z
   47   2   1   1       0.94980615  p_x
   48   1   0   0       1.18178972  s
   48   2   1  -1       0.94479802  p_y
   48   2   1   0       0.90161479  p_z
   48   2   1   1       0.92228229  p_x
   49   1   0   0       0.89445771  s
   50   1   0   0       0.89107071  s
   51   1   0   0       1.18422101  s
   51   2   1  -1       0.96038912  p_y
   51   2   1   0       0.89972578  p_z
   51   2   1   1       0.91203774  p_x
   52   1   0   0       1.24101546  s
   52   2   1  -1       1.00079552  p_y
   52   2   1   0       0.93149165  p_z
   52   2   1   1       0.97218664  p_x
   53   1   0   0       1.22666753  s
   53   2   1  -1       0.98652412  p_y
   53   2   1   0       0.94495662  p_z
   53   2   1   1       0.93554822  p_x
   54   1   0   0       0.89725877  s
   55   1   0   0       1.22736157  s
   55   2   1  -1       0.99547714  p_y
   55   2   1   0       0.93018811  p_z
   55   2   1   1       0.95355998  p_x
   56   1   0   0       1.25699416  s
   56   2   1  -1       1.00535445  p_y
   56   2   1   0       0.92346033  p_z
   56   2   1   1       0.96826180  p_x
   57   1   0   0       1.17949755  s
   57   2   1  -1       0.95802277  p_y
   57   2   1   0       0.89215093  p_z
   57   2   1   1       0.92808422  p_x
   58   1   0   0       0.90813304  s
   59   1   0   0       1.22503421  s
   59   2   1  -1       0.99321530  p_y
   59   2   1   0       0.94765550  p_z
   59   2   1   1       0.93283647  p_x
   60   1   0   0       0.91790279  s
   61   1   0   0       0.91780062  s
   62   1   0   0       0.88481718  s
   63   1   0   0       1.17398103  s
   63   2   1  -1       0.94863544  p_y
   63   2   1   0       0.90969807  p_z
   63   2   1   1       0.90439729  p_x
   64   1   0   0       1.23533462  s
   64   2   1  -1       1.01555829  p_y
   64   2   1   0       0.92434177  p_z
   64   2   1   1       0.94267296  p_x
   65   1   0   0       0.93338660  s
   66   1   0   0       1.23970385  s
   66   2   1  -1       0.98397172  p_y
   66   2   1   0       0.92629308  p_z
   66   2   1   1       0.94108012  p_x
   67   1   0   0       1.22523155  s
   67   2   1  -1       0.99260791  p_y
   67   2   1   0       0.93779690  p_z
   67   2   1   1       0.93742950  p_x
   68   1   0   0       0.92251865  s
   69   1   0   0       1.22084389  s
   69   2   1  -1       1.00877941  p_y
   69   2   1   0       0.93433557  p_z
   69   2   1   1       0.95325816  p_x
   70   1   0   0       0.88616880  s
   71   1   0   0       0.91493999  s
   72   1   0   0       0.91908536  s

Fermi level:                        -0.1418040574 H           -3.8587 eV
Band energy:                       -80.6998815080 H        -2195.9555 eV
TS:                                  0.0000000000 H            0.0000 eV
Band free energy (E-TS):           -80.6998815080 H        -2195.9555 eV
Extrapolated E(0K):                -80.6998815080 H        -2195.9555 eV
Input / Output electrons (q):    204.0000000000    204.0000000000

Energy H0:                         -86.5598806772 H        -2355.4142 eV
Energy SCC:                         -0.0061280733 H           -0.1668 eV
Energy 3rd:                         -0.0008307991 H           -0.0226 eV
Total Electronic energy:           -86.5668395496 H        -2355.6036 eV
Repulsive energy:                    0.8606506379 H           23.4195 eV
Total energy:                      -85.7061889117 H        -2332.1841 eV
Extrapolated to 0:                 -85.7061889117 H        -2332.1841 eV
Total Mermin free energy:          -85.7061889117 H        -2332.1841 eV
Force related energy:              -85.7061889117 H        -2332.1841 eV

Non-constrained calculation

SCC converged

