 Fermi distribution function

Calculation with static geometry


********************************************************************************
 iSCC Total electronic   Diff electronic      SCC error    
   15   -0.86311176E+02   -0.53469662E-07    0.53472531E-05
********************************************************************************

 Total charge:     1.00000000

 Atomic gross charges (e)
 Atom           Charge
    1       0.03629840
    2      -0.10179639
    3       0.04057949
    4      -0.10347361
    5       0.03777002
    6       0.11070077
    7      -0.17952988
    8      -0.17594881
    9       0.03300628
   10       0.11872376
   11      -0.07280584
   12       0.05435038
   13       0.08017804
   14       0.07811057
   15       0.04837964
   16      -0.10333176
   17      -0.10080640
   18       0.10902656
   19      -0.13724184
   20      -0.18196689
   21       0.03830501
   22       0.10104119
   23      -0.07999396
   24       0.08278030
   25       0.08329613
   26       0.08779609
   27       0.05617996
   28      -0.08209005
   29       0.08433852
   30      -0.12542869
   31      -0.09612765
   32       0.09236009
   33      -0.07375044
   34       0.07496777
   35       0.09381915
   36       0.07220247
   37       0.02091575
   38      -0.04713607
   39       0.02326546
   40      -0.03390983
   41       0.05001666
   42       0.12347069
   43      -0.07950524
   44      -0.04923969
   45       0.02378000
   46       0.12149348
   47      -0.05737879
   48       0.03855165
   49       0.12250334
   50       0.12224160
   51       0.02459164
   52      -0.05429436
   53      -0.05171328
   54       0.12917011
   55      -0.09357910
   56      -0.07101311
   57       0.04546646
   58       0.11620591
   59      -0.05532400
   60       0.10505517
   61       0.09220810
   62       0.11976838
   63       0.05343396
   64      -0.07557358
   65       0.10009512
   66      -0.07216887
   67      -0.06402786
   68       0.10354228
   69      -0.05569273
   70       0.11622200
   71       0.11227156
   72       0.09636880


 Atomic net (on-site) populations and hybridisation ratios
 Atom       Population         Hybrid.
    1       2.71302621      0.32174345
    2       2.85787235      0.28553191
    3       2.72355662      0.31911084
    4       2.87276966      0.28180759
    5       2.71329393      0.32167652
    6       0.56051348      0.43948652
    7       2.94019154      0.26495211
    8       2.94523288      0.26369178
    9       2.71330648      0.32167338
   10       0.55016253      0.44983747
   11       2.82007600      0.29498100
   12       2.70431077      0.32392231
   13       0.58455125      0.41544875
   14       0.59059014      0.40940986
   15       2.70165950      0.32458512
   16       2.86112723      0.28471819
   17       2.82199457      0.29450136
   18       0.56194448      0.43805552
   19       2.88282802      0.27929299
   20       2.94102911      0.26474272
   21       2.71536182      0.32115955
   22       0.57117676      0.42882324
   23       2.81036950      0.29740763
   24       0.58425882      0.41574118
   25       0.58018424      0.41981576
   26       0.57506211      0.42493789
   27       2.69881146      0.32529713
   28       2.83076970      0.29230758
   29       0.58678608      0.41321392
   30       2.86835102      0.28291224
   31       2.82670544      0.29332364
   32       0.57766546      0.42233454
   33       2.80814670      0.29796332
   34       0.59477976      0.40522024
   35       0.57133476      0.42866524
   36       0.59892128      0.40107872
   37       2.72737563      0.31815609
   38       2.80334325      0.29916419
   39       2.73174549      0.31706363
   40       2.78155565      0.30461109
   41       2.69596230      0.32600942
   42       0.54344437      0.45655563
   43       2.83999469      0.29000133
   44       2.80548958      0.29862760
   45       2.72467220      0.31883195
   46       0.54290133      0.45709867
   47       2.79433451      0.30141637
   48       2.71802102      0.32049475
   49       0.53710307      0.46289693
   50       0.54478478      0.45521522
   51       2.72310804      0.31922299
   52       2.80840667      0.29789833
   53       2.78230769      0.30442308
   54       0.53410910      0.46589090
   55       2.83882785      0.29029304
   56       2.83302839      0.29174290
   57       2.69673621      0.32581595
   58       0.55169246      0.44830754
   59       2.78843178      0.30289206
   60       0.56074891      0.43925109
   61       0.57252216      0.42747784
   62       0.55056379      0.44943621
   63       2.67950732      0.33012317
   64       2.81475969      0.29631008
   65       0.56607559      0.43392441
   66       2.79929070      0.30017732
   67       2.79118597      0.30220351
   68       0.56285144      0.43714856
   69       2.78736577      0.30315856
   70       0.55506860      0.44493140
   71       0.55116531      0.44883469
   72       0.57257399      0.42742601

Nr. of electrons (up):    102.00000000
Atom populations (up)
 Atom       Population
    1       1.98175610
    2       2.05141589
    3       1.97968681
    4       2.05246362
    5       1.98109248
    6       0.44462050
    7       2.09001878
    8       2.08829189
    9       1.98339788
   10       0.44059705
   11       2.03658231
   12       1.97289081
   13       0.45989670
   14       0.46092669
   15       1.97578544
   16       2.05218830
   17       2.05044343
   18       0.44547638
   19       2.06872814
   20       2.09121163
   21       1.98080205
   22       0.44945006
   23       2.04016262
   24       0.45860788
   25       0.45834422
   26       0.45609033
   27       1.97196916
   28       2.04126700
   29       0.45782215
   30       2.06279032
   31       2.04806171
   32       0.45380765
   33       2.03708597
   34       0.46251938
   35       0.45309150
   36       0.46388755
   37       1.98115662
   38       2.08232820
   39       1.97602244
   40       2.08779743
   41       1.97803355
   42       0.43505818
   43       2.11535649
   44       2.11326390
   45       1.97939357
   46       0.43547238
   47       2.04975510
   48       1.97773637
   49       0.43480178
   50       0.43400246
   51       1.97684879
   52       2.08607182
   53       2.04439092
   54       0.43427847
   55       2.07379869
   56       2.10340264
   57       1.97813880
   58       0.43866618
   59       2.03636041
   60       0.44645471
   61       0.45240454
   62       0.43630384
   63       1.97425834
   64       2.06043002
   65       0.44947457
   66       2.05608330
   67       2.04380710
   68       0.44697920
   69       2.04350429
   70       0.44077178
   71       0.44322341
   72       0.45093934

l-shell populations (up)
 Atom Sh.   l       Population
    1   1   0       0.59144860
    1   2   1       1.39030750
    2   1   0       0.62151164
    2   2   1       1.42990424
    3   1   0       0.59512259
    3   2   1       1.38456423
    4   1   0       0.62546263
    4   2   1       1.42700099
    5   1   0       0.59041918
    5   2   1       1.39067330
    6   1   0       0.44462050
    7   1   0       0.62135216
    7   2   1       1.46866662
    8   1   0       0.62323743
    8   2   1       1.46505446
    9   1   0       0.58994627
    9   2   1       1.39345161
   10   1   0       0.44059705
   11   1   0       0.61984697
   11   2   1       1.41673534
   12   1   0       0.59249881
   12   2   1       1.38039200
   13   1   0       0.45989670
   14   1   0       0.46092669
   15   1   0       0.59007311
   15   2   1       1.38571233
   16   1   0       0.62097632
   16   2   1       1.43121197
   17   1   0       0.61126277
   17   2   1       1.43918066
   18   1   0       0.44547638
   19   1   0       0.61930644
   19   2   1       1.44942170
   20   1   0       0.62070711
   20   2   1       1.47050452
   21   1   0       0.59148067
   21   2   1       1.38932138
   22   1   0       0.44945006
   23   1   0       0.61503137
   23   2   1       1.42513125
   24   1   0       0.45860788
   25   1   0       0.45834422
   26   1   0       0.45609033
   27   1   0       0.59081101
   27   2   1       1.38115815
   28   1   0       0.61926418
   28   2   1       1.42200281
   29   1   0       0.45782215
   30   1   0       0.61744084
   30   2   1       1.44534947
   31   1   0       0.61525506
   31   2   1       1.43280666
   32   1   0       0.45380765
   33   1   0       0.61516468
   33   2   1       1.42192129
   34   1   0       0.46251938
   35   1   0       0.45309150
   36   1   0       0.46388755
   37   1   0       0.58872132
   37   2   1       1.39243530
   38   1   0       0.62515788
   38   2   1       1.45717031
   39   1   0       0.59037948
   39   2   1       1.38564295
   40   1   0       0.62295604
   40   2   1       1.46484138
   41   1   0       0.58885600
   41   2   1       1.38917755
   42   1   0       0.43505818
   43   1   0       0.62791895
   43   2   1       1.48743754
   44   1   0       0.62663342
   44   2   1       1.48663048
   45   1   0       0.58789104
   45   2   1       1.39150253
   46   1   0       0.43547238
   47   1   0       0.61844440
   47   2   1       1.43131070
   48   1   0       0.59179123
   48   2   1       1.38594514
   49   1   0       0.43480178
   50   1   0       0.43400246
   51   1   0       0.58797366
   51   2   1       1.38887512
   52   1   0       0.62373545
   52   2   1       1.46233637
   53   1   0       0.61633621
   53   2   1       1.42805471
   54   1   0       0.43427847
   55   1   0       0.62026626
   55   2   1       1.45353243
   56   1   0       0.62655439
   56   2   1       1.47684825
   57   1   0       0.58631952
   57   2   1       1.39181928
   58   1   0       0.43866618
   59   1   0       0.61698380
   59   2   1       1.41937662
   60   1   0       0.44645471
   61   1   0       0.45240454
   62   1   0       0.43630384
   63   1   0       0.58363923
   63   2   1       1.39061911
   64   1   0       0.61814255
   64   2   1       1.44228747
   65   1   0       0.44947457
   66   1   0       0.61451749
   66   2   1       1.44156581
   67   1   0       0.61651159
   67   2   1       1.42729551
   68   1   0       0.44697920
   69   1   0       0.61565322
   69   2   1       1.42785107
   70   1   0       0.44077178
   71   1   0       0.44322341
   72   1   0       0.45093934

Orbital populations (up)
 Atom Sh.   l   m       Population  Label
    1   1   0   0       0.59144860  s
    1   2   1  -1       0.47518925  p_y
    1   2   1   0       0.45847626  p_z
    1   2   1   1       0.45664199  p_x
    2   1   0   0       0.62151164  s
    2   2   1  -1       0.48664103  p_y
    2   2   1   0       0.46324037  p_z
    2   2   1   1       0.48002285  p_x
    3   1   0   0       0.59512259  s
    3   2   1  -1       0.47518576  p_y
    3   2   1   0       0.45249953  p_z
    3   2   1   1       0.45687894  p_x
    4   1   0   0       0.62546263  s
    4   2   1  -1       0.48802827  p_y
    4   2   1   0       0.46219884  p_z
    4   2   1   1       0.47677388  p_x
    5   1   0   0       0.59041918  s
    5   2   1  -1       0.47572424  p_y
    5   2   1   0       0.45897871  p_z
    5   2   1   1       0.45597035  p_x
    6   1   0   0       0.44462050  s
    7   1   0   0       0.62135216  s
    7   2   1  -1       0.51784954  p_y
    7   2   1   0       0.46792176  p_z
    7   2   1   1       0.48289532  p_x
    8   1   0   0       0.62323743  s
    8   2   1  -1       0.52089519  p_y
    8   2   1   0       0.46851549  p_z
    8   2   1   1       0.47564379  p_x
    9   1   0   0       0.58994627  s
    9   2   1  -1       0.47784317  p_y
    9   2   1   0       0.45797397  p_z
    9   2   1   1       0.45763447  p_x
   10   1   0   0       0.44059705  s
   11   1   0   0       0.61984697  s
   11   2   1  -1       0.48362492  p_y
   11   2   1   0       0.46015219  p_z
   11   2   1   1       0.47295823  p_x
   12   1   0   0       0.59249881  s
   12   2   1  -1       0.47414497  p_y
   12   2   1   0       0.44565006  p_z
   12   2   1   1       0.46059698  p_x
   13   1   0   0       0.45989670  s
   14   1   0   0       0.46092669  s
   15   1   0   0       0.59007311  s
   15   2   1  -1       0.47599346  p_y
   15   2   1   0       0.45350593  p_z
   15   2   1   1       0.45621293  p_x
   16   1   0   0       0.62097632  s
   16   2   1  -1       0.48848636  p_y
   16   2   1   0       0.46266966  p_z
   16   2   1   1       0.48005595  p_x
   17   1   0   0       0.61126277  s
   17   2   1  -1       0.49279923  p_y
   17   2   1   0       0.47458716  p_z
   17   2   1   1       0.47179426  p_x
   18   1   0   0       0.44547638  s
   19   1   0   0       0.61930644  s
   19   2   1  -1       0.50697796  p_y
   19   2   1   0       0.46425729  p_z
   19   2   1   1       0.47818645  p_x
   20   1   0   0       0.62070711  s
   20   2   1  -1       0.51886951  p_y
   20   2   1   0       0.47237730  p_z
   20   2   1   1       0.47925771  p_x
   21   1   0   0       0.59148067  s
   21   2   1  -1       0.47675608  p_y
   21   2   1   0       0.45316890  p_z
   21   2   1   1       0.45939640  p_x
   22   1   0   0       0.44945006  s
   23   1   0   0       0.61503137  s
   23   2   1  -1       0.48792750  p_y
   23   2   1   0       0.46958901  p_z
   23   2   1   1       0.46761473  p_x
   24   1   0   0       0.45860788  s
   25   1   0   0       0.45834422  s
   26   1   0   0       0.45609033  s
   27   1   0   0       0.59081101  s
   27   2   1  -1       0.47315157  p_y
   27   2   1   0       0.44564115  p_z
   27   2   1   1       0.46236543  p_x
   28   1   0   0       0.61926418  s
   28   2   1  -1       0.48888751  p_y
   28   2   1   0       0.45816868  p_z
   28   2   1   1       0.47494662  p_x
   29   1   0   0       0.45782215  s
   30   1   0   0       0.61744084  s
   30   2   1  -1       0.50648065  p_y
   30   2   1   0       0.46120321  p_z
   30   2   1   1       0.47766562  p_x
   31   1   0   0       0.61525506  s
   31   2   1  -1       0.48538266  p_y
   31   2   1   0       0.47420429  p_z
   31   2   1   1       0.47321971  p_x
   32   1   0   0       0.45380765  s
   33   1   0   0       0.61516468  s
   33   2   1  -1       0.48128015  p_y
   33   2   1   0       0.47019055  p_z
   33   2   1   1       0.47045058  p_x
   34   1   0   0       0.46251938  s
   35   1   0   0       0.45309150  s
   36   1   0   0       0.46388755  s
   37   1   0   0       0.58872132  s
   37   2   1  -1       0.48246628  p_y
   37   2   1   0       0.45263417  p_z
   37   2   1   1       0.45733485  p_x
   38   1   0   0       0.62515788  s
   38   2   1  -1       0.49853100  p_y
   38   2   1   0       0.46984022  p_z
   38   2   1   1       0.48879909  p_x
   39   1   0   0       0.59037948  s
   39   2   1  -1       0.47769929  p_y
   39   2   1   0       0.44952838  p_z
   39   2   1   1       0.45841529  p_x
   40   1   0   0       0.62295604  s
   40   2   1  -1       0.50431270  p_y
   40   2   1   0       0.47007817  p_z
   40   2   1   1       0.49045052  p_x
   41   1   0   0       0.58885600  s
   41   2   1  -1       0.47852532  p_y
   41   2   1   0       0.45336729  p_z
   41   2   1   1       0.45728494  p_x
   42   1   0   0       0.43505818  s
   43   1   0   0       0.62791895  s
   43   2   1  -1       0.52479269  p_y
   43   2   1   0       0.46881008  p_z
   43   2   1   1       0.49383477  p_x
   44   1   0   0       0.62663342  s
   44   2   1  -1       0.52590722  p_y
   44   2   1   0       0.46800971  p_z
   44   2   1   1       0.49271355  p_x
   45   1   0   0       0.58789104  s
   45   2   1  -1       0.47949666  p_y
   45   2   1   0       0.45293627  p_z
   45   2   1   1       0.45906960  p_x
   46   1   0   0       0.43547238  s
   47   1   0   0       0.61844440  s
   47   2   1  -1       0.48516492  p_y
   47   2   1   0       0.46729009  p_z
   47   2   1   1       0.47885570  p_x
   48   1   0   0       0.59179123  s
   48   2   1  -1       0.47228053  p_y
   48   2   1   0       0.45509072  p_z
   48   2   1   1       0.45857389  p_x
   49   1   0   0       0.43480178  s
   50   1   0   0       0.43400246  s
   51   1   0   0       0.58797366  s
   51   2   1  -1       0.47933367  p_y
   51   2   1   0       0.44792105  p_z
   51   2   1   1       0.46162040  p_x
   52   1   0   0       0.62373545  s
   52   2   1  -1       0.50836269  p_y
   52   2   1   0       0.46584964  p_z
   52   2   1   1       0.48812404  p_x
   53   1   0   0       0.61633621  s
   53   2   1  -1       0.48971215  p_y
   53   2   1   0       0.46840258  p_z
   53   2   1   1       0.46993998  p_x
   54   1   0   0       0.43427847  s
   55   1   0   0       0.62026626  s
   55   2   1  -1       0.50369506  p_y
   55   2   1   0       0.46530571  p_z
   55   2   1   1       0.48453166  p_x
   56   1   0   0       0.62655439  s
   56   2   1  -1       0.51698205  p_y
   56   2   1   0       0.46673885  p_z
   56   2   1   1       0.49312736  p_x
   57   1   0   0       0.58631952  s
   57   2   1  -1       0.47842015  p_y
   57   2   1   0       0.45222085  p_z
   57   2   1   1       0.46117828  p_x
   58   1   0   0       0.43866618  s
   59   1   0   0       0.61698380  s
   59   2   1  -1       0.48141448  p_y
   59   2   1   0       0.47706935  p_z
   59   2   1   1       0.46089279  p_x
   60   1   0   0       0.44645471  s
   61   1   0   0       0.45240454  s
   62   1   0   0       0.43630384  s
   63   1   0   0       0.58363923  s
   63   2   1  -1       0.47660831  p_y
   63   2   1   0       0.45062377  p_z
   63   2   1   1       0.46338703  p_x
   64   1   0   0       0.61814255  s
   64   2   1  -1       0.50023201  p_y
   64   2   1   0       0.46180905  p_z
   64   2   1   1       0.48024640  p_x
   65   1   0   0       0.44947457  s
   66   1   0   0       0.61451749  s
   66   2   1  -1       0.49356080  p_y
   66   2   1   0       0.46507083  p_z
   66   2   1   1       0.48293419  p_x
   67   1   0   0       0.61651159  s
   67   2   1  -1       0.48234628  p_y
   67   2   1   0       0.47857740  p_z
   67   2   1   1       0.46637182  p_x
   68   1   0   0       0.44697920  s
   69   1   0   0       0.61565322  s
   69   2   1  -1       0.48947594  p_y
   69   2   1   0       0.46636425  p_z
   69   2   1   1       0.47201087  p_x
   70   1   0   0       0.44077178  s
   71   1   0   0       0.44322341  s
   72   1   0   0       0.45093934  s

Nr. of electrons (down):    101.00000000
Atom populations (down)
 Atom       Population
    1       1.98194551
    2       2.05038050
    3       1.97973369
    4       2.05100999
    5       1.98113750
    6       0.44467872
    7       2.08951110
    8       2.08765692
    9       1.98359584
   10       0.44067918
   11       2.03622354
   12       1.97275880
   13       0.45992527
   14       0.46096274
   15       1.97583492
   16       2.05114346
   17       2.05036296
   18       0.44549706
   19       2.06851370
   20       2.09075526
   21       1.98089295
   22       0.44950875
   23       2.03983134
   24       0.45861182
   25       0.45835965
   26       0.45611358
   27       1.97185088
   28       2.04082305
   29       0.45783933
   30       2.06263837
   31       2.04806593
   32       0.45383226
   33       2.03666447
   34       0.46251285
   35       0.45308935
   36       0.46390998
   37       1.99792762
   38       1.96480787
   39       2.00071211
   40       1.94611241
   41       1.97194978
   42       0.44147113
   43       1.96414875
   44       1.93597579
   45       1.99682643
   46       0.44303414
   47       2.00762369
   48       1.98371198
   49       0.44269487
   50       0.44375595
   51       1.99855958
   52       1.96822254
   53       2.00732236
   54       0.43655142
   55       2.01978041
   56       1.96761047
   57       1.97639474
   58       0.44512791
   59       2.01896359
   60       0.44849012
   61       0.45538736
   62       0.44392778
   63       1.97230770
   64       2.01514356
   65       0.45043031
   66       2.01608557
   67       2.02022076
   68       0.44947851
   69       2.01218844
   70       0.44300622
   71       0.44450503
   72       0.45269186

l-shell populations (down)
 Atom Sh.   l       Population
    1   1   0       0.59148657
    1   2   1       1.39045893
    2   1   0       0.62146256
    2   2   1       1.42891794
    3   1   0       0.59513697
    3   2   1       1.38459672
    4   1   0       0.62539258
    4   2   1       1.42561741
    5   1   0       0.59043984
    5   2   1       1.39069767
    6   1   0       0.44467872
    7   1   0       0.62132708
    7   2   1       1.46818402
    8   1   0       0.62320139
    8   2   1       1.46445553
    9   1   0       0.58998476
    9   2   1       1.39361108
   10   1   0       0.44067918
   11   1   0       0.61983137
   11   2   1       1.41639217
   12   1   0       0.59250193
   12   2   1       1.38025687
   13   1   0       0.45992527
   14   1   0       0.46096274
   15   1   0       0.59008572
   15   2   1       1.38574920
   16   1   0       0.62092644
   16   2   1       1.43021702
   17   1   0       0.61126769
   17   2   1       1.43909527
   18   1   0       0.44549706
   19   1   0       0.61929361
   19   2   1       1.44922009
   20   1   0       0.62068804
   20   2   1       1.47006722
   21   1   0       0.59150447
   21   2   1       1.38938847
   22   1   0       0.44950875
   23   1   0       0.61502000
   23   2   1       1.42481134
   24   1   0       0.45861182
   25   1   0       0.45835965
   26   1   0       0.45611358
   27   1   0       0.59081158
   27   2   1       1.38103930
   28   1   0       0.61924311
   28   2   1       1.42157994
   29   1   0       0.45783933
   30   1   0       0.61743535
   30   2   1       1.44520302
   31   1   0       0.61526610
   31   2   1       1.43279983
   32   1   0       0.45383226
   33   1   0       0.61514709
   33   2   1       1.42151738
   34   1   0       0.46251285
   35   1   0       0.45308935
   36   1   0       0.46390998
   37   1   0       0.59234447
   37   2   1       1.40558315
   38   1   0       0.61982085
   38   2   1       1.34498702
   39   1   0       0.59525676
   39   2   1       1.40545534
   40   1   0       0.61631440
   40   2   1       1.32979800
   41   1   0       0.59050281
   41   2   1       1.38144698
   42   1   0       0.44147113
   43   1   0       0.62077637
   43   2   1       1.34337238
   44   1   0       0.61817705
   44   2   1       1.31779874
   45   1   0       0.59149826
   45   2   1       1.40532817
   46   1   0       0.44303414
   47   1   0       0.61710573
   47   2   1       1.39051796
   48   1   0       0.59465501
   48   2   1       1.38905697
   49   1   0       0.44269487
   50   1   0       0.44375595
   51   1   0       0.59257913
   51   2   1       1.40598045
   52   1   0       0.61829969
   52   2   1       1.34992285
   53   1   0       0.61544079
   53   2   1       1.39188157
   54   1   0       0.43655142
   55   1   0       0.61800349
   55   2   1       1.40177692
   56   1   0       0.62030831
   56   2   1       1.34730215
   57   1   0       0.58827373
   57   2   1       1.38812102
   58   1   0       0.44512791
   59   1   0       0.61735222
   59   2   1       1.40161137
   60   1   0       0.44849012
   61   1   0       0.45538736
   62   1   0       0.44392778
   63   1   0       0.58574781
   63   2   1       1.38655989
   64   1   0       0.61639838
   64   2   1       1.39874518
   65   1   0       0.45043031
   66   1   0       0.61317268
   66   2   1       1.40291289
   67   1   0       0.61640079
   67   2   1       1.40381997
   68   1   0       0.44947851
   69   1   0       0.61506924
   69   2   1       1.39711919
   70   1   0       0.44300622
   71   1   0       0.44450503
   72   1   0       0.45269186

Orbital populations (down)
 Atom Sh.   l   m       Population  Label
    1   1   0   0       0.59148657  s
    1   2   1  -1       0.47525968  p_y
    1   2   1   0       0.45852791  p_z
    1   2   1   1       0.45667134  p_x
    2   1   0   0       0.62146256  s
    2   2   1  -1       0.48598697  p_y
    2   2   1   0       0.46308352  p_z
    2   2   1   1       0.47984745  p_x
    3   1   0   0       0.59513697  s
    3   2   1  -1       0.47520281  p_y
    3   2   1   0       0.45250686  p_z
    3   2   1   1       0.45688705  p_x
    4   1   0   0       0.62539258  s
    4   2   1  -1       0.48707686  p_y
    4   2   1   0       0.46199820  p_z
    4   2   1   1       0.47654235  p_x
    5   1   0   0       0.59043984  s
    5   2   1  -1       0.47572355  p_y
    5   2   1   0       0.45899994  p_z
    5   2   1   1       0.45597418  p_x
    6   1   0   0       0.44467872  s
    7   1   0   0       0.62132708  s
    7   2   1  -1       0.51764598  p_y
    7   2   1   0       0.46782556  p_z
    7   2   1   1       0.48271247  p_x
    8   1   0   0       0.62320139  s
    8   2   1  -1       0.52058891  p_y
    8   2   1   0       0.46840277  p_z
    8   2   1   1       0.47546385  p_x
    9   1   0   0       0.58998476  s
    9   2   1  -1       0.47791274  p_y
    9   2   1   0       0.45802737  p_z
    9   2   1   1       0.45767097  p_x
   10   1   0   0       0.44067918  s
   11   1   0   0       0.61983137  s
   11   2   1  -1       0.48337370  p_y
   11   2   1   0       0.46010881  p_z
   11   2   1   1       0.47290965  p_x
   12   1   0   0       0.59250193  s
   12   2   1  -1       0.47406319  p_y
   12   2   1   0       0.44561417  p_z
   12   2   1   1       0.46057952  p_x
   13   1   0   0       0.45992527  s
   14   1   0   0       0.46096274  s
   15   1   0   0       0.59008572  s
   15   2   1  -1       0.47600222  p_y
   15   2   1   0       0.45352747  p_z
   15   2   1   1       0.45621951  p_x
   16   1   0   0       0.62092644  s
   16   2   1  -1       0.48781464  p_y
   16   2   1   0       0.46250137  p_z
   16   2   1   1       0.47990101  p_x
   17   1   0   0       0.61126769  s
   17   2   1  -1       0.49271787  p_y
   17   2   1   0       0.47458028  p_z
   17   2   1   1       0.47179712  p_x
   18   1   0   0       0.44549706  s
   19   1   0   0       0.61929361  s
   19   2   1  -1       0.50695151  p_y
   19   2   1   0       0.46423328  p_z
   19   2   1   1       0.47803529  p_x
   20   1   0   0       0.62068804  s
   20   2   1  -1       0.51860059  p_y
   20   2   1   0       0.47228177  p_z
   20   2   1   1       0.47918487  p_x
   21   1   0   0       0.59150447  s
   21   2   1  -1       0.47676561  p_y
   21   2   1   0       0.45319948  p_z
   21   2   1   1       0.45942339  p_x
   22   1   0   0       0.44950875  s
   23   1   0   0       0.61502000  s
   23   2   1  -1       0.48769730  p_y
   23   2   1   0       0.46953479  p_z
   23   2   1   1       0.46757925  p_x
   24   1   0   0       0.45861182  s
   25   1   0   0       0.45835965  s
   26   1   0   0       0.45611358  s
   27   1   0   0       0.59081158  s
   27   2   1  -1       0.47305344  p_y
   27   2   1   0       0.44563000  p_z
   27   2   1   1       0.46235586  p_x
   28   1   0   0       0.61924311  s
   28   2   1  -1       0.48859050  p_y
   28   2   1   0       0.45810476  p_z
   28   2   1   1       0.47488468  p_x
   29   1   0   0       0.45783933  s
   30   1   0   0       0.61743535  s
   30   2   1  -1       0.50632715  p_y
   30   2   1   0       0.46120318  p_z
   30   2   1   1       0.47767268  p_x
   31   1   0   0       0.61526610  s
   31   2   1  -1       0.48537898  p_y
   31   2   1   0       0.47420500  p_z
   31   2   1   1       0.47321585  p_x
   32   1   0   0       0.45383226  s
   33   1   0   0       0.61514709  s
   33   2   1  -1       0.48106469  p_y
   33   2   1   0       0.47010803  p_z
   33   2   1   1       0.47034466  p_x
   34   1   0   0       0.46251285  s
   35   1   0   0       0.45308935  s
   36   1   0   0       0.46390998  s
   37   1   0   0       0.59234447  s
   37   2   1  -1       0.48853869  p_y
   37   2   1   0       0.45693927  p_z
   37   2   1   1       0.46010519  p_x
   38   1   0   0       0.61982085  s
   38   2   1  -1       0.41788342  p_y
   38   2   1   0       0.46510535  p_z
   38   2   1   1       0.46199825  p_x
   39   1   0   0       0.59525676  s
   39   2   1  -1       0.48736297  p_y
   39   2   1   0       0.45496307  p_z
   39   2   1   1       0.46312931  p_x
   40   1   0   0       0.61631440  s
   40   2   1  -1       0.41054861  p_y
   40   2   1   0       0.46307516  p_z
   40   2   1   1       0.45617423  p_x
   41   1   0   0       0.59050281  s
   41   2   1  -1       0.46993331  p_y
   41   2   1   0       0.45542987  p_z
   41   2   1   1       0.45608379  p_x
   42   1   0   0       0.44147113  s
   43   1   0   0       0.62077637  s
   43   2   1  -1       0.42108079  p_y
   43   2   1   0       0.46064422  p_z
   43   2   1   1       0.46164737  p_x
   44   1   0   0       0.61817705  s
   44   2   1  -1       0.40006407  p_y
   44   2   1   0       0.45825832  p_z
   44   2   1   1       0.45947635  p_x
   45   1   0   0       0.59149826  s
   45   2   1  -1       0.48600986  p_y
   45   2   1   0       0.45705054  p_z
   45   2   1   1       0.46226777  p_x
   46   1   0   0       0.44303414  s
   47   1   0   0       0.61710573  s
   47   2   1  -1       0.45393128  p_y
   47   2   1   0       0.46490350  p_z
   47   2   1   1       0.47168318  p_x
   48   1   0   0       0.59465501  s
   48   2   1  -1       0.47148668  p_y
   48   2   1   0       0.45715154  p_z
   48   2   1   1       0.46041875  p_x
   49   1   0   0       0.44269487  s
   50   1   0   0       0.44375595  s
   51   1   0   0       0.59257913  s
   51   2   1  -1       0.48712918  p_y
   51   2   1   0       0.45336328  p_z
   51   2   1   1       0.46548799  p_x
   52   1   0   0       0.61829969  s
   52   2   1  -1       0.42217960  p_y
   52   2   1   0       0.46063240  p_z
   52   2   1   1       0.46711086  p_x
   53   1   0   0       0.61544079  s
   53   2   1  -1       0.46293934  p_y
   53   2   1   0       0.46518946  p_z
   53   2   1   1       0.46375277  p_x
   54   1   0   0       0.43655142  s
   55   1   0   0       0.61800349  s
   55   2   1  -1       0.46958015  p_y
   55   2   1   0       0.46064515  p_z
   55   2   1   1       0.47155162  p_x
   56   1   0   0       0.62030831  s
   56   2   1  -1       0.42686266  p_y
   56   2   1   0       0.46089221  p_z
   56   2   1   1       0.45954728  p_x
   57   1   0   0       0.58827373  s
   57   2   1  -1       0.47284463  p_y
   57   2   1   0       0.45400065  p_z
   57   2   1   1       0.46127574  p_x
   58   1   0   0       0.44512791  s
   59   1   0   0       0.61735222  s
   59   2   1  -1       0.46786091  p_y
   59   2   1   0       0.47512680  p_z
   59   2   1   1       0.45862366  p_x
   60   1   0   0       0.44849012  s
   61   1   0   0       0.45538736  s
   62   1   0   0       0.44392778  s
   63   1   0   0       0.58574781  s
   63   2   1  -1       0.47065807  p_y
   63   2   1   0       0.45374560  p_z
   63   2   1   1       0.46215623  p_x
   64   1   0   0       0.61639838  s
   64   2   1  -1       0.46717794  p_y
   64   2   1   0       0.46022319  p_z
   64   2   1   1       0.47134405  p_x
   65   1   0   0       0.45043031  s
   66   1   0   0       0.61317268  s
   66   2   1  -1       0.46456338  p_y
   66   2   1   0       0.46430720  p_z
   66   2   1   1       0.47404230  p_x
   67   1   0   0       0.61640079  s
   67   2   1  -1       0.46446327  p_y
   67   2   1   0       0.47768470  p_z
   67   2   1   1       0.46167199  p_x
   68   1   0   0       0.44947851  s
   69   1   0   0       0.61506924  s
   69   2   1  -1       0.46564194  p_y
   69   2   1   0       0.46604989  p_z
   69   2   1   1       0.46542736  p_x
   70   1   0   0       0.44300622  s
   71   1   0   0       0.44450503  s
   72   1   0   0       0.45269186  s

Spin  up
Fermi level:                        -0.2208573342 H           -6.0098 eV
Band energy:                       -47.8984973378 H        -1303.3844 eV
TS:                                  0.0000000000 H            0.0000 eV
Band free energy (E-TS):           -47.8984973378 H        -1303.3844 eV
Extrapolated E(0K):                -47.8984973378 H        -1303.3844 eV
Input / Output electrons (up):    102.0000000004    102.0000000000

Spin  down
Fermi level:                        -0.2418605534 H           -6.5814 eV
Band energy:                       -47.5624916764 H        -1294.2412 eV
TS:                                  0.0000000000 H            0.0000 eV
Band free energy (E-TS):           -47.5624916764 H        -1294.2412 eV
Extrapolated E(0K):                -47.5624916764 H        -1294.2412 eV
Input / Output electrons (down):    100.9999999996    101.0000000000

Energy H0:                         -86.3344541053 H        -2349.2800 eV
Energy SCC:                          0.0247602627 H            0.6738 eV
Energy SPIN:                        -0.0015452946 H           -0.0420 eV
Energy 3rd:                          0.0000635117 H            0.0017 eV
Total Electronic energy:           -86.3111756255 H        -2348.6466 eV
Repulsive energy:                    0.7772962817 H           21.1513 eV
Total energy:                      -85.5338793438 H        -2327.4953 eV
Extrapolated to 0:                 -85.5338793438 H        -2327.4953 eV
Total Mermin free energy:          -85.5338793438 H        -2327.4953 eV
Force related energy:              -85.5338793438 H        -2327.4953 eV

Constraints converged

SCC converged

