 KPT            1  SPIN            1  KWEIGHT    1.0000000000000000     
     1   -21.434  2.00000
     2   -19.096  2.00000
     3   -18.578  2.00000
     4   -18.164  2.00000
     5   -17.619  2.00000
     6   -17.141  2.00000
     7   -16.825  2.00000
     8   -16.529  2.00000
     9   -16.153  2.00000
    10   -15.732  2.00000
    11   -15.659  2.00000
    12   -14.929  2.00000
    13   -14.766  2.00000
    14   -13.974  2.00000
    15   -13.790  2.00000
    16   -13.552  2.00000
    17   -12.911  2.00000
    18   -12.765  2.00000
    19   -12.276  2.00000
    20   -12.003  2.00000
    21   -11.875  2.00000
    22   -11.288  2.00000
    23   -10.872  2.00000
    24   -10.706  2.00000
    25   -10.646  2.00000
    26    -9.924  2.00000
    27    -9.841  2.00000
    28    -9.182  2.00000
    29    -8.940  2.00000
    30    -8.911  2.00000
    31    -8.881  2.00000
    32    -8.784  2.00000
    33    -8.576  2.00000
    34    -8.310  2.00000
    35    -8.274  2.00000
    36    -8.257  2.00000
    37    -7.882  2.00000
    38    -7.770  2.00000
    39    -7.678  2.00000
    40    -7.372  2.00000
    41    -7.243  2.00000
    42    -7.072  2.00000
    43    -6.795  2.00000
    44    -6.311  2.00000
    45    -6.259  2.00000
    46    -5.892  2.00000
    47    -5.534  2.00000
    48    -5.380  2.00000
    49    -5.045  2.00000
    50    -4.051  2.00000
    51    -2.774  2.00000
    52    -1.525  0.00000
    53    -0.909  0.00000
    54    -0.439  0.00000
    55     0.549  0.00000
    56     0.799  0.00000
    57     1.475  0.00000
    58     2.000  0.00000
    59     2.413  0.00000
    60     3.764  0.00000
    61     4.865  0.00000
    62     5.455  0.00000
    63     7.268  0.00000
    64     7.662  0.00000
    65     8.000  0.00000
    66     8.476  0.00000
    67     9.542  0.00000
    68    10.161  0.00000
    69    10.603  0.00000
    70    10.642  0.00000
    71    10.912  0.00000
    72    11.491  0.00000
    73    12.571  0.00000
    74    13.092  0.00000
    75    13.198  0.00000
    76    13.704  0.00000
    77    16.452  0.00000
    78    16.761  0.00000
    79    17.820  0.00000
    80    18.359  0.00000
    81    18.503  0.00000
    82    18.838  0.00000
    83    18.852  0.00000
    84    19.417  0.00000
    85    19.684  0.00000
    86    20.829  0.00000
    87    21.120  0.00000
    88    23.115  0.00000
    89    23.274  0.00000
    90    23.506  0.00000
    91    23.603  0.00000
    92    24.928  0.00000
    93    25.616  0.00000
    94    25.762  0.00000
    95    26.944  0.00000
    96    27.086  0.00000
    97    27.169  0.00000
    98    27.513  0.00000
    99    29.221  0.00000
   100    30.951  0.00000
   101    32.465  0.00000
   102    32.865  0.00000

