   -0.3279850575   -0.1033144369    0.1399898124
    0.2010733070   -0.1949286893   -0.6481009031
   -0.5155414853   -0.3295887352    0.8421040975
    0.7264610569    0.0243806539   -0.0310612441
   -0.0695428150    0.4207010747    0.7605507584
    0.9324561333    0.0408511934   -0.3275641573
   -0.0047016543    0.1493343641   -0.5848718716
   -0.0439563009   -0.2158779352   -0.0428628306
   -0.2155545891   -0.3203396337    0.6481533688
    0.3615872750    0.0969396297    0.4437267645
   -0.0283323554    0.7685259642    0.4636140286
    0.9363344670    0.1980331027   -0.4366202888
   -0.3218445773   -0.2358735860    0.6129365286
    0.3767721259    0.0372460698   -0.9274238229
   -0.5749461579   -0.2015865591    0.8227199843
   -0.6307828086    0.0638060328    0.0833631626
   -1.0484455042    0.0371518336    0.1345251096
   -0.3611822409    0.1025310617   -0.2588477005
    1.3374761146   -0.6302844382    0.7045889538
    0.0498608041    0.7110258647    0.0223293438
    0.2501599488    0.3585507812   -0.2767999444
    1.1945464541   -0.5685629204    0.6103048695
    0.0299389574    0.4437012166    0.3744377225
    0.3320636006    0.4132282912   -0.5898039589
   -0.1646905946    0.1111085509   -0.6209006246
    0.0336043056   -0.3576015359   -0.4026039617
   -0.4674067365   -0.4536446672    0.9237202507
   -0.0215155408   -0.2537589135    0.0119470298
   -1.0400352594    0.0922632554   -0.1872423401
   -0.4137050471    0.1541618208   -0.4054294246
    0.1865868995    0.0822411593   -0.1820434209
   -0.1785708230    0.0571589973    0.4486515213
    0.5686051756    0.0517345512   -0.5307905137
    0.0882500803    0.2835146596   -0.9243621351
   -0.1731768725   -0.2524742592    0.2561563380
   -0.0152769099   -0.2793754248    0.3897237853
   -1.9493839649    1.3120371505   -1.1907940445
   -0.1639587137   -0.3325398734   -0.0871726786
   -0.0940470450    0.0289283011   -0.4174730499
   -1.0012282915    0.4604585845   -0.2017808274
   -0.1222868815   -0.1892927979   -0.0459539460
   -0.2353816524    0.1154425603   -0.2673083200
   -0.1627622300    0.0374284981   -0.3611697409
    0.0577035168   -0.2522968327   -0.4338871736
   -0.2752145403   -0.4221265649    0.7548284142
    0.1407619491   -0.1234631615    1.3462174897
    0.1582487106    1.0219931724    0.1378715462
    1.1278267879    0.2909472516   -0.6451944460
    0.4861105152   -0.4155156365    0.8159393902
    0.2771457227    0.6804101946   -0.8320678992
   -0.5194105620    0.1245951193    0.7135239450
   -0.1946207246   -0.0357180082    0.0749015131
   -0.1323677963   -0.1383059585    0.0195294932
   -0.4626386086    0.1487661120   -0.0206297655
    0.5756063450   -0.4960285722    0.6606115794
    0.0161740307    0.2525947286   -0.1034351482
    0.0544569244    0.2130776980   -0.2960612334
    1.7848419589   -0.6622760852    0.5654767221
   -0.1558210586    0.7515889887    0.6780066599
    0.2477460330    0.5728491244   -0.4797293167
    0.0548957488    0.4414726730   -1.6752479373
   -0.1107455237   -0.4956436542   -0.2067015431
   -0.4772040658   -0.7160224493    1.3722458064
    0.8736945244   -1.1233693136    0.7780309437
   -0.0758649580   -0.5671639807   -0.0604094442
   -0.5804647178    0.3507528464   -0.7600776559
    0.0247734930    0.0057408961    0.3781118374
   -0.2117961393    0.4290306698    0.1384390375
    0.1712493390   -0.4193718240    1.0966482927
   -0.2521333061   -0.0223261320   -0.0803502677
   -0.5422087749   -0.4367190135    0.7163372740
   -0.0548502205   -0.0099201825   -0.2912455862
   -0.5708749204    0.4801090749   -0.5581464231
    0.0284716383   -0.2003914725    0.0948752896
   -0.0473409293    0.0811379388   -0.2625542435
   -2.1857746877    0.7029758216    0.3026815504
    0.0657219375   -0.4788050065   -0.1035685160
    0.6565619142   -0.3576132192   -0.4338333313
   -0.0555519842   -0.0237520883   -0.3973398746
    0.1310458172   -0.2310348227   -0.6654898988
   -0.6230072128   -0.4650723643    1.1608922147
   -1.3087189817    1.3165577651   -0.3359635939
   -0.2303477619    1.1546980314   -0.0983063722
    0.9687951711    0.2719173093   -0.6142636922
   -0.2538262413    0.7119900607   -1.6387950233
   -0.0545142638   -0.5748956576    0.4883913145
    0.0405519765    0.2208528662   -0.8838082437
    1.6053350697   -0.3335560328   -0.1224991574
   -1.0248908970    1.2581356762    0.1550458261
   -0.0070709745    0.7511994172   -0.7646521418
    2.4338064480    2.4142554369   -6.4360516562
   -0.4035171050    0.5610301464    1.7784398046
   -1.2676844638   -2.3706822800    7.5741331774
    0.2521176217   -1.0739951768    1.1761674190
   -1.1661656166    0.6607046833   -1.8037867419
   -0.8583225064    1.0298418130   -2.0433716051
    0.4044424069   -0.1122315961   -0.0460754531
   -0.5229022233   -0.2069012382    1.2960259134
   -1.4856326882   -0.7597743319    3.3323218257
   -1.1458591446    0.1260263144    0.4858745136
    1.3014898233   -0.7135630785   -0.7871414081
    0.5589743887   -0.1902947535   -0.6232028224
   -0.9740513665   -1.8996268480    4.1084918572
   -0.4209143317   -3.2464016697    5.4230398266
    0.0997998976    0.6077765905   -2.2978490329
   -1.0523670823   -0.1982582722    1.0661739050
    1.2250735499   -0.1438103942   -1.9491822268
    1.4217164506    0.3050818298   -2.6093563218
