 Fermi distribution function

Calculation with static geometry


********************************************************************************
 iSCC Total electronic   Diff electronic      SCC error    
   13   -0.86491970E+02   -0.28275338E-09    0.30236779E-05
********************************************************************************

 Total charge:    -0.00000000

 Atomic gross charges (e)
 Atom           Charge
    1       0.04408936
    2      -0.11715750
    3       0.03172382
    4      -0.13012062
    5       0.04110614
    6       0.10226019
    7      -0.16426071
    8      -0.14555322
    9       0.04775261
   10       0.10783198
   11      -0.09992382
   12       0.05859456
   13       0.10195460
   14       0.09773941
   15       0.04253668
   16      -0.12684328
   17      -0.09397345
   18       0.10276532
   19      -0.12287288
   20      -0.15396324
   21       0.04517698
   22       0.09463744
   23      -0.08951646
   24       0.08053255
   25       0.08895758
   26       0.10188133
   27       0.05176781
   28      -0.11645246
   29       0.07136187
   30      -0.09966989
   31      -0.10446868
   32       0.10181490
   33      -0.08527187
   34       0.09150818
   35       0.07633505
   36       0.06380575
   37       0.05021132
   38      -0.15587355
   39       0.05040643
   40      -0.14527489
   41       0.04129878
   42       0.10840367
   43      -0.15206475
   44      -0.15601566
   45       0.05554873
   46       0.10580800
   47      -0.09705712
   48       0.04873041
   49       0.11796610
   50       0.12267550
   51       0.03924426
   52      -0.15909196
   53      -0.08105151
   54       0.10097398
   55      -0.11844644
   56      -0.12595866
   57       0.03050754
   58       0.11054137
   59      -0.09245442
   60       0.06886654
   61       0.08829621
   62       0.09851575
   63       0.03721542
   64      -0.09980398
   65       0.07571044
   66      -0.08253309
   67      -0.10303403
   68       0.07232526
   69      -0.09930013
   70       0.09770256
   71       0.08162351
   72       0.06930241


 Atomic net (on-site) populations and hybridisation ratios
 Atom       Population         Hybrid.
    1       2.71395475      0.32151131
    2       2.87883533      0.28029117
    3       2.73791811      0.31552047
    4       2.90383387      0.27404153
    5       2.72023180      0.31994205
    6       0.56858564      0.43141436
    7       2.94962903      0.26259274
    8       2.89159835      0.27710041
    9       2.69302860      0.32674285
   10       0.56314558      0.43685442
   11       2.85015728      0.28746068
   12       2.68423265      0.32894184
   13       0.56584812      0.43415188
   14       0.57006499      0.42993501
   15       2.71418259      0.32145435
   16       2.88474247      0.27881438
   17       2.81610185      0.29597454
   18       0.56081573      0.43918427
   19       2.86693976      0.28326506
   20       2.90130388      0.27467403
   21       2.70577640      0.32355590
   22       0.57662508      0.42337492
   23       2.81455206      0.29636199
   24       0.58414038      0.41585962
   25       0.57842858      0.42157142
   26       0.55777337      0.44222663
   27       2.70071362      0.32482159
   28       2.85911944      0.28522014
   29       0.59964233      0.40035767
   30       2.87385875      0.28153531
   31       2.82737740      0.29315565
   32       0.56172934      0.43827066
   33       2.83078863      0.29230284
   34       0.58287059      0.41712941
   35       0.58943356      0.41056644
   36       0.61208521      0.38791479
   37       2.70126784      0.32468304
   38       2.91282932      0.27179267
   39       2.69218217      0.32695446
   40       2.90295083      0.27426229
   41       2.70817140      0.32295715
   42       0.55798024      0.44201976
   43       2.92964741      0.26758815
   44       2.93121044      0.26719739
   45       2.67529393      0.33117652
   46       0.56504112      0.43495888
   47       2.83122018      0.29219495
   48       2.71015818      0.32246046
   49       0.54921912      0.45078088
   50       0.53704559      0.46295441
   51       2.72056890      0.31985777
   52       2.93323011      0.26669247
   53       2.79734365      0.30066409
   54       0.57314671      0.42685329
   55       2.84898403      0.28775399
   56       2.87583673      0.28104082
   57       2.74482809      0.31379298
   58       0.55365918      0.44634082
   59       2.82334341      0.29416415
   60       0.60339616      0.39660384
   61       0.57350682      0.42649318
   62       0.57226060      0.42773940
   63       2.71373909      0.32156523
   64       2.82156191      0.29460952
   65       0.59819016      0.40180984
   66       2.78593892      0.30351527
   67       2.83794261      0.29051435
   68       0.59624690      0.40375310
   69       2.82739216      0.29315196
   70       0.56880453      0.43119547
   71       0.59060957      0.40939043
   72       0.60403919      0.39596081

Nr. of electrons (up):    204.00000000
Atom populations (up)
 Atom       Population
    1       3.95591064
    2       4.11715750
    3       3.96827618
    4       4.13012062
    5       3.95889386
    6       0.89773981
    7       4.16426071
    8       4.14555322
    9       3.95224739
   10       0.89216802
   11       4.09992382
   12       3.94140544
   13       0.89804540
   14       0.90226059
   15       3.95746332
   16       4.12684328
   17       4.09397345
   18       0.89723468
   19       4.12287288
   20       4.15396324
   21       3.95482302
   22       0.90536256
   23       4.08951646
   24       0.91946745
   25       0.91104242
   26       0.89811867
   27       3.94823219
   28       4.11645246
   29       0.92863813
   30       4.09966989
   31       4.10446868
   32       0.89818510
   33       4.08527187
   34       0.90849182
   35       0.92366495
   36       0.93619425
   37       3.94978868
   38       4.15587355
   39       3.94959357
   40       4.14527489
   41       3.95870122
   42       0.89159633
   43       4.15206475
   44       4.15601566
   45       3.94445127
   46       0.89419200
   47       4.09705712
   48       3.95126959
   49       0.88203390
   50       0.87732450
   51       3.96075574
   52       4.15909196
   53       4.08105151
   54       0.89902602
   55       4.11844644
   56       4.12595866
   57       3.96949246
   58       0.88945863
   59       4.09245442
   60       0.93113346
   61       0.91170379
   62       0.90148425
   63       3.96278458
   64       4.09980398
   65       0.92428956
   66       4.08253309
   67       4.10303403
   68       0.92767474
   69       4.09930013
   70       0.90229744
   71       0.91837649
   72       0.93069759

l-shell populations (up)
 Atom Sh.   l       Population
    1   1   0       1.18829327
    1   2   1       2.76761737
    2   1   0       1.24646585
    2   2   1       2.87069165
    3   1   0       1.19463663
    3   2   1       2.77363955
    4   1   0       1.25206643
    4   2   1       2.87805420
    5   1   0       1.18759117
    5   2   1       2.77130270
    6   1   0       0.89773981
    7   1   0       1.25882718
    7   2   1       2.90543353
    8   1   0       1.23675098
    8   2   1       2.90880223
    9   1   0       1.17573635
    9   2   1       2.77651104
   10   1   0       0.89216802
   11   1   0       1.23997570
   11   2   1       2.85994812
   12   1   0       1.17717265
   12   2   1       2.76423279
   13   1   0       0.89804540
   14   1   0       0.90226059
   15   1   0       1.18299766
   15   2   1       2.77446566
   16   1   0       1.23910516
   16   2   1       2.88773813
   17   1   0       1.22374384
   17   2   1       2.87022961
   18   1   0       0.89723468
   19   1   0       1.23490826
   19   2   1       2.88796461
   20   1   0       1.23624668
   20   2   1       2.91771656
   21   1   0       1.17954952
   21   2   1       2.77527350
   22   1   0       0.90536256
   23   1   0       1.22451233
   23   2   1       2.86500413
   24   1   0       0.91946745
   25   1   0       0.91104242
   26   1   0       0.89811867
   27   1   0       1.18190885
   27   2   1       2.76632334
   28   1   0       1.23763424
   28   2   1       2.87881822
   29   1   0       0.92863813
   30   1   0       1.25446439
   30   2   1       2.84520550
   31   1   0       1.22354589
   31   2   1       2.88092279
   32   1   0       0.89818510
   33   1   0       1.23551302
   33   2   1       2.84975885
   34   1   0       0.90849182
   35   1   0       0.92366495
   36   1   0       0.93619425
   37   1   0       1.17960901
   37   2   1       2.77017968
   38   1   0       1.24373574
   38   2   1       2.91213781
   39   1   0       1.17634107
   39   2   1       2.77325251
   40   1   0       1.24115781
   40   2   1       2.90411708
   41   1   0       1.17759209
   41   2   1       2.78110913
   42   1   0       0.89159633
   43   1   0       1.25501853
   43   2   1       2.89704622
   44   1   0       1.25455935
   44   2   1       2.90145631
   45   1   0       1.16816332
   45   2   1       2.77628795
   46   1   0       0.89419200
   47   1   0       1.23053321
   47   2   1       2.86652390
   48   1   0       1.18080629
   48   2   1       2.77046330
   49   1   0       0.88203390
   50   1   0       0.87732450
   51   1   0       1.18331528
   51   2   1       2.77744046
   52   1   0       1.25289169
   52   2   1       2.90620027
   53   1   0       1.21809026
   53   2   1       2.86296125
   54   1   0       0.89902602
   55   1   0       1.22922617
   55   2   1       2.88922027
   56   1   0       1.23878674
   56   2   1       2.88717192
   57   1   0       1.19448177
   57   2   1       2.77501069
   58   1   0       0.88945863
   59   1   0       1.22595097
   59   2   1       2.86650345
   60   1   0       0.93113346
   61   1   0       0.91170379
   62   1   0       0.90148425
   63   1   0       1.17748791
   63   2   1       2.78529667
   64   1   0       1.22225842
   64   2   1       2.87754556
   65   1   0       0.92428956
   66   1   0       1.21254469
   66   2   1       2.86998840
   67   1   0       1.23080521
   67   2   1       2.87222882
   68   1   0       0.92767474
   69   1   0       1.22262481
   69   2   1       2.87667532
   70   1   0       0.90229744
   71   1   0       0.91837649
   72   1   0       0.93069759

Orbital populations (up)
 Atom Sh.   l   m       Population  Label
    1   1   0   0       1.18829327  s
    1   2   1  -1       0.96112070  p_y
    1   2   1   0       0.90052668  p_z
    1   2   1   1       0.90597000  p_x
    2   1   0   0       1.24646585  s
    2   2   1  -1       0.98810492  p_y
    2   2   1   0       0.92973450  p_z
    2   2   1   1       0.95285223  p_x
    3   1   0   0       1.19463663  s
    3   2   1  -1       0.94910964  p_y
    3   2   1   0       0.90461020  p_z
    3   2   1   1       0.91991971  p_x
    4   1   0   0       1.25206643  s
    4   2   1  -1       0.98293635  p_y
    4   2   1   0       0.92861764  p_z
    4   2   1   1       0.96650021  p_x
    5   1   0   0       1.18759117  s
    5   2   1  -1       0.94880316  p_y
    5   2   1   0       0.89982189  p_z
    5   2   1   1       0.92267765  p_x
    6   1   0   0       0.89773981  s
    7   1   0   0       1.25882718  s
    7   2   1  -1       1.01370482  p_y
    7   2   1   0       0.94711553  p_z
    7   2   1   1       0.94461318  p_x
    8   1   0   0       1.23675098  s
    8   2   1  -1       1.00720447  p_y
    8   2   1   0       0.93662565  p_z
    8   2   1   1       0.96497212  p_x
    9   1   0   0       1.17573635  s
    9   2   1  -1       0.94997621  p_y
    9   2   1   0       0.91658139  p_z
    9   2   1   1       0.90995344  p_x
   10   1   0   0       0.89216802  s
   11   1   0   0       1.23997570  s
   11   2   1  -1       0.98430244  p_y
   11   2   1   0       0.91761594  p_z
   11   2   1   1       0.95802974  p_x
   12   1   0   0       1.17717265  s
   12   2   1  -1       0.94932836  p_y
   12   2   1   0       0.90505670  p_z
   12   2   1   1       0.90984772  p_x
   13   1   0   0       0.89804540  s
   14   1   0   0       0.90226059  s
   15   1   0   0       1.18299766  s
   15   2   1  -1       0.94114333  p_y
   15   2   1   0       0.91883637  p_z
   15   2   1   1       0.91448595  p_x
   16   1   0   0       1.23910516  s
   16   2   1  -1       1.00360084  p_y
   16   2   1   0       0.93322063  p_z
   16   2   1   1       0.95091666  p_x
   17   1   0   0       1.22374384  s
   17   2   1  -1       0.97569766  p_y
   17   2   1   0       0.95545245  p_z
   17   2   1   1       0.93907950  p_x
   18   1   0   0       0.89723468  s
   19   1   0   0       1.23490826  s
   19   2   1  -1       1.00155830  p_y
   19   2   1   0       0.92846286  p_z
   19   2   1   1       0.95794346  p_x
   20   1   0   0       1.23624668  s
   20   2   1  -1       1.01852722  p_y
   20   2   1   0       0.93135391  p_z
   20   2   1   1       0.96783543  p_x
   21   1   0   0       1.17954952  s
   21   2   1  -1       0.93928972  p_y
   21   2   1   0       0.91645761  p_z
   21   2   1   1       0.91952617  p_x
   22   1   0   0       0.90536256  s
   23   1   0   0       1.22451233  s
   23   2   1  -1       0.98045402  p_y
   23   2   1   0       0.95360822  p_z
   23   2   1   1       0.93094190  p_x
   24   1   0   0       0.91946745  s
   25   1   0   0       0.91104242  s
   26   1   0   0       0.89811867  s
   27   1   0   0       1.18190885  s
   27   2   1  -1       0.95366686  p_y
   27   2   1   0       0.90806172  p_z
   27   2   1   1       0.90459477  p_x
   28   1   0   0       1.23763424  s
   28   2   1  -1       0.99025914  p_y
   28   2   1   0       0.93314291  p_z
   28   2   1   1       0.95541617  p_x
   29   1   0   0       0.92863813  s
   30   1   0   0       1.25446439  s
   30   2   1  -1       0.97512296  p_y
   30   2   1   0       0.92761329  p_z
   30   2   1   1       0.94246924  p_x
   31   1   0   0       1.22354589  s
   31   2   1  -1       0.96877969  p_y
   31   2   1   0       0.97403880  p_z
   31   2   1   1       0.93810430  p_x
   32   1   0   0       0.89818510  s
   33   1   0   0       1.23551302  s
   33   2   1  -1       0.98529359  p_y
   33   2   1   0       0.93066900  p_z
   33   2   1   1       0.93379627  p_x
   34   1   0   0       0.90849182  s
   35   1   0   0       0.92366495  s
   36   1   0   0       0.93619425  s
   37   1   0   0       1.17960901  s
   37   2   1  -1       0.93308084  p_y
   37   2   1   0       0.91491530  p_z
   37   2   1   1       0.92218354  p_x
   38   1   0   0       1.24373574  s
   38   2   1  -1       1.01538955  p_y
   38   2   1   0       0.93593239  p_z
   38   2   1   1       0.96081587  p_x
   39   1   0   0       1.17634107  s
   39   2   1  -1       0.93596201  p_y
   39   2   1   0       0.91030182  p_z
   39   2   1   1       0.92698868  p_x
   40   1   0   0       1.24115781  s
   40   2   1  -1       0.98570716  p_y
   40   2   1   0       0.92608213  p_z
   40   2   1   1       0.99232779  p_x
   41   1   0   0       1.17759209  s
   41   2   1  -1       0.96041569  p_y
   41   2   1   0       0.90987236  p_z
   41   2   1   1       0.91082108  p_x
   42   1   0   0       0.89159633  s
   43   1   0   0       1.25501853  s
   43   2   1  -1       0.99095124  p_y
   43   2   1   0       0.93715920  p_z
   43   2   1   1       0.96893578  p_x
   44   1   0   0       1.25455935  s
   44   2   1  -1       1.00173034  p_y
   44   2   1   0       0.93290143  p_z
   44   2   1   1       0.96682454  p_x
   45   1   0   0       1.16816332  s
   45   2   1  -1       0.96855636  p_y
   45   2   1   0       0.89303544  p_z
   45   2   1   1       0.91469615  p_x
   46   1   0   0       0.89419200  s
   47   1   0   0       1.23053321  s
   47   2   1  -1       0.98850438  p_y
   47   2   1   0       0.91809924  p_z
   47   2   1   1       0.95992029  p_x
   48   1   0   0       1.18080629  s
   48   2   1  -1       0.95750478  p_y
   48   2   1   0       0.90480610  p_z
   48   2   1   1       0.90815242  p_x
   49   1   0   0       0.88203390  s
   50   1   0   0       0.87732450  s
   51   1   0   0       1.18331528  s
   51   2   1  -1       0.95493392  p_y
   51   2   1   0       0.90963093  p_z
   51   2   1   1       0.91287561  p_x
   52   1   0   0       1.25289169  s
   52   2   1  -1       1.02291370  p_y
   52   2   1   0       0.91989957  p_z
   52   2   1   1       0.96338700  p_x
   53   1   0   0       1.21809026  s
   53   2   1  -1       1.00075845  p_y
   53   2   1   0       0.93010646  p_z
   53   2   1   1       0.93209634  p_x
   54   1   0   0       0.89902602  s
   55   1   0   0       1.22922617  s
   55   2   1  -1       1.01050193  p_y
   55   2   1   0       0.94056867  p_z
   55   2   1   1       0.93814967  p_x
   56   1   0   0       1.23878674  s
   56   2   1  -1       1.00069193  p_y
   56   2   1   0       0.92831715  p_z
   56   2   1   1       0.95816284  p_x
   57   1   0   0       1.19448177  s
   57   2   1  -1       0.97705009  p_y
   57   2   1   0       0.88704699  p_z
   57   2   1   1       0.91091361  p_x
   58   1   0   0       0.88945863  s
   59   1   0   0       1.22595097  s
   59   2   1  -1       1.00158411  p_y
   59   2   1   0       0.93956239  p_z
   59   2   1   1       0.92535695  p_x
   60   1   0   0       0.93113346  s
   61   1   0   0       0.91170379  s
   62   1   0   0       0.90148425  s
   63   1   0   0       1.17748791  s
   63   2   1  -1       0.95884268  p_y
   63   2   1   0       0.90694945  p_z
   63   2   1   1       0.91950454  p_x
   64   1   0   0       1.22225842  s
   64   2   1  -1       0.99646160  p_y
   64   2   1   0       0.92755922  p_z
   64   2   1   1       0.95352474  p_x
   65   1   0   0       0.92428956  s
   66   1   0   0       1.21254469  s
   66   2   1  -1       0.98110690  p_y
   66   2   1   0       0.93018775  p_z
   66   2   1   1       0.95869375  p_x
   67   1   0   0       1.23080521  s
   67   2   1  -1       1.00011102  p_y
   67   2   1   0       0.93220040  p_z
   67   2   1   1       0.93991740  p_x
   68   1   0   0       0.92767474  s
   69   1   0   0       1.22262481  s
   69   2   1  -1       1.00397246  p_y
   69   2   1   0       0.93924510  p_z
   69   2   1   1       0.93345776  p_x
   70   1   0   0       0.90229744  s
   71   1   0   0       0.91837649  s
   72   1   0   0       0.93069759  s

Fermi level:                        -0.1424479741 H           -3.8762 eV
Band energy:                       -80.1323830590 H        -2180.5131 eV
TS:                                  0.0000000000 H            0.0000 eV
Band free energy (E-TS):           -80.1323830590 H        -2180.5131 eV
Extrapolated E(0K):                -80.1323830590 H        -2180.5131 eV
Input / Output electrons (q):    204.0000000000    204.0000000000

Energy H0:                         -86.4854145368 H        -2353.3879 eV
Energy SCC:                         -0.0056915545 H           -0.1549 eV
Energy 3rd:                         -0.0008638535 H           -0.0235 eV
Total Electronic energy:           -86.4919699448 H        -2353.5663 eV
Repulsive energy:                    0.7819972200 H           21.2792 eV
Total energy:                      -85.7099727248 H        -2332.2870 eV
Extrapolated to 0:                 -85.7099727248 H        -2332.2870 eV
Total Mermin free energy:          -85.7099727248 H        -2332.2870 eV
Force related energy:              -85.7099727248 H        -2332.2870 eV

Non-constrained calculation

SCC converged

