 Fermi distribution function

Calculation with static geometry


********************************************************************************
 iSCC Total electronic   Diff electronic      SCC error    
   17   -0.86253549E+02   -0.19172404E-07    0.85597293E-06
********************************************************************************

 Total charge:     1.00000000

 Atomic gross charges (e)
 Atom           Charge
    1       0.02693692
    2      -0.04424214
    3       0.02156872
    4      -0.02595963
    5       0.04964926
    6       0.11329791
    7      -0.06951486
    8      -0.04660521
    9       0.02377685
   10       0.12050507
   11      -0.05090995
   12       0.04415466
   13       0.12174151
   14       0.11464465
   15       0.01926820
   16      -0.04679523
   17      -0.06601735
   18       0.11042164
   19      -0.07821203
   20      -0.07304758
   21       0.04687507
   22       0.10956826
   23      -0.06335102
   24       0.09809115
   25       0.11631057
   26       0.12368602
   27       0.04682429
   28      -0.06470429
   29       0.09790543
   30      -0.08018306
   31      -0.05425472
   32       0.10106886
   33      -0.04707679
   34       0.11378369
   35       0.10264500
   36       0.08819851
   37       0.03940609
   38      -0.11185068
   39       0.05373353
   40      -0.10721923
   41       0.05067628
   42       0.09593528
   43      -0.16588782
   44      -0.15780073
   45       0.03921747
   46       0.10258849
   47      -0.08758103
   48       0.06706674
   49       0.06856438
   50       0.06788620
   51       0.04909614
   52      -0.11088189
   53      -0.08328406
   54       0.10258469
   55      -0.12682543
   56      -0.17015455
   57       0.04237268
   58       0.09733918
   59      -0.07173462
   60       0.09902416
   61       0.06824036
   62       0.06651087
   63       0.05134996
   64      -0.08988916
   65       0.09804795
   66      -0.13557902
   67      -0.09941378
   68       0.09039845
   69      -0.08976861
   70       0.08704505
   71       0.09452704
   72       0.07621121


 Atomic net (on-site) populations and hybridisation ratios
 Atom       Population         Hybrid.
    1       2.72103560      0.31974110
    2       2.80997949      0.29750513
    3       2.73661221      0.31584695
    4       2.79098637      0.30225341
    5       2.69498143      0.32625464
    6       0.56217995      0.43782005
    7       2.83587512      0.29103122
    8       2.81819612      0.29545097
    9       2.72487371      0.31878157
   10       0.55268120      0.44731880
   11       2.78852068      0.30286983
   12       2.72510042      0.31872490
   13       0.54048012      0.45951988
   14       0.55598102      0.44401898
   15       2.73445901      0.31638525
   16       2.81416350      0.29645913
   17       2.78667778      0.30333056
   18       0.56671444      0.43328556
   19       2.81428802      0.29642800
   20       2.83193290      0.29201677
   21       2.70833648      0.32291588
   22       0.56382007      0.43617993
   23       2.80605182      0.29848704
   24       0.56634922      0.43365078
   25       0.54718553      0.45281447
   26       0.53681458      0.46318542
   27       2.70735663      0.32316084
   28       2.81629178      0.29592706
   29       0.57405586      0.42594414
   30       2.82442457      0.29389386
   31       2.77682028      0.30579493
   32       0.57004776      0.42995224
   33       2.78154133      0.30461467
   34       0.55755781      0.44244219
   35       0.56380957      0.43619043
   36       0.58633543      0.41366457
   37       2.69793228      0.32551693
   38       2.87081001      0.28229750
   39       2.67874036      0.33031491
   40       2.86532132      0.28366967
   41       2.68790333      0.32802417
   42       0.57481164      0.42518836
   43       2.94608393      0.26347902
   44       2.92240302      0.26939924
   45       2.69676256      0.32580936
   46       0.56408651      0.43591349
   47       2.83654340      0.29086415
   48       2.66500736      0.33374816
   49       0.60964943      0.39035057
   50       0.60876020      0.39123980
   51       2.68980542      0.32754864
   52       2.88292152      0.27926962
   53       2.80532240      0.29866940
   54       0.56206330      0.43793670
   55       2.87837109      0.28040723
   56       2.95454107      0.26136473
   57       2.69424972      0.32643757
   58       0.57401545      0.42598455
   59       2.79941219      0.30014695
   60       0.56323506      0.43676494
   61       0.60488500      0.39511500
   62       0.61034380      0.38965620
   63       2.69032158      0.32741960
   64       2.83822598      0.29044351
   65       0.57159124      0.42840876
   66       2.87673307      0.28081673
   67       2.82842685      0.29289329
   68       0.57712867      0.42287133
   69       2.82167841      0.29458040
   70       0.57242590      0.42757410
   71       0.57218897      0.42781103
   72       0.58984244      0.41015756

Nr. of electrons (up):    102.00000000
Atom populations (up)
 Atom       Population
    1       1.97741938
    2       2.08323321
    3       1.97782145
    4       2.08890234
    5       1.97772180
    6       0.43981673
    7       2.10606197
    8       2.10954334
    9       1.97912190
   10       0.43537895
   11       2.04430801
   12       1.97836467
   13       0.43535103
   14       0.43782277
   15       1.97890599
   16       2.08318320
   17       2.04869965
   18       0.44366808
   19       2.06189963
   20       2.10784268
   21       1.97879729
   22       0.44182150
   23       2.04336593
   24       0.45011327
   25       0.44059788
   26       0.43441695
   27       1.97580256
   28       2.05429407
   29       0.45036702
   30       2.06358329
   31       2.04094351
   32       0.44823659
   33       2.03554982
   34       0.44178154
   35       0.44793658
   36       0.45519169
   37       1.98022122
   38       2.05623501
   39       1.97315031
   40       2.05416154
   41       1.97462500
   42       0.45201510
   43       2.08304620
   44       2.07902459
   45       1.98031034
   46       0.44867595
   47       2.04387852
   48       1.96651597
   49       0.46571155
   50       0.46604988
   51       1.97544638
   52       2.05601970
   53       2.04164266
   54       0.44870283
   55       2.06343870
   56       2.08513335
   57       1.97876163
   58       0.45129842
   59       2.03592356
   60       0.45048795
   61       0.46587817
   62       0.46674352
   63       1.97440330
   64       2.04519788
   65       0.45097284
   66       2.06774795
   67       2.04967790
   68       0.45478666
   69       2.04514874
   70       0.45648282
   71       0.45273810
   72       0.46187948

l-shell populations (up)
 Atom Sh.   l       Population
    1   1   0       0.58915531
    1   2   1       1.38826406
    2   1   0       0.62693870
    2   2   1       1.45629451
    3   1   0       0.59262602
    3   2   1       1.38519543
    4   1   0       0.62848982
    4   2   1       1.46041252
    5   1   0       0.58884528
    5   2   1       1.38887652
    6   1   0       0.43981673
    7   1   0       0.62894946
    7   2   1       1.47711251
    8   1   0       0.63095242
    8   2   1       1.47859092
    9   1   0       0.58904835
    9   2   1       1.39007354
   10   1   0       0.43537895
   11   1   0       0.61689847
   11   2   1       1.42740954
   12   1   0       0.59657746
   12   2   1       1.38178722
   13   1   0       0.43535103
   14   1   0       0.43782277
   15   1   0       0.59089165
   15   2   1       1.38801434
   16   1   0       0.62743948
   16   2   1       1.45574371
   17   1   0       0.61320139
   17   2   1       1.43549826
   18   1   0       0.44366808
   19   1   0       0.61916895
   19   2   1       1.44273068
   20   1   0       0.62684554
   20   2   1       1.48099714
   21   1   0       0.59214542
   21   2   1       1.38665187
   22   1   0       0.44182150
   23   1   0       0.62000381
   23   2   1       1.42336212
   24   1   0       0.45011327
   25   1   0       0.44059788
   26   1   0       0.43441695
   27   1   0       0.59176479
   27   2   1       1.38403777
   28   1   0       0.62122056
   28   2   1       1.43307351
   29   1   0       0.45036702
   30   1   0       0.62033711
   30   2   1       1.44324617
   31   1   0       0.61426988
   31   2   1       1.42667363
   32   1   0       0.44823659
   33   1   0       0.61633264
   33   2   1       1.41921718
   34   1   0       0.44178154
   35   1   0       0.44793658
   36   1   0       0.45519169
   37   1   0       0.58552368
   37   2   1       1.39469754
   38   1   0       0.61874926
   38   2   1       1.43748576
   39   1   0       0.58334682
   39   2   1       1.38980349
   40   1   0       0.61833649
   40   2   1       1.43582505
   41   1   0       0.58616775
   41   2   1       1.38845725
   42   1   0       0.45201510
   43   1   0       0.62316564
   43   2   1       1.45988056
   44   1   0       0.61809107
   44   2   1       1.46093352
   45   1   0       0.58529477
   45   2   1       1.39501557
   46   1   0       0.44867595
   47   1   0       0.61887763
   47   2   1       1.42500088
   48   1   0       0.58375442
   48   2   1       1.38276155
   49   1   0       0.46571155
   50   1   0       0.46604988
   51   1   0       0.58529774
   51   2   1       1.39014863
   52   1   0       0.62184454
   52   2   1       1.43417516
   53   1   0       0.61314081
   53   2   1       1.42850185
   54   1   0       0.44870283
   55   1   0       0.61848733
   55   2   1       1.44495137
   56   1   0       0.62460684
   56   2   1       1.46052651
   57   1   0       0.58492677
   57   2   1       1.39383487
   58   1   0       0.45129842
   59   1   0       0.61556223
   59   2   1       1.42036133
   60   1   0       0.45048795
   61   1   0       0.46587817
   62   1   0       0.46674352
   63   1   0       0.58571473
   63   2   1       1.38868857
   64   1   0       0.61811215
   64   2   1       1.42708573
   65   1   0       0.45097284
   66   1   0       0.61570421
   66   2   1       1.45204373
   67   1   0       0.61514137
   67   2   1       1.43453653
   68   1   0       0.45478666
   69   1   0       0.61477113
   69   2   1       1.43037761
   70   1   0       0.45648282
   71   1   0       0.45273810
   72   1   0       0.46187948

Orbital populations (up)
 Atom Sh.   l   m       Population  Label
    1   1   0   0       0.58915531  s
    1   2   1  -1       0.47610699  p_y
    1   2   1   0       0.45529068  p_z
    1   2   1   1       0.45686638  p_x
    2   1   0   0       0.62693870  s
    2   2   1  -1       0.50242294  p_y
    2   2   1   0       0.46773261  p_z
    2   2   1   1       0.48613897  p_x
    3   1   0   0       0.59262602  s
    3   2   1  -1       0.47612721  p_y
    3   2   1   0       0.45305326  p_z
    3   2   1   1       0.45601497  p_x
    4   1   0   0       0.62848982  s
    4   2   1  -1       0.50533432  p_y
    4   2   1   0       0.46922886  p_z
    4   2   1   1       0.48584934  p_x
    5   1   0   0       0.58884528  s
    5   2   1  -1       0.47316642  p_y
    5   2   1   0       0.45781525  p_z
    5   2   1   1       0.45789486  p_x
    6   1   0   0       0.43981673  s
    7   1   0   0       0.62894946  s
    7   2   1  -1       0.51591582  p_y
    7   2   1   0       0.46707081  p_z
    7   2   1   1       0.49412587  p_x
    8   1   0   0       0.63095242  s
    8   2   1  -1       0.51988896  p_y
    8   2   1   0       0.47074475  p_z
    8   2   1   1       0.48795720  p_x
    9   1   0   0       0.58904835  s
    9   2   1  -1       0.47850901  p_y
    9   2   1   0       0.45540748  p_z
    9   2   1   1       0.45615705  p_x
   10   1   0   0       0.43537895  s
   11   1   0   0       0.61689847  s
   11   2   1  -1       0.48936714  p_y
   11   2   1   0       0.46197250  p_z
   11   2   1   1       0.47606990  p_x
   12   1   0   0       0.59657746  s
   12   2   1  -1       0.47448428  p_y
   12   2   1   0       0.44929198  p_z
   12   2   1   1       0.45801096  p_x
   13   1   0   0       0.43535103  s
   14   1   0   0       0.43782277  s
   15   1   0   0       0.59089165  s
   15   2   1  -1       0.47787063  p_y
   15   2   1   0       0.45396455  p_z
   15   2   1   1       0.45617916  p_x
   16   1   0   0       0.62743948  s
   16   2   1  -1       0.50136485  p_y
   16   2   1   0       0.46757110  p_z
   16   2   1   1       0.48680777  p_x
   17   1   0   0       0.61320139  s
   17   2   1  -1       0.48737727  p_y
   17   2   1   0       0.47494408  p_z
   17   2   1   1       0.47317691  p_x
   18   1   0   0       0.44366808  s
   19   1   0   0       0.61916895  s
   19   2   1  -1       0.49844268  p_y
   19   2   1   0       0.45939669  p_z
   19   2   1   1       0.48489130  p_x
   20   1   0   0       0.62684554  s
   20   2   1  -1       0.51854207  p_y
   20   2   1   0       0.47228636  p_z
   20   2   1   1       0.49016871  p_x
   21   1   0   0       0.59214542  s
   21   2   1  -1       0.47582187  p_y
   21   2   1   0       0.45349611  p_z
   21   2   1   1       0.45733389  p_x
   22   1   0   0       0.44182150  s
   23   1   0   0       0.62000381  s
   23   2   1  -1       0.48473586  p_y
   23   2   1   0       0.47431657  p_z
   23   2   1   1       0.46430969  p_x
   24   1   0   0       0.45011327  s
   25   1   0   0       0.44059788  s
   26   1   0   0       0.43441695  s
   27   1   0   0       0.59176479  s
   27   2   1  -1       0.47308273  p_y
   27   2   1   0       0.44827057  p_z
   27   2   1   1       0.46268446  p_x
   28   1   0   0       0.62122056  s
   28   2   1  -1       0.49296051  p_y
   28   2   1   0       0.45957973  p_z
   28   2   1   1       0.48053327  p_x
   29   1   0   0       0.45036702  s
   30   1   0   0       0.62033711  s
   30   2   1  -1       0.50021008  p_y
   30   2   1   0       0.45901430  p_z
   30   2   1   1       0.48402180  p_x
   31   1   0   0       0.61426988  s
   31   2   1  -1       0.48211251  p_y
   31   2   1   0       0.47639316  p_z
   31   2   1   1       0.46816796  p_x
   32   1   0   0       0.44823659  s
   33   1   0   0       0.61633264  s
   33   2   1  -1       0.47746516  p_y
   33   2   1   0       0.47182749  p_z
   33   2   1   1       0.46992453  p_x
   34   1   0   0       0.44178154  s
   35   1   0   0       0.44793658  s
   36   1   0   0       0.45519169  s
   37   1   0   0       0.58552368  s
   37   2   1  -1       0.48143977  p_y
   37   2   1   0       0.44904535  p_z
   37   2   1   1       0.46421242  p_x
   38   1   0   0       0.61874926  s
   38   2   1  -1       0.49606075  p_y
   38   2   1   0       0.45864732  p_z
   38   2   1   1       0.48277769  p_x
   39   1   0   0       0.58334682  s
   39   2   1  -1       0.47783006  p_y
   39   2   1   0       0.44675694  p_z
   39   2   1   1       0.46521649  p_x
   40   1   0   0       0.61833649  s
   40   2   1  -1       0.49450046  p_y
   40   2   1   0       0.45938527  p_z
   40   2   1   1       0.48193932  p_x
   41   1   0   0       0.58616775  s
   41   2   1  -1       0.47725174  p_y
   41   2   1   0       0.44851922  p_z
   41   2   1   1       0.46268628  p_x
   42   1   0   0       0.45201510  s
   43   1   0   0       0.62316564  s
   43   2   1  -1       0.52358913  p_y
   43   2   1   0       0.45770162  p_z
   43   2   1   1       0.47858980  p_x
   44   1   0   0       0.61809107  s
   44   2   1  -1       0.52448074  p_y
   44   2   1   0       0.45756097  p_z
   44   2   1   1       0.47889180  p_x
   45   1   0   0       0.58529477  s
   45   2   1  -1       0.48413114  p_y
   45   2   1   0       0.44614722  p_z
   45   2   1   1       0.46473722  p_x
   46   1   0   0       0.44867595  s
   47   1   0   0       0.61887763  s
   47   2   1  -1       0.48833647  p_y
   47   2   1   0       0.45956681  p_z
   47   2   1   1       0.47709760  p_x
   48   1   0   0       0.58375442  s
   48   2   1  -1       0.47596853  p_y
   48   2   1   0       0.44531742  p_z
   48   2   1   1       0.46147560  p_x
   49   1   0   0       0.46571155  s
   50   1   0   0       0.46604988  s
   51   1   0   0       0.58529774  s
   51   2   1  -1       0.47807538  p_y
   51   2   1   0       0.44708126  p_z
   51   2   1   1       0.46499199  p_x
   52   1   0   0       0.62184454  s
   52   2   1  -1       0.49393134  p_y
   52   2   1   0       0.45611288  p_z
   52   2   1   1       0.48413094  p_x
   53   1   0   0       0.61314081  s
   53   2   1  -1       0.49247613  p_y
   53   2   1   0       0.46383706  p_z
   53   2   1   1       0.47218865  p_x
   54   1   0   0       0.44870283  s
   55   1   0   0       0.61848733  s
   55   2   1  -1       0.51155543  p_y
   55   2   1   0       0.45841309  p_z
   55   2   1   1       0.47498285  p_x
   56   1   0   0       0.62460684  s
   56   2   1  -1       0.51463302  p_y
   56   2   1   0       0.45622470  p_z
   56   2   1   1       0.48966879  p_x
   57   1   0   0       0.58492677  s
   57   2   1  -1       0.48297141  p_y
   57   2   1   0       0.44409826  p_z
   57   2   1   1       0.46676520  p_x
   58   1   0   0       0.45129842  s
   59   1   0   0       0.61556223  s
   59   2   1  -1       0.48137356  p_y
   59   2   1   0       0.47276560  p_z
   59   2   1   1       0.46622216  p_x
   60   1   0   0       0.45048795  s
   61   1   0   0       0.46587817  s
   62   1   0   0       0.46674352  s
   63   1   0   0       0.58571473  s
   63   2   1  -1       0.47803383  p_y
   63   2   1   0       0.44503553  p_z
   63   2   1   1       0.46561921  p_x
   64   1   0   0       0.61811215  s
   64   2   1  -1       0.49421781  p_y
   64   2   1   0       0.45647555  p_z
   64   2   1   1       0.47639237  p_x
   65   1   0   0       0.45097284  s
   66   1   0   0       0.61570421  s
   66   2   1  -1       0.50168910  p_y
   66   2   1   0       0.45847584  p_z
   66   2   1   1       0.49187880  p_x
   67   1   0   0       0.61514137  s
   67   2   1  -1       0.49235507  p_y
   67   2   1   0       0.47139460  p_z
   67   2   1   1       0.47078686  p_x
   68   1   0   0       0.45478666  s
   69   1   0   0       0.61477113  s
   69   2   1  -1       0.49022901  p_y
   69   2   1   0       0.46221280  p_z
   69   2   1   1       0.47793581  p_x
   70   1   0   0       0.45648282  s
   71   1   0   0       0.45273810  s
   72   1   0   0       0.46187948  s

Nr. of electrons (down):    101.00000000
Atom populations (down)
 Atom       Population
    1       1.99564370
    2       1.96100892
    3       2.00060982
    4       1.93705729
    5       1.97262894
    6       0.44688536
    7       1.96345289
    8       1.93706187
    9       1.99710125
   10       0.44411599
   11       2.00660194
   12       1.97748067
   13       0.44290745
   14       0.44753257
   15       2.00182581
   16       1.96361203
   17       2.01731771
   18       0.44591028
   19       2.01631240
   20       1.96520490
   21       1.97432765
   22       0.44861024
   23       2.01998508
   24       0.45179558
   25       0.44309155
   26       0.44189703
   27       1.97737316
   28       2.01041022
   29       0.45172755
   30       2.01659977
   31       2.01331121
   32       0.45069455
   33       2.01152697
   34       0.44443476
   35       0.44941842
   36       0.45660980
   37       1.98037268
   38       2.05561567
   39       1.97311616
   40       2.05305769
   41       1.97469872
   42       0.45204962
   43       2.08284163
   44       2.07877614
   45       1.98047220
   46       0.44873556
   47       2.04370251
   48       1.96641729
   49       0.46572408
   50       0.46606392
   51       1.97545749
   52       2.05486219
   53       2.04164140
   54       0.44871248
   55       2.06338673
   56       2.08502119
   57       1.97886568
   58       0.45136240
   59       2.03581106
   60       0.45048790
   61       0.46588147
   62       0.46674561
   63       1.97424674
   64       2.04469127
   65       0.45097920
   66       2.06783107
   67       2.04973587
   68       0.45481489
   69       2.04461986
   70       0.45647212
   71       0.45273486
   72       0.46190930

l-shell populations (down)
 Atom Sh.   l       Population
    1   1   0       0.59301595
    1   2   1       1.40262775
    2   1   0       0.62136387
    2   2   1       1.33964505
    3   1   0       0.59731307
    3   2   1       1.40329676
    4   1   0       0.62127017
    4   2   1       1.31578713
    5   1   0       0.59063564
    5   2   1       1.38199330
    6   1   0       0.44688536
    7   1   0       0.62233235
    7   2   1       1.34112053
    8   1   0       0.62270669
    8   2   1       1.31435518
    9   1   0       0.59290350
    9   2   1       1.40419775
   10   1   0       0.44411599
   11   1   0       0.61568708
   11   2   1       1.39091486
   12   1   0       0.59900002
   12   2   1       1.37848065
   13   1   0       0.44290745
   14   1   0       0.44753257
   15   1   0       0.59552455
   15   2   1       1.40630126
   16   1   0       0.62198593
   16   2   1       1.34162610
   17   1   0       0.61257938
   17   2   1       1.40473833
   18   1   0       0.44591028
   19   1   0       0.61744883
   19   2   1       1.39886357
   20   1   0       0.62022945
   20   2   1       1.34497544
   21   1   0       0.59398731
   21   2   1       1.38034033
   22   1   0       0.44861024
   23   1   0       0.61994070
   23   2   1       1.40004438
   24   1   0       0.45179558
   25   1   0       0.44309155
   26   1   0       0.44189703
   27   1   0       0.59427949
   27   2   1       1.38309367
   28   1   0       0.61968154
   28   2   1       1.39072868
   29   1   0       0.45172755
   30   1   0       0.61853812
   30   2   1       1.39806165
   31   1   0       0.61388667
   31   2   1       1.39942454
   32   1   0       0.45069455
   33   1   0       0.61620047
   33   2   1       1.39532650
   34   1   0       0.44443476
   35   1   0       0.44941842
   36   1   0       0.45660980
   37   1   0       0.58555178
   37   2   1       1.39482090
   38   1   0       0.61871909
   38   2   1       1.43689658
   39   1   0       0.58334935
   39   2   1       1.38976681
   40   1   0       0.61828382
   40   2   1       1.43477387
   41   1   0       0.58618180
   41   2   1       1.38851692
   42   1   0       0.45204962
   43   1   0       0.62315784
   43   2   1       1.45968379
   44   1   0       0.61807962
   44   2   1       1.46069652
   45   1   0       0.58532986
   45   2   1       1.39514234
   46   1   0       0.44873556
   47   1   0       0.61886889
   47   2   1       1.42483363
   48   1   0       0.58375237
   48   2   1       1.38266491
   49   1   0       0.46572408
   50   1   0       0.46606392
   51   1   0       0.58530080
   51   2   1       1.39015669
   52   1   0       0.62178981
   52   2   1       1.43307238
   53   1   0       0.61314437
   53   2   1       1.42849703
   54   1   0       0.44871248
   55   1   0       0.61848747
   55   2   1       1.44489925
   56   1   0       0.62460437
   56   2   1       1.46041683
   57   1   0       0.58495376
   57   2   1       1.39391192
   58   1   0       0.45136240
   59   1   0       0.61555789
   59   2   1       1.42025317
   60   1   0       0.45048790
   61   1   0       0.46588147
   62   1   0       0.46674561
   63   1   0       0.58570769
   63   2   1       1.38853905
   64   1   0       0.61808747
   64   2   1       1.42660380
   65   1   0       0.45097920
   66   1   0       0.61571738
   66   2   1       1.45211369
   67   1   0       0.61515673
   67   2   1       1.43457914
   68   1   0       0.45481489
   69   1   0       0.61474415
   69   2   1       1.42987571
   70   1   0       0.45647212
   71   1   0       0.45273486
   72   1   0       0.46190930

Orbital populations (down)
 Atom Sh.   l   m       Population  Label
    1   1   0   0       0.59301595  s
    1   2   1  -1       0.48259785  p_y
    1   2   1   0       0.46065741  p_z
    1   2   1   1       0.45937249  p_x
    2   1   0   0       0.62136387  s
    2   2   1  -1       0.42679124  p_y
    2   2   1   0       0.44885498  p_z
    2   2   1   1       0.46399883  p_x
    3   1   0   0       0.59731307  s
    3   2   1  -1       0.48412436  p_y
    3   2   1   0       0.45956468  p_z
    3   2   1   1       0.45960771  p_x
    4   1   0   0       0.62127017  s
    4   2   1  -1       0.40827034  p_y
    4   2   1   0       0.44737142  p_z
    4   2   1   1       0.46014536  p_x
    5   1   0   0       0.59063564  s
    5   2   1  -1       0.46615430  p_y
    5   2   1   0       0.45895607  p_z
    5   2   1   1       0.45688293  p_x
    6   1   0   0       0.44688536  s
    7   1   0   0       0.62233235  s
    7   2   1  -1       0.42813062  p_y
    7   2   1   0       0.44332567  p_z
    7   2   1   1       0.46966424  p_x
    8   1   0   0       0.62270669  s
    8   2   1  -1       0.40568429  p_y
    8   2   1   0       0.44411977  p_z
    8   2   1   1       0.46455112  p_x
    9   1   0   0       0.59290350  s
    9   2   1  -1       0.48448962  p_y
    9   2   1   0       0.46065146  p_z
    9   2   1   1       0.45905666  p_x
   10   1   0   0       0.44411599  s
   11   1   0   0       0.61568708  s
   11   2   1  -1       0.46263388  p_y
   11   2   1   0       0.45802710  p_z
   11   2   1   1       0.47025388  p_x
   12   1   0   0       0.59900002  s
   12   2   1  -1       0.46883579  p_y
   12   2   1   0       0.45106818  p_z
   12   2   1   1       0.45857668  p_x
   13   1   0   0       0.44290745  s
   14   1   0   0       0.44753257  s
   15   1   0   0       0.59552455  s
   15   2   1  -1       0.48620568  p_y
   15   2   1   0       0.46054477  p_z
   15   2   1   1       0.45955081  p_x
   16   1   0   0       0.62198593  s
   16   2   1  -1       0.42643803  p_y
   16   2   1   0       0.44606113  p_z
   16   2   1   1       0.46912694  p_x
   17   1   0   0       0.61257938  s
   17   2   1  -1       0.46556106  p_y
   17   2   1   0       0.47109390  p_z
   17   2   1   1       0.46808337  p_x
   18   1   0   0       0.44591028  s
   19   1   0   0       0.61744883  s
   19   2   1  -1       0.46854767  p_y
   19   2   1   0       0.45419117  p_z
   19   2   1   1       0.47612473  p_x
   20   1   0   0       0.62022945  s
   20   2   1  -1       0.42470510  p_y
   20   2   1   0       0.44993511  p_z
   20   2   1   1       0.47033523  p_x
   21   1   0   0       0.59398731  s
   21   2   1  -1       0.46953200  p_y
   21   2   1   0       0.45442557  p_z
   21   2   1   1       0.45638276  p_x
   22   1   0   0       0.44861024  s
   23   1   0   0       0.61994070  s
   23   2   1  -1       0.46802772  p_y
   23   2   1   0       0.47121033  p_z
   23   2   1   1       0.46080634  p_x
   24   1   0   0       0.45179558  s
   25   1   0   0       0.44309155  s
   26   1   0   0       0.44189703  s
   27   1   0   0       0.59427949  s
   27   2   1  -1       0.46995250  p_y
   27   2   1   0       0.45090955  p_z
   27   2   1   1       0.46223162  p_x
   28   1   0   0       0.61968154  s
   28   2   1  -1       0.46402904  p_y
   28   2   1   0       0.45312360  p_z
   28   2   1   1       0.47357603  p_x
   29   1   0   0       0.45172755  s
   30   1   0   0       0.61853812  s
   30   2   1  -1       0.46922394  p_y
   30   2   1   0       0.45497480  p_z
   30   2   1   1       0.47386291  p_x
   31   1   0   0       0.61388667  s
   31   2   1  -1       0.46610679  p_y
   31   2   1   0       0.47146565  p_z
   31   2   1   1       0.46185210  p_x
   32   1   0   0       0.45069455  s
   33   1   0   0       0.61620047  s
   33   2   1  -1       0.46367934  p_y
   33   2   1   0       0.46824160  p_z
   33   2   1   1       0.46340555  p_x
   34   1   0   0       0.44443476  s
   35   1   0   0       0.44941842  s
   36   1   0   0       0.45660980  s
   37   1   0   0       0.58555178  s
   37   2   1  -1       0.48150378  p_y
   37   2   1   0       0.44908045  p_z
   37   2   1   1       0.46423667  p_x
   38   1   0   0       0.61871909  s
   38   2   1  -1       0.49561091  p_y
   38   2   1   0       0.45861485  p_z
   38   2   1   1       0.48267082  p_x
   39   1   0   0       0.58334935  s
   39   2   1  -1       0.47779292  p_y
   39   2   1   0       0.44676161  p_z
   39   2   1   1       0.46521227  p_x
   40   1   0   0       0.61828382  s
   40   2   1  -1       0.49368319  p_y
   40   2   1   0       0.45932451  p_z
   40   2   1   1       0.48176617  p_x
   41   1   0   0       0.58618180  s
   41   2   1  -1       0.47727808  p_y
   41   2   1   0       0.44853678  p_z
   41   2   1   1       0.46270206  p_x
   42   1   0   0       0.45204962  s
   43   1   0   0       0.62315784  s
   43   2   1  -1       0.52345820  p_y
   43   2   1   0       0.45769557  p_z
   43   2   1   1       0.47853002  p_x
   44   1   0   0       0.61807962  s
   44   2   1  -1       0.52433249  p_y
   44   2   1   0       0.45755357  p_z
   44   2   1   1       0.47881045  p_x
   45   1   0   0       0.58532986  s
   45   2   1  -1       0.48419105  p_y
   45   2   1   0       0.44618774  p_z
   45   2   1   1       0.46476355  p_x
   46   1   0   0       0.44873556  s
   47   1   0   0       0.61886889  s
   47   2   1  -1       0.48820637  p_y
   47   2   1   0       0.45955815  p_z
   47   2   1   1       0.47706910  p_x
   48   1   0   0       0.58375237  s
   48   2   1  -1       0.47588350  p_y
   48   2   1   0       0.44531530  p_z
   48   2   1   1       0.46146612  p_x
   49   1   0   0       0.46572408  s
   50   1   0   0       0.46606392  s
   51   1   0   0       0.58530080  s
   51   2   1  -1       0.47807911  p_y
   51   2   1   0       0.44708628  p_z
   51   2   1   1       0.46499130  p_x
   52   1   0   0       0.62178981  s
   52   2   1  -1       0.49308003  p_y
   52   2   1   0       0.45605133  p_z
   52   2   1   1       0.48394102  p_x
   53   1   0   0       0.61314437  s
   53   2   1  -1       0.49246933  p_y
   53   2   1   0       0.46384160  p_z
   53   2   1   1       0.47218611  p_x
   54   1   0   0       0.44871248  s
   55   1   0   0       0.61848747  s
   55   2   1  -1       0.51150443  p_y
   55   2   1   0       0.45841058  p_z
   55   2   1   1       0.47498425  p_x
   56   1   0   0       0.62460437  s
   56   2   1  -1       0.51456885  p_y
   56   2   1   0       0.45622498  p_z
   56   2   1   1       0.48962300  p_x
   57   1   0   0       0.58495376  s
   57   2   1  -1       0.48300052  p_y
   57   2   1   0       0.44412240  p_z
   57   2   1   1       0.46678899  p_x
   58   1   0   0       0.45136240  s
   59   1   0   0       0.61555789  s
   59   2   1  -1       0.48129579  p_y
   59   2   1   0       0.47275766  p_z
   59   2   1   1       0.46619972  p_x
   60   1   0   0       0.45048790  s
   61   1   0   0       0.46588147  s
   62   1   0   0       0.46674561  s
   63   1   0   0       0.58570769  s
   63   2   1  -1       0.47792875  p_y
   63   2   1   0       0.44502924  p_z
   63   2   1   1       0.46558105  p_x
   64   1   0   0       0.61808747  s
   64   2   1  -1       0.49384898  p_y
   64   2   1   0       0.45644581  p_z
   64   2   1   1       0.47630901  p_x
   65   1   0   0       0.45097920  s
   66   1   0   0       0.61571738  s
   66   2   1  -1       0.50171974  p_y
   66   2   1   0       0.45849208  p_z
   66   2   1   1       0.49190188  p_x
   67   1   0   0       0.61515673  s
   67   2   1  -1       0.49237904  p_y
   67   2   1   0       0.47140355  p_z
   67   2   1   1       0.47079655  p_x
   68   1   0   0       0.45481489  s
   69   1   0   0       0.61474415  s
   69   2   1  -1       0.48994635  p_y
   69   2   1   0       0.46217490  p_z
   69   2   1   1       0.47775446  p_x
   70   1   0   0       0.45647212  s
   71   1   0   0       0.45273486  s
   72   1   0   0       0.46190930  s

Spin  up
Fermi level:                        -0.2261574544 H           -6.1541 eV
Band energy:                       -48.0814038609 H        -1308.3616 eV
TS:                                  0.0000000000 H            0.0000 eV
Band free energy (E-TS):           -48.0814038609 H        -1308.3616 eV
Extrapolated E(0K):                -48.0814038609 H        -1308.3616 eV
Input / Output electrons (up):    102.0000000001    102.0000000000

Spin  down
Fermi level:                        -0.2428560213 H           -6.6084 eV
Band energy:                       -47.7431527710 H        -1299.1573 eV
TS:                                  0.0000000000 H            0.0000 eV
Band free energy (E-TS):           -47.7431527710 H        -1299.1573 eV
Extrapolated E(0K):                -47.7431527710 H        -1299.1573 eV
Input / Output electrons (down):    100.9999999999    101.0000000000

Energy H0:                         -86.2760511036 H        -2347.6908 eV
Energy SCC:                          0.0240146349 H            0.6535 eV
Energy SPIN:                        -0.0015594239 H           -0.0424 eV
Energy 3rd:                          0.0000465798 H            0.0013 eV
Total Electronic energy:           -86.2535493129 H        -2347.0785 eV
Repulsive energy:                    0.7510569963 H           20.4373 eV
Total energy:                      -85.5024923166 H        -2326.6412 eV
Extrapolated to 0:                 -85.5024923166 H        -2326.6412 eV
Total Mermin free energy:          -85.5024923166 H        -2326.6412 eV
Force related energy:              -85.5024923166 H        -2326.6412 eV

Constraints converged

SCC converged

