 KPT            1  SPIN            1  KWEIGHT    1.0000000000000000     
     1   -19.744  2.00000
     2   -19.448  2.00000
     3   -19.384  2.00000
     4   -19.121  2.00000
     5   -18.936  2.00000
     6   -18.605  2.00000
     7   -18.252  2.00000
     8   -17.899  2.00000
     9   -17.764  2.00000
    10   -17.469  2.00000
    11   -17.422  2.00000
    12   -17.414  2.00000
    13   -17.152  2.00000
    14   -17.082  2.00000
    15   -16.938  2.00000
    16   -16.655  2.00000
    17   -16.621  2.00000
    18   -16.301  2.00000
    19   -16.224  2.00000
    20   -15.887  2.00000
    21   -15.340  2.00000
    22   -15.002  2.00000
    23   -14.824  2.00000
    24   -14.482  2.00000
    25   -13.880  2.00000
    26   -13.759  2.00000
    27   -13.546  2.00000
    28   -13.436  2.00000
    29   -13.244  2.00000
    30   -13.108  2.00000
    31   -13.066  2.00000
    32   -12.901  2.00000
    33   -12.854  2.00000
    34   -12.703  2.00000
    35   -12.693  2.00000
    36   -12.539  2.00000
    37   -11.676  2.00000
    38   -11.354  2.00000
    39   -11.066  2.00000
    40   -11.054  2.00000
    41   -10.734  2.00000
    42   -10.716  2.00000
    43   -10.576  2.00000
    44   -10.563  2.00000
    45   -10.400  2.00000
    46   -10.235  2.00000
    47   -10.220  2.00000
    48   -10.076  2.00000
    49   -10.010  2.00000
    50    -9.993  2.00000
    51    -9.892  2.00000
    52    -9.815  2.00000
    53    -9.653  2.00000
    54    -9.555  2.00000
    55    -9.526  2.00000
    56    -9.499  2.00000
    57    -9.492  2.00000
    58    -9.399  2.00000
    59    -9.270  2.00000
    60    -9.187  2.00000
    61    -9.177  2.00000
    62    -9.139  2.00000
    63    -9.120  2.00000
    64    -8.942  2.00000
    65    -8.934  2.00000
    66    -8.924  2.00000
    67    -8.843  2.00000
    68    -8.832  2.00000
    69    -8.749  2.00000
    70    -8.730  2.00000
    71    -8.589  2.00000
    72    -8.553  2.00000
    73    -8.510  2.00000
    74    -8.494  2.00000
    75    -8.389  2.00000
    76    -8.198  2.00000
    77    -8.134  2.00000
    78    -8.075  2.00000
    79    -7.969  2.00000
    80    -7.837  2.00000
    81    -7.813  2.00000
    82    -7.779  2.00000
    83    -7.616  2.00000
    84    -7.584  2.00000
    85    -7.512  2.00000
    86    -7.489  2.00000
    87    -7.425  2.00000
    88    -7.325  2.00000
    89    -7.319  2.00000
    90    -7.220  2.00000
    91    -7.172  2.00000
    92    -7.121  2.00000
    93    -6.972  2.00000
    94    -6.937  2.00000
    95    -6.865  2.00000
    96    -6.604  2.00000
    97    -6.553  2.00000
    98    -6.233  2.00000
    99    -6.028  2.00000
   100    -5.689  2.00000
   101    -5.028  2.00000
   102    -4.680  2.00000
   103    -3.809  0.00000
   104    -3.452  0.00000
   105    -2.733  0.00000
   106    -2.396  0.00000
   107    -1.810  0.00000
   108    -1.623  0.00000
   109    -1.513  0.00000
   110    -1.233  0.00000
   111    -1.078  0.00000
   112    -0.776  0.00000
   113    -0.656  0.00000
   114    -0.264  0.00000
   115    -0.006  0.00000
   116     0.365  0.00000
   117     0.418  0.00000
   118     0.662  0.00000
   119     1.804  0.00000
   120     2.160  0.00000
   121     3.086  0.00000
   122     3.438  0.00000
   123     4.002  0.00000
   124     4.358  0.00000
   125    11.161  0.00000
   126    11.251  0.00000
   127    12.296  0.00000
   128    12.439  0.00000
   129    12.985  0.00000
   130    13.106  0.00000
   131    13.444  0.00000
   132    13.581  0.00000
   133    14.093  0.00000
   134    14.193  0.00000
   135    14.262  0.00000
   136    14.577  0.00000
   137    15.202  0.00000
   138    15.429  0.00000
   139    15.485  0.00000
   140    15.562  0.00000
   141    15.609  0.00000
   142    15.718  0.00000
   143    15.974  0.00000
   144    16.135  0.00000
   145    16.340  0.00000
   146    16.367  0.00000
   147    16.410  0.00000
   148    16.712  0.00000
   149    17.168  0.00000
   150    17.231  0.00000
   151    17.328  0.00000
   152    17.638  0.00000
   153    19.039  0.00000
   154    19.158  0.00000
   155    19.281  0.00000
   156    19.391  0.00000
   157    19.480  0.00000
   158    19.661  0.00000
   159    19.822  0.00000
   160    19.989  0.00000
   161    20.076  0.00000
   162    20.180  0.00000
   163    20.253  0.00000
   164    20.282  0.00000
   165    20.457  0.00000
   166    20.834  0.00000
   167    21.496  0.00000
   168    21.758  0.00000
   169    21.770  0.00000
   170    22.047  0.00000
   171    22.076  0.00000
   172    22.333  0.00000
   173    22.432  0.00000
   174    22.620  0.00000
   175    22.725  0.00000
   176    22.836  0.00000
   177    22.925  0.00000
   178    23.036  0.00000
   179    23.155  0.00000
   180    23.236  0.00000
   181    23.253  0.00000
   182    23.537  0.00000
   183    23.568  0.00000
   184    23.630  0.00000
   185    23.801  0.00000
   186    24.012  0.00000
   187    24.341  0.00000
   188    24.512  0.00000
   189    24.751  0.00000
   190    24.891  0.00000
   191    25.121  0.00000
   192    25.503  0.00000
   193    25.597  0.00000
   194    25.936  0.00000
   195    27.059  0.00000
   196    27.125  0.00000
   197    27.783  0.00000
   198    27.838  0.00000
   199    28.749  0.00000
   200    28.974  0.00000
   201    29.667  0.00000
   202    30.037  0.00000
   203    30.290  0.00000
   204    30.699  0.00000

