 KPT            1  SPIN            1  KWEIGHT    1.0000000000000000     
     1   -24.528  2.00000
     2   -24.522  2.00000
     3   -24.482  2.00000
     4   -24.481  2.00000
     5   -24.457  2.00000
     6   -24.451  2.00000
     7   -24.448  2.00000
     8   -24.448  2.00000
     9   -24.425  2.00000
    10   -24.417  2.00000
    11   -24.389  2.00000
    12   -24.385  2.00000
    13   -24.255  2.00000
    14   -24.252  2.00000
    15   -24.172  2.00000
    16   -24.169  2.00000
    17   -21.578  2.00000
    18   -21.572  2.00000
    19   -21.464  2.00000
    20   -21.460  2.00000
    21   -21.382  2.00000
    22   -21.380  2.00000
    23   -21.379  2.00000
    24   -21.378  2.00000
    25   -19.384  2.00000
    26   -19.380  2.00000
    27   -18.983  2.00000
    28   -18.976  2.00000
    29   -18.818  2.00000
    30   -18.814  2.00000
    31   -18.774  2.00000
    32   -18.769  2.00000
    33   -18.672  2.00000
    34   -18.671  2.00000
    35   -18.656  2.00000
    36   -18.653  2.00000
    37   -18.640  2.00000
    38   -18.636  2.00000
    39   -18.546  2.00000
    40   -18.542  2.00000
    41   -18.428  2.00000
    42   -18.414  2.00000
    43   -18.347  2.00000
    44   -18.337  2.00000
    45   -18.049  2.00000
    46   -18.046  2.00000
    47   -17.997  2.00000
    48   -17.994  2.00000
    49   -17.421  2.00000
    50   -17.418  2.00000
    51   -17.082  2.00000
    52   -17.077  2.00000
    53   -16.974  2.00000
    54   -16.970  2.00000
    55   -16.870  2.00000
    56   -16.866  2.00000
    57   -16.839  2.00000
    58   -16.832  2.00000
    59   -16.804  2.00000
    60   -16.799  2.00000
    61   -16.787  2.00000
    62   -16.781  2.00000
    63   -16.735  2.00000
    64   -16.730  2.00000
    65   -16.719  2.00000
    66   -16.716  2.00000
    67   -16.659  2.00000
    68   -16.657  2.00000
    69   -16.619  2.00000
    70   -16.616  2.00000
    71   -16.605  2.00000
    72   -16.601  2.00000
    73   -16.578  2.00000
    74   -16.577  2.00000
    75   -16.548  2.00000
    76   -16.545  2.00000
    77   -16.509  2.00000
    78   -16.506  2.00000
    79   -16.358  2.00000
    80   -16.354  2.00000
    81   -16.296  2.00000
    82   -16.293  2.00000
    83   -16.264  2.00000
    84   -16.260  2.00000
    85   -16.245  2.00000
    86   -16.241  2.00000
    87   -16.218  2.00000
    88   -16.214  2.00000
    89   -15.939  2.00000
    90   -15.936  2.00000
    91   -15.913  2.00000
    92   -15.911  2.00000
    93   -15.477  2.00000
    94   -15.474  2.00000
    95   -15.467  2.00000
    96   -15.464  2.00000
    97   -15.246  2.00000
    98   -15.241  2.00000
    99   -15.233  2.00000
   100   -15.226  2.00000
   101   -15.168  2.00000
   102   -15.161  2.00000
   103   -15.113  2.00000
   104   -15.111  2.00000
   105   -14.952  2.00000
   106   -14.947  2.00000
   107   -14.901  2.00000
   108   -14.897  2.00000
   109   -14.766  2.00000
   110   -14.761  2.00000
   111   -14.669  2.00000
   112   -14.666  2.00000
   113   -14.645  2.00000
   114   -14.644  2.00000
   115   -13.763  2.00000
   116   -13.758  2.00000
   117   -13.691  2.00000
   118   -13.687  2.00000
   119   -13.678  2.00000
   120   -13.674  2.00000
   121   -13.459  2.00000
   122   -13.453  2.00000
   123   -13.443  2.00000
   124   -13.438  2.00000
   125   -13.379  2.00000
   126   -13.371  2.00000
   127   -13.328  2.00000
   128   -13.324  2.00000
   129   -13.307  2.00000
   130   -13.301  2.00000
   131   -13.263  2.00000
   132   -13.261  2.00000
   133   -13.256  2.00000
   134   -13.248  2.00000
   135   -13.182  2.00000
   136   -13.175  2.00000
   137   -13.128  2.00000
   138   -13.123  2.00000
   139   -13.102  2.00000
   140   -13.097  2.00000
   141   -12.988  2.00000
   142   -12.987  2.00000
   143   -12.940  2.00000
   144   -12.933  2.00000
   145   -12.889  2.00000
   146   -12.877  2.00000
   147   -12.796  2.00000
   148   -12.793  2.00000
   149   -12.553  2.00000
   150   -12.548  2.00000
   151   -12.513  2.00000
   152   -12.510  2.00000
   153   -12.502  2.00000
   154   -12.491  2.00000
   155   -12.285  2.00000
   156   -12.278  2.00000
   157   -12.083  2.00000
   158   -12.080  2.00000
   159   -12.025  2.00000
   160   -12.022  2.00000
   161   -11.827  2.00000
   162   -11.824  2.00000
   163   -11.460  2.00000
   164   -11.454  2.00000
   165   -11.316  2.00000
   166   -11.311  2.00000
   167   -11.302  2.00000
   168   -11.296  2.00000
   169   -11.267  2.00000
   170   -11.262  2.00000
   171   -11.255  2.00000
   172   -11.250  2.00000
   173   -11.214  2.00000
   174   -11.209  2.00000
   175   -11.206  2.00000
   176   -11.204  2.00000
   177   -11.134  2.00000
   178   -11.128  2.00000
   179   -11.117  2.00000
   180   -11.106  2.00000
   181   -11.093  2.00000
   182   -11.083  2.00000
   183   -11.045  2.00000
   184   -11.040  2.00000
   185   -11.029  2.00000
   186   -11.026  2.00000
   187   -11.010  2.00000
   188   -10.996  2.00000
   189   -10.954  2.00000
   190   -10.953  2.00000
   191   -10.945  2.00000
   192   -10.937  2.00000
   193   -10.699  2.00000
   194   -10.693  2.00000
   195   -10.596  2.00000
   196   -10.591  2.00000
   197   -10.554  2.00000
   198   -10.550  2.00000
   199   -10.511  2.00000
   200   -10.508  2.00000
   201   -10.477  2.00000
   202   -10.477  2.00000
   203   -10.439  2.00000
   204   -10.437  2.00000
   205   -10.414  2.00000
   206   -10.411  2.00000
   207   -10.400  2.00000
   208   -10.398  2.00000
   209   -10.390  2.00000
   210   -10.386  2.00000
   211   -10.362  2.00000
   212   -10.356  2.00000
   213   -10.346  2.00000
   214   -10.340  2.00000
   215   -10.331  2.00000
   216   -10.330  2.00000
   217   -10.314  2.00000
   218   -10.308  2.00000
   219   -10.305  2.00000
   220   -10.304  2.00000
   221   -10.293  2.00000
   222   -10.290  2.00000
   223   -10.214  2.00000
   224   -10.202  2.00000
   225   -10.117  2.00000
   226   -10.113  2.00000
   227   -10.083  2.00000
   228   -10.075  2.00000
   229   -10.026  2.00000
   230   -10.024  2.00000
   231    -9.924  2.00000
   232    -9.918  2.00000
   233    -9.877  2.00000
   234    -9.873  2.00000
   235    -9.800  2.00000
   236    -9.796  2.00000
   237    -9.635  2.00000
   238    -9.628  2.00000
   239    -9.617  2.00000
   240    -9.613  2.00000
   241    -9.594  2.00000
   242    -9.586  2.00000
   243    -9.577  2.00000
   244    -9.571  2.00000
   245    -9.539  2.00000
   246    -9.535  2.00000
   247    -9.499  2.00000
   248    -9.496  2.00000
   249    -9.476  2.00000
   250    -9.473  2.00000
   251    -9.435  2.00000
   252    -9.428  2.00000
   253    -9.410  2.00000
   254    -9.407  2.00000
   255    -9.384  2.00000
   256    -9.360  2.00000
   257    -9.341  2.00000
   258    -9.339  2.00000
   259    -9.322  2.00000
   260    -9.320  2.00000
   261    -9.299  2.00000
   262    -9.293  2.00000
   263    -9.288  2.00000
   264    -9.282  2.00000
   265    -9.206  2.00000
   266    -9.201  2.00000
   267    -9.143  2.00000
   268    -9.140  2.00000
   269    -9.137  2.00000
   270    -9.134  2.00000
   271    -9.122  2.00000
   272    -9.115  2.00000
   273    -9.115  2.00000
   274    -9.110  2.00000
   275    -9.060  2.00000
   276    -9.055  2.00000
   277    -9.034  2.00000
   278    -9.027  2.00000
   279    -9.009  2.00000
   280    -9.004  2.00000
   281    -8.988  2.00000
   282    -8.984  2.00000
   283    -8.979  2.00000
   284    -8.973  2.00000
   285    -8.954  2.00000
   286    -8.953  2.00000
   287    -8.935  2.00000
   288    -8.931  2.00000
   289    -8.926  2.00000
   290    -8.925  2.00000
   291    -8.910  2.00000
   292    -8.900  2.00000
   293    -8.884  2.00000
   294    -8.881  2.00000
   295    -8.875  2.00000
   296    -8.852  2.00000
   297    -8.841  2.00000
   298    -8.838  2.00000
   299    -8.832  2.00000
   300    -8.826  2.00000
   301    -8.822  2.00000
   302    -8.814  2.00000
   303    -8.811  2.00000
   304    -8.806  2.00000
   305    -8.797  2.00000
   306    -8.780  2.00000
   307    -8.770  2.00000
   308    -8.766  2.00000
   309    -8.740  2.00000
   310    -8.736  2.00000
   311    -8.713  2.00000
   312    -8.710  2.00000
   313    -8.674  2.00000
   314    -8.663  2.00000
   315    -8.644  2.00000
   316    -8.641  2.00000
   317    -8.609  2.00000
   318    -8.607  2.00000
   319    -8.604  2.00000
   320    -8.580  2.00000
   321    -8.558  2.00000
   322    -8.552  2.00000
   323    -8.528  2.00000
   324    -8.526  2.00000
   325    -8.508  2.00000
   326    -8.493  2.00000
   327    -8.476  2.00000
   328    -8.472  2.00000
   329    -8.456  2.00000
   330    -8.438  2.00000
   331    -8.431  2.00000
   332    -8.427  2.00000
   333    -8.403  2.00000
   334    -8.395  2.00000
   335    -8.324  2.00000
   336    -8.322  2.00000
   337    -8.246  2.00000
   338    -8.244  2.00000
   339    -8.216  2.00000
   340    -8.211  2.00000
   341    -8.181  2.00000
   342    -8.170  2.00000
   343    -8.096  2.00000
   344    -8.092  2.00000
   345    -8.025  2.00000
   346    -8.021  2.00000
   347    -8.007  2.00000
   348    -8.002  2.00000
   349    -7.978  2.00000
   350    -7.973  2.00000
   351    -7.959  2.00000
   352    -7.951  2.00000
   353    -7.931  2.00000
   354    -7.927  2.00000
   355    -7.906  2.00000
   356    -7.902  2.00000
   357    -7.810  2.00000
   358    -7.802  2.00000
   359    -7.794  2.00000
   360    -7.789  2.00000
   361    -7.756  2.00000
   362    -7.753  2.00000
   363    -7.709  2.00000
   364    -7.698  2.00000
   365    -7.673  2.00000
   366    -7.659  2.00000
   367    -7.655  2.00000
   368    -7.646  2.00000
   369    -7.628  2.00000
   370    -7.619  2.00000
   371    -7.568  2.00000
   372    -7.567  2.00000
   373    -7.526  2.00000
   374    -7.521  2.00000
   375    -7.479  2.00000
   376    -7.465  2.00000
   377    -7.435  2.00000
   378    -7.433  2.00000
   379    -7.389  2.00000
   380    -7.382  2.00000
   381    -7.365  2.00000
   382    -7.360  2.00000
   383    -7.321  2.00000
   384    -7.316  2.00000
   385    -7.282  2.00000
   386    -7.277  2.00000
   387    -7.240  2.00000
   388    -7.236  2.00000
   389    -7.187  2.00000
   390    -7.184  2.00000
   391    -7.178  2.00000
   392    -7.171  2.00000
   393    -7.155  2.00000
   394    -7.153  2.00000
   395    -7.147  2.00000
   396    -7.144  2.00000
   397    -7.119  2.00000
   398    -7.116  2.00000
   399    -7.060  2.00000
   400    -7.056  2.00000
   401    -7.043  2.00000
   402    -7.028  2.00000
   403    -7.015  2.00000
   404    -7.011  2.00000
   405    -6.993  2.00000
   406    -6.978  2.00000
   407    -6.946  2.00000
   408    -6.942  2.00000
   409    -6.815  2.00000
   410    -6.811  2.00000
   411    -6.788  2.00000
   412    -6.780  2.00000
   413    -6.752  2.00000
   414    -6.747  2.00000
   415    -6.676  2.00000
   416    -6.669  2.00000
   417    -6.651  2.00000
   418    -6.647  2.00000
   419    -6.628  2.00000
   420    -6.627  2.00000
   421    -6.614  2.00000
   422    -6.604  2.00000
   423    -6.574  2.00000
   424    -6.559  2.00000
   425    -6.513  2.00000
   426    -6.511  2.00000
   427    -6.491  2.00000
   428    -6.486  2.00000
   429    -6.442  2.00000
   430    -6.438  2.00000
   431    -6.135  2.00000
   432    -6.130  2.00000
   433    -6.090  2.00000
   434    -6.087  2.00000
   435    -6.059  2.00000
   436    -6.055  2.00000
   437    -6.040  2.00000
   438    -6.036  2.00000
   439    -6.012  2.00000
   440    -6.009  2.00000
   441    -5.706  2.00000
   442    -5.699  2.00000
   443    -5.575  2.00000
   444    -5.570  2.00000
   445    -5.547  2.00000
   446    -5.544  2.00000
   447    -5.484  2.00000
   448    -5.479  2.00000
   449    -5.438  2.00000
   450    -5.429  2.00000
   451    -5.404  2.00000
   452    -5.400  2.00000
   453    -4.631  2.00000
   454    -4.627  2.00000
   455    -4.538  2.00000
   456    -4.535  2.00000
   457    -4.203  2.00000
   458    -4.201  2.00000
   459    -4.150  2.00000
   460    -4.147  2.00000
   461    -1.698  0.00000
   462    -1.692  0.00000
   463    -1.577  0.00000
   464    -1.573  0.00000
   465    -1.529  0.00000
   466    -1.526  0.00000
   467    -1.426  0.00000
   468    -1.418  0.00000
   469    -1.404  0.00000
   470    -1.399  0.00000
   471    -1.319  0.00000
   472    -1.319  0.00000
   473    -1.287  0.00000
   474    -1.285  0.00000
   475    -1.284  0.00000
   476    -1.281  0.00000
   477    -1.157  0.00000
   478    -1.156  0.00000
   479    -1.134  0.00000
   480    -1.132  0.00000
   481    -1.096  0.00000
   482    -1.090  0.00000
   483    -1.008  0.00000
   484    -1.005  0.00000
   485    -0.951  0.00000
   486    -0.948  0.00000
   487    -0.937  0.00000
   488    -0.934  0.00000
   489    -0.922  0.00000
   490    -0.917  0.00000
   491    -0.833  0.00000
   492    -0.832  0.00000
   493    -0.754  0.00000
   494    -0.752  0.00000
   495    -0.698  0.00000
   496    -0.695  0.00000
   497    -0.613  0.00000
   498    -0.609  0.00000
   499    -0.553  0.00000
   500    -0.549  0.00000
   501    -0.168  0.00000
   502    -0.165  0.00000
   503    -0.065  0.00000
   504    -0.062  0.00000
   505     0.577  0.00000
   506     0.580  0.00000
   507     0.658  0.00000
   508     0.661  0.00000
   509     2.272  0.00000
   510     2.276  0.00000
   511     2.374  0.00000
   512     2.377  0.00000
   513     2.406  0.00000
   514     2.412  0.00000
   515     2.609  0.00000
   516     2.614  0.00000
   517     2.696  0.00000
   518     2.696  0.00000
   519     2.771  0.00000
   520     2.773  0.00000
   521     2.828  0.00000
   522     2.834  0.00000
   523     2.946  0.00000
   524     2.951  0.00000
   525     3.117  0.00000
   526     3.117  0.00000
   527     3.204  0.00000
   528     3.207  0.00000
   529     3.840  0.00000
   530     3.843  0.00000
   531     4.112  0.00000
   532     4.115  0.00000
   533     8.500  0.00000
   534     8.516  0.00000
   535     8.597  0.00000
   536     8.622  0.00000
   537     8.742  0.00000
   538     8.748  0.00000
   539     8.816  0.00000
   540     8.818  0.00000
   541     8.842  0.00000
   542     8.845  0.00000
   543     8.883  0.00000
   544     8.897  0.00000
   545     8.911  0.00000
   546     8.918  0.00000
   547     8.945  0.00000
   548     8.969  0.00000
   549     9.014  0.00000
   550     9.022  0.00000
   551     9.081  0.00000
   552     9.090  0.00000
   553     9.103  0.00000
   554     9.111  0.00000
   555     9.120  0.00000
   556     9.125  0.00000
   557     9.334  0.00000
   558     9.338  0.00000
   559     9.357  0.00000
   560     9.361  0.00000
   561     9.406  0.00000
   562     9.415  0.00000
   563     9.422  0.00000
   564     9.423  0.00000
   565     9.489  0.00000
   566     9.491  0.00000
   567     9.512  0.00000
   568     9.517  0.00000
   569     9.559  0.00000
   570     9.565  0.00000
   571     9.608  0.00000
   572     9.615  0.00000
   573     9.636  0.00000
   574     9.637  0.00000
   575     9.641  0.00000
   576     9.661  0.00000
   577     9.679  0.00000
   578     9.689  0.00000
   579     9.701  0.00000
   580     9.705  0.00000
   581     9.720  0.00000
   582     9.725  0.00000
   583     9.758  0.00000
   584     9.772  0.00000
   585     9.809  0.00000
   586     9.819  0.00000
   587     9.853  0.00000
   588     9.859  0.00000
   589     9.884  0.00000
   590     9.894  0.00000
   591     9.899  0.00000
   592     9.912  0.00000
   593     9.925  0.00000
   594     9.944  0.00000
   595     9.995  0.00000
   596     9.996  0.00000
   597    10.005  0.00000
   598    10.020  0.00000
   599    10.057  0.00000
   600    10.061  0.00000
   601    10.081  0.00000
   602    10.082  0.00000
   603    10.129  0.00000
   604    10.154  0.00000
   605    10.178  0.00000
   606    10.189  0.00000
   607    10.194  0.00000
   608    10.247  0.00000
   609    10.259  0.00000
   610    10.280  0.00000
   611    10.335  0.00000
   612    10.340  0.00000
   613    10.363  0.00000
   614    10.403  0.00000
   615    10.417  0.00000
   616    10.419  0.00000
   617    10.432  0.00000
   618    10.439  0.00000
   619    10.461  0.00000
   620    10.472  0.00000
   621    10.491  0.00000
   622    10.502  0.00000
   623    10.557  0.00000
   624    10.569  0.00000
   625    10.676  0.00000
   626    10.685  0.00000
   627    10.788  0.00000
   628    10.795  0.00000
   629    11.018  0.00000
   630    11.024  0.00000
   631    11.123  0.00000
   632    11.134  0.00000
   633    11.175  0.00000
   634    11.181  0.00000
   635    11.196  0.00000
   636    11.203  0.00000
   637    11.205  0.00000
   638    11.211  0.00000
   639    11.262  0.00000
   640    11.277  0.00000
   641    11.333  0.00000
   642    11.346  0.00000
   643    11.370  0.00000
   644    11.374  0.00000
   645    11.411  0.00000
   646    11.412  0.00000
   647    11.490  0.00000
   648    11.505  0.00000
   649    12.982  0.00000
   650    12.985  0.00000
   651    13.282  0.00000
   652    13.285  0.00000
   653    14.329  0.00000
   654    14.332  0.00000
   655    14.375  0.00000
   656    14.381  0.00000
   657    14.523  0.00000
   658    14.564  0.00000
   659    14.586  0.00000
   660    14.595  0.00000
   661    14.625  0.00000
   662    14.631  0.00000
   663    14.643  0.00000
   664    14.664  0.00000
   665    14.668  0.00000
   666    14.710  0.00000
   667    14.724  0.00000
   668    14.730  0.00000
   669    14.760  0.00000
   670    14.783  0.00000
   671    14.800  0.00000
   672    14.819  0.00000
   673    14.861  0.00000
   674    14.866  0.00000
   675    14.889  0.00000
   676    14.902  0.00000
   677    14.905  0.00000
   678    14.920  0.00000
   679    14.937  0.00000
   680    14.947  0.00000
   681    15.003  0.00000
   682    15.006  0.00000
   683    15.046  0.00000
   684    15.053  0.00000
   685    15.055  0.00000
   686    15.059  0.00000
   687    15.183  0.00000
   688    15.189  0.00000
   689    15.290  0.00000
   690    15.295  0.00000
   691    15.460  0.00000
   692    15.472  0.00000
   693    15.587  0.00000
   694    15.588  0.00000
   695    15.626  0.00000
   696    15.629  0.00000
   697    15.633  0.00000
   698    15.640  0.00000
   699    15.650  0.00000
   700    15.657  0.00000
   701    15.668  0.00000
   702    15.675  0.00000
   703    15.697  0.00000
   704    15.705  0.00000
   705    15.773  0.00000
   706    15.827  0.00000
   707    15.919  0.00000
   708    15.947  0.00000
   709    15.959  0.00000
   710    15.976  0.00000
   711    16.069  0.00000
   712    16.071  0.00000
   713    16.133  0.00000
   714    16.138  0.00000
   715    16.187  0.00000
   716    16.187  0.00000
   717    16.216  0.00000
   718    16.221  0.00000
   719    16.343  0.00000
   720    16.348  0.00000
   721    16.440  0.00000
   722    16.445  0.00000
   723    16.544  0.00000
   724    16.550  0.00000
   725    16.745  0.00000
   726    16.747  0.00000
   727    16.828  0.00000
   728    16.833  0.00000
   729    17.033  0.00000
   730    17.038  0.00000
   731    17.278  0.00000
   732    17.280  0.00000
   733    17.696  0.00000
   734    17.697  0.00000
   735    17.973  0.00000
   736    17.977  0.00000
   737    18.747  0.00000
   738    18.750  0.00000
   739    19.002  0.00000
   740    19.006  0.00000
   741    19.291  0.00000
   742    19.297  0.00000
   743    19.426  0.00000
   744    19.430  0.00000
   745    19.431  0.00000
   746    19.435  0.00000
   747    19.555  0.00000
   748    19.559  0.00000
   749    19.620  0.00000
   750    19.622  0.00000
   751    19.678  0.00000
   752    19.681  0.00000
   753    19.746  0.00000
   754    19.750  0.00000
   755    19.804  0.00000
   756    19.808  0.00000
   757    19.921  0.00000
   758    19.926  0.00000
   759    20.046  0.00000
   760    20.050  0.00000
   761    20.076  0.00000
   762    20.077  0.00000
   763    20.212  0.00000
   764    20.215  0.00000
   765    20.390  0.00000
   766    20.399  0.00000
   767    20.632  0.00000
   768    20.641  0.00000
   769    20.683  0.00000
   770    20.688  0.00000
   771    20.783  0.00000
   772    20.786  0.00000
   773    20.856  0.00000
   774    20.856  0.00000
   775    20.873  0.00000
   776    20.875  0.00000
   777    20.912  0.00000
   778    20.916  0.00000
   779    21.027  0.00000
   780    21.027  0.00000
   781    21.180  0.00000
   782    21.188  0.00000
   783    21.463  0.00000
   784    21.467  0.00000
   785    21.493  0.00000
   786    21.498  0.00000
   787    21.550  0.00000
   788    21.553  0.00000
   789    21.662  0.00000
   790    21.665  0.00000
   791    21.731  0.00000
   792    21.737  0.00000
   793    21.834  0.00000
   794    21.851  0.00000
   795    21.997  0.00000
   796    22.001  0.00000
   797    22.007  0.00000
   798    22.011  0.00000
   799    22.052  0.00000
   800    22.059  0.00000
   801    22.081  0.00000
   802    22.084  0.00000
   803    22.104  0.00000
   804    22.109  0.00000
   805    22.257  0.00000
   806    22.269  0.00000
   807    22.345  0.00000
   808    22.361  0.00000
   809    22.393  0.00000
   810    22.396  0.00000
   811    22.407  0.00000
   812    22.411  0.00000
   813    22.481  0.00000
   814    22.485  0.00000
   815    22.544  0.00000
   816    22.548  0.00000
   817    22.675  0.00000
   818    22.678  0.00000
   819    22.832  0.00000
   820    22.841  0.00000
   821    22.932  0.00000
   822    22.937  0.00000
   823    23.347  0.00000
   824    23.351  0.00000
   825    23.353  0.00000
   826    23.356  0.00000
   827    23.748  0.00000
   828    23.752  0.00000
   829    24.196  0.00000
   830    24.199  0.00000
   831    24.354  0.00000
   832    24.358  0.00000
   833    25.350  0.00000
   834    25.354  0.00000
   835    25.467  0.00000
   836    25.476  0.00000
   837    25.751  0.00000
   838    25.759  0.00000
   839    25.808  0.00000
   840    25.814  0.00000
   841    25.951  0.00000
   842    25.952  0.00000
   843    25.994  0.00000
   844    25.995  0.00000
   845    26.008  0.00000
   846    26.009  0.00000
   847    26.009  0.00000
   848    26.015  0.00000
   849    26.102  0.00000
   850    26.104  0.00000
   851    26.704  0.00000
   852    26.707  0.00000
   853    28.497  0.00000
   854    28.501  0.00000
   855    28.825  0.00000
   856    28.828  0.00000
   857    29.544  0.00000
   858    29.554  0.00000
   859    29.835  0.00000
   860    29.841  0.00000
   861    29.912  0.00000
   862    29.919  0.00000
   863    29.971  0.00000
   864    29.973  0.00000
   865    30.010  0.00000
   866    30.013  0.00000
   867    30.045  0.00000
   868    30.048  0.00000
   869    30.098  0.00000
   870    30.101  0.00000
   871    30.273  0.00000
   872    30.277  0.00000
   873    30.303  0.00000
   874    30.304  0.00000
   875    30.442  0.00000
   876    30.445  0.00000
   877    31.076  0.00000
   878    31.079  0.00000
   879    31.254  0.00000
   880    31.258  0.00000

