|===============================================================================
|
|  DFTB+ release 24.1
|
|  Copyright (C) 2006 - 2024  DFTB+ developers group
|
|===============================================================================
|
|  When publishing results obtained with DFTB+, please cite the following
|  reference:
|
|  * DFTB+, a software package for efficient approximate density functional
|    theory based atomistic simulations, J. Chem. Phys. 152, 124101 (2020).
|    [doi: 10.1063/1.5143190]
|
|  You should also cite additional publications crediting the parametrization
|  data you use. Please consult the documentation of the SK-files for the
|  references.
|
|===============================================================================

Reading input file 'dftb_in.hsd'
Parser version: 14

--------------------------------------------------------------------------------
***  Converting input from parser version 10 to parser version 14 ...
***  Done.

Reading SK-files:
/home/takahashi/qmmm/sk/3ob/O-O.skf
/home/takahashi/qmmm/sk/3ob/O-C.skf
/home/takahashi/qmmm/sk/3ob/O-H.skf
/home/takahashi/qmmm/sk/3ob/O-N.skf
/home/takahashi/qmmm/sk/3ob/C-C.skf
/home/takahashi/qmmm/sk/3ob/C-H.skf
/home/takahashi/qmmm/sk/3ob/C-N.skf
/home/takahashi/qmmm/sk/3ob/H-H.skf
/home/takahashi/qmmm/sk/3ob/H-N.skf
/home/takahashi/qmmm/sk/3ob/N-N.skf
Done.


Processed input in HSD format written to 'dftb_pin.hsd'

Starting initialization...
--------------------------------------------------------------------------------
OpenMP threads:              4
Chosen random seed:          7430418
Current stacksize:           unlimited
Mode:                        Static calculation
Self consistent charges:     Yes
SCC-tolerance:                 0.100000E-04
Max. scc iterations:                    500
Shell resolved Hubbard:      No
Spin polarisation:           No
Nr. of up electrons:           460.000000
Nr. of down electrons:         460.000000
Periodic boundaries:         No
Electronic solver:           Relatively robust
Mixer:                       Broyden mixer
Mixing parameter:                  0.200000
Maximal SCC-cycles:                     500
Nr. of chrg. vec. in memory:            500
Electronic temperature:              0.100000E-07 H      0.272114E-06 eV
Initial charges:             Set automatically (system chrg:   0.000E+00)
Included shells:             O:  s, p
                             C:  s, p
                             H:  s
                             N:  s, p
Full 3rd order correction    Yes
Damped SCC                   Yes
Damped species(s):           H                                                 
Extra options:
                             Mulliken analysis
                             Force calculation
Force type                   original
                             External charges specified

--------------------------------------------------------------------------------

***  Geometry step: 0

 iSCC Total electronic   Diff electronic      SCC error    
    1    0.00000000E+00    0.00000000E+00    0.48349630E+00
    2   -0.40399746E+03   -0.40399746E+03    0.33212407E+00
    3   -0.40406607E+03   -0.68611852E-01    0.83165784E-01
    4   -0.40410331E+03   -0.37236977E-01    0.35065590E-01
    5   -0.40410868E+03   -0.53771593E-02    0.98768306E-02
    6   -0.40410967E+03   -0.98716690E-03    0.39019343E-02
    7   -0.40410973E+03   -0.57156087E-04    0.14191139E-02
    8   -0.40410974E+03   -0.76630659E-05    0.59113990E-03
    9   -0.40410974E+03   -0.77224746E-06    0.15216124E-03
   10   -0.40410974E+03   -0.13270483E-06    0.53873301E-04
   11   -0.40410974E+03   -0.27317640E-07    0.18664496E-04
   12   -0.40410974E+03   -0.22192808E-08    0.79739911E-05
>> Charges saved for restart in charges.bin

Total Energy:                     -400.1715663901 H       -10889.2224 eV
Extrapolated to 0K:               -400.1715663901 H       -10889.2224 eV
Total Mermin free energy:         -400.1715663901 H       -10889.2224 eV
Force related energy:             -400.1715663901 H       -10889.2224 eV


--------------------------------------------------------------------------------
DFTB+ running times                          cpu [s]             wall clock [s]
--------------------------------------------------------------------------------
Pre-SCC initialisation                 +       0.08 (  0.7%)       0.03 (  0.8%)
SCC                                    +      10.70 ( 94.1%)       2.92 ( 95.6%)
Post-SCC processing                    +       0.59 (  5.2%)       0.10 (  3.4%)
--------------------------------------------------------------------------------
Missing                                +       0.00 (  0.0%)       0.00 (  0.1%)
Total                                  =      11.37 (100.0%)       3.05 (100.0%)
--------------------------------------------------------------------------------
