 Fermi distribution function

Calculation with static geometry


********************************************************************************
 iSCC Total electronic   Diff electronic      SCC error    
   18   -0.86319086E+02    0.45079375E-07    0.61463950E-06
********************************************************************************

 Total charge:     1.00000000

 Atomic gross charges (e)
 Atom           Charge
    1       0.03432451
    2      -0.13232112
    3       0.04363037
    4      -0.12281731
    5       0.04654642
    6       0.10988082
    7      -0.16134955
    8      -0.15691510
    9       0.03284059
   10       0.11279378
   11      -0.07778707
   12       0.03529240
   13       0.10798618
   14       0.10848701
   15       0.02721658
   16      -0.13726998
   17      -0.09845330
   18       0.10600474
   19      -0.11173194
   20      -0.15940110
   21       0.03437130
   22       0.11229365
   23      -0.10718147
   24       0.08298737
   25       0.09662681
   26       0.10288305
   27       0.03816333
   28      -0.10729396
   29       0.08680878
   30      -0.11926168
   31      -0.09479213
   32       0.09806342
   33      -0.10037553
   34       0.10614754
   35       0.08068804
   36       0.08301049
   37       0.01786678
   38      -0.04583638
   39       0.01979321
   40      -0.03052043
   41       0.05737358
   42       0.10813358
   43      -0.06701589
   44      -0.05066295
   45       0.02594818
   46       0.10148532
   47      -0.06116067
   48       0.05753797
   49       0.11221109
   50       0.11499781
   51       0.02440012
   52      -0.05569125
   53      -0.04841888
   54       0.11414314
   55      -0.07994138
   56      -0.08269738
   57       0.06093925
   58       0.10686855
   59      -0.05559381
   60       0.11262117
   61       0.10125535
   62       0.11823710
   63       0.04929320
   64      -0.07166131
   65       0.12533100
   66      -0.08085170
   67      -0.07037548
   68       0.09519018
   69      -0.06536166
   70       0.11676150
   71       0.11795047
   72       0.10735466


 Atomic net (on-site) populations and hybridisation ratios
 Atom       Population         Hybrid.
    1       2.71261228      0.32184693
    2       2.88977065      0.27755734
    3       2.70185321      0.32453670
    4       2.86433973      0.28391507
    5       2.69388874      0.32652782
    6       0.55567085      0.44432915
    7       2.93843806      0.26539049
    8       2.91753112      0.27061722
    9       2.72162814      0.31959297
   10       0.55265169      0.44734831
   11       2.78417464      0.30395634
   12       2.73686228      0.31578443
   13       0.56076041      0.43923959
   14       0.55801528      0.44198472
   15       2.73063729      0.31734068
   16       2.90404006      0.27398999
   17       2.82997147      0.29250713
   18       0.56137987      0.43862013
   19       2.84375596      0.28906101
   20       2.92625076      0.26843731
   21       2.72505026      0.31873743
   22       0.55351571      0.44648429
   23       2.84969913      0.28757522
   24       0.58372727      0.41627273
   25       0.57165535      0.42834465
   26       0.56807665      0.43192335
   27       2.70996631      0.32250842
   28       2.85253696      0.28686576
   29       0.57981317      0.42018683
   30       2.85880815      0.28529796
   31       2.80780774      0.29804806
   32       0.56990618      0.43009382
   33       2.81895769      0.29526058
   34       0.56133783      0.43866217
   35       0.58608095      0.41391905
   36       0.58230722      0.41769278
   37       2.72498975      0.31875256
   38       2.80481482      0.29879630
   39       2.73105898      0.31723525
   40       2.78834618      0.30291345
   41       2.67066896      0.33233276
   42       0.56198444      0.43801556
   43       2.84349287      0.28912678
   44       2.80439630      0.29890093
   45       2.70588694      0.32352827
   46       0.57136336      0.42863664
   47       2.82402536      0.29399366
   48       2.66226235      0.33443441
   49       0.55346431      0.44653569
   50       0.55185506      0.44814494
   51       2.71976461      0.32005885
   52       2.82503934      0.29374017
   53       2.78534526      0.30366368
   54       0.55434949      0.44565051
   55       2.82215056      0.29446236
   56       2.86225533      0.28443617
   57       2.65379295      0.33655176
   58       0.56522698      0.43477302
   59       2.78708794      0.30322801
   60       0.55202757      0.44797243
   61       0.56423865      0.43576135
   62       0.54703848      0.45296152
   63       2.69567309      0.32608173
   64       2.80709923      0.29822519
   65       0.53675153      0.46324847
   66       2.83893661      0.29026585
   67       2.80748935      0.29812766
   68       0.57474735      0.42525265
   69       2.80483073      0.29879232
   70       0.55386592      0.44613408
   71       0.54453642      0.45546358
   72       0.55561215      0.44438785

Nr. of electrons (up):    102.00000000
Atom populations (up)
 Atom       Population
    1       1.98281760
    2       2.06639121
    3       1.97821015
    4       2.06174320
    5       1.97673342
    6       0.44504701
    7       2.08070645
    8       2.07850366
    9       1.98353302
   10       0.44358497
   11       2.03894235
   12       1.98245392
   13       0.44600511
   14       0.44575397
   15       1.98639298
   16       2.06894551
   17       2.04924852
   18       0.44699489
   19       2.05588692
   20       2.07973856
   21       1.98276524
   22       0.44383616
   23       2.05366126
   24       0.45850508
   25       0.45168542
   26       0.44855637
   27       1.98098774
   28       2.05376061
   29       0.45659163
   30       2.05962649
   31       2.04737100
   32       0.45096193
   33       2.05032079
   34       0.44692655
   35       0.45965742
   36       0.45848749
   37       1.98150791
   38       2.08807045
   39       1.97819583
   40       2.08691708
   41       1.97014009
   42       0.44237048
   43       2.11302715
   44       2.10277263
   45       1.97831246
   46       0.44532366
   47       2.06064751
   48       1.96649663
   49       0.43965579
   50       0.43836563
   51       1.97868144
   52       2.08957784
   53       2.04084446
   54       0.44125099
   55       2.07279662
   56       2.10506807
   57       1.96886183
   58       0.44315728
   59       2.03797920
   60       0.44276521
   61       0.44760089
   62       0.43746209
   63       1.97644269
   64       2.05681773
   65       0.43677793
   66       2.06083205
   67       2.04551005
   68       0.45124837
   69       2.04671364
   70       0.44046688
   71       0.44045041
   72       0.44555640

l-shell populations (up)
 Atom Sh.   l       Population
    1   1   0       0.58998916
    1   2   1       1.39282843
    2   1   0       0.62137913
    2   2   1       1.44501208
    3   1   0       0.59031948
    3   2   1       1.38789068
    4   1   0       0.61725787
    4   2   1       1.44448533
    5   1   0       0.58715757
    5   2   1       1.38957585
    6   1   0       0.44504701
    7   1   0       0.62832271
    7   2   1       1.45238374
    8   1   0       0.62286259
    8   2   1       1.45564107
    9   1   0       0.59251014
    9   2   1       1.39102288
   10   1   0       0.44358497
   11   1   0       0.60775375
   11   2   1       1.43118860
   12   1   0       0.59738110
   12   2   1       1.38507282
   13   1   0       0.44600511
   14   1   0       0.44575397
   15   1   0       0.59433243
   15   2   1       1.39206055
   16   1   0       0.62559117
   16   2   1       1.44335434
   17   1   0       0.61444113
   17   2   1       1.43480739
   18   1   0       0.44699489
   19   1   0       0.61726461
   19   2   1       1.43862231
   20   1   0       0.62520879
   20   2   1       1.45452977
   21   1   0       0.59310768
   21   2   1       1.38965756
   22   1   0       0.44383616
   23   1   0       0.61952529
   23   2   1       1.43413597
   24   1   0       0.45850508
   25   1   0       0.45168542
   26   1   0       0.44855637
   27   1   0       0.59008058
   27   2   1       1.39090716
   28   1   0       0.61968964
   28   2   1       1.43407097
   29   1   0       0.45659163
   30   1   0       0.61875073
   30   2   1       1.44087576
   31   1   0       0.60940484
   31   2   1       1.43796616
   32   1   0       0.45096193
   33   1   0       0.61128199
   33   2   1       1.43903881
   34   1   0       0.44692655
   35   1   0       0.45965742
   36   1   0       0.45848749
   37   1   0       0.58539791
   37   2   1       1.39611000
   38   1   0       0.62241214
   38   2   1       1.46565831
   39   1   0       0.58791992
   39   2   1       1.39027591
   40   1   0       0.62082448
   40   2   1       1.46609260
   41   1   0       0.58232453
   41   2   1       1.38781556
   42   1   0       0.44237048
   43   1   0       0.62838142
   43   2   1       1.48464573
   44   1   0       0.62286775
   44   2   1       1.47990488
   45   1   0       0.58207592
   45   2   1       1.39623654
   46   1   0       0.44532366
   47   1   0       0.62425520
   47   2   1       1.43639230
   48   1   0       0.57934553
   48   2   1       1.38715110
   49   1   0       0.43965579
   50   1   0       0.43836563
   51   1   0       0.58601212
   51   2   1       1.39266932
   52   1   0       0.62348447
   52   2   1       1.46609337
   53   1   0       0.61939858
   53   2   1       1.42144588
   54   1   0       0.44125099
   55   1   0       0.61768408
   55   2   1       1.45511254
   56   1   0       0.62951208
   56   2   1       1.47555598
   57   1   0       0.57831466
   57   2   1       1.39054717
   58   1   0       0.44315728
   59   1   0       0.61872161
   59   2   1       1.41925759
   60   1   0       0.44276521
   61   1   0       0.44760089
   62   1   0       0.43746209
   63   1   0       0.58808304
   63   2   1       1.38835965
   64   1   0       0.61362861
   64   2   1       1.44318912
   65   1   0       0.43677793
   66   1   0       0.62336932
   66   2   1       1.43746273
   67   1   0       0.61974575
   67   2   1       1.42576430
   68   1   0       0.45124837
   69   1   0       0.62020784
   69   2   1       1.42650580
   70   1   0       0.44046688
   71   1   0       0.44045041
   72   1   0       0.44555640

Orbital populations (up)
 Atom Sh.   l   m       Population  Label
    1   1   0   0       0.58998916  s
    1   2   1  -1       0.47955948  p_y
    1   2   1   0       0.45595613  p_z
    1   2   1   1       0.45731283  p_x
    2   1   0   0       0.62137913  s
    2   2   1  -1       0.49824362  p_y
    2   2   1   0       0.46407701  p_z
    2   2   1   1       0.48269145  p_x
    3   1   0   0       0.59031948  s
    3   2   1  -1       0.47616277  p_y
    3   2   1   0       0.45363869  p_z
    3   2   1   1       0.45808922  p_x
    4   1   0   0       0.61725787  s
    4   2   1  -1       0.49500371  p_y
    4   2   1   0       0.46582558  p_z
    4   2   1   1       0.48365604  p_x
    5   1   0   0       0.58715757  s
    5   2   1  -1       0.47446781  p_y
    5   2   1   0       0.45872051  p_z
    5   2   1   1       0.45638754  p_x
    6   1   0   0       0.44504701  s
    7   1   0   0       0.62832271  s
    7   2   1  -1       0.50498025  p_y
    7   2   1   0       0.46457577  p_z
    7   2   1   1       0.48282772  p_x
    8   1   0   0       0.62286259  s
    8   2   1  -1       0.50629475  p_y
    8   2   1   0       0.46786643  p_z
    8   2   1   1       0.48147989  p_x
    9   1   0   0       0.59251014  s
    9   2   1  -1       0.48018722  p_y
    9   2   1   0       0.45567764  p_z
    9   2   1   1       0.45515802  p_x
   10   1   0   0       0.44358497  s
   11   1   0   0       0.60775375  s
   11   2   1  -1       0.48606072  p_y
   11   2   1   0       0.46469485  p_z
   11   2   1   1       0.48043303  p_x
   12   1   0   0       0.59738110  s
   12   2   1  -1       0.47726984  p_y
   12   2   1   0       0.44951075  p_z
   12   2   1   1       0.45829222  p_x
   13   1   0   0       0.44600511  s
   14   1   0   0       0.44575397  s
   15   1   0   0       0.59433243  s
   15   2   1  -1       0.48005346  p_y
   15   2   1   0       0.45548105  p_z
   15   2   1   1       0.45652605  p_x
   16   1   0   0       0.62559117  s
   16   2   1  -1       0.49517695  p_y
   16   2   1   0       0.46545804  p_z
   16   2   1   1       0.48271935  p_x
   17   1   0   0       0.61444113  s
   17   2   1  -1       0.49601887  p_y
   17   2   1   0       0.47201682  p_z
   17   2   1   1       0.46677171  p_x
   18   1   0   0       0.44699489  s
   19   1   0   0       0.61726461  s
   19   2   1  -1       0.49438863  p_y
   19   2   1   0       0.46269014  p_z
   19   2   1   1       0.48154354  p_x
   20   1   0   0       0.62520879  s
   20   2   1  -1       0.50614362  p_y
   20   2   1   0       0.46638302  p_z
   20   2   1   1       0.48200313  p_x
   21   1   0   0       0.59310768  s
   21   2   1  -1       0.47926926  p_y
   21   2   1   0       0.45427709  p_z
   21   2   1   1       0.45611121  p_x
   22   1   0   0       0.44383616  s
   23   1   0   0       0.61952529  s
   23   2   1  -1       0.49318192  p_y
   23   2   1   0       0.47647676  p_z
   23   2   1   1       0.46447729  p_x
   24   1   0   0       0.45850508  s
   25   1   0   0       0.45168542  s
   26   1   0   0       0.44855637  s
   27   1   0   0       0.59008058  s
   27   2   1  -1       0.48008738  p_y
   27   2   1   0       0.45060883  p_z
   27   2   1   1       0.46021096  p_x
   28   1   0   0       0.61968964  s
   28   2   1  -1       0.48847074  p_y
   28   2   1   0       0.46403722  p_z
   28   2   1   1       0.48156301  p_x
   29   1   0   0       0.45659163  s
   30   1   0   0       0.61875073  s
   30   2   1  -1       0.49248384  p_y
   30   2   1   0       0.46475370  p_z
   30   2   1   1       0.48363823  p_x
   31   1   0   0       0.60940484  s
   31   2   1  -1       0.49381996  p_y
   31   2   1   0       0.47863096  p_z
   31   2   1   1       0.46551524  p_x
   32   1   0   0       0.45096193  s
   33   1   0   0       0.61128199  s
   33   2   1  -1       0.49245483  p_y
   33   2   1   0       0.47247192  p_z
   33   2   1   1       0.47411205  p_x
   34   1   0   0       0.44692655  s
   35   1   0   0       0.45965742  s
   36   1   0   0       0.45848749  s
   37   1   0   0       0.58539791  s
   37   2   1  -1       0.48292562  p_y
   37   2   1   0       0.44785170  p_z
   37   2   1   1       0.46533267  p_x
   38   1   0   0       0.62241214  s
   38   2   1  -1       0.51103183  p_y
   38   2   1   0       0.46239300  p_z
   38   2   1   1       0.49223348  p_x
   39   1   0   0       0.58791992  s
   39   2   1  -1       0.48176576  p_y
   39   2   1   0       0.44528855  p_z
   39   2   1   1       0.46322159  p_x
   40   1   0   0       0.62082448  s
   40   2   1  -1       0.51156583  p_y
   40   2   1   0       0.46358420  p_z
   40   2   1   1       0.49094257  p_x
   41   1   0   0       0.58232453  s
   41   2   1  -1       0.47822399  p_y
   41   2   1   0       0.44799008  p_z
   41   2   1   1       0.46160149  p_x
   42   1   0   0       0.44237048  s
   43   1   0   0       0.62838142  s
   43   2   1  -1       0.52642501  p_y
   43   2   1   0       0.46238587  p_z
   43   2   1   1       0.49583485  p_x
   44   1   0   0       0.62286775  s
   44   2   1  -1       0.52141026  p_y
   44   2   1   0       0.46260984  p_z
   44   2   1   1       0.49588479  p_x
   45   1   0   0       0.58207592  s
   45   2   1  -1       0.48304469  p_y
   45   2   1   0       0.44631925  p_z
   45   2   1   1       0.46687260  p_x
   46   1   0   0       0.44532366  s
   47   1   0   0       0.62425520  s
   47   2   1  -1       0.49322501  p_y
   47   2   1   0       0.46251388  p_z
   47   2   1   1       0.48065342  p_x
   48   1   0   0       0.57934553  s
   48   2   1  -1       0.47477032  p_y
   48   2   1   0       0.45012424  p_z
   48   2   1   1       0.46225654  p_x
   49   1   0   0       0.43965579  s
   50   1   0   0       0.43836563  s
   51   1   0   0       0.58601212  s
   51   2   1  -1       0.47892086  p_y
   51   2   1   0       0.44741249  p_z
   51   2   1   1       0.46633597  p_x
   52   1   0   0       0.62348447  s
   52   2   1  -1       0.51323249  p_y
   52   2   1   0       0.46118808  p_z
   52   2   1   1       0.49167281  p_x
   53   1   0   0       0.61939858  s
   53   2   1  -1       0.48480965  p_y
   53   2   1   0       0.46384086  p_z
   53   2   1   1       0.47279536  p_x
   54   1   0   0       0.44125099  s
   55   1   0   0       0.61768408  s
   55   2   1  -1       0.50827018  p_y
   55   2   1   0       0.45930680  p_z
   55   2   1   1       0.48753557  p_x
   56   1   0   0       0.62951208  s
   56   2   1  -1       0.51604292  p_y
   56   2   1   0       0.46125156  p_z
   56   2   1   1       0.49826151  p_x
   57   1   0   0       0.57831466  s
   57   2   1  -1       0.47681384  p_y
   57   2   1   0       0.44838606  p_z
   57   2   1   1       0.46534727  p_x
   58   1   0   0       0.44315728  s
   59   1   0   0       0.61872161  s
   59   2   1  -1       0.47609231  p_y
   59   2   1   0       0.47965470  p_z
   59   2   1   1       0.46351058  p_x
   60   1   0   0       0.44276521  s
   61   1   0   0       0.44760089  s
   62   1   0   0       0.43746209  s
   63   1   0   0       0.58808304  s
   63   2   1  -1       0.47611939  p_y
   63   2   1   0       0.44641246  p_z
   63   2   1   1       0.46582781  p_x
   64   1   0   0       0.61362861  s
   64   2   1  -1       0.50162368  p_y
   64   2   1   0       0.45493370  p_z
   64   2   1   1       0.48663174  p_x
   65   1   0   0       0.43677793  s
   66   1   0   0       0.62336932  s
   66   2   1  -1       0.49029392  p_y
   66   2   1   0       0.46068232  p_z
   66   2   1   1       0.48648648  p_x
   67   1   0   0       0.61974575  s
   67   2   1  -1       0.48171876  p_y
   67   2   1   0       0.47502105  p_z
   67   2   1   1       0.46902450  p_x
   68   1   0   0       0.45124837  s
   69   1   0   0       0.62020784  s
   69   2   1  -1       0.48582600  p_y
   69   2   1   0       0.46649858  p_z
   69   2   1   1       0.47418121  p_x
   70   1   0   0       0.44046688  s
   71   1   0   0       0.44045041  s
   72   1   0   0       0.44555640  s

Nr. of electrons (down):    101.00000000
Atom populations (down)
 Atom       Population
    1       1.98285789
    2       2.06592991
    3       1.97815948
    4       2.06107411
    5       1.97672016
    6       0.44507217
    7       2.08064310
    8       2.07841144
    9       1.98362638
   10       0.44362124
   11       2.03884472
   12       1.98225368
   13       0.44600871
   14       0.44575902
   15       1.98639044
   16       2.06832447
   17       2.04920477
   18       0.44700038
   19       2.05584502
   20       2.07966254
   21       1.98286346
   22       0.44387019
   23       2.05352021
   24       0.45850755
   25       0.45168777
   26       0.44856057
   27       1.98084892
   28       2.05353335
   29       0.45659959
   30       2.05963519
   31       2.04742113
   32       0.45097465
   33       2.05005474
   34       0.44692591
   35       0.45965454
   36       0.45850202
   37       2.00062531
   38       1.95776593
   39       2.00201096
   40       1.94360334
   41       1.97248633
   42       0.44949595
   43       1.95398874
   44       1.94789032
   45       1.99573936
   46       0.45319103
   47       2.00051316
   48       1.97596540
   49       0.44813312
   50       0.44663656
   51       1.99691844
   52       1.96611341
   53       2.00757443
   54       0.44460586
   55       2.00714476
   56       1.97762931
   57       1.97019892
   58       0.44997417
   59       2.01761462
   60       0.44461362
   61       0.45114377
   62       0.44430082
   63       1.97426411
   64       2.01484358
   65       0.43789107
   66       2.02001965
   67       2.02486543
   68       0.45356144
   69       2.01864802
   70       0.44277162
   71       0.44159912
   72       0.44708894

l-shell populations (down)
 Atom Sh.   l       Population
    1   1   0       0.59000568
    1   2   1       1.39285222
    2   1   0       0.62135842
    2   2   1       1.44457148
    3   1   0       0.59031879
    3   2   1       1.38784069
    4   1   0       0.61722652
    4   2   1       1.44384759
    5   1   0       0.58716645
    5   2   1       1.38955371
    6   1   0       0.44507217
    7   1   0       0.62832302
    7   2   1       1.45232008
    8   1   0       0.62285898
    8   2   1       1.45555245
    9   1   0       0.59253020
    9   2   1       1.39109618
   10   1   0       0.44362124
   11   1   0       0.60775013
   11   2   1       1.43109460
   12   1   0       0.59737447
   12   2   1       1.38487921
   13   1   0       0.44600871
   14   1   0       0.44575902
   15   1   0       0.59433321
   15   2   1       1.39205723
   16   1   0       0.62556086
   16   2   1       1.44276362
   17   1   0       0.61444215
   17   2   1       1.43476263
   18   1   0       0.44700038
   19   1   0       0.61726699
   19   2   1       1.43857803
   20   1   0       0.62520719
   20   2   1       1.45445535
   21   1   0       0.59312405
   21   2   1       1.38973941
   22   1   0       0.44387019
   23   1   0       0.61952004
   23   2   1       1.43400017
   24   1   0       0.45850755
   25   1   0       0.45168777
   26   1   0       0.44856057
   27   1   0       0.59007469
   27   2   1       1.39077423
   28   1   0       0.61967736
   28   2   1       1.43385599
   29   1   0       0.45659959
   30   1   0       0.61875624
   30   2   1       1.44087895
   31   1   0       0.60941327
   31   2   1       1.43800785
   32   1   0       0.45097465
   33   1   0       0.61126940
   33   2   1       1.43878534
   34   1   0       0.44692591
   35   1   0       0.45965454
   36   1   0       0.45850202
   37   1   0       0.58938556
   37   2   1       1.41123975
   38   1   0       0.61643265
   38   2   1       1.34133328
   39   1   0       0.59262168
   39   2   1       1.40938928
   40   1   0       0.61410266
   40   2   1       1.32950068
   41   1   0       0.58463906
   41   2   1       1.38784727
   42   1   0       0.44949595
   43   1   0       0.62096022
   43   2   1       1.33302852
   44   1   0       0.61547001
   44   2   1       1.33242030
   45   1   0       0.58592900
   45   2   1       1.40981036
   46   1   0       0.45319103
   47   1   0       0.62195096
   47   2   1       1.37856220
   48   1   0       0.58247615
   48   2   1       1.39348925
   49   1   0       0.44813312
   50   1   0       0.44663656
   51   1   0       0.59007128
   51   2   1       1.40684717
   52   1   0       0.61783209
   52   2   1       1.34828132
   53   1   0       0.61891864
   53   2   1       1.38865579
   54   1   0       0.44460586
   55   1   0       0.61492677
   55   2   1       1.39221799
   56   1   0       0.62368112
   56   2   1       1.35394819
   57   1   0       0.58045380
   57   2   1       1.38974512
   58   1   0       0.44997417
   59   1   0       0.61903472
   59   2   1       1.39857990
   60   1   0       0.44461362
   61   1   0       0.45114377
   62   1   0       0.44430082
   63   1   0       0.59007856
   63   2   1       1.38418556
   64   1   0       0.61202455
   64   2   1       1.40281903
   65   1   0       0.43789107
   66   1   0       0.62195015
   66   2   1       1.39806950
   67   1   0       0.61968548
   67   2   1       1.40517995
   68   1   0       0.45356144
   69   1   0       0.61971893
   69   2   1       1.39892909
   70   1   0       0.44277162
   71   1   0       0.44159912
   72   1   0       0.44708894

Orbital populations (down)
 Atom Sh.   l   m       Population  Label
    1   1   0   0       0.59000568  s
    1   2   1  -1       0.47956146  p_y
    1   2   1   0       0.45597233  p_z
    1   2   1   1       0.45731843  p_x
    2   1   0   0       0.62135842  s
    2   2   1  -1       0.49795090  p_y
    2   2   1   0       0.46400543  p_z
    2   2   1   1       0.48261514  p_x
    3   1   0   0       0.59031879  s
    3   2   1  -1       0.47612605  p_y
    3   2   1   0       0.45363339  p_z
    3   2   1   1       0.45808124  p_x
    4   1   0   0       0.61722652  s
    4   2   1  -1       0.49459236  p_y
    4   2   1   0       0.46572179  p_z
    4   2   1   1       0.48353344  p_x
    5   1   0   0       0.58716645  s
    5   2   1  -1       0.47444476  p_y
    5   2   1   0       0.45872292  p_z
    5   2   1   1       0.45638603  p_x
    6   1   0   0       0.44507217  s
    7   1   0   0       0.62832302  s
    7   2   1  -1       0.50493501  p_y
    7   2   1   0       0.46457027  p_z
    7   2   1   1       0.48281480  p_x
    8   1   0   0       0.62285898  s
    8   2   1  -1       0.50623659  p_y
    8   2   1   0       0.46785191  p_z
    8   2   1   1       0.48146395  p_x
    9   1   0   0       0.59253020  s
    9   2   1  -1       0.48021931  p_y
    9   2   1   0       0.45570319  p_z
    9   2   1   1       0.45517368  p_x
   10   1   0   0       0.44362124  s
   11   1   0   0       0.60775013  s
   11   2   1  -1       0.48599620  p_y
   11   2   1   0       0.46468312  p_z
   11   2   1   1       0.48041528  p_x
   12   1   0   0       0.59737447  s
   12   2   1  -1       0.47713851  p_y
   12   2   1   0       0.44948435  p_z
   12   2   1   1       0.45825635  p_x
   13   1   0   0       0.44600871  s
   14   1   0   0       0.44575902  s
   15   1   0   0       0.59433321  s
   15   2   1  -1       0.48005129  p_y
   15   2   1   0       0.45548090  p_z
   15   2   1   1       0.45652503  p_x
   16   1   0   0       0.62556086  s
   16   2   1  -1       0.49480424  p_y
   16   2   1   0       0.46534955  p_z
   16   2   1   1       0.48260982  p_x
   17   1   0   0       0.61444215  s
   17   2   1  -1       0.49598459  p_y
   17   2   1   0       0.47201252  p_z
   17   2   1   1       0.46676551  p_x
   18   1   0   0       0.44700038  s
   19   1   0   0       0.61726699  s
   19   2   1  -1       0.49435343  p_y
   19   2   1   0       0.46268979  p_z
   19   2   1   1       0.48153480  p_x
   20   1   0   0       0.62520719  s
   20   2   1  -1       0.50609374  p_y
   20   2   1   0       0.46637701  p_z
   20   2   1   1       0.48198460  p_x
   21   1   0   0       0.59312405  s
   21   2   1  -1       0.47930891  p_y
   21   2   1   0       0.45429934  p_z
   21   2   1   1       0.45613116  p_x
   22   1   0   0       0.44387019  s
   23   1   0   0       0.61952004  s
   23   2   1  -1       0.49308736  p_y
   23   2   1   0       0.47645848  p_z
   23   2   1   1       0.46445433  p_x
   24   1   0   0       0.45850755  s
   25   1   0   0       0.45168777  s
   26   1   0   0       0.44856057  s
   27   1   0   0       0.59007469  s
   27   2   1  -1       0.48000033  p_y
   27   2   1   0       0.45058853  p_z
   27   2   1   1       0.46018537  p_x
   28   1   0   0       0.61967736  s
   28   2   1  -1       0.48834090  p_y
   28   2   1   0       0.46400063  p_z
   28   2   1   1       0.48151445  p_x
   29   1   0   0       0.45659959  s
   30   1   0   0       0.61875624  s
   30   2   1  -1       0.49248223  p_y
   30   2   1   0       0.46476096  p_z
   30   2   1   1       0.48363575  p_x
   31   1   0   0       0.60941327  s
   31   2   1  -1       0.49383934  p_y
   31   2   1   0       0.47863983  p_z
   31   2   1   1       0.46552869  p_x
   32   1   0   0       0.45097465  s
   33   1   0   0       0.61126940  s
   33   2   1  -1       0.49229867  p_y
   33   2   1   0       0.47243744  p_z
   33   2   1   1       0.47404922  p_x
   34   1   0   0       0.44692591  s
   35   1   0   0       0.45965454  s
   36   1   0   0       0.45850202  s
   37   1   0   0       0.58938556  s
   37   2   1  -1       0.49036686  p_y
   37   2   1   0       0.45257624  p_z
   37   2   1   1       0.46829664  p_x
   38   1   0   0       0.61643265  s
   38   2   1  -1       0.41701131  p_y
   38   2   1   0       0.45559514  p_z
   38   2   1   1       0.46872683  p_x
   39   1   0   0       0.59262168  s
   39   2   1  -1       0.49142713  p_y
   39   2   1   0       0.45099835  p_z
   39   2   1   1       0.46696380  p_x
   40   1   0   0       0.61410266  s
   40   2   1  -1       0.40526073  p_y
   40   2   1   0       0.45608158  p_z
   40   2   1   1       0.46815838  p_x
   41   1   0   0       0.58463906  s
   41   2   1  -1       0.47549639  p_y
   41   2   1   0       0.45112608  p_z
   41   2   1   1       0.46122479  p_x
   42   1   0   0       0.44949595  s
   43   1   0   0       0.62096022  s
   43   2   1  -1       0.40668540  p_y
   43   2   1   0       0.45381552  p_z
   43   2   1   1       0.47252760  p_x
   44   1   0   0       0.61547001  s
   44   2   1  -1       0.40987336  p_y
   44   2   1   0       0.45349069  p_z
   44   2   1   1       0.46905625  p_x
   45   1   0   0       0.58592900  s
   45   2   1  -1       0.48959946  p_y
   45   2   1   0       0.45069861  p_z
   45   2   1   1       0.46951229  p_x
   46   1   0   0       0.45319103  s
   47   1   0   0       0.62195096  s
   47   2   1  -1       0.44979615  p_y
   47   2   1   0       0.46039474  p_z
   47   2   1   1       0.46837131  p_x
   48   1   0   0       0.58247615  s
   48   2   1  -1       0.47632991  p_y
   48   2   1   0       0.45305463  p_z
   48   2   1   1       0.46410470  p_x
   49   1   0   0       0.44813312  s
   50   1   0   0       0.44663656  s
   51   1   0   0       0.59007128  s
   51   2   1  -1       0.48520663  p_y
   51   2   1   0       0.45233893  p_z
   51   2   1   1       0.46930160  p_x
   52   1   0   0       0.61783209  s
   52   2   1  -1       0.42215915  p_y
   52   2   1   0       0.45477125  p_z
   52   2   1   1       0.47135092  p_x
   53   1   0   0       0.61891864  s
   53   2   1  -1       0.45773476  p_y
   53   2   1   0       0.46335310  p_z
   53   2   1   1       0.46756793  p_x
   54   1   0   0       0.44460586  s
   55   1   0   0       0.61492677  s
   55   2   1  -1       0.46035304  p_y
   55   2   1   0       0.45619656  p_z
   55   2   1   1       0.47566839  p_x
   56   1   0   0       0.62368112  s
   56   2   1  -1       0.43291309  p_y
   56   2   1   0       0.45472795  p_z
   56   2   1   1       0.46630715  p_x
   57   1   0   0       0.58045380  s
   57   2   1  -1       0.47428492  p_y
   57   2   1   0       0.45017212  p_z
   57   2   1   1       0.46528808  p_x
   58   1   0   0       0.44997417  s
   59   1   0   0       0.61903472  s
   59   2   1  -1       0.45847665  p_y
   59   2   1   0       0.47883342  p_z
   59   2   1   1       0.46126982  p_x
   60   1   0   0       0.44461362  s
   61   1   0   0       0.45114377  s
   62   1   0   0       0.44430082  s
   63   1   0   0       0.59007856  s
   63   2   1  -1       0.47092116  p_y
   63   2   1   0       0.44929556  p_z
   63   2   1   1       0.46396884  p_x
   64   1   0   0       0.61202455  s
   64   2   1  -1       0.47166037  p_y
   64   2   1   0       0.45300190  p_z
   64   2   1   1       0.47815676  p_x
   65   1   0   0       0.43789107  s
   66   1   0   0       0.62195015  s
   66   2   1  -1       0.46419175  p_y
   66   2   1   0       0.45932040  p_z
   66   2   1   1       0.47455735  p_x
   67   1   0   0       0.61968548  s
   67   2   1  -1       0.46689115  p_y
   67   2   1   0       0.47402424  p_z
   67   2   1   1       0.46426457  p_x
   68   1   0   0       0.45356144  s
   69   1   0   0       0.61971893  s
   69   2   1  -1       0.46658148  p_y
   69   2   1   0       0.46591350  p_z
   69   2   1   1       0.46643411  p_x
   70   1   0   0       0.44277162  s
   71   1   0   0       0.44159912  s
   72   1   0   0       0.44708894  s

Spin  up
Fermi level:                        -0.1950288918 H           -5.3070 eV
Band energy:                       -45.4459753182 H        -1236.6479 eV
TS:                                  0.0000000000 H            0.0000 eV
Band free energy (E-TS):           -45.4459753182 H        -1236.6479 eV
Extrapolated E(0K):                -45.4459753182 H        -1236.6479 eV
Input / Output electrons (up):    102.0000000000    102.0000000000

Spin  down
Fermi level:                        -0.2108064407 H           -5.7363 eV
Band energy:                       -45.1501356134 H        -1228.5977 eV
TS:                                  0.0000000000 H            0.0000 eV
Band free energy (E-TS):           -45.1501356134 H        -1228.5977 eV
Extrapolated E(0K):                -45.1501356134 H        -1228.5977 eV
Input / Output electrons (down):    101.0000000000    101.0000000000

Energy H0:                         -86.3543046405 H        -2349.8202 eV
Energy SCC:                          0.0367341766 H            0.9996 eV
Energy SPIN:                        -0.0015478174 H           -0.0421 eV
Energy 3rd:                          0.0000325924 H            0.0009 eV
Total Electronic energy:           -86.3190856889 H        -2348.8618 eV
Repulsive energy:                    0.8276860829 H           22.5225 eV
Total energy:                      -85.4913996059 H        -2326.3393 eV
Extrapolated to 0:                 -85.4913996059 H        -2326.3393 eV
Total Mermin free energy:          -85.4913996059 H        -2326.3393 eV
Force related energy:              -85.4913996059 H        -2326.3393 eV

Constraints converged

SCC converged

