 Fermi distribution function

Calculation with static geometry


********************************************************************************
 iSCC Total electronic   Diff electronic      SCC error    
   18   -0.86259393E+02    0.46502521E-07    0.75331170E-06
********************************************************************************

 Total charge:     1.00000000

 Atomic gross charges (e)
 Atom           Charge
    1       0.03601472
    2      -0.12140001
    3       0.03729391
    4      -0.11837912
    5       0.04459205
    6       0.10294386
    7      -0.16441501
    8      -0.15834500
    9       0.03302194
   10       0.10990985
   11      -0.07223127
   12       0.03651876
   13       0.11225028
   14       0.10369203
   15       0.03175052
   16      -0.12540308
   17      -0.10349135
   18       0.09761423
   19      -0.11476230
   20      -0.17064343
   21       0.03401644
   22       0.10252346
   23      -0.09793568
   24       0.08558309
   25       0.10260349
   26       0.11269947
   27       0.03769640
   28      -0.09858996
   29       0.08183047
   30      -0.11696830
   31      -0.09939593
   32       0.09134293
   33      -0.08729885
   34       0.10135144
   35       0.08426865
   36       0.06983833
   37       0.02031791
   38      -0.04739178
   39       0.02519649
   40      -0.03409893
   41       0.05179309
   42       0.10597578
   43      -0.05814233
   44      -0.04063855
   45       0.02624542
   46       0.10884452
   47      -0.06159626
   48       0.05490785
   49       0.10312585
   50       0.10458803
   51       0.02450202
   52      -0.05502953
   53      -0.04661117
   54       0.11439322
   55      -0.07401088
   56      -0.07182983
   57       0.05138251
   58       0.10568011
   59      -0.05209588
   60       0.11391399
   61       0.09665929
   62       0.11066617
   63       0.04783399
   64      -0.07415655
   65       0.11960323
   66      -0.08401404
   67      -0.06491966
   68       0.09829348
   69      -0.05922139
   70       0.12267792
   71       0.11155920
   72       0.10549969


 Atomic net (on-site) populations and hybridisation ratios
 Atom       Population         Hybrid.
    1       2.71064293      0.32233927
    2       2.88445386      0.27888654
    3       2.71651672      0.32087082
    4       2.87510636      0.28122341
    5       2.69665735      0.32583566
    6       0.57155712      0.42844288
    7       2.93052682      0.26736829
    8       2.92581575      0.26854606
    9       2.71620004      0.32094999
   10       0.56256143      0.43743857
   11       2.79974310      0.30006423
   12       2.73497621      0.31625595
   13       0.54988631      0.45011369
   14       0.56630970      0.43369030
   15       2.72246725      0.31938319
   16       2.89169871      0.27707532
   17       2.82416009      0.29395998
   18       0.57915982      0.42084018
   19       2.84596856      0.28850786
   20       2.92765075      0.26808731
   21       2.72126934      0.31968267
   22       0.56969724      0.43030276
   23       2.84224633      0.28943842
   24       0.57843152      0.42156848
   25       0.56126828      0.43873172
   26       0.54828616      0.45171384
   27       2.71441056      0.32139736
   28       2.84805479      0.28798630
   29       0.58937081      0.41062919
   30       2.85867279      0.28533180
   31       2.81704413      0.29573897
   32       0.57946538      0.42053462
   33       2.81792858      0.29551786
   34       0.56942720      0.43057280
   35       0.58240627      0.41759373
   36       0.60412368      0.39587632
   37       2.72114297      0.31971426
   38       2.80696108      0.29825973
   39       2.71331715      0.32167071
   40       2.79109667      0.30222583
   41       2.68483667      0.32879083
   42       0.56520252      0.43479748
   43       2.84241087      0.28939728
   44       2.80206073      0.29948482
   45       2.70985121      0.32253720
   46       0.55929544      0.44070456
   47       2.81658922      0.29585270
   48       2.67282062      0.33179484
   49       0.57391345      0.42608655
   50       0.57112478      0.42887522
   51       2.71725378      0.32068655
   52       2.82843052      0.29289237
   53       2.77392424      0.30651894
   54       0.55091847      0.44908153
   55       2.82595904      0.29351024
   56       2.85866552      0.28533362
   57       2.67906219      0.33023445
   58       0.56631511      0.43368489
   59       2.78358275      0.30410431
   60       0.54885254      0.45114746
   61       0.57582110      0.42417890
   62       0.56510908      0.43489092
   63       2.69575617      0.32606096
   64       2.81929956      0.29517511
   65       0.54944870      0.45055130
   66       2.82888573      0.29277857
   67       2.79805139      0.30048715
   68       0.57020464      0.42979536
   69       2.79606804      0.30098299
   70       0.53825997      0.46174003
   71       0.55503493      0.44496507
   72       0.56032013      0.43967987

Nr. of electrons (up):    102.00000000
Atom populations (up)
 Atom       Population
    1       1.98196884
    2       2.06092816
    3       1.98138268
    4       2.05955884
    5       1.97770705
    6       0.44851478
    7       2.08222969
    8       2.07921322
    9       1.98343887
   10       0.44502381
   11       2.03616727
   12       1.98184248
   13       0.44387368
   14       0.44815173
   15       1.98412636
   16       2.06302719
   17       2.05176235
   18       0.45118972
   19       2.05739858
   20       2.08535205
   21       1.98293982
   22       0.44871971
   23       2.04903887
   24       0.45720756
   25       0.44869732
   26       0.44364870
   27       1.98122637
   28       2.04941797
   29       0.45908061
   30       2.05847700
   31       2.04966938
   32       0.45432142
   33       2.04378761
   34       0.44932479
   35       0.45786729
   36       0.46507275
   37       1.98021074
   38       2.08772068
   39       1.97575797
   40       2.09107354
   41       1.97373130
   42       0.44347716
   43       2.10743859
   44       2.09727959
   45       1.97771157
   46       0.44160258
   47       2.05897812
   48       1.96761368
   49       0.44391385
   50       0.44333761
   51       1.97889654
   52       2.09077043
   53       2.03986661
   54       0.44128230
   55       2.06975504
   56       2.09997294
   57       1.97330924
   58       0.44366043
   59       2.03523958
   60       0.44214144
   61       0.44980329
   62       0.44097122
   63       1.97766350
   64       2.05987559
   65       0.43966953
   66       2.06255638
   67       2.04208032
   68       0.44959187
   69       2.04397889
   70       0.43759184
   71       0.44367445
   72       0.44644707

l-shell populations (up)
 Atom Sh.   l       Population
    1   1   0       0.59038728
    1   2   1       1.39158157
    2   1   0       0.62261675
    2   2   1       1.43831141
    3   1   0       0.59314904
    3   2   1       1.38823364
    4   1   0       0.62139824
    4   2   1       1.43816060
    5   1   0       0.58768429
    5   2   1       1.39002277
    6   1   0       0.44851478
    7   1   0       0.62510907
    7   2   1       1.45712062
    8   1   0       0.62463118
    8   2   1       1.45458204
    9   1   0       0.59091184
    9   2   1       1.39252703
   10   1   0       0.44502381
   11   1   0       0.61315303
   11   2   1       1.42301424
   12   1   0       0.59727801
   12   2   1       1.38456447
   13   1   0       0.44387368
   14   1   0       0.44815173
   15   1   0       0.59277022
   15   2   1       1.39135613
   16   1   0       0.62429224
   16   2   1       1.43873495
   17   1   0       0.61182444
   17   2   1       1.43993791
   18   1   0       0.45118972
   19   1   0       0.61709801
   19   2   1       1.44030057
   20   1   0       0.62264623
   20   2   1       1.46270582
   21   1   0       0.59208464
   21   2   1       1.39085518
   22   1   0       0.44871971
   23   1   0       0.61941808
   23   2   1       1.42962079
   24   1   0       0.45720756
   25   1   0       0.44869732
   26   1   0       0.44364870
   27   1   0       0.59125333
   27   2   1       1.38997304
   28   1   0       0.62014094
   28   2   1       1.42927703
   29   1   0       0.45908061
   30   1   0       0.61890465
   30   2   1       1.43957235
   31   1   0       0.61155290
   31   2   1       1.43811648
   32   1   0       0.45432142
   33   1   0       0.61371323
   33   2   1       1.43007438
   34   1   0       0.44932479
   35   1   0       0.45786729
   36   1   0       0.46507275
   37   1   0       0.58526711
   37   2   1       1.39494363
   38   1   0       0.62268233
   38   2   1       1.46503834
   39   1   0       0.58423745
   39   2   1       1.39152052
   40   1   0       0.62215392
   40   2   1       1.46891962
   41   1   0       0.58537727
   41   2   1       1.38835403
   42   1   0       0.44347716
   43   1   0       0.63034532
   43   2   1       1.47709327
   44   1   0       0.62377364
   44   2   1       1.47350595
   45   1   0       0.58383785
   45   2   1       1.39387372
   46   1   0       0.44160258
   47   1   0       0.62193793
   47   2   1       1.43704019
   48   1   0       0.58247504
   48   2   1       1.38513864
   49   1   0       0.44391385
   50   1   0       0.44333761
   51   1   0       0.58574887
   51   2   1       1.39314767
   52   1   0       0.62536087
   52   2   1       1.46540956
   53   1   0       0.61652422
   53   2   1       1.42334240
   54   1   0       0.44128230
   55   1   0       0.62077021
   55   2   1       1.44898483
   56   1   0       0.63099197
   56   2   1       1.46898097
   57   1   0       0.58333425
   57   2   1       1.38997499
   58   1   0       0.44366043
   59   1   0       0.61800670
   59   2   1       1.41723288
   60   1   0       0.44214144
   61   1   0       0.44980329
   62   1   0       0.44097122
   63   1   0       0.58776119
   63   2   1       1.38990231
   64   1   0       0.61760251
   64   2   1       1.44227308
   65   1   0       0.43966953
   66   1   0       0.61903599
   66   2   1       1.44352039
   67   1   0       0.61841000
   67   2   1       1.42367032
   68   1   0       0.44959187
   69   1   0       0.61886095
   69   2   1       1.42511794
   70   1   0       0.43759184
   71   1   0       0.44367445
   72   1   0       0.44644707

Orbital populations (up)
 Atom Sh.   l   m       Population  Label
    1   1   0   0       0.59038728  s
    1   2   1  -1       0.47751068  p_y
    1   2   1   0       0.45680033  p_z
    1   2   1   1       0.45727056  p_x
    2   1   0   0       0.62261675  s
    2   2   1  -1       0.49474537  p_y
    2   2   1   0       0.46388631  p_z
    2   2   1   1       0.47967972  p_x
    3   1   0   0       0.59314904  s
    3   2   1  -1       0.47648989  p_y
    3   2   1   0       0.45444631  p_z
    3   2   1   1       0.45729745  p_x
    4   1   0   0       0.62139824  s
    4   2   1  -1       0.49460210  p_y
    4   2   1   0       0.46473586  p_z
    4   2   1   1       0.47882264  p_x
    5   1   0   0       0.58768429  s
    5   2   1  -1       0.47489872  p_y
    5   2   1   0       0.45835650  p_z
    5   2   1   1       0.45676754  p_x
    6   1   0   0       0.44851478  s
    7   1   0   0       0.62510907  s
    7   2   1  -1       0.50713226  p_y
    7   2   1   0       0.46364502  p_z
    7   2   1   1       0.48634335  p_x
    8   1   0   0       0.62463118  s
    8   2   1  -1       0.50842832  p_y
    8   2   1   0       0.46624947  p_z
    8   2   1   1       0.47990425  p_x
    9   1   0   0       0.59091184  s
    9   2   1  -1       0.47933924  p_y
    9   2   1   0       0.45624890  p_z
    9   2   1   1       0.45693889  p_x
   10   1   0   0       0.44502381  s
   11   1   0   0       0.61315303  s
   11   2   1  -1       0.48602721  p_y
   11   2   1   0       0.46253564  p_z
   11   2   1   1       0.47445138  p_x
   12   1   0   0       0.59727801  s
   12   2   1  -1       0.47657077  p_y
   12   2   1   0       0.44869359  p_z
   12   2   1   1       0.45930010  p_x
   13   1   0   0       0.44387368  s
   14   1   0   0       0.44815173  s
   15   1   0   0       0.59277022  s
   15   2   1  -1       0.47921334  p_y
   15   2   1   0       0.45589531  p_z
   15   2   1   1       0.45624749  p_x
   16   1   0   0       0.62429224  s
   16   2   1  -1       0.49393089  p_y
   16   2   1   0       0.46482794  p_z
   16   2   1   1       0.47997612  p_x
   17   1   0   0       0.61182444  s
   17   2   1  -1       0.49514160  p_y
   17   2   1   0       0.47391373  p_z
   17   2   1   1       0.47088258  p_x
   18   1   0   0       0.45118972  s
   19   1   0   0       0.61709801  s
   19   2   1  -1       0.49713350  p_y
   19   2   1   0       0.46178907  p_z
   19   2   1   1       0.48137801  p_x
   20   1   0   0       0.62264623  s
   20   2   1  -1       0.50983947  p_y
   20   2   1   0       0.46817756  p_z
   20   2   1   1       0.48468880  p_x
   21   1   0   0       0.59208464  s
   21   2   1  -1       0.47918989  p_y
   21   2   1   0       0.45315684  p_z
   21   2   1   1       0.45850845  p_x
   22   1   0   0       0.44871971  s
   23   1   0   0       0.61941808  s
   23   2   1  -1       0.49146722  p_y
   23   2   1   0       0.47173115  p_z
   23   2   1   1       0.46642242  p_x
   24   1   0   0       0.45720756  s
   25   1   0   0       0.44869732  s
   26   1   0   0       0.44364870  s
   27   1   0   0       0.59125333  s
   27   2   1  -1       0.47864114  p_y
   27   2   1   0       0.44939860  p_z
   27   2   1   1       0.46193329  p_x
   28   1   0   0       0.62014094  s
   28   2   1  -1       0.49058895  p_y
   28   2   1   0       0.46183278  p_z
   28   2   1   1       0.47685530  p_x
   29   1   0   0       0.45908061  s
   30   1   0   0       0.61890465  s
   30   2   1  -1       0.49686239  p_y
   30   2   1   0       0.46117105  p_z
   30   2   1   1       0.48153891  p_x
   31   1   0   0       0.61155290  s
   31   2   1  -1       0.49106055  p_y
   31   2   1   0       0.47637285  p_z
   31   2   1   1       0.47068307  p_x
   32   1   0   0       0.45432142  s
   33   1   0   0       0.61371323  s
   33   2   1  -1       0.48850720  p_y
   33   2   1   0       0.47045782  p_z
   33   2   1   1       0.47110936  p_x
   34   1   0   0       0.44932479  s
   35   1   0   0       0.45786729  s
   36   1   0   0       0.46507275  s
   37   1   0   0       0.58526711  s
   37   2   1  -1       0.48254315  p_y
   37   2   1   0       0.44762844  p_z
   37   2   1   1       0.46477204  p_x
   38   1   0   0       0.62268233  s
   38   2   1  -1       0.51144423  p_y
   38   2   1   0       0.46253023  p_z
   38   2   1   1       0.49106389  p_x
   39   1   0   0       0.58423745  s
   39   2   1  -1       0.48095339  p_y
   39   2   1   0       0.44596719  p_z
   39   2   1   1       0.46459994  p_x
   40   1   0   0       0.62215392  s
   40   2   1  -1       0.51400308  p_y
   40   2   1   0       0.46350232  p_z
   40   2   1   1       0.49141422  p_x
   41   1   0   0       0.58537727  s
   41   2   1  -1       0.47728106  p_y
   41   2   1   0       0.44749826  p_z
   41   2   1   1       0.46357471  p_x
   42   1   0   0       0.44347716  s
   43   1   0   0       0.63034532  s
   43   2   1  -1       0.52415732  p_y
   43   2   1   0       0.46132303  p_z
   43   2   1   1       0.49161291  p_x
   44   1   0   0       0.62377364  s
   44   2   1  -1       0.52075148  p_y
   44   2   1   0       0.46151297  p_z
   44   2   1   1       0.49124151  p_x
   45   1   0   0       0.58383785  s
   45   2   1  -1       0.48330273  p_y
   45   2   1   0       0.44586369  p_z
   45   2   1   1       0.46470729  p_x
   46   1   0   0       0.44160258  s
   47   1   0   0       0.62193793  s
   47   2   1  -1       0.49447095  p_y
   47   2   1   0       0.46175128  p_z
   47   2   1   1       0.48081795  p_x
   48   1   0   0       0.58247504  s
   48   2   1  -1       0.47596270  p_y
   48   2   1   0       0.44846757  p_z
   48   2   1   1       0.46070838  p_x
   49   1   0   0       0.44391385  s
   50   1   0   0       0.44333761  s
   51   1   0   0       0.58574887  s
   51   2   1  -1       0.48017092  p_y
   51   2   1   0       0.44678126  p_z
   51   2   1   1       0.46619548  p_x
   52   1   0   0       0.62536087  s
   52   2   1  -1       0.51354774  p_y
   52   2   1   0       0.45889505  p_z
   52   2   1   1       0.49296676  p_x
   53   1   0   0       0.61652422  s
   53   2   1  -1       0.48514801  p_y
   53   2   1   0       0.46404041  p_z
   53   2   1   1       0.47415397  p_x
   54   1   0   0       0.44128230  s
   55   1   0   0       0.62077021  s
   55   2   1  -1       0.50794016  p_y
   55   2   1   0       0.45751495  p_z
   55   2   1   1       0.48352972  p_x
   56   1   0   0       0.63099197  s
   56   2   1  -1       0.51151377  p_y
   56   2   1   0       0.46009138  p_z
   56   2   1   1       0.49737582  p_x
   57   1   0   0       0.58333425  s
   57   2   1  -1       0.47759864  p_y
   57   2   1   0       0.44686656  p_z
   57   2   1   1       0.46550979  p_x
   58   1   0   0       0.44366043  s
   59   1   0   0       0.61800670  s
   59   2   1  -1       0.47492028  p_y
   59   2   1   0       0.47880038  p_z
   59   2   1   1       0.46351221  p_x
   60   1   0   0       0.44214144  s
   61   1   0   0       0.44980329  s
   62   1   0   0       0.44097122  s
   63   1   0   0       0.58776119  s
   63   2   1  -1       0.47744936  p_y
   63   2   1   0       0.44569294  p_z
   63   2   1   1       0.46676000  p_x
   64   1   0   0       0.61760251  s
   64   2   1  -1       0.50380936  p_y
   64   2   1   0       0.45484952  p_z
   64   2   1   1       0.48361419  p_x
   65   1   0   0       0.43966953  s
   66   1   0   0       0.61903599  s
   66   2   1  -1       0.49258167  p_y
   66   2   1   0       0.45917385  p_z
   66   2   1   1       0.49176487  p_x
   67   1   0   0       0.61841000  s
   67   2   1  -1       0.48019088  p_y
   67   2   1   0       0.47498916  p_z
   67   2   1   1       0.46849027  p_x
   68   1   0   0       0.44959187  s
   69   1   0   0       0.61886095  s
   69   2   1  -1       0.48441596  p_y
   69   2   1   0       0.46471886  p_z
   69   2   1   1       0.47598312  p_x
   70   1   0   0       0.43759184  s
   71   1   0   0       0.44367445  s
   72   1   0   0       0.44644707  s

Nr. of electrons (down):    101.00000000
Atom populations (down)
 Atom       Population
    1       1.98201644
    2       2.06047185
    3       1.98132341
    4       2.05882028
    5       1.97770090
    6       0.44854136
    7       2.08218532
    8       2.07913178
    9       1.98353920
   10       0.44506634
   11       2.03606400
   12       1.98163876
   13       0.44387604
   14       0.44815625
   15       1.98412313
   16       2.06237588
   17       2.05172899
   18       0.45119605
   19       2.05736372
   20       2.08529137
   21       1.98304374
   22       0.44875682
   23       2.04889681
   24       0.45720935
   25       0.44869920
   26       0.44365184
   27       1.98107724
   28       2.04917198
   29       0.45908892
   30       2.05849130
   31       2.04972655
   32       0.45433565
   33       2.04351124
   34       0.44932376
   35       0.45786407
   36       0.46508892
   37       1.99947135
   38       1.95967110
   39       1.99904554
   40       1.94302539
   41       1.97447561
   42       0.45054706
   43       1.95070374
   44       1.94335896
   45       1.99604302
   46       0.44955290
   47       2.00261814
   48       1.97747847
   49       0.45296030
   50       0.45207436
   51       1.99660144
   52       1.96425910
   53       2.00674455
   54       0.44432449
   55       2.00425585
   56       1.97185689
   57       1.97530825
   58       0.45065947
   59       2.01685630
   60       0.44394457
   61       0.45353742
   62       0.44836260
   63       1.97450251
   64       2.01428097
   65       0.44072724
   66       2.02145766
   67       2.02283934
   68       0.45211466
   69       2.01524250
   70       0.43973024
   71       0.44476635
   72       0.44805324

l-shell populations (down)
 Atom Sh.   l       Population
    1   1   0       0.59040496
    1   2   1       1.39161148
    2   1   0       0.62259596
    2   2   1       1.43787590
    3   1   0       0.59314764
    3   2   1       1.38817578
    4   1   0       0.62136351
    4   2   1       1.43745677
    5   1   0       0.58769352
    5   2   1       1.39000738
    6   1   0       0.44854136
    7   1   0       0.62511035
    7   2   1       1.45707496
    8   1   0       0.62462830
    8   2   1       1.45450348
    9   1   0       0.59093345
    9   2   1       1.39260574
   10   1   0       0.44506634
   11   1   0       0.61314892
   11   2   1       1.42291509
   12   1   0       0.59727078
   12   2   1       1.38436798
   13   1   0       0.44387604
   14   1   0       0.44815625
   15   1   0       0.59277050
   15   2   1       1.39135263
   16   1   0       0.62426067
   16   2   1       1.43811521
   17   1   0       0.61182601
   17   2   1       1.43990299
   18   1   0       0.45119605
   19   1   0       0.61710075
   19   2   1       1.44026297
   20   1   0       0.62264550
   20   2   1       1.46264587
   21   1   0       0.59210207
   21   2   1       1.39094167
   22   1   0       0.44875682
   23   1   0       0.61941256
   23   2   1       1.42948425
   24   1   0       0.45720935
   25   1   0       0.44869920
   26   1   0       0.44365184
   27   1   0       0.59124669
   27   2   1       1.38983055
   28   1   0       0.62012784
   28   2   1       1.42904414
   29   1   0       0.45908892
   30   1   0       0.61891060
   30   2   1       1.43958069
   31   1   0       0.61156201
   31   2   1       1.43816454
   32   1   0       0.45433565
   33   1   0       0.61369980
   33   2   1       1.42981144
   34   1   0       0.44932376
   35   1   0       0.45786407
   36   1   0       0.46508892
   37   1   0       0.58924120
   37   2   1       1.41023014
   38   1   0       0.61681651
   38   2   1       1.34285459
   39   1   0       0.58889634
   39   2   1       1.41014920
   40   1   0       0.61519244
   40   2   1       1.32783295
   41   1   0       0.58758848
   41   2   1       1.38688713
   42   1   0       0.45054706
   43   1   0       0.62298259
   43   2   1       1.32772115
   44   1   0       0.61648680
   44   2   1       1.32687216
   45   1   0       0.58781177
   45   2   1       1.40823125
   46   1   0       0.44955290
   47   1   0       0.61984172
   47   2   1       1.38277642
   48   1   0       0.58560412
   48   2   1       1.39187435
   49   1   0       0.45296030
   50   1   0       0.45207436
   51   1   0       0.58979341
   51   2   1       1.40680803
   52   1   0       0.61953462
   52   2   1       1.34472448
   53   1   0       0.61597828
   53   2   1       1.39076627
   54   1   0       0.44432449
   55   1   0       0.61795011
   55   2   1       1.38630573
   56   1   0       0.62512420
   56   2   1       1.34673269
   57   1   0       0.58559189
   57   2   1       1.38971636
   58   1   0       0.45065947
   59   1   0       0.61842379
   59   2   1       1.39843251
   60   1   0       0.44394457
   61   1   0       0.45353742
   62   1   0       0.44836260
   63   1   0       0.58974759
   63   2   1       1.38475492
   64   1   0       0.61580225
   64   2   1       1.39847871
   65   1   0       0.44072724
   66   1   0       0.61763860
   66   2   1       1.40381906
   67   1   0       0.61846887
   67   2   1       1.40437047
   68   1   0       0.45211466
   69   1   0       0.61832408
   69   2   1       1.39691842
   70   1   0       0.43973024
   71   1   0       0.44476635
   72   1   0       0.44805324

Orbital populations (down)
 Atom Sh.   l   m       Population  Label
    1   1   0   0       0.59040496  s
    1   2   1  -1       0.47751497  p_y
    1   2   1   0       0.45681887  p_z
    1   2   1   1       0.45727764  p_x
    2   1   0   0       0.62259596  s
    2   2   1  -1       0.49446080  p_y
    2   2   1   0       0.46381489  p_z
    2   2   1   1       0.47960021  p_x
    3   1   0   0       0.59314764  s
    3   2   1  -1       0.47644991  p_y
    3   2   1   0       0.45443887  p_z
    3   2   1   1       0.45728699  p_x
    4   1   0   0       0.62136351  s
    4   2   1  -1       0.49413720  p_y
    4   2   1   0       0.46462567  p_z
    4   2   1   1       0.47869390  p_x
    5   1   0   0       0.58769352  s
    5   2   1  -1       0.47488065  p_y
    5   2   1   0       0.45836021  p_z
    5   2   1   1       0.45676651  p_x
    6   1   0   0       0.44854136  s
    7   1   0   0       0.62511035  s
    7   2   1  -1       0.50709778  p_y
    7   2   1   0       0.46364251  p_z
    7   2   1   1       0.48633468  p_x
    8   1   0   0       0.62462830  s
    8   2   1  -1       0.50837458  p_y
    8   2   1   0       0.46623786  p_z
    8   2   1   1       0.47989104  p_x
    9   1   0   0       0.59093345  s
    9   2   1  -1       0.47937280  p_y
    9   2   1   0       0.45627684  p_z
    9   2   1   1       0.45695610  p_x
   10   1   0   0       0.44506634  s
   11   1   0   0       0.61314892  s
   11   2   1  -1       0.48595651  p_y
   11   2   1   0       0.46252354  p_z
   11   2   1   1       0.47443504  p_x
   12   1   0   0       0.59727078  s
   12   2   1  -1       0.47643677  p_y
   12   2   1   0       0.44866631  p_z
   12   2   1   1       0.45926491  p_x
   13   1   0   0       0.44387604  s
   14   1   0   0       0.44815625  s
   15   1   0   0       0.59277050  s
   15   2   1  -1       0.47921168  p_y
   15   2   1   0       0.45589492  p_z
   15   2   1   1       0.45624603  p_x
   16   1   0   0       0.62426067  s
   16   2   1  -1       0.49352938  p_y
   16   2   1   0       0.46471300  p_z
   16   2   1   1       0.47987283  p_x
   17   1   0   0       0.61182601  s
   17   2   1  -1       0.49511347  p_y
   17   2   1   0       0.47391056  p_z
   17   2   1   1       0.47087896  p_x
   18   1   0   0       0.45119605  s
   19   1   0   0       0.61710075  s
   19   2   1  -1       0.49710271  p_y
   19   2   1   0       0.46178966  p_z
   19   2   1   1       0.48137060  p_x
   20   1   0   0       0.62264550  s
   20   2   1  -1       0.50979683  p_y
   20   2   1   0       0.46817341  p_z
   20   2   1   1       0.48467563  p_x
   21   1   0   0       0.59210207  s
   21   2   1  -1       0.47923193  p_y
   21   2   1   0       0.45318017  p_z
   21   2   1   1       0.45852957  p_x
   22   1   0   0       0.44875682  s
   23   1   0   0       0.61941256  s
   23   2   1  -1       0.49137521  p_y
   23   2   1   0       0.47171199  p_z
   23   2   1   1       0.46639706  p_x
   24   1   0   0       0.45720935  s
   25   1   0   0       0.44869920  s
   26   1   0   0       0.44365184  s
   27   1   0   0       0.59124669  s
   27   2   1  -1       0.47854846  p_y
   27   2   1   0       0.44937812  p_z
   27   2   1   1       0.46190396  p_x
   28   1   0   0       0.62012784  s
   28   2   1  -1       0.49043805  p_y
   28   2   1   0       0.46179440  p_z
   28   2   1   1       0.47681169  p_x
   29   1   0   0       0.45908892  s
   30   1   0   0       0.61891060  s
   30   2   1  -1       0.49686409  p_y
   30   2   1   0       0.46117875  p_z
   30   2   1   1       0.48153785  p_x
   31   1   0   0       0.61156201  s
   31   2   1  -1       0.49108307  p_y
   31   2   1   0       0.47638313  p_z
   31   2   1   1       0.47069834  p_x
   32   1   0   0       0.45433565  s
   33   1   0   0       0.61369980  s
   33   2   1  -1       0.48835040  p_y
   33   2   1   0       0.47041832  p_z
   33   2   1   1       0.47104271  p_x
   34   1   0   0       0.44932376  s
   35   1   0   0       0.45786407  s
   36   1   0   0       0.46508892  s
   37   1   0   0       0.58924120  s
   37   2   1  -1       0.49002889  p_y
   37   2   1   0       0.45248785  p_z
   37   2   1   1       0.46771341  p_x
   38   1   0   0       0.61681651  s
   38   2   1  -1       0.41891751  p_y
   38   2   1   0       0.45587762  p_z
   38   2   1   1       0.46805946  p_x
   39   1   0   0       0.58889634  s
   39   2   1  -1       0.49045206  p_y
   39   2   1   0       0.45145890  p_z
   39   2   1   1       0.46823824  p_x
   40   1   0   0       0.61519244  s
   40   2   1  -1       0.40375329  p_y
   40   2   1   0       0.45567759  p_z
   40   2   1   1       0.46840208  p_x
   41   1   0   0       0.58758848  s
   41   2   1  -1       0.47332784  p_y
   41   2   1   0       0.45052921  p_z
   41   2   1   1       0.46303007  p_x
   42   1   0   0       0.45054706  s
   43   1   0   0       0.62298259  s
   43   2   1  -1       0.40618018  p_y
   43   2   1   0       0.45284343  p_z
   43   2   1   1       0.46869754  p_x
   44   1   0   0       0.61648680  s
   44   2   1  -1       0.40746089  p_y
   44   2   1   0       0.45242800  p_z
   44   2   1   1       0.46698327  p_x
   45   1   0   0       0.58781177  s
   45   2   1  -1       0.49053519  p_y
   45   2   1   0       0.45045011  p_z
   45   2   1   1       0.46724594  p_x
   46   1   0   0       0.44955290  s
   47   1   0   0       0.61984172  s
   47   2   1  -1       0.45282786  p_y
   47   2   1   0       0.45977413  p_z
   47   2   1   1       0.47017444  p_x
   48   1   0   0       0.58560412  s
   48   2   1  -1       0.47762697  p_y
   48   2   1   0       0.45143033  p_z
   48   2   1   1       0.46281705  p_x
   49   1   0   0       0.45296030  s
   50   1   0   0       0.45207436  s
   51   1   0   0       0.58979341  s
   51   2   1  -1       0.48633265  p_y
   51   2   1   0       0.45169871  p_z
   51   2   1   1       0.46877667  p_x
   52   1   0   0       0.61953462  s
   52   2   1  -1       0.42006105  p_y
   52   2   1   0       0.45246119  p_z
   52   2   1   1       0.47220225  p_x
   53   1   0   0       0.61597828  s
   53   2   1  -1       0.45831421  p_y
   53   2   1   0       0.46370985  p_z
   53   2   1   1       0.46874221  p_x
   54   1   0   0       0.44432449  s
   55   1   0   0       0.61795011  s
   55   2   1  -1       0.45993276  p_y
   55   2   1   0       0.45419789  p_z
   55   2   1   1       0.47217509  p_x
   56   1   0   0       0.62512420  s
   56   2   1  -1       0.43205588  p_y
   56   2   1   0       0.45361563  p_z
   56   2   1   1       0.46106118  p_x
   57   1   0   0       0.58559189  s
   57   2   1  -1       0.47501284  p_y
   57   2   1   0       0.44881986  p_z
   57   2   1   1       0.46588365  p_x
   58   1   0   0       0.45065947  s
   59   1   0   0       0.61842379  s
   59   2   1  -1       0.45921436  p_y
   59   2   1   0       0.47796631  p_z
   59   2   1   1       0.46125184  p_x
   60   1   0   0       0.44394457  s
   61   1   0   0       0.45353742  s
   62   1   0   0       0.44836260  s
   63   1   0   0       0.58974759  s
   63   2   1  -1       0.47133458  p_y
   63   2   1   0       0.44846828  p_z
   63   2   1   1       0.46495207  p_x
   64   1   0   0       0.61580225  s
   64   2   1  -1       0.47031051  p_y
   64   2   1   0       0.45254027  p_z
   64   2   1   1       0.47562793  p_x
   65   1   0   0       0.44072724  s
   66   1   0   0       0.61763860  s
   66   2   1  -1       0.46643603  p_y
   66   2   1   0       0.45809809  p_z
   66   2   1   1       0.47928494  p_x
   67   1   0   0       0.61846887  s
   67   2   1  -1       0.46655079  p_y
   67   2   1   0       0.47385722  p_z
   67   2   1   1       0.46396245  p_x
   68   1   0   0       0.45211466  s
   69   1   0   0       0.61832408  s
   69   2   1  -1       0.46552639  p_y
   69   2   1   0       0.46394203  p_z
   69   2   1   1       0.46745001  p_x
   70   1   0   0       0.43973024  s
   71   1   0   0       0.44476635  s
   72   1   0   0       0.44805324  s

Spin  up
Fermi level:                        -0.1963548773 H           -5.3431 eV
Band energy:                       -45.5216470705 H        -1238.7070 eV
TS:                                  0.0000000000 H            0.0000 eV
Band free energy (E-TS):           -45.5216470705 H        -1238.7070 eV
Extrapolated E(0K):                -45.5216470705 H        -1238.7070 eV
Input / Output electrons (up):    102.0000000000    102.0000000000

Spin  down
Fermi level:                        -0.2122944066 H           -5.7768 eV
Band energy:                       -45.2246490619 H        -1230.6253 eV
TS:                                  0.0000000000 H            0.0000 eV
Band free energy (E-TS):           -45.2246490619 H        -1230.6253 eV
Extrapolated E(0K):                -45.2246490619 H        -1230.6253 eV
Input / Output electrons (down):    101.0000000000    101.0000000000

Energy H0:                         -86.2948434339 H        -2348.2022 eV
Energy SCC:                          0.0369734474 H            1.0061 eV
Energy SPIN:                        -0.0015544349 H           -0.0423 eV
Energy 3rd:                          0.0000313915 H            0.0009 eV
Total Electronic energy:           -86.2593930299 H        -2347.2375 eV
Repulsive energy:                    0.7644060814 H           20.8005 eV
Total energy:                      -85.4949869485 H        -2326.4370 eV
Extrapolated to 0:                 -85.4949869485 H        -2326.4370 eV
Total Mermin free energy:          -85.4949869485 H        -2326.4370 eV
Force related energy:              -85.4949869485 H        -2326.4370 eV

Constraints converged

SCC converged

