 KPT            1  SPIN            1  KWEIGHT    1.0000000000000000     
     1   -19.802  2.00000
     2   -19.690  2.00000
     3   -19.681  2.00000
     4   -19.622  2.00000
     5   -19.615  2.00000
     6   -19.600  2.00000
     7   -19.591  2.00000
     8   -19.589  2.00000
     9   -19.582  2.00000
    10   -19.581  2.00000
    11   -19.575  2.00000
    12   -19.574  2.00000
    13   -19.564  2.00000
    14   -19.563  2.00000
    15   -19.559  2.00000
    16   -19.551  2.00000
    17   -19.546  2.00000
    18   -19.543  2.00000
    19   -19.535  2.00000
    20   -19.531  2.00000
    21   -19.528  2.00000
    22   -19.526  2.00000
    23   -19.525  2.00000
    24   -19.522  2.00000
    25   -19.511  2.00000
    26   -19.511  2.00000
    27   -19.502  2.00000
    28   -19.496  2.00000
    29   -19.494  2.00000
    30   -19.486  2.00000
    31   -19.484  2.00000
    32   -19.478  2.00000
    33   -19.465  2.00000
    34   -19.454  2.00000
    35   -19.438  2.00000
    36   -19.411  2.00000
    37   -19.409  2.00000
    38   -19.406  2.00000
    39   -19.383  2.00000
    40   -19.345  2.00000
    41   -19.338  2.00000
    42   -19.316  2.00000
    43   -19.315  2.00000
    44   -19.308  2.00000
    45   -19.305  2.00000
    46   -19.302  2.00000
    47   -19.296  2.00000
    48   -19.293  2.00000
    49   -19.288  2.00000
    50   -19.283  2.00000
    51   -19.281  2.00000
    52   -19.275  2.00000
    53   -19.270  2.00000
    54   -19.267  2.00000
    55   -19.258  2.00000
    56   -19.254  2.00000
    57   -19.252  2.00000
    58   -19.249  2.00000
    59   -19.245  2.00000
    60   -19.236  2.00000
    61   -19.230  2.00000
    62   -19.230  2.00000
    63   -19.225  2.00000
    64   -19.216  2.00000
    65   -19.211  2.00000
    66   -19.209  2.00000
    67   -19.202  2.00000
    68   -19.188  2.00000
    69   -19.175  2.00000
    70   -19.162  2.00000
    71   -19.132  2.00000
    72   -19.106  2.00000
    73   -19.023  2.00000
    74   -18.908  2.00000
    75   -18.905  2.00000
    76   -18.850  2.00000
    77   -18.839  2.00000
    78   -18.820  2.00000
    79   -18.812  2.00000
    80   -18.809  2.00000
    81   -18.806  2.00000
    82   -18.803  2.00000
    83   -18.799  2.00000
    84   -18.797  2.00000
    85   -18.794  2.00000
    86   -18.794  2.00000
    87   -18.790  2.00000
    88   -18.781  2.00000
    89   -18.776  2.00000
    90   -18.773  2.00000
    91   -18.767  2.00000
    92   -18.762  2.00000
    93   -18.760  2.00000
    94   -18.751  2.00000
    95   -18.747  2.00000
    96   -18.742  2.00000
    97   -18.740  2.00000
    98   -18.737  2.00000
    99   -18.733  2.00000
   100   -18.725  2.00000
   101   -18.723  2.00000
   102   -18.721  2.00000
   103   -18.706  2.00000
   104   -18.695  2.00000
   105   -18.687  2.00000
   106   -18.671  2.00000
   107   -18.635  2.00000
   108   -18.620  2.00000
   109   -18.329  2.00000
   110   -18.213  2.00000
   111   -18.211  2.00000
   112   -18.163  2.00000
   113   -18.148  2.00000
   114   -18.130  2.00000
   115   -18.124  2.00000
   116   -18.122  2.00000
   117   -18.115  2.00000
   118   -18.113  2.00000
   119   -18.111  2.00000
   120   -18.109  2.00000
   121   -18.108  2.00000
   122   -18.101  2.00000
   123   -18.100  2.00000
   124   -18.096  2.00000
   125   -18.090  2.00000
   126   -18.082  2.00000
   127   -18.080  2.00000
   128   -18.074  2.00000
   129   -18.074  2.00000
   130   -18.060  2.00000
   131   -18.059  2.00000
   132   -18.054  2.00000
   133   -18.051  2.00000
   134   -18.050  2.00000
   135   -18.046  2.00000
   136   -18.041  2.00000
   137   -18.037  2.00000
   138   -18.036  2.00000
   139   -18.016  2.00000
   140   -18.009  2.00000
   141   -18.003  2.00000
   142   -17.984  2.00000
   143   -17.944  2.00000
   144   -17.937  2.00000
   145   -17.856  2.00000
   146   -17.744  2.00000
   147   -17.725  2.00000
   148   -17.657  2.00000
   149   -17.650  2.00000
   150   -17.650  2.00000
   151   -17.628  2.00000
   152   -17.627  2.00000
   153   -17.625  2.00000
   154   -17.622  2.00000
   155   -17.621  2.00000
   156   -17.614  2.00000
   157   -17.602  2.00000
   158   -17.601  2.00000
   159   -17.593  2.00000
   160   -17.590  2.00000
   161   -17.588  2.00000
   162   -17.586  2.00000
   163   -17.585  2.00000
   164   -17.583  2.00000
   165   -17.577  2.00000
   166   -17.572  2.00000
   167   -17.563  2.00000
   168   -17.556  2.00000
   169   -17.554  2.00000
   170   -17.553  2.00000
   171   -17.553  2.00000
   172   -17.550  2.00000
   173   -17.540  2.00000
   174   -17.537  2.00000
   175   -17.527  2.00000
   176   -17.517  2.00000
   177   -17.510  2.00000
   178   -17.508  2.00000
   179   -17.491  2.00000
   180   -17.470  2.00000
   181   -17.454  2.00000
   182   -17.439  2.00000
   183   -17.437  2.00000
   184   -17.424  2.00000
   185   -17.355  2.00000
   186   -17.353  2.00000
   187   -17.351  2.00000
   188   -17.351  2.00000
   189   -17.346  2.00000
   190   -17.325  2.00000
   191   -17.320  2.00000
   192   -17.318  2.00000
   193   -17.317  2.00000
   194   -17.312  2.00000
   195   -17.304  2.00000
   196   -17.301  2.00000
   197   -17.296  2.00000
   198   -17.293  2.00000
   199   -17.289  2.00000
   200   -17.286  2.00000
   201   -17.285  2.00000
   202   -17.284  2.00000
   203   -17.282  2.00000
   204   -17.278  2.00000
   205   -17.277  2.00000
   206   -17.275  2.00000
   207   -17.274  2.00000
   208   -17.270  2.00000
   209   -17.266  2.00000
   210   -17.261  2.00000
   211   -17.260  2.00000
   212   -17.259  2.00000
   213   -17.256  2.00000
   214   -17.255  2.00000
   215   -17.252  2.00000
   216   -17.250  2.00000
   217   -17.249  2.00000
   218   -17.246  2.00000
   219   -17.243  2.00000
   220   -17.242  2.00000
   221   -17.239  2.00000
   222   -17.236  2.00000
   223   -17.234  2.00000
   224   -17.230  2.00000
   225   -17.228  2.00000
   226   -17.228  2.00000
   227   -17.227  2.00000
   228   -17.222  2.00000
   229   -17.217  2.00000
   230   -17.216  2.00000
   231   -17.214  2.00000
   232   -17.209  2.00000
   233   -17.204  2.00000
   234   -17.203  2.00000
   235   -17.200  2.00000
   236   -17.198  2.00000
   237   -17.197  2.00000
   238   -17.194  2.00000
   239   -17.191  2.00000
   240   -17.184  2.00000
   241   -17.183  2.00000
   242   -17.179  2.00000
   243   -17.178  2.00000
   244   -17.169  2.00000
   245   -17.157  2.00000
   246   -17.154  2.00000
   247   -17.148  2.00000
   248   -17.138  2.00000
   249   -17.129  2.00000
   250   -17.126  2.00000
   251   -17.088  2.00000
   252   -17.073  2.00000
   253   -17.040  2.00000
   254   -16.925  2.00000
   255   -16.912  2.00000
   256   -16.847  2.00000
   257   -16.839  2.00000
   258   -16.839  2.00000
   259   -16.819  2.00000
   260   -16.811  2.00000
   261   -16.809  2.00000
   262   -16.807  2.00000
   263   -16.804  2.00000
   264   -16.803  2.00000
   265   -16.799  2.00000
   266   -16.785  2.00000
   267   -16.783  2.00000
   268   -16.780  2.00000
   269   -16.780  2.00000
   270   -16.778  2.00000
   271   -16.775  2.00000
   272   -16.772  2.00000
   273   -16.767  2.00000
   274   -16.766  2.00000
   275   -16.756  2.00000
   276   -16.754  2.00000
   277   -16.752  2.00000
   278   -16.747  2.00000
   279   -16.738  2.00000
   280   -16.737  2.00000
   281   -16.727  2.00000
   282   -16.718  2.00000
   283   -16.717  2.00000
   284   -16.696  2.00000
   285   -16.692  2.00000
   286   -16.689  2.00000
   287   -16.644  2.00000
   288   -16.633  2.00000
   289   -16.609  2.00000
   290   -16.495  2.00000
   291   -16.489  2.00000
   292   -16.439  2.00000
   293   -16.420  2.00000
   294   -16.412  2.00000
   295   -16.409  2.00000
   296   -16.396  2.00000
   297   -16.388  2.00000
   298   -16.387  2.00000
   299   -16.385  2.00000
   300   -16.384  2.00000
   301   -16.381  2.00000
   302   -16.379  2.00000
   303   -16.372  2.00000
   304   -16.368  2.00000
   305   -16.365  2.00000
   306   -16.363  2.00000
   307   -16.362  2.00000
   308   -16.361  2.00000
   309   -16.357  2.00000
   310   -16.347  2.00000
   311   -16.343  2.00000
   312   -16.341  2.00000
   313   -16.337  2.00000
   314   -16.335  2.00000
   315   -16.333  2.00000
   316   -16.323  2.00000
   317   -16.320  2.00000
   318   -16.315  2.00000
   319   -16.308  2.00000
   320   -16.300  2.00000
   321   -16.286  2.00000
   322   -16.278  2.00000
   323   -16.272  2.00000
   324   -16.233  2.00000
   325   -16.230  2.00000
   326   -16.219  2.00000
   327   -16.210  2.00000
   328   -16.161  2.00000
   329   -16.147  2.00000
   330   -16.147  2.00000
   331   -16.133  2.00000
   332   -16.124  2.00000
   333   -16.120  2.00000
   334   -16.118  2.00000
   335   -16.115  2.00000
   336   -16.114  2.00000
   337   -16.111  2.00000
   338   -16.101  2.00000
   339   -16.095  2.00000
   340   -16.094  2.00000
   341   -16.092  2.00000
   342   -16.089  2.00000
   343   -16.086  2.00000
   344   -16.082  2.00000
   345   -16.080  2.00000
   346   -16.074  2.00000
   347   -16.069  2.00000
   348   -16.064  2.00000
   349   -16.061  2.00000
   350   -16.056  2.00000
   351   -16.054  2.00000
   352   -16.051  2.00000
   353   -16.044  2.00000
   354   -16.033  2.00000
   355   -16.025  2.00000
   356   -16.012  2.00000
   357   -16.006  2.00000
   358   -16.000  2.00000
   359   -15.952  2.00000
   360   -15.949  2.00000
   361   -15.496  2.00000
   362   -15.383  2.00000
   363   -15.366  2.00000
   364   -15.301  2.00000
   365   -15.294  2.00000
   366   -15.293  2.00000
   367   -15.273  2.00000
   368   -15.269  2.00000
   369   -15.267  2.00000
   370   -15.263  2.00000
   371   -15.261  2.00000
   372   -15.261  2.00000
   373   -15.253  2.00000
   374   -15.242  2.00000
   375   -15.240  2.00000
   376   -15.236  2.00000
   377   -15.233  2.00000
   378   -15.231  2.00000
   379   -15.230  2.00000
   380   -15.226  2.00000
   381   -15.221  2.00000
   382   -15.214  2.00000
   383   -15.213  2.00000
   384   -15.204  2.00000
   385   -15.202  2.00000
   386   -15.199  2.00000
   387   -15.193  2.00000
   388   -15.192  2.00000
   389   -15.185  2.00000
   390   -15.170  2.00000
   391   -15.163  2.00000
   392   -15.159  2.00000
   393   -15.148  2.00000
   394   -15.141  2.00000
   395   -15.098  2.00000
   396   -15.088  2.00000
   397   -14.884  2.00000
   398   -14.771  2.00000
   399   -14.763  2.00000
   400   -14.708  2.00000
   401   -14.696  2.00000
   402   -14.685  2.00000
   403   -14.677  2.00000
   404   -14.673  2.00000
   405   -14.667  2.00000
   406   -14.662  2.00000
   407   -14.660  2.00000
   408   -14.657  2.00000
   409   -14.646  2.00000
   410   -14.642  2.00000
   411   -14.639  2.00000
   412   -14.631  2.00000
   413   -14.627  2.00000
   414   -14.626  2.00000
   415   -14.612  2.00000
   416   -14.611  2.00000
   417   -14.611  2.00000
   418   -14.605  2.00000
   419   -14.603  2.00000
   420   -14.596  2.00000
   421   -14.594  2.00000
   422   -14.586  2.00000
   423   -14.583  2.00000
   424   -14.578  2.00000
   425   -14.572  2.00000
   426   -14.566  2.00000
   427   -14.557  2.00000
   428   -14.549  2.00000
   429   -14.535  2.00000
   430   -14.521  2.00000
   431   -14.494  2.00000
   432   -14.469  2.00000
   433   -13.891  2.00000
   434   -13.823  2.00000
   435   -13.774  2.00000
   436   -13.768  2.00000
   437   -13.720  2.00000
   438   -13.708  2.00000
   439   -13.703  2.00000
   440   -13.701  2.00000
   441   -13.694  2.00000
   442   -13.687  2.00000
   443   -13.684  2.00000
   444   -13.676  2.00000
   445   -13.671  2.00000
   446   -13.668  2.00000
   447   -13.664  2.00000
   448   -13.662  2.00000
   449   -13.655  2.00000
   450   -13.650  2.00000
   451   -13.643  2.00000
   452   -13.641  2.00000
   453   -13.636  2.00000
   454   -13.634  2.00000
   455   -13.629  2.00000
   456   -13.629  2.00000
   457   -13.628  2.00000
   458   -13.625  2.00000
   459   -13.621  2.00000
   460   -13.617  2.00000
   461   -13.614  2.00000
   462   -13.612  2.00000
   463   -13.608  2.00000
   464   -13.607  2.00000
   465   -13.604  2.00000
   466   -13.599  2.00000
   467   -13.597  2.00000
   468   -13.596  2.00000
   469   -13.593  2.00000
   470   -13.593  2.00000
   471   -13.592  2.00000
   472   -13.588  2.00000
   473   -13.587  2.00000
   474   -13.583  2.00000
   475   -13.579  2.00000
   476   -13.578  2.00000
   477   -13.576  2.00000
   478   -13.570  2.00000
   479   -13.567  2.00000
   480   -13.565  2.00000
   481   -13.564  2.00000
   482   -13.562  2.00000
   483   -13.561  2.00000
   484   -13.559  2.00000
   485   -13.556  2.00000
   486   -13.553  2.00000
   487   -13.552  2.00000
   488   -13.546  2.00000
   489   -13.543  2.00000
   490   -13.542  2.00000
   491   -13.539  2.00000
   492   -13.534  2.00000
   493   -13.521  2.00000
   494   -13.517  2.00000
   495   -13.512  2.00000
   496   -13.509  2.00000
   497   -13.506  2.00000
   498   -13.502  2.00000
   499   -13.488  2.00000
   500   -13.485  2.00000
   501   -13.477  2.00000
   502   -13.473  2.00000
   503   -13.439  2.00000
   504   -13.411  2.00000
   505   -13.246  2.00000
   506   -13.132  2.00000
   507   -13.130  2.00000
   508   -13.096  2.00000
   509   -13.081  2.00000
   510   -13.074  2.00000
   511   -13.055  2.00000
   512   -13.050  2.00000
   513   -13.045  2.00000
   514   -13.043  2.00000
   515   -13.035  2.00000
   516   -13.030  2.00000
   517   -13.025  2.00000
   518   -13.021  2.00000
   519   -13.009  2.00000
   520   -13.007  2.00000
   521   -12.999  2.00000
   522   -12.993  2.00000
   523   -12.991  2.00000
   524   -12.988  2.00000
   525   -12.985  2.00000
   526   -12.975  2.00000
   527   -12.974  2.00000
   528   -12.970  2.00000
   529   -12.969  2.00000
   530   -12.969  2.00000
   531   -12.966  2.00000
   532   -12.961  2.00000
   533   -12.957  2.00000
   534   -12.955  2.00000
   535   -12.955  2.00000
   536   -12.952  2.00000
   537   -12.947  2.00000
   538   -12.938  2.00000
   539   -12.932  2.00000
   540   -12.931  2.00000
   541   -12.929  2.00000
   542   -12.919  2.00000
   543   -12.916  2.00000
   544   -12.911  2.00000
   545   -12.902  2.00000
   546   -12.900  2.00000
   547   -12.899  2.00000
   548   -12.898  2.00000
   549   -12.895  2.00000
   550   -12.895  2.00000
   551   -12.893  2.00000
   552   -12.890  2.00000
   553   -12.887  2.00000
   554   -12.881  2.00000
   555   -12.880  2.00000
   556   -12.880  2.00000
   557   -12.871  2.00000
   558   -12.870  2.00000
   559   -12.866  2.00000
   560   -12.864  2.00000
   561   -12.859  2.00000
   562   -12.859  2.00000
   563   -12.858  2.00000
   564   -12.853  2.00000
   565   -12.849  2.00000
   566   -12.845  2.00000
   567   -12.840  2.00000
   568   -12.839  2.00000
   569   -12.834  2.00000
   570   -12.830  2.00000
   571   -12.827  2.00000
   572   -12.827  2.00000
   573   -12.822  2.00000
   574   -12.821  2.00000
   575   -12.820  2.00000
   576   -12.819  2.00000
   577   -12.816  2.00000
   578   -12.814  2.00000
   579   -12.812  2.00000
   580   -12.806  2.00000
   581   -12.805  2.00000
   582   -12.803  2.00000
   583   -12.802  2.00000
   584   -12.798  2.00000
   585   -12.791  2.00000
   586   -12.790  2.00000
   587   -12.789  2.00000
   588   -12.789  2.00000
   589   -12.784  2.00000
   590   -12.779  2.00000
   591   -12.776  2.00000
   592   -12.775  2.00000
   593   -12.771  2.00000
   594   -12.771  2.00000
   595   -12.768  2.00000
   596   -12.767  2.00000
   597   -12.764  2.00000
   598   -12.763  2.00000
   599   -12.759  2.00000
   600   -12.756  2.00000
   601   -12.752  2.00000
   602   -12.745  2.00000
   603   -12.745  2.00000
   604   -12.742  2.00000
   605   -12.739  2.00000
   606   -12.732  2.00000
   607   -12.726  2.00000
   608   -12.717  2.00000
   609   -12.717  2.00000
   610   -12.714  2.00000
   611   -12.703  2.00000
   612   -12.700  2.00000
   613   -12.696  2.00000
   614   -12.694  2.00000
   615   -12.686  2.00000
   616   -12.668  2.00000
   617   -12.667  2.00000
   618   -12.667  2.00000
   619   -12.665  2.00000
   620   -12.660  2.00000
   621   -12.659  2.00000
   622   -12.656  2.00000
   623   -12.655  2.00000
   624   -12.647  2.00000
   625   -12.642  2.00000
   626   -12.640  2.00000
   627   -12.639  2.00000
   628   -12.631  2.00000
   629   -12.629  2.00000
   630   -12.628  2.00000
   631   -12.624  2.00000
   632   -12.621  2.00000
   633   -12.619  2.00000
   634   -12.610  2.00000
   635   -12.610  2.00000
   636   -12.608  2.00000
   637   -12.605  2.00000
   638   -12.598  2.00000
   639   -12.588  2.00000
   640   -12.587  2.00000
   641   -12.577  2.00000
   642   -12.572  2.00000
   643   -12.557  2.00000
   644   -12.550  2.00000
   645   -12.549  2.00000
   646   -12.532  2.00000
   647   -12.501  2.00000
   648   -12.480  2.00000
   649   -11.723  2.00000
   650   -11.608  2.00000
   651   -11.600  2.00000
   652   -11.534  2.00000
   653   -11.531  2.00000
   654   -11.525  2.00000
   655   -11.505  2.00000
   656   -11.501  2.00000
   657   -11.498  2.00000
   658   -11.498  2.00000
   659   -11.494  2.00000
   660   -11.491  2.00000
   661   -11.479  2.00000
   662   -11.476  2.00000
   663   -11.472  2.00000
   664   -11.469  2.00000
   665   -11.466  2.00000
   666   -11.463  2.00000
   667   -11.461  2.00000
   668   -11.458  2.00000
   669   -11.450  2.00000
   670   -11.443  2.00000
   671   -11.442  2.00000
   672   -11.439  2.00000
   673   -11.437  2.00000
   674   -11.433  2.00000
   675   -11.427  2.00000
   676   -11.425  2.00000
   677   -11.415  2.00000
   678   -11.403  2.00000
   679   -11.392  2.00000
   680   -11.389  2.00000
   681   -11.380  2.00000
   682   -11.369  2.00000
   683   -11.332  2.00000
   684   -11.319  2.00000
   685   -11.215  2.00000
   686   -11.191  2.00000
   687   -11.098  2.00000
   688   -11.088  2.00000
   689   -11.079  2.00000
   690   -11.070  2.00000
   691   -11.052  2.00000
   692   -11.037  2.00000
   693   -11.025  2.00000
   694   -11.018  2.00000
   695   -11.012  2.00000
   696   -11.006  2.00000
   697   -11.004  2.00000
   698   -11.001  2.00000
   699   -10.993  2.00000
   700   -10.993  2.00000
   701   -10.988  2.00000
   702   -10.986  2.00000
   703   -10.985  2.00000
   704   -10.981  2.00000
   705   -10.979  2.00000
   706   -10.977  2.00000
   707   -10.976  2.00000
   708   -10.973  2.00000
   709   -10.970  2.00000
   710   -10.967  2.00000
   711   -10.963  2.00000
   712   -10.961  2.00000
   713   -10.955  2.00000
   714   -10.953  2.00000
   715   -10.947  2.00000
   716   -10.946  2.00000
   717   -10.943  2.00000
   718   -10.940  2.00000
   719   -10.939  2.00000
   720   -10.935  2.00000
   721   -10.931  2.00000
   722   -10.930  2.00000
   723   -10.928  2.00000
   724   -10.927  2.00000
   725   -10.924  2.00000
   726   -10.923  2.00000
   727   -10.922  2.00000
   728   -10.919  2.00000
   729   -10.916  2.00000
   730   -10.913  2.00000
   731   -10.912  2.00000
   732   -10.910  2.00000
   733   -10.907  2.00000
   734   -10.904  2.00000
   735   -10.902  2.00000
   736   -10.896  2.00000
   737   -10.894  2.00000
   738   -10.892  2.00000
   739   -10.888  2.00000
   740   -10.884  2.00000
   741   -10.882  2.00000
   742   -10.880  2.00000
   743   -10.878  2.00000
   744   -10.873  2.00000
   745   -10.870  2.00000
   746   -10.862  2.00000
   747   -10.856  2.00000
   748   -10.851  2.00000
   749   -10.846  2.00000
   750   -10.838  2.00000
   751   -10.837  2.00000
   752   -10.826  2.00000
   753   -10.818  2.00000
   754   -10.800  2.00000
   755   -10.787  2.00000
   756   -10.769  2.00000
   757   -10.722  2.00000
   758   -10.617  2.00000
   759   -10.610  2.00000
   760   -10.597  2.00000
   761   -10.547  2.00000
   762   -10.541  2.00000
   763   -10.532  2.00000
   764   -10.529  2.00000
   765   -10.518  2.00000
   766   -10.508  2.00000
   767   -10.504  2.00000
   768   -10.502  2.00000
   769   -10.499  2.00000
   770   -10.493  2.00000
   771   -10.491  2.00000
   772   -10.489  2.00000
   773   -10.477  2.00000
   774   -10.474  2.00000
   775   -10.465  2.00000
   776   -10.462  2.00000
   777   -10.458  2.00000
   778   -10.451  2.00000
   779   -10.447  2.00000
   780   -10.443  2.00000
   781   -10.437  2.00000
   782   -10.436  2.00000
   783   -10.435  2.00000
   784   -10.431  2.00000
   785   -10.426  2.00000
   786   -10.423  2.00000
   787   -10.421  2.00000
   788   -10.421  2.00000
   789   -10.417  2.00000
   790   -10.414  2.00000
   791   -10.411  2.00000
   792   -10.410  2.00000
   793   -10.407  2.00000
   794   -10.406  2.00000
   795   -10.403  2.00000
   796   -10.402  2.00000
   797   -10.400  2.00000
   798   -10.399  2.00000
   799   -10.392  2.00000
   800   -10.390  2.00000
   801   -10.389  2.00000
   802   -10.382  2.00000
   803   -10.381  2.00000
   804   -10.381  2.00000
   805   -10.380  2.00000
   806   -10.378  2.00000
   807   -10.369  2.00000
   808   -10.369  2.00000
   809   -10.365  2.00000
   810   -10.363  2.00000
   811   -10.362  2.00000
   812   -10.359  2.00000
   813   -10.355  2.00000
   814   -10.353  2.00000
   815   -10.352  2.00000
   816   -10.348  2.00000
   817   -10.345  2.00000
   818   -10.344  2.00000
   819   -10.342  2.00000
   820   -10.342  2.00000
   821   -10.338  2.00000
   822   -10.334  2.00000
   823   -10.333  2.00000
   824   -10.330  2.00000
   825   -10.327  2.00000
   826   -10.324  2.00000
   827   -10.319  2.00000
   828   -10.318  2.00000
   829   -10.311  2.00000
   830   -10.310  2.00000
   831   -10.307  2.00000
   832   -10.304  2.00000
   833   -10.303  2.00000
   834   -10.300  2.00000
   835   -10.297  2.00000
   836   -10.293  2.00000
   837   -10.289  2.00000
   838   -10.288  2.00000
   839   -10.288  2.00000
   840   -10.285  2.00000
   841   -10.284  2.00000
   842   -10.282  2.00000
   843   -10.280  2.00000
   844   -10.280  2.00000
   845   -10.277  2.00000
   846   -10.274  2.00000
   847   -10.267  2.00000
   848   -10.265  2.00000
   849   -10.263  2.00000
   850   -10.263  2.00000
   851   -10.261  2.00000
   852   -10.252  2.00000
   853   -10.241  2.00000
   854   -10.240  2.00000
   855   -10.234  2.00000
   856   -10.232  2.00000
   857   -10.226  2.00000
   858   -10.220  2.00000
   859   -10.203  2.00000
   860   -10.200  2.00000
   861   -10.199  2.00000
   862   -10.194  2.00000
   863   -10.153  2.00000
   864   -10.137  2.00000
   865   -10.120  2.00000
   866   -10.092  2.00000
   867   -10.074  2.00000
   868   -10.059  2.00000
   869   -10.038  2.00000
   870   -10.037  2.00000
   871   -10.033  2.00000
   872   -10.028  2.00000
   873   -10.009  2.00000
   874    -9.998  2.00000
   875    -9.995  2.00000
   876    -9.992  2.00000
   877    -9.986  2.00000
   878    -9.979  2.00000
   879    -9.974  2.00000
   880    -9.971  2.00000
   881    -9.961  2.00000
   882    -9.949  2.00000
   883    -9.948  2.00000
   884    -9.940  2.00000
   885    -9.935  2.00000
   886    -9.933  2.00000
   887    -9.923  2.00000
   888    -9.919  2.00000
   889    -9.919  2.00000
   890    -9.914  2.00000
   891    -9.911  2.00000
   892    -9.907  2.00000
   893    -9.904  2.00000
   894    -9.900  2.00000
   895    -9.900  2.00000
   896    -9.889  2.00000
   897    -9.888  2.00000
   898    -9.882  2.00000
   899    -9.881  2.00000
   900    -9.874  2.00000
   901    -9.869  2.00000
   902    -9.867  2.00000
   903    -9.865  2.00000
   904    -9.859  2.00000
   905    -9.858  2.00000
   906    -9.855  2.00000
   907    -9.853  2.00000
   908    -9.850  2.00000
   909    -9.849  2.00000
   910    -9.846  2.00000
   911    -9.843  2.00000
   912    -9.836  2.00000
   913    -9.833  2.00000
   914    -9.833  2.00000
   915    -9.829  2.00000
   916    -9.823  2.00000
   917    -9.819  2.00000
   918    -9.818  2.00000
   919    -9.817  2.00000
   920    -9.815  2.00000
   921    -9.808  2.00000
   922    -9.799  2.00000
   923    -9.794  2.00000
   924    -9.792  2.00000
   925    -9.787  2.00000
   926    -9.783  2.00000
   927    -9.775  2.00000
   928    -9.774  2.00000
   929    -9.766  2.00000
   930    -9.762  2.00000
   931    -9.750  2.00000
   932    -9.746  2.00000
   933    -9.738  2.00000
   934    -9.738  2.00000
   935    -9.732  2.00000
   936    -9.719  2.00000
   937    -9.703  2.00000
   938    -9.700  2.00000
   939    -9.694  2.00000
   940    -9.682  2.00000
   941    -9.680  2.00000
   942    -9.660  2.00000
   943    -9.657  2.00000
   944    -9.654  2.00000
   945    -9.651  2.00000
   946    -9.640  2.00000
   947    -9.631  2.00000
   948    -9.630  2.00000
   949    -9.628  2.00000
   950    -9.624  2.00000
   951    -9.614  2.00000
   952    -9.608  2.00000
   953    -9.605  2.00000
   954    -9.596  2.00000
   955    -9.595  2.00000
   956    -9.593  2.00000
   957    -9.592  2.00000
   958    -9.591  2.00000
   959    -9.589  2.00000
   960    -9.588  2.00000
   961    -9.586  2.00000
   962    -9.584  2.00000
   963    -9.583  2.00000
   964    -9.580  2.00000
   965    -9.577  2.00000
   966    -9.576  2.00000
   967    -9.576  2.00000
   968    -9.574  2.00000
   969    -9.569  2.00000
   970    -9.567  2.00000
   971    -9.564  2.00000
   972    -9.561  2.00000
   973    -9.557  2.00000
   974    -9.555  2.00000
   975    -9.553  2.00000
   976    -9.550  2.00000
   977    -9.549  2.00000
   978    -9.547  2.00000
   979    -9.543  2.00000
   980    -9.540  2.00000
   981    -9.539  2.00000
   982    -9.536  2.00000
   983    -9.536  2.00000
   984    -9.534  2.00000
   985    -9.528  2.00000
   986    -9.527  2.00000
   987    -9.517  2.00000
   988    -9.516  2.00000
   989    -9.511  2.00000
   990    -9.507  2.00000
   991    -9.497  2.00000
   992    -9.496  2.00000
   993    -9.492  2.00000
   994    -9.489  2.00000
   995    -9.485  2.00000
   996    -9.483  2.00000
   997    -9.482  2.00000
   998    -9.479  2.00000
   999    -9.472  2.00000
  1000    -9.468  2.00000
  1001    -9.460  2.00000
  1002    -9.459  2.00000
  1003    -9.456  2.00000
  1004    -9.454  2.00000
  1005    -9.448  2.00000
  1006    -9.446  2.00000
  1007    -9.443  2.00000
  1008    -9.441  2.00000
  1009    -9.433  2.00000
  1010    -9.428  2.00000
  1011    -9.427  2.00000
  1012    -9.425  2.00000
  1013    -9.424  2.00000
  1014    -9.423  2.00000
  1015    -9.421  2.00000
  1016    -9.417  2.00000
  1017    -9.411  2.00000
  1018    -9.410  2.00000
  1019    -9.407  2.00000
  1020    -9.406  2.00000
  1021    -9.405  2.00000
  1022    -9.404  2.00000
  1023    -9.402  2.00000
  1024    -9.399  2.00000
  1025    -9.398  2.00000
  1026    -9.396  2.00000
  1027    -9.395  2.00000
  1028    -9.393  2.00000
  1029    -9.391  2.00000
  1030    -9.386  2.00000
  1031    -9.382  2.00000
  1032    -9.381  2.00000
  1033    -9.379  2.00000
  1034    -9.378  2.00000
  1035    -9.375  2.00000
  1036    -9.373  2.00000
  1037    -9.372  2.00000
  1038    -9.368  2.00000
  1039    -9.364  2.00000
  1040    -9.362  2.00000
  1041    -9.360  2.00000
  1042    -9.357  2.00000
  1043    -9.354  2.00000
  1044    -9.353  2.00000
  1045    -9.348  2.00000
  1046    -9.346  2.00000
  1047    -9.345  2.00000
  1048    -9.341  2.00000
  1049    -9.340  2.00000
  1050    -9.337  2.00000
  1051    -9.335  2.00000
  1052    -9.333  2.00000
  1053    -9.330  2.00000
  1054    -9.325  2.00000
  1055    -9.319  2.00000
  1056    -9.317  2.00000
  1057    -9.317  2.00000
  1058    -9.314  2.00000
  1059    -9.312  2.00000
  1060    -9.311  2.00000
  1061    -9.307  2.00000
  1062    -9.304  2.00000
  1063    -9.298  2.00000
  1064    -9.294  2.00000
  1065    -9.290  2.00000
  1066    -9.288  2.00000
  1067    -9.283  2.00000
  1068    -9.281  2.00000
  1069    -9.276  2.00000
  1070    -9.273  2.00000
  1071    -9.263  2.00000
  1072    -9.257  2.00000
  1073    -9.254  2.00000
  1074    -9.253  2.00000
  1075    -9.252  2.00000
  1076    -9.248  2.00000
  1077    -9.239  2.00000
  1078    -9.231  2.00000
  1079    -9.226  2.00000
  1080    -9.222  2.00000
  1081    -9.219  2.00000
  1082    -9.213  2.00000
  1083    -9.213  2.00000
  1084    -9.208  2.00000
  1085    -9.196  2.00000
  1086    -9.196  2.00000
  1087    -9.192  2.00000
  1088    -9.185  2.00000
  1089    -9.182  2.00000
  1090    -9.180  2.00000
  1091    -9.174  2.00000
  1092    -9.170  2.00000
  1093    -9.168  2.00000
  1094    -9.162  2.00000
  1095    -9.159  2.00000
  1096    -9.156  2.00000
  1097    -9.153  2.00000
  1098    -9.151  2.00000
  1099    -9.149  2.00000
  1100    -9.143  2.00000
  1101    -9.140  2.00000
  1102    -9.139  2.00000
  1103    -9.135  2.00000
  1104    -9.135  2.00000
  1105    -9.133  2.00000
  1106    -9.131  2.00000
  1107    -9.126  2.00000
  1108    -9.125  2.00000
  1109    -9.119  2.00000
  1110    -9.114  2.00000
  1111    -9.109  2.00000
  1112    -9.106  2.00000
  1113    -9.105  2.00000
  1114    -9.104  2.00000
  1115    -9.101  2.00000
  1116    -9.093  2.00000
  1117    -9.088  2.00000
  1118    -9.082  2.00000
  1119    -9.081  2.00000
  1120    -9.079  2.00000
  1121    -9.078  2.00000
  1122    -9.077  2.00000
  1123    -9.074  2.00000
  1124    -9.067  2.00000
  1125    -9.067  2.00000
  1126    -9.063  2.00000
  1127    -9.057  2.00000
  1128    -9.056  2.00000
  1129    -9.055  2.00000
  1130    -9.052  2.00000
  1131    -9.049  2.00000
  1132    -9.045  2.00000
  1133    -9.042  2.00000
  1134    -9.040  2.00000
  1135    -9.037  2.00000
  1136    -9.033  2.00000
  1137    -9.031  2.00000
  1138    -9.030  2.00000
  1139    -9.029  2.00000
  1140    -9.023  2.00000
  1141    -9.021  2.00000
  1142    -9.018  2.00000
  1143    -9.015  2.00000
  1144    -9.015  2.00000
  1145    -9.013  2.00000
  1146    -9.012  2.00000
  1147    -9.008  2.00000
  1148    -9.001  2.00000
  1149    -9.001  2.00000
  1150    -8.998  2.00000
  1151    -8.993  2.00000
  1152    -8.978  2.00000
  1153    -8.977  2.00000
  1154    -8.974  2.00000
  1155    -8.973  2.00000
  1156    -8.969  2.00000
  1157    -8.962  2.00000
  1158    -8.962  2.00000
  1159    -8.950  2.00000
  1160    -8.945  2.00000
  1161    -8.943  2.00000
  1162    -8.942  2.00000
  1163    -8.939  2.00000
  1164    -8.936  2.00000
  1165    -8.935  2.00000
  1166    -8.934  2.00000
  1167    -8.927  2.00000
  1168    -8.927  2.00000
  1169    -8.926  2.00000
  1170    -8.924  2.00000
  1171    -8.922  2.00000
  1172    -8.917  2.00000
  1173    -8.914  2.00000
  1174    -8.913  2.00000
  1175    -8.912  2.00000
  1176    -8.909  2.00000
  1177    -8.908  2.00000
  1178    -8.907  2.00000
  1179    -8.903  2.00000
  1180    -8.900  2.00000
  1181    -8.898  2.00000
  1182    -8.894  2.00000
  1183    -8.893  2.00000
  1184    -8.890  2.00000
  1185    -8.887  2.00000
  1186    -8.881  2.00000
  1187    -8.880  2.00000
  1188    -8.876  2.00000
  1189    -8.873  2.00000
  1190    -8.873  2.00000
  1191    -8.870  2.00000
  1192    -8.869  2.00000
  1193    -8.862  2.00000
  1194    -8.860  2.00000
  1195    -8.858  2.00000
  1196    -8.858  2.00000
  1197    -8.855  2.00000
  1198    -8.854  2.00000
  1199    -8.852  2.00000
  1200    -8.844  2.00000
  1201    -8.843  2.00000
  1202    -8.842  2.00000
  1203    -8.839  2.00000
  1204    -8.837  2.00000
  1205    -8.833  2.00000
  1206    -8.832  2.00000
  1207    -8.830  2.00000
  1208    -8.829  2.00000
  1209    -8.827  2.00000
  1210    -8.826  2.00000
  1211    -8.824  2.00000
  1212    -8.824  2.00000
  1213    -8.822  2.00000
  1214    -8.820  2.00000
  1215    -8.818  2.00000
  1216    -8.816  2.00000
  1217    -8.813  2.00000
  1218    -8.813  2.00000
  1219    -8.812  2.00000
  1220    -8.811  2.00000
  1221    -8.810  2.00000
  1222    -8.809  2.00000
  1223    -8.807  2.00000
  1224    -8.805  2.00000
  1225    -8.804  2.00000
  1226    -8.803  2.00000
  1227    -8.800  2.00000
  1228    -8.798  2.00000
  1229    -8.796  2.00000
  1230    -8.795  2.00000
  1231    -8.791  2.00000
  1232    -8.789  2.00000
  1233    -8.788  2.00000
  1234    -8.786  2.00000
  1235    -8.785  2.00000
  1236    -8.784  2.00000
  1237    -8.784  2.00000
  1238    -8.782  2.00000
  1239    -8.775  2.00000
  1240    -8.774  2.00000
  1241    -8.771  2.00000
  1242    -8.770  2.00000
  1243    -8.761  2.00000
  1244    -8.761  2.00000
  1245    -8.758  2.00000
  1246    -8.756  2.00000
  1247    -8.754  2.00000
  1248    -8.753  2.00000
  1249    -8.752  2.00000
  1250    -8.751  2.00000
  1251    -8.742  2.00000
  1252    -8.741  2.00000
  1253    -8.741  2.00000
  1254    -8.739  2.00000
  1255    -8.739  2.00000
  1256    -8.738  2.00000
  1257    -8.735  2.00000
  1258    -8.735  2.00000
  1259    -8.733  2.00000
  1260    -8.730  2.00000
  1261    -8.729  2.00000
  1262    -8.728  2.00000
  1263    -8.728  2.00000
  1264    -8.726  2.00000
  1265    -8.722  2.00000
  1266    -8.721  2.00000
  1267    -8.719  2.00000
  1268    -8.714  2.00000
  1269    -8.712  2.00000
  1270    -8.710  2.00000
  1271    -8.709  2.00000
  1272    -8.709  2.00000
  1273    -8.707  2.00000
  1274    -8.705  2.00000
  1275    -8.705  2.00000
  1276    -8.703  2.00000
  1277    -8.702  2.00000
  1278    -8.701  2.00000
  1279    -8.700  2.00000
  1280    -8.697  2.00000
  1281    -8.693  2.00000
  1282    -8.693  2.00000
  1283    -8.692  2.00000
  1284    -8.691  2.00000
  1285    -8.688  2.00000
  1286    -8.686  2.00000
  1287    -8.685  2.00000
  1288    -8.684  2.00000
  1289    -8.683  2.00000
  1290    -8.681  2.00000
  1291    -8.679  2.00000
  1292    -8.678  2.00000
  1293    -8.678  2.00000
  1294    -8.676  2.00000
  1295    -8.675  2.00000
  1296    -8.674  2.00000
  1297    -8.674  2.00000
  1298    -8.671  2.00000
  1299    -8.670  2.00000
  1300    -8.666  2.00000
  1301    -8.665  2.00000
  1302    -8.662  2.00000
  1303    -8.659  2.00000
  1304    -8.655  2.00000
  1305    -8.654  2.00000
  1306    -8.652  2.00000
  1307    -8.649  2.00000
  1308    -8.647  2.00000
  1309    -8.646  2.00000
  1310    -8.641  2.00000
  1311    -8.639  2.00000
  1312    -8.639  2.00000
  1313    -8.637  2.00000
  1314    -8.636  2.00000
  1315    -8.634  2.00000
  1316    -8.625  2.00000
  1317    -8.623  2.00000
  1318    -8.621  2.00000
  1319    -8.620  2.00000
  1320    -8.619  2.00000
  1321    -8.618  2.00000
  1322    -8.608  2.00000
  1323    -8.602  2.00000
  1324    -8.600  2.00000
  1325    -8.596  2.00000
  1326    -8.594  2.00000
  1327    -8.586  2.00000
  1328    -8.581  2.00000
  1329    -8.571  2.00000
  1330    -8.548  2.00000
  1331    -8.541  2.00000
  1332    -8.526  2.00000
  1333    -8.463  2.00000
  1334    -8.357  2.00000
  1335    -8.350  2.00000
  1336    -8.296  2.00000
  1337    -8.291  2.00000
  1338    -8.283  2.00000
  1339    -8.279  2.00000
  1340    -8.271  2.00000
  1341    -8.270  2.00000
  1342    -8.258  2.00000
  1343    -8.254  2.00000
  1344    -8.252  2.00000
  1345    -8.245  2.00000
  1346    -8.239  2.00000
  1347    -8.237  2.00000
  1348    -8.234  2.00000
  1349    -8.229  2.00000
  1350    -8.224  2.00000
  1351    -8.223  2.00000
  1352    -8.217  2.00000
  1353    -8.211  2.00000
  1354    -8.208  2.00000
  1355    -8.202  2.00000
  1356    -8.200  2.00000
  1357    -8.195  2.00000
  1358    -8.189  2.00000
  1359    -8.185  2.00000
  1360    -8.183  2.00000
  1361    -8.181  2.00000
  1362    -8.177  2.00000
  1363    -8.172  2.00000
  1364    -8.165  2.00000
  1365    -8.157  2.00000
  1366    -8.153  2.00000
  1367    -8.151  2.00000
  1368    -8.143  2.00000
  1369    -8.129  2.00000
  1370    -8.125  2.00000
  1371    -8.117  2.00000
  1372    -8.094  2.00000
  1373    -8.090  2.00000
  1374    -8.079  2.00000
  1375    -8.074  2.00000
  1376    -8.070  2.00000
  1377    -8.067  2.00000
  1378    -8.065  2.00000
  1379    -8.061  2.00000
  1380    -8.059  2.00000
  1381    -8.052  2.00000
  1382    -8.043  2.00000
  1383    -8.042  2.00000
  1384    -8.030  2.00000
  1385    -8.027  2.00000
  1386    -8.025  2.00000
  1387    -8.021  2.00000
  1388    -8.006  2.00000
  1389    -8.001  2.00000
  1390    -7.997  2.00000
  1391    -7.994  2.00000
  1392    -7.994  2.00000
  1393    -7.989  2.00000
  1394    -7.987  2.00000
  1395    -7.986  2.00000
  1396    -7.982  2.00000
  1397    -7.982  2.00000
  1398    -7.978  2.00000
  1399    -7.977  2.00000
  1400    -7.970  2.00000
  1401    -7.964  2.00000
  1402    -7.959  2.00000
  1403    -7.958  2.00000
  1404    -7.956  2.00000
  1405    -7.956  2.00000
  1406    -7.954  2.00000
  1407    -7.952  2.00000
  1408    -7.946  2.00000
  1409    -7.944  2.00000
  1410    -7.942  2.00000
  1411    -7.941  2.00000
  1412    -7.939  2.00000
  1413    -7.936  2.00000
  1414    -7.935  2.00000
  1415    -7.931  2.00000
  1416    -7.923  2.00000
  1417    -7.919  2.00000
  1418    -7.918  2.00000
  1419    -7.916  2.00000
  1420    -7.915  2.00000
  1421    -7.913  2.00000
  1422    -7.909  2.00000
  1423    -7.908  2.00000
  1424    -7.904  2.00000
  1425    -7.904  2.00000
  1426    -7.900  2.00000
  1427    -7.897  2.00000
  1428    -7.895  2.00000
  1429    -7.895  2.00000
  1430    -7.892  2.00000
  1431    -7.890  2.00000
  1432    -7.889  2.00000
  1433    -7.877  2.00000
  1434    -7.875  2.00000
  1435    -7.874  2.00000
  1436    -7.872  2.00000
  1437    -7.870  2.00000
  1438    -7.865  2.00000
  1439    -7.855  2.00000
  1440    -7.845  2.00000
  1441    -7.836  2.00000
  1442    -7.834  2.00000
  1443    -7.834  2.00000
  1444    -7.814  2.00000
  1445    -7.802  2.00000
  1446    -7.801  2.00000
  1447    -7.799  2.00000
  1448    -7.778  2.00000
  1449    -7.776  2.00000
  1450    -7.771  2.00000
  1451    -7.761  2.00000
  1452    -7.757  2.00000
  1453    -7.751  2.00000
  1454    -7.750  2.00000
  1455    -7.746  2.00000
  1456    -7.730  2.00000
  1457    -7.728  2.00000
  1458    -7.721  2.00000
  1459    -7.719  2.00000
  1460    -7.711  2.00000
  1461    -7.700  2.00000
  1462    -7.699  2.00000
  1463    -7.694  2.00000
  1464    -7.691  2.00000
  1465    -7.688  2.00000
  1466    -7.684  2.00000
  1467    -7.684  2.00000
  1468    -7.679  2.00000
  1469    -7.674  2.00000
  1470    -7.673  2.00000
  1471    -7.670  2.00000
  1472    -7.666  2.00000
  1473    -7.664  2.00000
  1474    -7.663  2.00000
  1475    -7.662  2.00000
  1476    -7.660  2.00000
  1477    -7.658  2.00000
  1478    -7.655  2.00000
  1479    -7.654  2.00000
  1480    -7.648  2.00000
  1481    -7.642  2.00000
  1482    -7.639  2.00000
  1483    -7.638  2.00000
  1484    -7.636  2.00000
  1485    -7.632  2.00000
  1486    -7.632  2.00000
  1487    -7.630  2.00000
  1488    -7.622  2.00000
  1489    -7.617  2.00000
  1490    -7.612  2.00000
  1491    -7.611  2.00000
  1492    -7.609  2.00000
  1493    -7.607  2.00000
  1494    -7.606  2.00000
  1495    -7.606  2.00000
  1496    -7.598  2.00000
  1497    -7.595  2.00000
  1498    -7.588  2.00000
  1499    -7.586  2.00000
  1500    -7.585  2.00000
  1501    -7.583  2.00000
  1502    -7.579  2.00000
  1503    -7.578  2.00000
  1504    -7.575  2.00000
  1505    -7.572  2.00000
  1506    -7.568  2.00000
  1507    -7.566  2.00000
  1508    -7.559  2.00000
  1509    -7.556  2.00000
  1510    -7.554  2.00000
  1511    -7.541  2.00000
  1512    -7.540  2.00000
  1513    -7.529  2.00000
  1514    -7.511  2.00000
  1515    -7.508  2.00000
  1516    -7.497  2.00000
  1517    -7.492  2.00000
  1518    -7.482  2.00000
  1519    -7.482  2.00000
  1520    -7.479  2.00000
  1521    -7.470  2.00000
  1522    -7.460  2.00000
  1523    -7.457  2.00000
  1524    -7.453  2.00000
  1525    -7.452  2.00000
  1526    -7.449  2.00000
  1527    -7.447  2.00000
  1528    -7.443  2.00000
  1529    -7.437  2.00000
  1530    -7.434  2.00000
  1531    -7.432  2.00000
  1532    -7.430  2.00000
  1533    -7.429  2.00000
  1534    -7.426  2.00000
  1535    -7.425  2.00000
  1536    -7.421  2.00000
  1537    -7.418  2.00000
  1538    -7.414  2.00000
  1539    -7.411  2.00000
  1540    -7.410  2.00000
  1541    -7.410  2.00000
  1542    -7.407  2.00000
  1543    -7.401  2.00000
  1544    -7.398  2.00000
  1545    -7.397  2.00000
  1546    -7.396  2.00000
  1547    -7.393  2.00000
  1548    -7.390  2.00000
  1549    -7.388  2.00000
  1550    -7.384  2.00000
  1551    -7.383  2.00000
  1552    -7.372  2.00000
  1553    -7.369  2.00000
  1554    -7.368  2.00000
  1555    -7.365  2.00000
  1556    -7.365  2.00000
  1557    -7.362  2.00000
  1558    -7.360  2.00000
  1559    -7.359  2.00000
  1560    -7.352  2.00000
  1561    -7.351  2.00000
  1562    -7.343  2.00000
  1563    -7.342  2.00000
  1564    -7.341  2.00000
  1565    -7.333  2.00000
  1566    -7.332  2.00000
  1567    -7.329  2.00000
  1568    -7.327  2.00000
  1569    -7.325  2.00000
  1570    -7.322  2.00000
  1571    -7.321  2.00000
  1572    -7.319  2.00000
  1573    -7.310  2.00000
  1574    -7.299  2.00000
  1575    -7.294  2.00000
  1576    -7.293  2.00000
  1577    -7.292  2.00000
  1578    -7.288  2.00000
  1579    -7.285  2.00000
  1580    -7.283  2.00000
  1581    -7.282  2.00000
  1582    -7.269  2.00000
  1583    -7.263  2.00000
  1584    -7.256  2.00000
  1585    -7.244  2.00000
  1586    -7.238  2.00000
  1587    -7.226  2.00000
  1588    -7.223  2.00000
  1589    -7.222  2.00000
  1590    -7.221  2.00000
  1591    -7.213  2.00000
  1592    -7.211  2.00000
  1593    -7.210  2.00000
  1594    -7.208  2.00000
  1595    -7.200  2.00000
  1596    -7.197  2.00000
  1597    -7.197  2.00000
  1598    -7.195  2.00000
  1599    -7.190  2.00000
  1600    -7.182  2.00000
  1601    -7.179  2.00000
  1602    -7.173  2.00000
  1603    -7.171  2.00000
  1604    -7.167  2.00000
  1605    -7.164  2.00000
  1606    -7.161  2.00000
  1607    -7.154  2.00000
  1608    -7.152  2.00000
  1609    -7.149  2.00000
  1610    -7.146  2.00000
  1611    -7.144  2.00000
  1612    -7.142  2.00000
  1613    -7.141  2.00000
  1614    -7.138  2.00000
  1615    -7.134  2.00000
  1616    -7.131  2.00000
  1617    -7.127  2.00000
  1618    -7.122  2.00000
  1619    -7.118  2.00000
  1620    -7.116  2.00000
  1621    -7.115  2.00000
  1622    -7.113  2.00000
  1623    -7.111  2.00000
  1624    -7.110  2.00000
  1625    -7.109  2.00000
  1626    -7.105  2.00000
  1627    -7.102  2.00000
  1628    -7.098  2.00000
  1629    -7.095  2.00000
  1630    -7.093  2.00000
  1631    -7.092  2.00000
  1632    -7.090  2.00000
  1633    -7.088  2.00000
  1634    -7.085  2.00000
  1635    -7.078  2.00000
  1636    -7.071  2.00000
  1637    -7.069  2.00000
  1638    -7.062  2.00000
  1639    -7.060  2.00000
  1640    -7.056  2.00000
  1641    -7.055  2.00000
  1642    -7.050  2.00000
  1643    -7.050  2.00000
  1644    -7.043  2.00000
  1645    -7.043  2.00000
  1646    -7.038  2.00000
  1647    -7.037  2.00000
  1648    -7.034  2.00000
  1649    -7.025  2.00000
  1650    -7.021  2.00000
  1651    -7.017  2.00000
  1652    -7.015  2.00000
  1653    -7.012  2.00000
  1654    -7.006  2.00000
  1655    -6.999  2.00000
  1656    -6.990  2.00000
  1657    -6.984  2.00000
  1658    -6.963  2.00000
  1659    -6.961  2.00000
  1660    -6.947  2.00000
  1661    -6.946  2.00000
  1662    -6.945  2.00000
  1663    -6.938  2.00000
  1664    -6.936  2.00000
  1665    -6.935  2.00000
  1666    -6.927  2.00000
  1667    -6.925  2.00000
  1668    -6.918  2.00000
  1669    -6.916  2.00000
  1670    -6.913  2.00000
  1671    -6.899  2.00000
  1672    -6.887  2.00000
  1673    -6.886  2.00000
  1674    -6.877  2.00000
  1675    -6.876  2.00000
  1676    -6.870  2.00000
  1677    -6.868  2.00000
  1678    -6.866  2.00000
  1679    -6.864  2.00000
  1680    -6.863  2.00000
  1681    -6.860  2.00000
  1682    -6.853  2.00000
  1683    -6.852  2.00000
  1684    -6.841  2.00000
  1685    -6.839  2.00000
  1686    -6.838  2.00000
  1687    -6.834  2.00000
  1688    -6.818  2.00000
  1689    -6.814  2.00000
  1690    -6.807  2.00000
  1691    -6.804  2.00000
  1692    -6.797  2.00000
  1693    -6.792  2.00000
  1694    -6.787  2.00000
  1695    -6.783  2.00000
  1696    -6.777  2.00000
  1697    -6.775  2.00000
  1698    -6.766  2.00000
  1699    -6.756  2.00000
  1700    -6.756  2.00000
  1701    -6.754  2.00000
  1702    -6.753  2.00000
  1703    -6.750  2.00000
  1704    -6.748  2.00000
  1705    -6.748  2.00000
  1706    -6.746  2.00000
  1707    -6.736  2.00000
  1708    -6.728  2.00000
  1709    -6.727  2.00000
  1710    -6.720  2.00000
  1711    -6.716  2.00000
  1712    -6.702  2.00000
  1713    -6.694  2.00000
  1714    -6.692  2.00000
  1715    -6.689  2.00000
  1716    -6.683  2.00000
  1717    -6.681  2.00000
  1718    -6.674  2.00000
  1719    -6.672  2.00000
  1720    -6.665  2.00000
  1721    -6.661  2.00000
  1722    -6.660  2.00000
  1723    -6.649  2.00000
  1724    -6.638  2.00000
  1725    -6.632  2.00000
  1726    -6.599  2.00000
  1727    -6.576  2.00000
  1728    -6.568  2.00000
  1729    -6.449  2.00000
  1730    -6.336  2.00000
  1731    -6.332  2.00000
  1732    -6.290  2.00000
  1733    -6.271  2.00000
  1734    -6.252  2.00000
  1735    -6.250  2.00000
  1736    -6.248  2.00000
  1737    -6.240  2.00000
  1738    -6.237  2.00000
  1739    -6.235  2.00000
  1740    -6.231  2.00000
  1741    -6.231  2.00000
  1742    -6.226  2.00000
  1743    -6.219  2.00000
  1744    -6.217  2.00000
  1745    -6.214  2.00000
  1746    -6.209  2.00000
  1747    -6.206  2.00000
  1748    -6.205  2.00000
  1749    -6.197  2.00000
  1750    -6.184  2.00000
  1751    -6.182  2.00000
  1752    -6.182  2.00000
  1753    -6.176  2.00000
  1754    -6.170  2.00000
  1755    -6.170  2.00000
  1756    -6.164  2.00000
  1757    -6.161  2.00000
  1758    -6.156  2.00000
  1759    -6.147  2.00000
  1760    -6.138  2.00000
  1761    -6.134  2.00000
  1762    -6.128  2.00000
  1763    -6.109  2.00000
  1764    -6.073  2.00000
  1765    -6.052  2.00000
  1766    -6.034  2.00000
  1767    -6.033  2.00000
  1768    -5.975  2.00000
  1769    -5.973  2.00000
  1770    -5.953  2.00000
  1771    -5.946  2.00000
  1772    -5.937  2.00000
  1773    -5.930  2.00000
  1774    -5.926  2.00000
  1775    -5.924  2.00000
  1776    -5.924  2.00000
  1777    -5.923  2.00000
  1778    -5.922  2.00000
  1779    -5.914  2.00000
  1780    -5.906  2.00000
  1781    -5.902  2.00000
  1782    -5.897  2.00000
  1783    -5.883  2.00000
  1784    -5.869  2.00000
  1785    -5.867  2.00000
  1786    -5.866  2.00000
  1787    -5.863  2.00000
  1788    -5.856  2.00000
  1789    -5.854  2.00000
  1790    -5.848  2.00000
  1791    -5.840  2.00000
  1792    -5.837  2.00000
  1793    -5.832  2.00000
  1794    -5.832  2.00000
  1795    -5.823  2.00000
  1796    -5.814  2.00000
  1797    -5.803  2.00000
  1798    -5.771  2.00000
  1799    -5.751  2.00000
  1800    -5.734  2.00000
  1801    -5.146  2.00000
  1802    -5.035  2.00000
  1803    -5.031  2.00000
  1804    -4.972  2.00000
  1805    -4.971  2.00000
  1806    -4.966  2.00000
  1807    -4.953  2.00000
  1808    -4.936  2.00000
  1809    -4.926  2.00000
  1810    -4.922  2.00000
  1811    -4.921  2.00000
  1812    -4.915  2.00000
  1813    -4.907  2.00000
  1814    -4.904  2.00000
  1815    -4.898  2.00000
  1816    -4.894  2.00000
  1817    -4.888  2.00000
  1818    -4.879  2.00000
  1819    -4.871  2.00000
  1820    -4.868  2.00000
  1821    -4.859  2.00000
  1822    -4.854  2.00000
  1823    -4.852  2.00000
  1824    -4.848  2.00000
  1825    -4.843  2.00000
  1826    -4.834  2.00000
  1827    -4.825  2.00000
  1828    -4.821  2.00000
  1829    -4.818  2.00000
  1830    -4.813  2.00000
  1831    -4.811  2.00000
  1832    -4.793  2.00000
  1833    -4.791  2.00000
  1834    -4.761  2.00000
  1835    -4.743  2.00000
  1836    -4.717  2.00000
  1837    -3.720  0.00000
  1838    -3.608  0.00000
  1839    -3.603  0.00000
  1840    -3.548  0.00000
  1841    -3.539  0.00000
  1842    -3.520  0.00000
  1843    -3.519  0.00000
  1844    -3.510  0.00000
  1845    -3.508  0.00000
  1846    -3.507  0.00000
  1847    -3.506  0.00000
  1848    -3.503  0.00000
  1849    -3.492  0.00000
  1850    -3.482  0.00000
  1851    -3.479  0.00000
  1852    -3.474  0.00000
  1853    -3.472  0.00000
  1854    -3.464  0.00000
  1855    -3.461  0.00000
  1856    -3.448  0.00000
  1857    -3.444  0.00000
  1858    -3.440  0.00000
  1859    -3.427  0.00000
  1860    -3.423  0.00000
  1861    -3.422  0.00000
  1862    -3.414  0.00000
  1863    -3.410  0.00000
  1864    -3.393  0.00000
  1865    -3.391  0.00000
  1866    -3.382  0.00000
  1867    -3.378  0.00000
  1868    -3.354  0.00000
  1869    -3.351  0.00000
  1870    -3.337  0.00000
  1871    -3.318  0.00000
  1872    -3.270  0.00000
  1873    -2.454  0.00000
  1874    -2.339  0.00000
  1875    -2.333  0.00000
  1876    -2.283  0.00000
  1877    -2.268  0.00000
  1878    -2.251  0.00000
  1879    -2.250  0.00000
  1880    -2.248  0.00000
  1881    -2.242  0.00000
  1882    -2.240  0.00000
  1883    -2.236  0.00000
  1884    -2.232  0.00000
  1885    -2.225  0.00000
  1886    -2.221  0.00000
  1887    -2.218  0.00000
  1888    -2.215  0.00000
  1889    -2.212  0.00000
  1890    -2.206  0.00000
  1891    -2.196  0.00000
  1892    -2.195  0.00000
  1893    -2.181  0.00000
  1894    -2.181  0.00000
  1895    -2.176  0.00000
  1896    -2.170  0.00000
  1897    -2.165  0.00000
  1898    -2.163  0.00000
  1899    -2.160  0.00000
  1900    -2.153  0.00000
  1901    -2.146  0.00000
  1902    -2.134  0.00000
  1903    -2.130  0.00000
  1904    -2.128  0.00000
  1905    -2.113  0.00000
  1906    -2.089  0.00000
  1907    -2.072  0.00000
  1908    -2.038  0.00000
  1909    -1.654  0.00000
  1910    -1.540  0.00000
  1911    -1.534  0.00000
  1912    -1.472  0.00000
  1913    -1.464  0.00000
  1914    -1.452  0.00000
  1915    -1.438  0.00000
  1916    -1.436  0.00000
  1917    -1.432  0.00000
  1918    -1.430  0.00000
  1919    -1.427  0.00000
  1920    -1.421  0.00000
  1921    -1.416  0.00000
  1922    -1.414  0.00000
  1923    -1.409  0.00000
  1924    -1.406  0.00000
  1925    -1.403  0.00000
  1926    -1.399  0.00000
  1927    -1.390  0.00000
  1928    -1.389  0.00000
  1929    -1.385  0.00000
  1930    -1.384  0.00000
  1931    -1.379  0.00000
  1932    -1.374  0.00000
  1933    -1.369  0.00000
  1934    -1.365  0.00000
  1935    -1.359  0.00000
  1936    -1.352  0.00000
  1937    -1.341  0.00000
  1938    -1.336  0.00000
  1939    -1.333  0.00000
  1940    -1.324  0.00000
  1941    -1.305  0.00000
  1942    -1.298  0.00000
  1943    -1.274  0.00000
  1944    -1.233  0.00000
  1945    -1.210  0.00000
  1946    -1.095  0.00000
  1947    -1.089  0.00000
  1948    -1.076  0.00000
  1949    -1.050  0.00000
  1950    -1.041  0.00000
  1951    -1.035  0.00000
  1952    -1.035  0.00000
  1953    -1.020  0.00000
  1954    -1.018  0.00000
  1955    -1.013  0.00000
  1956    -1.012  0.00000
  1957    -1.010  0.00000
  1958    -1.006  0.00000
  1959    -1.005  0.00000
  1960    -0.998  0.00000
  1961    -0.979  0.00000
  1962    -0.972  0.00000
  1963    -0.972  0.00000
  1964    -0.970  0.00000
  1965    -0.969  0.00000
  1966    -0.962  0.00000
  1967    -0.959  0.00000
  1968    -0.952  0.00000
  1969    -0.947  0.00000
  1970    -0.940  0.00000
  1971    -0.936  0.00000
  1972    -0.936  0.00000
  1973    -0.926  0.00000
  1974    -0.924  0.00000
  1975    -0.918  0.00000
  1976    -0.915  0.00000
  1977    -0.888  0.00000
  1978    -0.864  0.00000
  1979    -0.863  0.00000
  1980    -0.814  0.00000
  1981    -0.657  0.00000
  1982    -0.541  0.00000
  1983    -0.541  0.00000
  1984    -0.482  0.00000
  1985    -0.470  0.00000
  1986    -0.460  0.00000
  1987    -0.450  0.00000
  1988    -0.445  0.00000
  1989    -0.443  0.00000
  1990    -0.437  0.00000
  1991    -0.433  0.00000
  1992    -0.431  0.00000
  1993    -0.423  0.00000
  1994    -0.419  0.00000
  1995    -0.418  0.00000
  1996    -0.411  0.00000
  1997    -0.409  0.00000
  1998    -0.404  0.00000
  1999    -0.398  0.00000
  2000    -0.394  0.00000
  2001    -0.389  0.00000
  2002    -0.388  0.00000
  2003    -0.387  0.00000
  2004    -0.380  0.00000
  2005    -0.375  0.00000
  2006    -0.373  0.00000
  2007    -0.367  0.00000
  2008    -0.360  0.00000
  2009    -0.350  0.00000
  2010    -0.345  0.00000
  2011    -0.342  0.00000
  2012    -0.331  0.00000
  2013    -0.310  0.00000
  2014    -0.306  0.00000
  2015    -0.278  0.00000
  2016    -0.247  0.00000
  2017    -0.201  0.00000
  2018    -0.089  0.00000
  2019    -0.078  0.00000
  2020    -0.075  0.00000
  2021    -0.043  0.00000
  2022    -0.038  0.00000
  2023    -0.032  0.00000
  2024    -0.025  0.00000
  2025    -0.015  0.00000
  2026    -0.010  0.00000
  2027    -0.008  0.00000
  2028    -0.003  0.00000
  2029    -0.003  0.00000
  2030     0.003  0.00000
  2031     0.010  0.00000
  2032     0.016  0.00000
  2033     0.025  0.00000
  2034     0.032  0.00000
  2035     0.033  0.00000
  2036     0.034  0.00000
  2037     0.040  0.00000
  2038     0.042  0.00000
  2039     0.056  0.00000
  2040     0.057  0.00000
  2041     0.061  0.00000
  2042     0.067  0.00000
  2043     0.070  0.00000
  2044     0.074  0.00000
  2045     0.082  0.00000
  2046     0.087  0.00000
  2047     0.092  0.00000
  2048     0.093  0.00000
  2049     0.122  0.00000
  2050     0.143  0.00000
  2051     0.145  0.00000
  2052     0.197  0.00000
  2053     0.465  0.00000
  2054     0.576  0.00000
  2055     0.592  0.00000
  2056     0.615  0.00000
  2057     0.648  0.00000
  2058     0.649  0.00000
  2059     0.658  0.00000
  2060     0.662  0.00000
  2061     0.667  0.00000
  2062     0.668  0.00000
  2063     0.682  0.00000
  2064     0.683  0.00000
  2065     0.687  0.00000
  2066     0.690  0.00000
  2067     0.691  0.00000
  2068     0.697  0.00000
  2069     0.698  0.00000
  2070     0.708  0.00000
  2071     0.717  0.00000
  2072     0.719  0.00000
  2073     0.725  0.00000
  2074     0.730  0.00000
  2075     0.737  0.00000
  2076     0.741  0.00000
  2077     0.742  0.00000
  2078     0.746  0.00000
  2079     0.751  0.00000
  2080     0.760  0.00000
  2081     0.765  0.00000
  2082     0.771  0.00000
  2083     0.779  0.00000
  2084     0.786  0.00000
  2085     0.801  0.00000
  2086     0.817  0.00000
  2087     0.818  0.00000
  2088     0.840  0.00000
  2089     0.874  0.00000
  2090     0.933  0.00000
  2091     0.936  0.00000
  2092     1.005  0.00000
  2093     1.009  0.00000
  2094     1.022  0.00000
  2095     1.034  0.00000
  2096     1.038  0.00000
  2097     1.044  0.00000
  2098     1.044  0.00000
  2099     1.047  0.00000
  2100     1.054  0.00000
  2101     1.063  0.00000
  2102     1.065  0.00000
  2103     1.067  0.00000
  2104     1.072  0.00000
  2105     1.075  0.00000
  2106     1.085  0.00000
  2107     1.087  0.00000
  2108     1.090  0.00000
  2109     1.093  0.00000
  2110     1.094  0.00000
  2111     1.099  0.00000
  2112     1.101  0.00000
  2113     1.106  0.00000
  2114     1.115  0.00000
  2115     1.118  0.00000
  2116     1.126  0.00000
  2117     1.138  0.00000
  2118     1.141  0.00000
  2119     1.147  0.00000
  2120     1.153  0.00000
  2121     1.175  0.00000
  2122     1.181  0.00000
  2123     1.200  0.00000
  2124     1.242  0.00000
  2125     2.359  0.00000
  2126     2.474  0.00000
  2127     2.480  0.00000
  2128     2.506  0.00000
  2129     2.532  0.00000
  2130     2.548  0.00000
  2131     2.552  0.00000
  2132     2.555  0.00000
  2133     2.555  0.00000
  2134     2.563  0.00000
  2135     2.568  0.00000
  2136     2.571  0.00000
  2137     2.573  0.00000
  2138     2.578  0.00000
  2139     2.581  0.00000
  2140     2.584  0.00000
  2141     2.588  0.00000
  2142     2.592  0.00000
  2143     2.597  0.00000
  2144     2.605  0.00000
  2145     2.607  0.00000
  2146     2.611  0.00000
  2147     2.617  0.00000
  2148     2.624  0.00000
  2149     2.629  0.00000
  2150     2.629  0.00000
  2151     2.633  0.00000
  2152     2.633  0.00000
  2153     2.639  0.00000
  2154     2.641  0.00000
  2155     2.664  0.00000
  2156     2.667  0.00000
  2157     2.670  0.00000
  2158     2.695  0.00000
  2159     2.727  0.00000
  2160     2.744  0.00000
  2161     3.657  0.00000
  2162     3.771  0.00000
  2163     3.776  0.00000
  2164     3.781  0.00000
  2165     3.805  0.00000
  2166     3.818  0.00000
  2167     3.826  0.00000
  2168     3.831  0.00000
  2169     3.842  0.00000
  2170     3.844  0.00000
  2171     3.845  0.00000
  2172     3.849  0.00000
  2173     3.855  0.00000
  2174     3.856  0.00000
  2175     3.860  0.00000
  2176     3.869  0.00000
  2177     3.883  0.00000
  2178     3.886  0.00000
  2179     3.887  0.00000
  2180     3.889  0.00000
  2181     3.898  0.00000
  2182     3.898  0.00000
  2183     3.906  0.00000
  2184     3.909  0.00000
  2185     3.909  0.00000
  2186     3.916  0.00000
  2187     3.929  0.00000
  2188     3.929  0.00000
  2189     3.936  0.00000
  2190     3.937  0.00000
  2191     3.942  0.00000
  2192     3.943  0.00000
  2193     3.970  0.00000
  2194     3.995  0.00000
  2195     4.002  0.00000
  2196     4.044  0.00000
  2197     4.446  0.00000
  2198     4.558  0.00000
  2199     4.573  0.00000
  2200     4.611  0.00000
  2201     4.641  0.00000
  2202     4.648  0.00000
  2203     4.648  0.00000
  2204     4.649  0.00000
  2205     4.658  0.00000
  2206     4.667  0.00000
  2207     4.669  0.00000
  2208     4.671  0.00000
  2209     4.675  0.00000
  2210     4.676  0.00000
  2211     4.684  0.00000
  2212     4.684  0.00000
  2213     4.685  0.00000
  2214     4.699  0.00000
  2215     4.703  0.00000
  2216     4.704  0.00000
  2217     4.705  0.00000
  2218     4.712  0.00000
  2219     4.718  0.00000
  2220     4.721  0.00000
  2221     4.727  0.00000
  2222     4.734  0.00000
  2223     4.734  0.00000
  2224     4.736  0.00000
  2225     4.741  0.00000
  2226     4.756  0.00000
  2227     4.758  0.00000
  2228     4.764  0.00000
  2229     4.781  0.00000
  2230     4.785  0.00000
  2231     4.836  0.00000
  2232     4.843  0.00000
  2233    10.516  0.00000
  2234    10.627  0.00000
  2235    10.663  0.00000
  2236    10.725  0.00000
  2237    10.730  0.00000
  2238    10.757  0.00000
  2239    10.765  0.00000
  2240    10.766  0.00000
  2241    10.781  0.00000
  2242    10.790  0.00000
  2243    10.794  0.00000
  2244    10.796  0.00000
  2245    10.800  0.00000
  2246    10.806  0.00000
  2247    10.807  0.00000
  2248    10.809  0.00000
  2249    10.816  0.00000
  2250    10.824  0.00000
  2251    10.826  0.00000
  2252    10.835  0.00000
  2253    10.837  0.00000
  2254    10.843  0.00000
  2255    10.859  0.00000
  2256    10.865  0.00000
  2257    10.868  0.00000
  2258    10.878  0.00000
  2259    10.882  0.00000
  2260    10.886  0.00000
  2261    10.890  0.00000
  2262    10.899  0.00000
  2263    10.899  0.00000
  2264    10.909  0.00000
  2265    10.925  0.00000
  2266    10.931  0.00000
  2267    10.956  0.00000
  2268    10.991  0.00000
  2269    12.235  0.00000
  2270    12.352  0.00000
  2271    12.385  0.00000
  2272    12.436  0.00000
  2273    12.450  0.00000
  2274    12.459  0.00000
  2275    12.467  0.00000
  2276    12.469  0.00000
  2277    12.474  0.00000
  2278    12.480  0.00000
  2279    12.483  0.00000
  2280    12.485  0.00000
  2281    12.491  0.00000
  2282    12.495  0.00000
  2283    12.498  0.00000
  2284    12.509  0.00000
  2285    12.517  0.00000
  2286    12.521  0.00000
  2287    12.526  0.00000
  2288    12.529  0.00000
  2289    12.534  0.00000
  2290    12.537  0.00000
  2291    12.545  0.00000
  2292    12.549  0.00000
  2293    12.551  0.00000
  2294    12.560  0.00000
  2295    12.568  0.00000
  2296    12.573  0.00000
  2297    12.581  0.00000
  2298    12.584  0.00000
  2299    12.585  0.00000
  2300    12.592  0.00000
  2301    12.604  0.00000
  2302    12.639  0.00000
  2303    12.643  0.00000
  2304    12.672  0.00000
  2305    13.340  0.00000
  2306    13.372  0.00000
  2307    13.384  0.00000
  2308    13.423  0.00000
  2309    13.443  0.00000
  2310    13.505  0.00000
  2311    13.513  0.00000
  2312    13.519  0.00000
  2313    13.533  0.00000
  2314    13.541  0.00000
  2315    13.550  0.00000
  2316    13.554  0.00000
  2317    13.558  0.00000
  2318    13.572  0.00000
  2319    13.574  0.00000
  2320    13.575  0.00000
  2321    13.581  0.00000
  2322    13.592  0.00000
  2323    13.596  0.00000
  2324    13.614  0.00000
  2325    13.640  0.00000
  2326    13.646  0.00000
  2327    13.664  0.00000
  2328    13.676  0.00000
  2329    13.699  0.00000
  2330    13.708  0.00000
  2331    13.708  0.00000
  2332    13.732  0.00000
  2333    13.747  0.00000
  2334    13.752  0.00000
  2335    13.767  0.00000
  2336    13.769  0.00000
  2337    13.801  0.00000
  2338    13.813  0.00000
  2339    13.821  0.00000
  2340    13.867  0.00000
  2341    13.876  0.00000
  2342    13.889  0.00000
  2343    13.907  0.00000
  2344    13.960  0.00000
  2345    14.029  0.00000
  2346    14.032  0.00000
  2347    14.046  0.00000
  2348    14.049  0.00000
  2349    14.057  0.00000
  2350    14.070  0.00000
  2351    14.074  0.00000
  2352    14.098  0.00000
  2353    14.120  0.00000
  2354    14.124  0.00000
  2355    14.136  0.00000
  2356    14.144  0.00000
  2357    14.170  0.00000
  2358    14.175  0.00000
  2359    14.180  0.00000
  2360    14.183  0.00000
  2361    14.188  0.00000
  2362    14.205  0.00000
  2363    14.212  0.00000
  2364    14.254  0.00000
  2365    14.261  0.00000
  2366    14.289  0.00000
  2367    14.296  0.00000
  2368    14.299  0.00000
  2369    14.303  0.00000
  2370    14.315  0.00000
  2371    14.338  0.00000
  2372    14.343  0.00000
  2373    14.372  0.00000
  2374    14.373  0.00000
  2375    14.381  0.00000
  2376    14.387  0.00000
  2377    14.397  0.00000
  2378    14.413  0.00000
  2379    14.416  0.00000
  2380    14.427  0.00000
  2381    14.428  0.00000
  2382    14.432  0.00000
  2383    14.453  0.00000
  2384    14.453  0.00000
  2385    14.457  0.00000
  2386    14.460  0.00000
  2387    14.464  0.00000
  2388    14.468  0.00000
  2389    14.469  0.00000
  2390    14.478  0.00000
  2391    14.488  0.00000
  2392    14.493  0.00000
  2393    14.500  0.00000
  2394    14.503  0.00000
  2395    14.508  0.00000
  2396    14.517  0.00000
  2397    14.527  0.00000
  2398    14.527  0.00000
  2399    14.533  0.00000
  2400    14.545  0.00000
  2401    14.547  0.00000
  2402    14.553  0.00000
  2403    14.555  0.00000
  2404    14.564  0.00000
  2405    14.570  0.00000
  2406    14.574  0.00000
  2407    14.581  0.00000
  2408    14.600  0.00000
  2409    14.604  0.00000
  2410    14.610  0.00000
  2411    14.623  0.00000
  2412    14.670  0.00000
  2413    15.591  0.00000
  2414    15.706  0.00000
  2415    15.726  0.00000
  2416    15.777  0.00000
  2417    15.783  0.00000
  2418    15.784  0.00000
  2419    15.821  0.00000
  2420    15.829  0.00000
  2421    15.832  0.00000
  2422    15.834  0.00000
  2423    15.849  0.00000
  2424    15.853  0.00000
  2425    15.856  0.00000
  2426    15.871  0.00000
  2427    15.876  0.00000
  2428    15.880  0.00000
  2429    15.884  0.00000
  2430    15.886  0.00000
  2431    15.892  0.00000
  2432    15.894  0.00000
  2433    15.905  0.00000
  2434    15.909  0.00000
  2435    15.917  0.00000
  2436    15.925  0.00000
  2437    15.935  0.00000
  2438    15.948  0.00000
  2439    15.950  0.00000
  2440    15.958  0.00000
  2441    15.959  0.00000
  2442    15.963  0.00000
  2443    15.966  0.00000
  2444    15.966  0.00000
  2445    15.973  0.00000
  2446    15.980  0.00000
  2447    15.981  0.00000
  2448    15.984  0.00000
  2449    15.985  0.00000
  2450    15.987  0.00000
  2451    15.988  0.00000
  2452    15.991  0.00000
  2453    15.998  0.00000
  2454    15.998  0.00000
  2455    16.002  0.00000
  2456    16.006  0.00000
  2457    16.014  0.00000
  2458    16.017  0.00000
  2459    16.018  0.00000
  2460    16.021  0.00000
  2461    16.023  0.00000
  2462    16.026  0.00000
  2463    16.027  0.00000
  2464    16.030  0.00000
  2465    16.033  0.00000
  2466    16.035  0.00000
  2467    16.041  0.00000
  2468    16.042  0.00000
  2469    16.044  0.00000
  2470    16.045  0.00000
  2471    16.049  0.00000
  2472    16.056  0.00000
  2473    16.066  0.00000
  2474    16.067  0.00000
  2475    16.071  0.00000
  2476    16.076  0.00000
  2477    16.078  0.00000
  2478    16.080  0.00000
  2479    16.082  0.00000
  2480    16.087  0.00000
  2481    16.096  0.00000
  2482    16.106  0.00000
  2483    16.108  0.00000
  2484    16.126  0.00000
  2485    16.133  0.00000
  2486    16.135  0.00000
  2487    16.137  0.00000
  2488    16.142  0.00000
  2489    16.144  0.00000
  2490    16.161  0.00000
  2491    16.162  0.00000
  2492    16.172  0.00000
  2493    16.174  0.00000
  2494    16.180  0.00000
  2495    16.185  0.00000
  2496    16.203  0.00000
  2497    16.205  0.00000
  2498    16.209  0.00000
  2499    16.234  0.00000
  2500    16.252  0.00000
  2501    16.253  0.00000
  2502    16.257  0.00000
  2503    16.264  0.00000
  2504    16.272  0.00000
  2505    16.281  0.00000
  2506    16.290  0.00000
  2507    16.301  0.00000
  2508    16.305  0.00000
  2509    16.311  0.00000
  2510    16.319  0.00000
  2511    16.329  0.00000
  2512    16.334  0.00000
  2513    16.343  0.00000
  2514    16.362  0.00000
  2515    16.363  0.00000
  2516    16.384  0.00000
  2517    16.393  0.00000
  2518    16.418  0.00000
  2519    16.425  0.00000
  2520    16.466  0.00000
  2521    16.922  0.00000
  2522    16.945  0.00000
  2523    16.968  0.00000
  2524    16.981  0.00000
  2525    16.986  0.00000
  2526    16.999  0.00000
  2527    17.000  0.00000
  2528    17.004  0.00000
  2529    17.018  0.00000
  2530    17.019  0.00000
  2531    17.029  0.00000
  2532    17.039  0.00000
  2533    17.042  0.00000
  2534    17.042  0.00000
  2535    17.052  0.00000
  2536    17.055  0.00000
  2537    17.060  0.00000
  2538    17.086  0.00000
  2539    17.086  0.00000
  2540    17.105  0.00000
  2541    17.116  0.00000
  2542    17.121  0.00000
  2543    17.121  0.00000
  2544    17.155  0.00000
  2545    17.155  0.00000
  2546    17.156  0.00000
  2547    17.166  0.00000
  2548    17.170  0.00000
  2549    17.182  0.00000
  2550    17.197  0.00000
  2551    17.198  0.00000
  2552    17.204  0.00000
  2553    17.206  0.00000
  2554    17.220  0.00000
  2555    17.221  0.00000
  2556    17.233  0.00000
  2557    17.256  0.00000
  2558    17.258  0.00000
  2559    17.279  0.00000
  2560    17.286  0.00000
  2561    17.292  0.00000
  2562    17.301  0.00000
  2563    17.318  0.00000
  2564    17.321  0.00000
  2565    17.328  0.00000
  2566    17.333  0.00000
  2567    17.336  0.00000
  2568    17.339  0.00000
  2569    17.341  0.00000
  2570    17.343  0.00000
  2571    17.346  0.00000
  2572    17.348  0.00000
  2573    17.349  0.00000
  2574    17.350  0.00000
  2575    17.352  0.00000
  2576    17.361  0.00000
  2577    17.364  0.00000
  2578    17.365  0.00000
  2579    17.367  0.00000
  2580    17.370  0.00000
  2581    17.371  0.00000
  2582    17.374  0.00000
  2583    17.381  0.00000
  2584    17.383  0.00000
  2585    17.386  0.00000
  2586    17.388  0.00000
  2587    17.397  0.00000
  2588    17.399  0.00000
  2589    17.400  0.00000
  2590    17.401  0.00000
  2591    17.403  0.00000
  2592    17.404  0.00000
  2593    17.404  0.00000
  2594    17.407  0.00000
  2595    17.408  0.00000
  2596    17.410  0.00000
  2597    17.413  0.00000
  2598    17.416  0.00000
  2599    17.419  0.00000
  2600    17.422  0.00000
  2601    17.424  0.00000
  2602    17.424  0.00000
  2603    17.428  0.00000
  2604    17.433  0.00000
  2605    17.435  0.00000
  2606    17.440  0.00000
  2607    17.443  0.00000
  2608    17.443  0.00000
  2609    17.445  0.00000
  2610    17.452  0.00000
  2611    17.453  0.00000
  2612    17.453  0.00000
  2613    17.455  0.00000
  2614    17.456  0.00000
  2615    17.458  0.00000
  2616    17.462  0.00000
  2617    17.466  0.00000
  2618    17.468  0.00000
  2619    17.472  0.00000
  2620    17.480  0.00000
  2621    17.482  0.00000
  2622    17.486  0.00000
  2623    17.488  0.00000
  2624    17.489  0.00000
  2625    17.494  0.00000
  2626    17.495  0.00000
  2627    17.499  0.00000
  2628    17.513  0.00000
  2629    17.519  0.00000
  2630    17.529  0.00000
  2631    17.540  0.00000
  2632    17.544  0.00000
  2633    17.552  0.00000
  2634    17.558  0.00000
  2635    17.560  0.00000
  2636    17.581  0.00000
  2637    17.581  0.00000
  2638    17.593  0.00000
  2639    17.605  0.00000
  2640    17.610  0.00000
  2641    17.618  0.00000
  2642    17.625  0.00000
  2643    17.629  0.00000
  2644    17.640  0.00000
  2645    17.657  0.00000
  2646    17.658  0.00000
  2647    17.670  0.00000
  2648    17.698  0.00000
  2649    17.700  0.00000
  2650    17.701  0.00000
  2651    17.719  0.00000
  2652    17.731  0.00000
  2653    17.736  0.00000
  2654    17.737  0.00000
  2655    17.754  0.00000
  2656    17.776  0.00000
  2657    17.777  0.00000
  2658    17.814  0.00000
  2659    17.820  0.00000
  2660    17.848  0.00000
  2661    17.858  0.00000
  2662    17.877  0.00000
  2663    17.900  0.00000
  2664    17.924  0.00000
  2665    18.461  0.00000
  2666    18.563  0.00000
  2667    18.590  0.00000
  2668    18.601  0.00000
  2669    18.601  0.00000
  2670    18.619  0.00000
  2671    18.621  0.00000
  2672    18.628  0.00000
  2673    18.628  0.00000
  2674    18.653  0.00000
  2675    18.659  0.00000
  2676    18.673  0.00000
  2677    18.679  0.00000
  2678    18.686  0.00000
  2679    18.690  0.00000
  2680    18.693  0.00000
  2681    18.696  0.00000
  2682    18.703  0.00000
  2683    18.706  0.00000
  2684    18.719  0.00000
  2685    18.725  0.00000
  2686    18.728  0.00000
  2687    18.731  0.00000
  2688    18.737  0.00000
  2689    18.752  0.00000
  2690    18.756  0.00000
  2691    18.762  0.00000
  2692    18.776  0.00000
  2693    18.777  0.00000
  2694    18.800  0.00000
  2695    18.807  0.00000
  2696    18.817  0.00000
  2697    18.827  0.00000
  2698    18.852  0.00000
  2699    18.880  0.00000
  2700    18.921  0.00000
  2701    18.974  0.00000
  2702    19.059  0.00000
  2703    19.078  0.00000
  2704    19.086  0.00000
  2705    19.093  0.00000
  2706    19.097  0.00000
  2707    19.104  0.00000
  2708    19.119  0.00000
  2709    19.121  0.00000
  2710    19.131  0.00000
  2711    19.135  0.00000
  2712    19.142  0.00000
  2713    19.145  0.00000
  2714    19.152  0.00000
  2715    19.155  0.00000
  2716    19.172  0.00000
  2717    19.175  0.00000
  2718    19.182  0.00000
  2719    19.187  0.00000
  2720    19.202  0.00000
  2721    19.205  0.00000
  2722    19.209  0.00000
  2723    19.213  0.00000
  2724    19.214  0.00000
  2725    19.218  0.00000
  2726    19.236  0.00000
  2727    19.240  0.00000
  2728    19.241  0.00000
  2729    19.244  0.00000
  2730    19.256  0.00000
  2731    19.265  0.00000
  2732    19.273  0.00000
  2733    19.280  0.00000
  2734    19.295  0.00000
  2735    19.327  0.00000
  2736    19.373  0.00000
  2737    20.035  0.00000
  2738    20.057  0.00000
  2739    20.059  0.00000
  2740    20.061  0.00000
  2741    20.070  0.00000
  2742    20.076  0.00000
  2743    20.081  0.00000
  2744    20.101  0.00000
  2745    20.103  0.00000
  2746    20.115  0.00000
  2747    20.122  0.00000
  2748    20.123  0.00000
  2749    20.129  0.00000
  2750    20.141  0.00000
  2751    20.163  0.00000
  2752    20.165  0.00000
  2753    20.169  0.00000
  2754    20.175  0.00000
  2755    20.220  0.00000
  2756    20.220  0.00000
  2757    20.244  0.00000
  2758    20.245  0.00000
  2759    20.248  0.00000
  2760    20.250  0.00000
  2761    20.256  0.00000
  2762    20.264  0.00000
  2763    20.264  0.00000
  2764    20.286  0.00000
  2765    20.286  0.00000
  2766    20.296  0.00000
  2767    20.297  0.00000
  2768    20.312  0.00000
  2769    20.313  0.00000
  2770    20.323  0.00000
  2771    20.327  0.00000
  2772    20.333  0.00000
  2773    20.345  0.00000
  2774    20.350  0.00000
  2775    20.361  0.00000
  2776    20.367  0.00000
  2777    20.387  0.00000
  2778    20.388  0.00000
  2779    20.396  0.00000
  2780    20.414  0.00000
  2781    20.420  0.00000
  2782    20.423  0.00000
  2783    20.425  0.00000
  2784    20.450  0.00000
  2785    20.459  0.00000
  2786    20.459  0.00000
  2787    20.465  0.00000
  2788    20.466  0.00000
  2789    20.471  0.00000
  2790    20.474  0.00000
  2791    20.482  0.00000
  2792    20.489  0.00000
  2793    20.492  0.00000
  2794    20.494  0.00000
  2795    20.499  0.00000
  2796    20.501  0.00000
  2797    20.523  0.00000
  2798    20.527  0.00000
  2799    20.530  0.00000
  2800    20.532  0.00000
  2801    20.536  0.00000
  2802    20.538  0.00000
  2803    20.552  0.00000
  2804    20.556  0.00000
  2805    20.561  0.00000
  2806    20.563  0.00000
  2807    20.585  0.00000
  2808    20.604  0.00000
  2809    20.614  0.00000
  2810    20.614  0.00000
  2811    20.659  0.00000
  2812    20.672  0.00000
  2813    20.680  0.00000
  2814    20.706  0.00000
  2815    20.715  0.00000
  2816    20.720  0.00000
  2817    20.739  0.00000
  2818    20.752  0.00000
  2819    20.752  0.00000
  2820    20.770  0.00000
  2821    20.774  0.00000
  2822    20.780  0.00000
  2823    20.786  0.00000
  2824    20.788  0.00000
  2825    20.797  0.00000
  2826    20.801  0.00000
  2827    20.815  0.00000
  2828    20.825  0.00000
  2829    20.827  0.00000
  2830    20.832  0.00000
  2831    20.839  0.00000
  2832    20.855  0.00000
  2833    20.856  0.00000
  2834    20.866  0.00000
  2835    20.871  0.00000
  2836    20.873  0.00000
  2837    20.884  0.00000
  2838    20.897  0.00000
  2839    20.901  0.00000
  2840    20.901  0.00000
  2841    20.913  0.00000
  2842    20.927  0.00000
  2843    20.951  0.00000
  2844    20.968  0.00000
  2845    21.434  0.00000
  2846    21.451  0.00000
  2847    21.466  0.00000
  2848    21.479  0.00000
  2849    21.508  0.00000
  2850    21.519  0.00000
  2851    21.523  0.00000
  2852    21.527  0.00000
  2853    21.538  0.00000
  2854    21.541  0.00000
  2855    21.544  0.00000
  2856    21.544  0.00000
  2857    21.549  0.00000
  2858    21.555  0.00000
  2859    21.566  0.00000
  2860    21.577  0.00000
  2861    21.582  0.00000
  2862    21.606  0.00000
  2863    21.616  0.00000
  2864    21.622  0.00000
  2865    21.629  0.00000
  2866    21.635  0.00000
  2867    21.666  0.00000
  2868    21.666  0.00000
  2869    21.675  0.00000
  2870    21.676  0.00000
  2871    21.694  0.00000
  2872    21.702  0.00000
  2873    21.706  0.00000
  2874    21.708  0.00000
  2875    21.716  0.00000
  2876    21.725  0.00000
  2877    21.746  0.00000
  2878    21.767  0.00000
  2879    21.789  0.00000
  2880    21.837  0.00000
  2881    22.045  0.00000
  2882    22.134  0.00000
  2883    22.182  0.00000
  2884    22.263  0.00000
  2885    22.268  0.00000
  2886    22.297  0.00000
  2887    22.336  0.00000
  2888    22.348  0.00000
  2889    22.353  0.00000
  2890    22.403  0.00000
  2891    22.407  0.00000
  2892    22.421  0.00000
  2893    22.436  0.00000
  2894    22.444  0.00000
  2895    22.447  0.00000
  2896    22.454  0.00000
  2897    22.458  0.00000
  2898    22.462  0.00000
  2899    22.465  0.00000
  2900    22.467  0.00000
  2901    22.470  0.00000
  2902    22.472  0.00000
  2903    22.476  0.00000
  2904    22.482  0.00000
  2905    22.486  0.00000
  2906    22.494  0.00000
  2907    22.503  0.00000
  2908    22.504  0.00000
  2909    22.511  0.00000
  2910    22.514  0.00000
  2911    22.518  0.00000
  2912    22.519  0.00000
  2913    22.521  0.00000
  2914    22.523  0.00000
  2915    22.530  0.00000
  2916    22.535  0.00000
  2917    22.538  0.00000
  2918    22.541  0.00000
  2919    22.542  0.00000
  2920    22.547  0.00000
  2921    22.555  0.00000
  2922    22.559  0.00000
  2923    22.563  0.00000
  2924    22.565  0.00000
  2925    22.569  0.00000
  2926    22.574  0.00000
  2927    22.581  0.00000
  2928    22.582  0.00000
  2929    22.582  0.00000
  2930    22.593  0.00000
  2931    22.605  0.00000
  2932    22.607  0.00000
  2933    22.610  0.00000
  2934    22.613  0.00000
  2935    22.614  0.00000
  2936    22.621  0.00000
  2937    22.623  0.00000
  2938    22.632  0.00000
  2939    22.639  0.00000
  2940    22.649  0.00000
  2941    22.655  0.00000
  2942    22.662  0.00000
  2943    22.663  0.00000
  2944    22.673  0.00000
  2945    22.683  0.00000
  2946    22.686  0.00000
  2947    22.687  0.00000
  2948    22.690  0.00000
  2949    22.695  0.00000
  2950    22.698  0.00000
  2951    22.704  0.00000
  2952    22.712  0.00000
  2953    22.714  0.00000
  2954    22.715  0.00000
  2955    22.719  0.00000
  2956    22.728  0.00000
  2957    22.732  0.00000
  2958    22.737  0.00000
  2959    22.739  0.00000
  2960    22.760  0.00000
  2961    22.761  0.00000
  2962    22.766  0.00000
  2963    22.772  0.00000
  2964    22.779  0.00000
  2965    22.781  0.00000
  2966    22.797  0.00000
  2967    22.802  0.00000
  2968    22.803  0.00000
  2969    22.811  0.00000
  2970    22.816  0.00000
  2971    22.820  0.00000
  2972    22.823  0.00000
  2973    22.824  0.00000
  2974    22.838  0.00000
  2975    22.843  0.00000
  2976    22.844  0.00000
  2977    22.856  0.00000
  2978    22.858  0.00000
  2979    22.881  0.00000
  2980    22.889  0.00000
  2981    22.899  0.00000
  2982    22.944  0.00000
  2983    22.950  0.00000
  2984    23.022  0.00000
  2985    23.038  0.00000
  2986    23.096  0.00000
  2987    23.101  0.00000
  2988    23.167  0.00000
  2989    23.247  0.00000
  2990    23.296  0.00000
  2991    23.311  0.00000
  2992    23.316  0.00000
  2993    23.321  0.00000
  2994    23.335  0.00000
  2995    23.339  0.00000
  2996    23.340  0.00000
  2997    23.341  0.00000
  2998    23.363  0.00000
  2999    23.369  0.00000
  3000    23.374  0.00000
  3001    23.376  0.00000
  3002    23.382  0.00000
  3003    23.389  0.00000
  3004    23.393  0.00000
  3005    23.396  0.00000
  3006    23.401  0.00000
  3007    23.408  0.00000
  3008    23.412  0.00000
  3009    23.413  0.00000
  3010    23.415  0.00000
  3011    23.419  0.00000
  3012    23.421  0.00000
  3013    23.431  0.00000
  3014    23.435  0.00000
  3015    23.438  0.00000
  3016    23.439  0.00000
  3017    23.443  0.00000
  3018    23.452  0.00000
  3019    23.462  0.00000
  3020    23.465  0.00000
  3021    23.467  0.00000
  3022    23.469  0.00000
  3023    23.472  0.00000
  3024    23.476  0.00000
  3025    23.485  0.00000
  3026    23.489  0.00000
  3027    23.495  0.00000
  3028    23.497  0.00000
  3029    23.505  0.00000
  3030    23.509  0.00000
  3031    23.521  0.00000
  3032    23.525  0.00000
  3033    23.526  0.00000
  3034    23.529  0.00000
  3035    23.531  0.00000
  3036    23.540  0.00000
  3037    23.549  0.00000
  3038    23.556  0.00000
  3039    23.557  0.00000
  3040    23.561  0.00000
  3041    23.565  0.00000
  3042    23.572  0.00000
  3043    23.582  0.00000
  3044    23.585  0.00000
  3045    23.602  0.00000
  3046    23.604  0.00000
  3047    23.614  0.00000
  3048    23.616  0.00000
  3049    23.617  0.00000
  3050    23.620  0.00000
  3051    23.623  0.00000
  3052    23.627  0.00000
  3053    23.632  0.00000
  3054    23.635  0.00000
  3055    23.642  0.00000
  3056    23.646  0.00000
  3057    23.652  0.00000
  3058    23.654  0.00000
  3059    23.657  0.00000
  3060    23.669  0.00000
  3061    23.674  0.00000
  3062    23.678  0.00000
  3063    23.682  0.00000
  3064    23.684  0.00000
  3065    23.689  0.00000
  3066    23.693  0.00000
  3067    23.694  0.00000
  3068    23.698  0.00000
  3069    23.699  0.00000
  3070    23.701  0.00000
  3071    23.702  0.00000
  3072    23.704  0.00000
  3073    23.705  0.00000
  3074    23.705  0.00000
  3075    23.721  0.00000
  3076    23.727  0.00000
  3077    23.728  0.00000
  3078    23.730  0.00000
  3079    23.734  0.00000
  3080    23.735  0.00000
  3081    23.742  0.00000
  3082    23.753  0.00000
  3083    23.761  0.00000
  3084    23.763  0.00000
  3085    23.779  0.00000
  3086    23.784  0.00000
  3087    23.786  0.00000
  3088    23.792  0.00000
  3089    23.808  0.00000
  3090    23.812  0.00000
  3091    23.822  0.00000
  3092    23.826  0.00000
  3093    23.834  0.00000
  3094    23.850  0.00000
  3095    23.890  0.00000
  3096    23.928  0.00000
  3097    24.316  0.00000
  3098    24.337  0.00000
  3099    24.355  0.00000
  3100    24.366  0.00000
  3101    24.390  0.00000
  3102    24.398  0.00000
  3103    24.405  0.00000
  3104    24.420  0.00000
  3105    24.432  0.00000
  3106    24.437  0.00000
  3107    24.439  0.00000
  3108    24.451  0.00000
  3109    24.454  0.00000
  3110    24.462  0.00000
  3111    24.463  0.00000
  3112    24.478  0.00000
  3113    24.485  0.00000
  3114    24.489  0.00000
  3115    24.507  0.00000
  3116    24.519  0.00000
  3117    24.523  0.00000
  3118    24.541  0.00000
  3119    24.551  0.00000
  3120    24.570  0.00000
  3121    24.575  0.00000
  3122    24.582  0.00000
  3123    24.606  0.00000
  3124    24.615  0.00000
  3125    24.619  0.00000
  3126    24.641  0.00000
  3127    24.643  0.00000
  3128    24.663  0.00000
  3129    24.676  0.00000
  3130    24.684  0.00000
  3131    24.692  0.00000
  3132    24.724  0.00000
  3133    24.757  0.00000
  3134    24.763  0.00000
  3135    24.767  0.00000
  3136    24.781  0.00000
  3137    24.794  0.00000
  3138    24.802  0.00000
  3139    24.809  0.00000
  3140    24.820  0.00000
  3141    24.822  0.00000
  3142    24.829  0.00000
  3143    24.842  0.00000
  3144    24.848  0.00000
  3145    24.849  0.00000
  3146    24.853  0.00000
  3147    24.854  0.00000
  3148    24.856  0.00000
  3149    24.859  0.00000
  3150    24.868  0.00000
  3151    24.869  0.00000
  3152    24.876  0.00000
  3153    24.884  0.00000
  3154    24.885  0.00000
  3155    24.889  0.00000
  3156    24.890  0.00000
  3157    24.893  0.00000
  3158    24.899  0.00000
  3159    24.900  0.00000
  3160    24.906  0.00000
  3161    24.909  0.00000
  3162    24.910  0.00000
  3163    24.913  0.00000
  3164    24.917  0.00000
  3165    24.919  0.00000
  3166    24.924  0.00000
  3167    24.925  0.00000
  3168    24.927  0.00000
  3169    24.937  0.00000
  3170    24.942  0.00000
  3171    24.949  0.00000
  3172    24.955  0.00000
  3173    24.957  0.00000
  3174    24.960  0.00000
  3175    24.962  0.00000
  3176    24.963  0.00000
  3177    24.965  0.00000
  3178    24.969  0.00000
  3179    24.972  0.00000
  3180    24.978  0.00000
  3181    24.979  0.00000
  3182    24.983  0.00000
  3183    24.987  0.00000
  3184    24.997  0.00000
  3185    24.998  0.00000
  3186    24.999  0.00000
  3187    25.001  0.00000
  3188    25.004  0.00000
  3189    25.005  0.00000
  3190    25.013  0.00000
  3191    25.031  0.00000
  3192    25.034  0.00000
  3193    25.039  0.00000
  3194    25.040  0.00000
  3195    25.041  0.00000
  3196    25.050  0.00000
  3197    25.054  0.00000
  3198    25.060  0.00000
  3199    25.070  0.00000
  3200    25.079  0.00000
  3201    25.100  0.00000
  3202    25.106  0.00000
  3203    25.122  0.00000
  3204    25.175  0.00000
  3205    25.520  0.00000
  3206    25.543  0.00000
  3207    25.563  0.00000
  3208    25.582  0.00000
  3209    25.625  0.00000
  3210    25.629  0.00000
  3211    25.632  0.00000
  3212    25.633  0.00000
  3213    25.637  0.00000
  3214    25.639  0.00000
  3215    25.652  0.00000
  3216    25.662  0.00000
  3217    25.665  0.00000
  3218    25.674  0.00000
  3219    25.677  0.00000
  3220    25.684  0.00000
  3221    25.685  0.00000
  3222    25.693  0.00000
  3223    25.694  0.00000
  3224    25.699  0.00000
  3225    25.701  0.00000
  3226    25.705  0.00000
  3227    25.714  0.00000
  3228    25.715  0.00000
  3229    25.723  0.00000
  3230    25.723  0.00000
  3231    25.725  0.00000
  3232    25.730  0.00000
  3233    25.732  0.00000
  3234    25.736  0.00000
  3235    25.739  0.00000
  3236    25.742  0.00000
  3237    25.744  0.00000
  3238    25.745  0.00000
  3239    25.767  0.00000
  3240    25.767  0.00000
  3241    25.771  0.00000
  3242    25.771  0.00000
  3243    25.774  0.00000
  3244    25.781  0.00000
  3245    25.783  0.00000
  3246    25.791  0.00000
  3247    25.792  0.00000
  3248    25.800  0.00000
  3249    25.805  0.00000
  3250    25.808  0.00000
  3251    25.815  0.00000
  3252    25.817  0.00000
  3253    25.826  0.00000
  3254    25.840  0.00000
  3255    25.842  0.00000
  3256    25.860  0.00000
  3257    25.867  0.00000
  3258    25.870  0.00000
  3259    25.887  0.00000
  3260    25.902  0.00000
  3261    25.912  0.00000
  3262    25.922  0.00000
  3263    25.949  0.00000
  3264    25.950  0.00000
  3265    25.958  0.00000
  3266    25.960  0.00000
  3267    25.982  0.00000
  3268    25.991  0.00000
  3269    26.002  0.00000
  3270    26.003  0.00000
  3271    26.009  0.00000
  3272    26.027  0.00000
  3273    26.030  0.00000
  3274    26.061  0.00000
  3275    26.084  0.00000
  3276    26.125  0.00000
  3277    26.608  0.00000
  3278    26.621  0.00000
  3279    26.709  0.00000
  3280    26.735  0.00000
  3281    26.748  0.00000
  3282    26.749  0.00000
  3283    26.775  0.00000
  3284    26.786  0.00000
  3285    26.789  0.00000
  3286    26.792  0.00000
  3287    26.796  0.00000
  3288    26.801  0.00000
  3289    26.804  0.00000
  3290    26.806  0.00000
  3291    26.809  0.00000
  3292    26.819  0.00000
  3293    26.820  0.00000
  3294    26.820  0.00000
  3295    26.824  0.00000
  3296    26.828  0.00000
  3297    26.830  0.00000
  3298    26.833  0.00000
  3299    26.836  0.00000
  3300    26.837  0.00000
  3301    26.842  0.00000
  3302    26.848  0.00000
  3303    26.849  0.00000
  3304    26.856  0.00000
  3305    26.860  0.00000
  3306    26.860  0.00000
  3307    26.864  0.00000
  3308    26.868  0.00000
  3309    26.870  0.00000
  3310    26.872  0.00000
  3311    26.874  0.00000
  3312    26.876  0.00000
  3313    26.880  0.00000
  3314    26.882  0.00000
  3315    26.884  0.00000
  3316    26.886  0.00000
  3317    26.889  0.00000
  3318    26.890  0.00000
  3319    26.893  0.00000
  3320    26.895  0.00000
  3321    26.897  0.00000
  3322    26.899  0.00000
  3323    26.906  0.00000
  3324    26.907  0.00000
  3325    26.909  0.00000
  3326    26.912  0.00000
  3327    26.917  0.00000
  3328    26.919  0.00000
  3329    26.920  0.00000
  3330    26.922  0.00000
  3331    26.923  0.00000
  3332    26.928  0.00000
  3333    26.932  0.00000
  3334    26.936  0.00000
  3335    26.937  0.00000
  3336    26.944  0.00000
  3337    26.947  0.00000
  3338    26.949  0.00000
  3339    26.954  0.00000
  3340    26.955  0.00000
  3341    26.964  0.00000
  3342    26.967  0.00000
  3343    26.979  0.00000
  3344    26.981  0.00000
  3345    26.989  0.00000
  3346    27.000  0.00000
  3347    27.004  0.00000
  3348    27.030  0.00000
  3349    27.037  0.00000
  3350    27.051  0.00000
  3351    27.052  0.00000
  3352    27.095  0.00000
  3353    27.105  0.00000
  3354    27.131  0.00000
  3355    27.138  0.00000
  3356    27.146  0.00000
  3357    27.149  0.00000
  3358    27.159  0.00000
  3359    27.164  0.00000
  3360    27.165  0.00000
  3361    27.174  0.00000
  3362    27.181  0.00000
  3363    27.183  0.00000
  3364    27.184  0.00000
  3365    27.190  0.00000
  3366    27.197  0.00000
  3367    27.207  0.00000
  3368    27.211  0.00000
  3369    27.218  0.00000
  3370    27.219  0.00000
  3371    27.224  0.00000
  3372    27.229  0.00000
  3373    27.242  0.00000
  3374    27.247  0.00000
  3375    27.250  0.00000
  3376    27.256  0.00000
  3377    27.262  0.00000
  3378    27.269  0.00000
  3379    27.274  0.00000
  3380    27.283  0.00000
  3381    27.303  0.00000
  3382    27.306  0.00000
  3383    27.330  0.00000
  3384    27.335  0.00000
  3385    27.368  0.00000
  3386    27.402  0.00000
  3387    27.418  0.00000
  3388    27.434  0.00000
  3389    27.444  0.00000
  3390    27.454  0.00000
  3391    27.457  0.00000
  3392    27.472  0.00000
  3393    27.479  0.00000
  3394    27.482  0.00000
  3395    27.486  0.00000
  3396    27.490  0.00000
  3397    27.493  0.00000
  3398    27.496  0.00000
  3399    27.497  0.00000
  3400    27.518  0.00000
  3401    27.524  0.00000
  3402    27.533  0.00000
  3403    27.537  0.00000
  3404    27.552  0.00000
  3405    27.555  0.00000
  3406    27.559  0.00000
  3407    27.560  0.00000
  3408    27.563  0.00000
  3409    27.566  0.00000
  3410    27.583  0.00000
  3411    27.592  0.00000
  3412    27.597  0.00000
  3413    27.600  0.00000
  3414    27.608  0.00000
  3415    27.613  0.00000
  3416    27.624  0.00000
  3417    27.637  0.00000
  3418    27.653  0.00000
  3419    27.679  0.00000
  3420    27.720  0.00000
  3421    28.264  0.00000
  3422    28.282  0.00000
  3423    28.334  0.00000
  3424    28.366  0.00000
  3425    28.367  0.00000
  3426    28.406  0.00000
  3427    28.413  0.00000
  3428    28.446  0.00000
  3429    28.448  0.00000
  3430    28.449  0.00000
  3431    28.458  0.00000
  3432    28.460  0.00000
  3433    28.465  0.00000
  3434    28.471  0.00000
  3435    28.482  0.00000
  3436    28.488  0.00000
  3437    28.488  0.00000
  3438    28.493  0.00000
  3439    28.497  0.00000
  3440    28.500  0.00000
  3441    28.502  0.00000
  3442    28.509  0.00000
  3443    28.513  0.00000
  3444    28.517  0.00000
  3445    28.518  0.00000
  3446    28.521  0.00000
  3447    28.524  0.00000
  3448    28.525  0.00000
  3449    28.528  0.00000
  3450    28.531  0.00000
  3451    28.539  0.00000
  3452    28.560  0.00000
  3453    28.564  0.00000
  3454    28.565  0.00000
  3455    28.567  0.00000
  3456    28.570  0.00000
  3457    28.571  0.00000
  3458    28.575  0.00000
  3459    28.590  0.00000
  3460    28.596  0.00000
  3461    28.597  0.00000
  3462    28.606  0.00000
  3463    28.608  0.00000
  3464    28.610  0.00000
  3465    28.611  0.00000
  3466    28.612  0.00000
  3467    28.613  0.00000
  3468    28.613  0.00000
  3469    28.615  0.00000
  3470    28.616  0.00000
  3471    28.620  0.00000
  3472    28.629  0.00000
  3473    28.632  0.00000
  3474    28.640  0.00000
  3475    28.643  0.00000
  3476    28.647  0.00000
  3477    28.649  0.00000
  3478    28.650  0.00000
  3479    28.652  0.00000
  3480    28.658  0.00000
  3481    28.666  0.00000
  3482    28.674  0.00000
  3483    28.675  0.00000
  3484    28.675  0.00000
  3485    28.679  0.00000
  3486    28.681  0.00000
  3487    28.685  0.00000
  3488    28.691  0.00000
  3489    28.692  0.00000
  3490    28.694  0.00000
  3491    28.694  0.00000
  3492    28.699  0.00000
  3493    28.703  0.00000
  3494    28.706  0.00000
  3495    28.706  0.00000
  3496    28.709  0.00000
  3497    28.713  0.00000
  3498    28.714  0.00000
  3499    28.719  0.00000
  3500    28.723  0.00000
  3501    28.726  0.00000
  3502    28.735  0.00000
  3503    28.738  0.00000
  3504    28.739  0.00000
  3505    28.753  0.00000
  3506    28.756  0.00000
  3507    28.759  0.00000
  3508    28.763  0.00000
  3509    28.766  0.00000
  3510    28.768  0.00000
  3511    28.770  0.00000
  3512    28.779  0.00000
  3513    28.787  0.00000
  3514    28.795  0.00000
  3515    28.796  0.00000
  3516    28.811  0.00000
  3517    28.817  0.00000
  3518    28.818  0.00000
  3519    28.820  0.00000
  3520    28.833  0.00000
  3521    28.841  0.00000
  3522    28.863  0.00000
  3523    28.871  0.00000
  3524    28.887  0.00000
  3525    28.897  0.00000
  3526    28.900  0.00000
  3527    28.910  0.00000
  3528    28.962  0.00000
  3529    30.180  0.00000
  3530    30.291  0.00000
  3531    30.301  0.00000
  3532    30.317  0.00000
  3533    30.320  0.00000
  3534    30.329  0.00000
  3535    30.337  0.00000
  3536    30.337  0.00000
  3537    30.353  0.00000
  3538    30.354  0.00000
  3539    30.358  0.00000
  3540    30.360  0.00000
  3541    30.370  0.00000
  3542    30.384  0.00000
  3543    30.387  0.00000
  3544    30.392  0.00000
  3545    30.404  0.00000
  3546    30.408  0.00000
  3547    30.411  0.00000
  3548    30.411  0.00000
  3549    30.417  0.00000
  3550    30.418  0.00000
  3551    30.424  0.00000
  3552    30.441  0.00000
  3553    30.441  0.00000
  3554    30.445  0.00000
  3555    30.449  0.00000
  3556    30.453  0.00000
  3557    30.464  0.00000
  3558    30.473  0.00000
  3559    30.475  0.00000
  3560    30.481  0.00000
  3561    30.506  0.00000
  3562    30.510  0.00000
  3563    30.536  0.00000
  3564    30.580  0.00000
  3565    31.553  0.00000
  3566    31.673  0.00000
  3567    31.687  0.00000
  3568    31.763  0.00000
  3569    31.764  0.00000
  3570    31.775  0.00000
  3571    31.785  0.00000
  3572    31.786  0.00000
  3573    31.790  0.00000
  3574    31.794  0.00000
  3575    31.802  0.00000
  3576    31.809  0.00000
  3577    31.811  0.00000
  3578    31.816  0.00000
  3579    31.818  0.00000
  3580    31.829  0.00000
  3581    31.829  0.00000
  3582    31.831  0.00000
  3583    31.832  0.00000
  3584    31.835  0.00000
  3585    31.837  0.00000
  3586    31.843  0.00000
  3587    31.844  0.00000
  3588    31.854  0.00000
  3589    31.857  0.00000
  3590    31.861  0.00000
  3591    31.878  0.00000
  3592    31.879  0.00000
  3593    31.887  0.00000
  3594    31.892  0.00000
  3595    31.898  0.00000
  3596    31.906  0.00000
  3597    31.919  0.00000
  3598    31.930  0.00000
  3599    31.947  0.00000
  3600    31.991  0.00000
  3601    33.707  0.00000
  3602    33.737  0.00000
  3603    33.748  0.00000
  3604    33.757  0.00000
  3605    33.760  0.00000
  3606    33.770  0.00000
  3607    33.770  0.00000
  3608    33.773  0.00000
  3609    33.779  0.00000
  3610    33.786  0.00000
  3611    33.788  0.00000
  3612    33.802  0.00000
  3613    33.808  0.00000
  3614    33.811  0.00000
  3615    33.820  0.00000
  3616    33.821  0.00000
  3617    33.827  0.00000
  3618    33.838  0.00000
  3619    33.841  0.00000
  3620    33.843  0.00000
  3621    33.845  0.00000
  3622    33.851  0.00000
  3623    33.853  0.00000
  3624    33.861  0.00000
  3625    33.864  0.00000
  3626    33.865  0.00000
  3627    33.875  0.00000
  3628    33.875  0.00000
  3629    33.878  0.00000
  3630    33.883  0.00000
  3631    33.902  0.00000
  3632    33.905  0.00000
  3633    33.915  0.00000
  3634    33.918  0.00000
  3635    33.926  0.00000
  3636    33.931  0.00000
  3637    33.933  0.00000
  3638    33.947  0.00000
  3639    33.952  0.00000
  3640    34.000  0.00000
  3641    34.002  0.00000
  3642    34.002  0.00000
  3643    34.002  0.00000
  3644    34.025  0.00000
  3645    34.028  0.00000
  3646    34.031  0.00000
  3647    34.041  0.00000
  3648    34.043  0.00000
  3649    34.044  0.00000
  3650    34.056  0.00000
  3651    34.070  0.00000
  3652    34.075  0.00000
  3653    34.079  0.00000
  3654    34.083  0.00000
  3655    34.085  0.00000
  3656    34.086  0.00000
  3657    34.101  0.00000
  3658    34.102  0.00000
  3659    34.111  0.00000
  3660    34.112  0.00000
  3661    34.126  0.00000
  3662    34.129  0.00000
  3663    34.135  0.00000
  3664    34.143  0.00000
  3665    34.146  0.00000
  3666    34.152  0.00000
  3667    34.157  0.00000
  3668    34.164  0.00000
  3669    34.192  0.00000
  3670    34.193  0.00000
  3671    34.213  0.00000
  3672    34.265  0.00000

