|===============================================================================
|
|  DFTB+ release 24.1
|
|  Copyright (C) 2006 - 2024  DFTB+ developers group
|
|===============================================================================
|
|  When publishing results obtained with DFTB+, please cite the following
|  reference:
|
|  * DFTB+, a software package for efficient approximate density functional
|    theory based atomistic simulations, J. Chem. Phys. 152, 124101 (2020).
|    [doi: 10.1063/1.5143190]
|
|  You should also cite additional publications crediting the parametrization
|  data you use. Please consult the documentation of the SK-files for the
|  references.
|
|===============================================================================

Reading input file 'dftb_in.hsd'
Parser version: 14

--------------------------------------------------------------------------------
***  Converting input from parser version 10 to parser version 14 ...
***  Done.

Reading SK-files:
/home/takahashi/qmmm/sk/3ob/C-C.skf
/home/takahashi/qmmm/sk/3ob/C-H.skf
/home/takahashi/qmmm/sk/3ob/H-H.skf
Done.


Processed input in HSD format written to 'dftb_pin.hsd'

Starting initialization...
--------------------------------------------------------------------------------
OpenMP threads:              4
Chosen random seed:          410018020
Current stacksize:           unlimited
Mode:                        Static calculation
Self consistent charges:     Yes
SCC-tolerance:                 0.100000E-04
Max. scc iterations:                    300
Shell resolved Hubbard:      No
Spin polarisation:           No
Nr. of up electrons:           102.000000
Nr. of down electrons:         102.000000
Periodic boundaries:         No
Electronic solver:           Relatively robust
Mixer:                       Broyden mixer
Mixing parameter:                  0.200000
Maximal SCC-cycles:                     300
Nr. of chrg. vec. in memory:            300
Electronic temperature:              0.100000E-07 H      0.272114E-06 eV
Initial charges:             Set automatically (system chrg:   0.000E+00)
Included shells:             C:  s, p
                             H:  s
Full 3rd order correction    Yes
Damped SCC                   Yes
Damped species(s):           H                                                 
Extra options:
                             Mulliken analysis
                             Force calculation
Force type                   original
                             External charges specified

--------------------------------------------------------------------------------

***  Geometry step: 0

 iSCC Total electronic   Diff electronic      SCC error    
    1    0.00000000E+00    0.00000000E+00    0.21367647E+00
    2   -0.86438926E+02   -0.86438926E+02    0.12895928E+00
    3   -0.86457157E+02   -0.18230341E-01    0.87427262E-01
    4   -0.86463425E+02   -0.62685211E-02    0.29369908E-01
    5   -0.86463986E+02   -0.56071569E-03    0.79089049E-02
    6   -0.86464195E+02   -0.20918765E-03    0.24688417E-02
    7   -0.86464239E+02   -0.44063908E-04    0.10565374E-02
    8   -0.86464240E+02   -0.13438569E-05    0.35302857E-03
    9   -0.86464241E+02   -0.28229759E-06    0.12438959E-03
   10   -0.86464241E+02   -0.30862978E-07    0.71370270E-04
   11   -0.86464241E+02   -0.46297117E-08    0.20099582E-04
   12   -0.86464241E+02   -0.91988284E-09    0.75287946E-05
>> Charges saved for restart in charges.bin

Total Energy:                      -85.7014564510 H        -2332.0553 eV
Extrapolated to 0K:                -85.7014564510 H        -2332.0553 eV
Total Mermin free energy:          -85.7014564510 H        -2332.0553 eV
Force related energy:              -85.7014564510 H        -2332.0553 eV


--------------------------------------------------------------------------------
DFTB+ running times                          cpu [s]             wall clock [s]
--------------------------------------------------------------------------------
SCC                                    +       0.71 ( 89.9%)       0.10 ( 88.1%)
Post-SCC processing                    +       0.07 (  9.0%)       0.01 (  7.6%)
--------------------------------------------------------------------------------
Missing                                +       0.01 (  1.1%)       0.00 (  4.2%)
Total                                  =       0.79 (100.0%)       0.12 (100.0%)
--------------------------------------------------------------------------------
