 KPT            1  SPIN            1  KWEIGHT    1.0000000000000000     
     1  -114.012  1.00000
     2   -47.679  1.00000
     3   -28.047  1.00000
     4   -27.121  1.00000
     5   -25.955  1.00000
     6   -24.139  1.00000
     7   -23.808  1.00000
     8   -22.654  1.00000
     9   -21.812  1.00000
    10   -21.527  1.00000
    11   -21.475  1.00000
    12   -21.213  1.00000
    13   -20.206  1.00000
    14   -20.010  1.00000
    15   -19.869  1.00000
    16   -18.938  1.00000
    17   -18.743  1.00000
    18   -18.575  1.00000
    19   -18.549  1.00000
    20   -18.198  1.00000
    21   -17.802  1.00000
    22   -17.344  1.00000
    23   -17.067  1.00000
    24   -16.337  1.00000
    25   -16.326  1.00000
    26   -16.245  1.00000
    27   -15.805  1.00000
    28   -15.373  1.00000
    29   -15.308  1.00000
    30   -14.911  1.00000
    31   -14.807  1.00000
    32   -14.696  1.00000
    33   -14.509  1.00000
    34   -14.142  1.00000
    35   -14.054  1.00000
    36   -13.839  1.00000
    37   -13.276  1.00000
    38   -12.895  1.00000
    39   -12.778  1.00000
    40   -12.130  1.00000
    41   -12.090  1.00000
    42   -11.985  1.00000
    43   -11.694  1.00000
    44   -11.563  1.00000
    45   -11.447  1.00000
    46   -10.930  1.00000
    47   -10.738  1.00000
    48   -10.531  1.00000
    49    -9.752  1.00000
    50    -9.610  1.00000
    51    -8.647  1.00000
    52    -8.495  0.00000
    53    -6.132  0.00000
    54    -5.556  0.00000
    55    -5.139  0.00000
    56    -4.267  0.00000
    57    -3.851  0.00000
    58    -3.482  0.00000
    59    -3.146  0.00000
    60    -2.912  0.00000
    61    -2.572  0.00000
    62    -1.604  0.00000
    63     0.342  0.00000
    64     1.093  0.00000
    65     2.643  0.00000
    66     3.071  0.00000
    67     3.371  0.00000
    68     3.906  0.00000
    69     4.552  0.00000
    70     4.689  0.00000
    71     4.876  0.00000
    72     5.054  0.00000
    73     6.234  0.00000
    74     6.294  0.00000
    75     8.474  0.00000
    76     9.435  0.00000
    77     9.607  0.00000
    78     9.672  0.00000
    79    11.230  0.00000
    80    11.560  0.00000
    81    13.141  0.00000
    82    14.448  0.00000
    83    15.240  0.00000
    84    15.582  0.00000
    85    16.573  0.00000
    86    17.644  0.00000
    87    18.320  0.00000
    88    19.387  0.00000
    89    20.500  0.00000
    90    21.219  0.00000
    91    21.988  0.00000
    92    23.719  0.00000
    93    24.002  0.00000
    94    24.392  0.00000
    95    26.700  0.00000
    96    28.465  0.00000
    97    30.273  0.00000
    98    31.147  0.00000
    99    32.494  0.00000
   100    35.615  0.00000
   101   110.729  0.00000
   102   132.253  0.00000

 KPT            1  SPIN            2  KWEIGHT    1.0000000000000000     
     1  -113.779  1.00000
     2   -47.615  1.00000
     3   -28.085  1.00000
     4   -27.146  1.00000
     5   -25.789  1.00000
     6   -24.031  1.00000
     7   -23.864  1.00000
     8   -22.575  1.00000
     9   -21.993  1.00000
    10   -21.554  1.00000
    11   -21.346  1.00000
    12   -21.222  1.00000
    13   -20.006  1.00000
    14   -19.958  1.00000
    15   -19.751  1.00000
    16   -18.861  1.00000
    17   -18.718  1.00000
    18   -18.561  1.00000
    19   -18.485  1.00000
    20   -18.188  1.00000
    21   -17.719  1.00000
    22   -17.328  1.00000
    23   -16.963  1.00000
    24   -16.227  1.00000
    25   -16.204  1.00000
    26   -16.131  1.00000
    27   -16.022  1.00000
    28   -15.268  1.00000
    29   -15.150  1.00000
    30   -14.762  1.00000
    31   -14.686  1.00000
    32   -14.601  1.00000
    33   -14.361  1.00000
    34   -14.121  1.00000
    35   -13.929  1.00000
    36   -13.813  1.00000
    37   -13.666  1.00000
    38   -12.816  1.00000
    39   -12.565  1.00000
    40   -12.015  1.00000
    41   -11.868  1.00000
    42   -11.801  1.00000
    43   -11.583  1.00000
    44   -11.415  1.00000
    45   -11.304  1.00000
    46   -10.779  1.00000
    47   -10.648  1.00000
    48   -10.515  1.00000
    49   -10.465  1.00000
    50    -9.427  1.00000
    51    -9.028  0.00000
    52    -8.532  0.00000
    53    -6.135  0.00000
    54    -5.438  0.00000
    55    -5.100  0.00000
    56    -4.209  0.00000
    57    -3.928  0.00000
    58    -3.399  0.00000
    59    -3.101  0.00000
    60    -2.521  0.00000
    61    -2.308  0.00000
    62    -1.652  0.00000
    63    -0.129  0.00000
    64     1.140  0.00000
    65     2.641  0.00000
    66     2.890  0.00000
    67     3.457  0.00000
    68     3.751  0.00000
    69     4.518  0.00000
    70     4.650  0.00000
    71     4.889  0.00000
    72     5.043  0.00000
    73     6.095  0.00000
    74     6.369  0.00000
    75     8.601  0.00000
    76     9.421  0.00000
    77     9.490  0.00000
    78     9.894  0.00000
    79    11.182  0.00000
    80    11.446  0.00000
    81    13.197  0.00000
    82    14.582  0.00000
    83    15.344  0.00000
    84    15.687  0.00000
    85    16.628  0.00000
    86    17.673  0.00000
    87    18.465  0.00000
    88    19.498  0.00000
    89    20.494  0.00000
    90    21.260  0.00000
    91    22.029  0.00000
    92    23.875  0.00000
    93    24.237  0.00000
    94    24.446  0.00000
    95    26.731  0.00000
    96    28.308  0.00000
    97    30.357  0.00000
    98    31.191  0.00000
    99    32.697  0.00000
   100    35.804  0.00000
   101   111.029  0.00000
   102   132.240  0.00000

