   -0.0593805020   -0.0331253582    0.1716385303
   -0.1491504879   -0.1902157614    0.5183333266
    0.3244839816    0.3573182028   -0.9381824374
    0.1384319772    0.0086801849   -0.3259589971
   -0.0812361170    0.0750788960   -0.0858221685
   -0.1541322616   -0.2321656673    0.4618271382
   -0.2023872185   -0.1424687861    0.5232660175
   -0.0367623447   -0.0723248401    0.1876362947
    0.3693907469    0.3316599536   -0.9725594550
    0.1854835745    0.0318289457   -0.4101339923
    0.0517808520    0.1792697838   -0.4206935458
   -0.4082207749   -0.4231417221    1.1239664672
    0.1275849469    0.1179068716   -0.2732668365
   -0.0198709681   -0.0982653622    0.2272029941
   -0.0928905594    0.0325449685    0.1484352229
    0.0810099888    0.0427111219    0.0029265610
    0.0334312701    0.0459370062    0.0597264849
    0.0312168182    0.0346658558    0.0320950215
    0.0901903725   -0.1067409339   -0.0653942590
    0.0261080824    0.1438976078   -0.3248228368
   -0.2478205160   -0.1546618507    0.4995308510
    0.2102471942    0.0433260850   -0.4244704454
    0.0471578547    0.2104675816   -0.4262950536
   -0.4152115142   -0.4297680046    1.1632175107
   -0.1782409976   -0.1370469737    0.4988178250
   -0.0237119566   -0.0433281003    0.1395620844
    0.3396116828    0.3166909049   -0.9157625332
    0.0709378573    0.0307078784    0.0352192359
    0.0374222610    0.0656663832    0.0334477180
    0.0363140592    0.0306537095    0.0296951932
    0.0155381795   -0.0791558426   -0.0148105864
   -0.2703666051   -0.0935723568    0.4180041295
    0.2647264168    0.1295052257   -0.6412818380
   -0.1117557694   -0.0010558769    0.2200149145
    0.1214241466    0.1283498268   -0.2932564328
    0.0580789118   -0.1103980062    0.1110133940
    0.0682962058    0.0182404737    0.0683303485
    0.0392007587    0.0907583604   -0.0000199440
    0.0413829125    0.0282479745    0.0378345749
    0.0793976461    0.0297326081    0.0338244596
    0.0313169902    0.0717355282    0.0344211257
    0.0373206353    0.0323999388    0.0313694541
   -0.0562931701   -0.0243287515    0.1501773204
   -0.1360869734   -0.2066692131    0.5258304480
    0.3048072468    0.3599730837   -0.9320398323
    0.0544041320   -0.1137750779   -0.0463255268
    0.0049583974    0.1054169442   -0.2789637758
   -0.2041473140   -0.1472061283    0.4294803786
   -0.0436033719   -0.1923554180    0.2493883512
    0.2340239321    0.2549653734   -0.7654032266
   -0.3179131782   -0.1239460012    0.5752636195
    0.0716063618    0.0497584124    0.0020605368
    0.0461995423    0.0292399796    0.0599965464
    0.0247386641    0.0430828193    0.0278373329
   -0.0983625096   -0.2737104298    0.3880046486
   -0.0633831335   -0.0010885223   -0.0048968471
    0.1104379275    0.2868397604   -0.6418825813
    0.1362508987    0.0115849652   -0.3071701753
   -0.1089379538    0.0796683278   -0.0503118190
   -0.1196139136   -0.2270637031    0.4405485969
   -0.0715301104   -0.0007354666    0.1895836985
    0.1131217000    0.1293559210   -0.2804220697
    0.0170531930   -0.1081247835    0.1734577093
    0.0575707651    0.0252437415    0.0635293657
    0.0476122202    0.0775114409    0.0016065860
    0.0384697446    0.0255876859    0.0319075220
    0.2026747050    0.2316771640   -0.7128190771
   -0.1998241477   -0.0708280024    0.2988492000
   -0.1292181670   -0.3406234097    0.5920465623
    0.0022620377    0.0455232764    0.0743983169
    0.0355434934    0.0297547211    0.0380232677
    0.0858271934    0.0241390650   -0.0589755784
    0.0641115633    0.0219628863    0.0816734768
    0.0387960818    0.1155996440   -0.0283454276
    0.0510394872    0.0204405499    0.0386688321
    0.0858344189    0.0437242253    0.0016701489
    0.0258374874    0.0567594647    0.0631009101
    0.0285732962    0.0366249157    0.0334446112
    0.1196094207    0.1166374503   -0.2733399419
    0.0147371717   -0.0977256620    0.1955637676
   -0.1273827547    0.0372239093    0.1743750833
   -0.0973142249   -0.2548623861    0.3688628552
   -0.0752025375   -0.0059323564   -0.0103385441
    0.1285390778    0.2567530191   -0.6349457788
    0.0359841564    0.0282489426    0.0511086802
    0.0448662806   -0.0111099237    0.0809764755
    0.0259710687    0.0776938449   -0.0466938453
    0.0044520569   -0.0709561192   -0.0188408258
   -0.2641842249   -0.0790578440    0.3913073622
    0.2740876736    0.1159637200   -0.6327532870
    0.2226114852    0.1945162667   -0.6862168176
   -0.2068977712   -0.0533876475    0.2877743484
   -0.1261253342   -0.3116781543    0.5794734257
    0.0455850941    0.0386507302    0.0646818612
    0.0497997432    0.0815678427   -0.0080580973
    0.0468454361    0.0179633628    0.0276652527
   -0.0626787170   -0.1923120621    0.2714760538
    0.2222152814    0.2129021050   -0.7151594791
   -0.3201464136   -0.1087606969    0.5673227641
    0.0697069874    0.0543642397    0.0046703459
    0.0329843781    0.0426140954    0.0689965005
    0.0199315586    0.0443807102    0.0284049414
    0.0338755137    0.0341593777    0.0440009353
    0.0468967166   -0.0042996706    0.0790270246
    0.0221992939    0.0806558031   -0.0588636891
   -0.0105973706    0.0456649198    0.0868866315
    0.0427000697    0.0295960578    0.0264722084
    0.0924534366    0.0232294696   -0.0835184567
