 Fermi distribution function

Geometry optimization step: 5


********************************************************************************
 iSCC Total electronic   Diff electronic      SCC error    
 1001   -0.51287651E+02    0.14463476E+01    0.85516451E+00
********************************************************************************

 Total charge:     1.00000000

 Atomic gross charges (e)
 Atom           Charge
    1      -1.03559933
    2       0.98690950
    3      -0.77566892
    4       1.09981038
    5      -0.49098180
    6      -0.44683653
    7       1.05086627
    8       1.23497217
    9       0.09389088
   10      -0.91089067
   11       1.16418100
   12       0.35953620
   13      -0.48006909
   14      -0.13282499
   15      -1.52947936
   16       1.28360613
   17       0.95986253
   18      -0.14290535
   19       0.68411302
   20       3.67749808
   21      -0.31352439
   22      -1.09049172
   23       0.27304545
   24      -0.40140456
   25      -0.05946922
   26      -1.11306898
   27      -2.02951437
   28      -0.61024491
   29      -0.34869455
   30       0.40496821
   31       2.21213730
   32      -0.10692851
   33      -0.65378266
   34      -0.29441645
   35      -1.16636321
   36      -0.35223752


 Atomic net (on-site) populations and hybridisation ratios
 Atom       Population         Hybrid.
    1       4.03877279     -0.00969320
    2       1.80041490      0.54989627
    3       3.61071913      0.09732022
    4       1.75069877      0.56232531
    5       3.27297136      0.18175716
    6       1.21270079     -0.21270079
    7       1.79799037      0.55050241
    8       1.57508826      0.60622794
    9       2.49862408      0.37534398
   10       1.95290679     -0.95290679
   11       1.67881950      0.58029513
   12       2.43418818      0.39145296
   13       1.24259780     -0.24259780
   14       0.80048071      0.19951929
   15       4.70966257     -0.17741564
   16       1.97241873      0.50689532
   17       1.87220417      0.53194896
   18       0.82043548      0.17956452
   19       2.08660872      0.47834782
   20       0.15352222      0.96161945
   21       2.92602216      0.26849446
   22       2.35747513     -1.35747513
   23       2.47319994      0.38170002
   24       1.14366558     -0.14366558
   25       0.72914337      0.27085663
   26       2.28649273     -1.28649273
   27       5.35389410     -0.33847353
   28       3.64148184      0.08962954
   29       1.07704067     -0.07704067
   30       2.50402248      0.37399438
   31       1.24177664      0.68955584
   32       0.79841887      0.20158113
   33       3.46902021      0.13274495
   34       0.99792513      0.00207487
   35       2.44900814     -1.44900814
   36       1.10519646     -0.10519646

Nr. of electrons (up):     51.00000000
Atom populations (up)
 Atom       Population
    1       2.53202757
    2       1.48659414
    3       2.38798267
    4       1.47847894
    5       2.27054632
    6       0.72473414
    7       1.44902120
    8       1.37860122
    9       1.93679083
   10       0.95593291
   11       1.38352218
   12       1.82588516
   13       0.74434416
   14       0.57027611
   15       2.77362291
   16       1.35603159
   17       1.42324732
   18       0.58026817
   19       1.70739080
   20       0.16346282
   21       2.18144187
   22       1.04514390
   23       1.93409115
   24       0.71198532
   25       0.52430131
   26       1.05627372
   27       3.04832563
   28       2.24301958
   29       0.66104924
   30       2.07345044
   31       0.98412121
   32       0.59390036
   33       2.40789631
   34       0.65585256
   35       1.08306685
   36       0.66731938

l-shell populations (up)
 Atom Sh.   l       Population
    1   1   0       0.71341900
    1   2   1       1.81860858
    2   1   0       0.48991249
    2   2   1       0.99668166
    3   1   0       0.67344461
    3   2   1       1.71453806
    4   1   0       0.42712309
    4   2   1       1.05135586
    5   1   0       0.65493565
    5   2   1       1.61561067
    6   1   0       0.72473414
    7   1   0       0.49287710
    7   2   1       0.95614410
    8   1   0       0.48787130
    8   2   1       0.89072992
    9   1   0       0.49702223
    9   2   1       1.43976860
   10   1   0       0.95593291
   11   1   0       0.53323783
   11   2   1       0.85028435
   12   1   0       0.59503759
   12   2   1       1.23084756
   13   1   0       0.74434416
   14   1   0       0.57027611
   15   1   0       0.78937008
   15   2   1       1.98425283
   16   1   0       0.40323625
   16   2   1       0.95279534
   17   1   0       0.52558191
   17   2   1       0.89766542
   18   1   0       0.58026817
   19   1   0       0.57262171
   19   2   1       1.13476909
   20   1   0       0.06016429
   20   2   1       0.10329852
   21   1   0       0.57235892
   21   2   1       1.60908295
   22   1   0       1.04514390
   23   1   0       0.57928555
   23   2   1       1.35480560
   24   1   0       0.71198532
   25   1   0       0.52430131
   26   1   0       1.05627372
   27   1   0       0.80655602
   27   2   1       2.24176961
   28   1   0       0.59957996
   28   2   1       1.64343962
   29   1   0       0.66104924
   30   1   0       0.48666431
   30   2   1       1.58678613
   31   1   0       0.28709558
   31   2   1       0.69702563
   32   1   0       0.59390036
   33   1   0       0.64385825
   33   2   1       1.76403806
   34   1   0       0.65585256
   35   1   0       1.08306685
   36   1   0       0.66731938

Orbital populations (up)
 Atom Sh.   l   m       Population  Label
    1   1   0   0       0.71341900  s
    1   2   1  -1       0.66916797  p_y
    1   2   1   0       0.61924653  p_z
    1   2   1   1       0.53019407  p_x
    2   1   0   0       0.48991249  s
    2   2   1  -1       0.32501165  p_y
    2   2   1   0       0.38298669  p_z
    2   2   1   1       0.28868332  p_x
    3   1   0   0       0.67344461  s
    3   2   1  -1       0.61040619  p_y
    3   2   1   0       0.57515961  p_z
    3   2   1   1       0.52897226  p_x
    4   1   0   0       0.42712309  s
    4   2   1  -1       0.42147514  p_y
    4   2   1   0       0.35981170  p_z
    4   2   1   1       0.27006902  p_x
    5   1   0   0       0.65493565  s
    5   2   1  -1       0.56335207  p_y
    5   2   1   0       0.51890896  p_z
    5   2   1   1       0.53334964  p_x
    6   1   0   0       0.72473414  s
    7   1   0   0       0.49287710  s
    7   2   1  -1       0.28944704  p_y
    7   2   1   0       0.37665660  p_z
    7   2   1   1       0.29004047  p_x
    8   1   0   0       0.48787130  s
    8   2   1  -1       0.25036878  p_y
    8   2   1   0       0.31404301  p_z
    8   2   1   1       0.32631812  p_x
    9   1   0   0       0.49702223  s
    9   2   1  -1       0.49729524  p_y
    9   2   1   0       0.47813802  p_z
    9   2   1   1       0.46433534  p_x
   10   1   0   0       0.95593291  s
   11   1   0   0       0.53323783  s
   11   2   1  -1       0.18477911  p_y
   11   2   1   0       0.35790748  p_z
   11   2   1   1       0.30759776  p_x
   12   1   0   0       0.59503759  s
   12   2   1  -1       0.36660381  p_y
   12   2   1   0       0.44728449  p_z
   12   2   1   1       0.41695925  p_x
   13   1   0   0       0.74434416  s
   14   1   0   0       0.57027611  s
   15   1   0   0       0.78937008  s
   15   2   1  -1       0.72720864  p_y
   15   2   1   0       0.70389667  p_z
   15   2   1   1       0.55314751  p_x
   16   1   0   0       0.40323625  s
   16   2   1  -1       0.36605256  p_y
   16   2   1   0       0.43532633  p_z
   16   2   1   1       0.15141644  p_x
   17   1   0   0       0.52558191  s
   17   2   1  -1       0.25441006  p_y
   17   2   1   0       0.33396797  p_z
   17   2   1   1       0.30928739  p_x
   18   1   0   0       0.58026817  s
   19   1   0   0       0.57262171  s
   19   2   1  -1       0.32799168  p_y
   19   2   1   0       0.41038234  p_z
   19   2   1   1       0.39639507  p_x
   20   1   0   0       0.06016429  s
   20   2   1  -1       0.01594757  p_y
   20   2   1   0       0.07259346  p_z
   20   2   1   1       0.01475749  p_x
   21   1   0   0       0.57235892  s
   21   2   1  -1       0.54937666  p_y
   21   2   1   0       0.57308622  p_z
   21   2   1   1       0.48662007  p_x
   22   1   0   0       1.04514390  s
   23   1   0   0       0.57928555  s
   23   2   1  -1       0.48009913  p_y
   23   2   1   0       0.37959798  p_z
   23   2   1   1       0.49510849  p_x
   24   1   0   0       0.71198532  s
   25   1   0   0       0.52430131  s
   26   1   0   0       1.05627372  s
   27   1   0   0       0.80655602  s
   27   2   1  -1       0.88084799  p_y
   27   2   1   0       0.75313825  p_z
   27   2   1   1       0.60778337  p_x
   28   1   0   0       0.59957996  s
   28   2   1  -1       0.67810711  p_y
   28   2   1   0       0.46236034  p_z
   28   2   1   1       0.50297218  p_x
   29   1   0   0       0.66104924  s
   30   1   0   0       0.48666431  s
   30   2   1  -1       0.72499591  p_y
   30   2   1   0       0.44629609  p_z
   30   2   1   1       0.41549413  p_x
   31   1   0   0       0.28709558  s
   31   2   1  -1       0.21308828  p_y
   31   2   1   0       0.15443761  p_z
   31   2   1   1       0.32949974  p_x
   32   1   0   0       0.59390036  s
   33   1   0   0       0.64385825  s
   33   2   1  -1       0.75939204  p_y
   33   2   1   0       0.48893198  p_z
   33   2   1   1       0.51571405  p_x
   34   1   0   0       0.65585256  s
   35   1   0   0       1.08306685  s
   36   1   0   0       0.66731938  s

Nr. of electrons (down):     50.00000000
Atom populations (down)
 Atom       Population
    1       2.50357176
    2       1.52649636
    3       2.38768625
    4       1.42171068
    5       2.22043548
    6       0.72210240
    7       1.50011253
    8       1.38642661
    9       1.96931829
   10       0.95495775
   11       1.45229682
   12       1.81457864
   13       0.73572493
   14       0.56254889
   15       2.75585645
   16       1.36036229
   17       1.61689015
   18       0.56263719
   19       1.60849618
   20       0.15903911
   21       2.13208252
   22       1.04534782
   23       1.79286340
   24       0.68941923
   25       0.53516791
   26       1.05679526
   27       2.98118874
   28       2.36722534
   29       0.68764531
   30       1.52158136
   31       0.80374150
   32       0.51302816
   33       2.24588634
   34       0.63856389
   35       1.08329636
   36       0.68491814

l-shell populations (down)
 Atom Sh.   l       Population
    1   1   0       0.70975866
    1   2   1       1.79381310
    2   1   0       0.49835698
    2   2   1       1.02813938
    3   1   0       0.67504272
    3   2   1       1.71264353
    4   1   0       0.40869102
    4   2   1       1.01301966
    5   1   0       0.64541700
    5   2   1       1.57501848
    6   1   0       0.72210240
    7   1   0       0.50356658
    7   2   1       0.99654595
    8   1   0       0.49009854
    8   2   1       0.89632807
    9   1   0       0.50931129
    9   2   1       1.46000700
   10   1   0       0.95495775
   11   1   0       0.54494139
   11   2   1       0.90735543
   12   1   0       0.59204729
   12   2   1       1.22253135
   13   1   0       0.73572493
   14   1   0       0.56254889
   15   1   0       0.78584929
   15   2   1       1.97000716
   16   1   0       0.40628749
   16   2   1       0.95407479
   17   1   0       0.54928615
   17   2   1       1.06760400
   18   1   0       0.56263719
   19   1   0       0.56703415
   19   2   1       1.04146203
   20   1   0       0.05987040
   20   2   1       0.09916870
   21   1   0       0.55640484
   21   2   1       1.57567768
   22   1   0       1.04534782
   23   1   0       0.55365075
   23   2   1       1.23921265
   24   1   0       0.68941923
   25   1   0       0.53516791
   26   1   0       1.05679526
   27   1   0       0.80788225
   27   2   1       2.17330649
   28   1   0       0.66024421
   28   2   1       1.70698112
   29   1   0       0.68764531
   30   1   0       0.50095247
   30   2   1       1.02062889
   31   1   0       0.27556648
   31   2   1       0.52817501
   32   1   0       0.51302816
   33   1   0       0.62638335
   33   2   1       1.61950300
   34   1   0       0.63856389
   35   1   0       1.08329636
   36   1   0       0.68491814

Orbital populations (down)
 Atom Sh.   l   m       Population  Label
    1   1   0   0       0.70975866  s
    1   2   1  -1       0.65130273  p_y
    1   2   1   0       0.62246062  p_z
    1   2   1   1       0.52004975  p_x
    2   1   0   0       0.49835698  s
    2   2   1  -1       0.33941711  p_y
    2   2   1   0       0.39271431  p_z
    2   2   1   1       0.29600796  p_x
    3   1   0   0       0.67504272  s
    3   2   1  -1       0.60664640  p_y
    3   2   1   0       0.57331046  p_z
    3   2   1   1       0.53268667  p_x
    4   1   0   0       0.40869102  s
    4   2   1  -1       0.40771777  p_y
    4   2   1   0       0.34814682  p_z
    4   2   1   1       0.25715507  p_x
    5   1   0   0       0.64541700  s
    5   2   1  -1       0.54512833  p_y
    5   2   1   0       0.50595276  p_z
    5   2   1   1       0.52393738  p_x
    6   1   0   0       0.72210240  s
    7   1   0   0       0.50356658  s
    7   2   1  -1       0.30745644  p_y
    7   2   1   0       0.38713809  p_z
    7   2   1   1       0.30195142  p_x
    8   1   0   0       0.49009854  s
    8   2   1  -1       0.25256465  p_y
    8   2   1   0       0.31447093  p_z
    8   2   1   1       0.32929248  p_x
    9   1   0   0       0.50931129  s
    9   2   1  -1       0.50694733  p_y
    9   2   1   0       0.47952921  p_z
    9   2   1   1       0.47353046  p_x
   10   1   0   0       0.95495775  s
   11   1   0   0       0.54494139  s
   11   2   1  -1       0.21140603  p_y
   11   2   1   0       0.36878090  p_z
   11   2   1   1       0.32716850  p_x
   12   1   0   0       0.59204729  s
   12   2   1  -1       0.36444684  p_y
   12   2   1   0       0.44632498  p_z
   12   2   1   1       0.41175954  p_x
   13   1   0   0       0.73572493  s
   14   1   0   0       0.56254889  s
   15   1   0   0       0.78584929  s
   15   2   1  -1       0.71921677  p_y
   15   2   1   0       0.69981253  p_z
   15   2   1   1       0.55097786  p_x
   16   1   0   0       0.40628749  s
   16   2   1  -1       0.36631860  p_y
   16   2   1   0       0.44044659  p_z
   16   2   1   1       0.14730961  p_x
   17   1   0   0       0.54928615  s
   17   2   1  -1       0.35004995  p_y
   17   2   1   0       0.36455007  p_z
   17   2   1   1       0.35300397  p_x
   18   1   0   0       0.56263719  s
   19   1   0   0       0.56703415  s
   19   2   1  -1       0.26804341  p_y
   19   2   1   0       0.39621299  p_z
   19   2   1   1       0.37720563  p_x
   20   1   0   0       0.05987040  s
   20   2   1  -1       0.01209793  p_y
   20   2   1   0       0.07238055  p_z
   20   2   1   1       0.01469022  p_x
   21   1   0   0       0.55640484  s
   21   2   1  -1       0.53879333  p_y
   21   2   1   0       0.55391167  p_z
   21   2   1   1       0.48297268  p_x
   22   1   0   0       1.04534782  s
   23   1   0   0       0.55365075  s
   23   2   1  -1       0.42133932  p_y
   23   2   1   0       0.35264134  p_z
   23   2   1   1       0.46523198  p_x
   24   1   0   0       0.68941923  s
   25   1   0   0       0.53516791  s
   26   1   0   0       1.05679526  s
   27   1   0   0       0.80788225  s
   27   2   1  -1       0.83132173  p_y
   27   2   1   0       0.74355185  p_z
   27   2   1   1       0.59843291  p_x
   28   1   0   0       0.66024421  s
   28   2   1  -1       0.66678224  p_y
   28   2   1   0       0.49480944  p_z
   28   2   1   1       0.54538944  p_x
   29   1   0   0       0.68764531  s
   30   1   0   0       0.50095247  s
   30   2   1  -1       0.33178015  p_y
   30   2   1   0       0.36955621  p_z
   30   2   1   1       0.31929253  p_x
   31   1   0   0       0.27556648  s
   31   2   1  -1       0.13448006  p_y
   31   2   1   0       0.10878773  p_z
   31   2   1   1       0.28490722  p_x
   32   1   0   0       0.51302816  s
   33   1   0   0       0.62638335  s
   33   2   1  -1       0.67413540  p_y
   33   2   1   0       0.45879492  p_z
   33   2   1   1       0.48657267  p_x
   34   1   0   0       0.63856389  s
   35   1   0   0       1.08329636  s
   36   1   0   0       0.68491814  s

Spin  up
Fermi level:                        -0.3149932145 H           -8.5714 eV
Band energy:                       -35.6894843691 H         -971.1603 eV
TS:                                  0.0000000000 H            0.0000 eV
Band free energy (E-TS):           -35.6894843691 H         -971.1603 eV
Extrapolated E(0K):                -35.6894843691 H         -971.1603 eV
Input / Output electrons (up):     50.9999999987     51.0000000000

Spin  down
Fermi level:                        -0.3391073678 H           -9.2276 eV
Band energy:                       -35.2674249043 H         -959.6755 eV
TS:                                  0.0000000000 H            0.0000 eV
Band free energy (E-TS):           -35.2674249043 H         -959.6755 eV
Extrapolated E(0K):                -35.2674249043 H         -959.6755 eV
Input / Output electrons (down):     50.0000000006     50.0000000000

Energy H0:                         -40.3802572497 H        -1098.8027 eV
Energy SCC:                        -11.4943432400 H         -312.7770 eV
Energy SPIN:                        -0.0056971016 H           -0.1550 eV
Energy 3rd:                          0.5926467315 H           16.1267 eV
Total Electronic energy:           -51.2876508598 H        -1395.6080 eV
Repulsive energy:                    3.4503335821 H           93.8884 eV
Total energy:                      -47.8373172777 H        -1301.7196 eV
Extrapolated to 0:                 -47.8373172777 H        -1301.7196 eV
Total Mermin free energy:          -47.8373172777 H        -1301.7196 eV
Force related energy:              -47.8373172777 H        -1301.7196 eV

