 Fermi distribution function

Calculation with static geometry


********************************************************************************
 iSCC Total electronic   Diff electronic      SCC error    
    4   -0.86414171E+02   -0.59313017E-02    0.32863105E-01
********************************************************************************

 Total charge:    -0.00000000

 Atomic gross charges (e)
 Atom           Charge
    1       0.04573137
    2      -0.12112165
    3       0.03543207
    4      -0.13017133
    5       0.05631145
    6       0.08322050
    7      -0.14883453
    8      -0.14718729
    9       0.05024230
   10       0.09389210
   11      -0.07828473
   12       0.05690478
   13       0.10431859
   14       0.10046588
   15       0.06557996
   16      -0.13134778
   17      -0.08868954
   18       0.07216222
   19      -0.07421435
   20      -0.16910043
   21       0.04095145
   22       0.08803408
   23      -0.12161760
   24       0.05682232
   25       0.05892170
   26       0.10970731
   27       0.04202884
   28      -0.10890124
   29       0.10291586
   30      -0.11823618
   31      -0.11771351
   32       0.09994672
   33      -0.09735179
   34       0.11252420
   35       0.07652370
   36       0.08816475
   37       0.04581297
   38      -0.11212370
   39       0.05874729
   40      -0.15579927
   41       0.04967321
   42       0.06975104
   43      -0.17848404
   44      -0.16278227
   45       0.05323784
   46       0.12954197
   47      -0.10083095
   48       0.05602302
   49       0.11889498
   50       0.09878666
   51       0.04296903
   52      -0.13137033
   53      -0.08736638
   54       0.10545999
   55      -0.11381299
   56      -0.13741740
   57       0.03834867
   58       0.09328153
   59      -0.09886105
   60       0.06476207
   61       0.07204179
   62       0.09684456
   63       0.03937384
   64      -0.09620550
   65       0.10517965
   66      -0.06949060
   67      -0.10849114
   68       0.08359962
   69      -0.12561913
   70       0.06876714
   71       0.09805293
   72       0.10147472

Nr. of electrons (up):    204.00000000
Atom populations (up)
 Atom       Population
    1       3.95426863
    2       4.12112165
    3       3.96456793
    4       4.13017133
    5       3.94368855
    6       0.91677950
    7       4.14883453
    8       4.14718729
    9       3.94975770
   10       0.90610790
   11       4.07828473
   12       3.94309522
   13       0.89568141
   14       0.89953412
   15       3.93442004
   16       4.13134778
   17       4.08868954
   18       0.92783778
   19       4.07421435
   20       4.16910043
   21       3.95904855
   22       0.91196592
   23       4.12161760
   24       0.94317768
   25       0.94107830
   26       0.89029269
   27       3.95797116
   28       4.10890124
   29       0.89708414
   30       4.11823618
   31       4.11771351
   32       0.90005328
   33       4.09735179
   34       0.88747580
   35       0.92347630
   36       0.91183525
   37       3.95418703
   38       4.11212370
   39       3.94125271
   40       4.15579927
   41       3.95032679
   42       0.93024896
   43       4.17848404
   44       4.16278227
   45       3.94676216
   46       0.87045803
   47       4.10083095
   48       3.94397698
   49       0.88110502
   50       0.90121334
   51       3.95703097
   52       4.13137033
   53       4.08736638
   54       0.89454001
   55       4.11381299
   56       4.13741740
   57       3.96165133
   58       0.90671847
   59       4.09886105
   60       0.93523793
   61       0.92795821
   62       0.90315544
   63       3.96062616
   64       4.09620550
   65       0.89482035
   66       4.06949060
   67       4.10849114
   68       0.91640038
   69       4.12561913
   70       0.93123286
   71       0.90194707
   72       0.89852528

l-shell populations (up)
 Atom Sh.   l       Population
    1   1   0       1.18989899
    1   2   1       2.76436964
    2   1   0       1.26047054
    2   2   1       2.86065111
    3   1   0       1.20858445
    3   2   1       2.75598348
    4   1   0       1.26693062
    4   2   1       2.86324071
    5   1   0       1.17116530
    5   2   1       2.77252325
    6   1   0       0.91677950
    7   1   0       1.24278633
    7   2   1       2.90604819
    8   1   0       1.25228674
    8   2   1       2.89490056
    9   1   0       1.18791933
    9   2   1       2.76183837
   10   1   0       0.90610790
   11   1   0       1.25266208
   11   2   1       2.82562266
   12   1   0       1.17112727
   12   2   1       2.77196795
   13   1   0       0.89568141
   14   1   0       0.89953412
   15   1   0       1.17704789
   15   2   1       2.75737215
   16   1   0       1.26451213
   16   2   1       2.86683565
   17   1   0       1.24494481
   17   2   1       2.84374473
   18   1   0       0.92783778
   19   1   0       1.23736063
   19   2   1       2.83685372
   20   1   0       1.24504173
   20   2   1       2.92405871
   21   1   0       1.18978780
   21   2   1       2.76926074
   22   1   0       0.91196592
   23   1   0       1.23425547
   23   2   1       2.88736213
   24   1   0       0.94317768
   25   1   0       0.94107830
   26   1   0       0.89029269
   27   1   0       1.19003079
   27   2   1       2.76794037
   28   1   0       1.22355822
   28   2   1       2.88534302
   29   1   0       0.89708414
   30   1   0       1.22580261
   30   2   1       2.89243357
   31   1   0       1.23929185
   31   2   1       2.87842165
   32   1   0       0.90005328
   33   1   0       1.21303675
   33   2   1       2.88431504
   34   1   0       0.88747580
   35   1   0       0.92347630
   36   1   0       0.91183525
   37   1   0       1.18723739
   37   2   1       2.76694964
   38   1   0       1.26428561
   38   2   1       2.84783808
   39   1   0       1.17688212
   39   2   1       2.76437059
   40   1   0       1.24347682
   40   2   1       2.91232244
   41   1   0       1.17214795
   41   2   1       2.77817884
   42   1   0       0.93024896
   43   1   0       1.23572280
   43   2   1       2.94276124
   44   1   0       1.26151476
   44   2   1       2.90126751
   45   1   0       1.18111508
   45   2   1       2.76564709
   46   1   0       0.87045803
   47   1   0       1.24253045
   47   2   1       2.85830050
   48   1   0       1.17138041
   48   2   1       2.77259657
   49   1   0       0.88110502
   50   1   0       0.90121334
   51   1   0       1.18972116
   51   2   1       2.76730981
   52   1   0       1.25475286
   52   2   1       2.87661747
   53   1   0       1.23516491
   53   2   1       2.85220147
   54   1   0       0.89454001
   55   1   0       1.24108895
   55   2   1       2.87272404
   56   1   0       1.25398231
   56   2   1       2.88343509
   57   1   0       1.19806929
   57   2   1       2.76358204
   58   1   0       0.90671847
   59   1   0       1.20787342
   59   2   1       2.89098763
   60   1   0       0.93523793
   61   1   0       0.92795821
   62   1   0       0.90315544
   63   1   0       1.19731787
   63   2   1       2.76330829
   64   1   0       1.21534680
   64   2   1       2.88085870
   65   1   0       0.89482035
   66   1   0       1.23942907
   66   2   1       2.83006152
   67   1   0       1.21823665
   67   2   1       2.89025449
   68   1   0       0.91640038
   69   1   0       1.21481369
   69   2   1       2.91080544
   70   1   0       0.93123286
   71   1   0       0.90194707
   72   1   0       0.89852528

Orbital populations (up)
 Atom Sh.   l   m       Population  Label
    1   1   0   0       1.18989899  s
    1   2   1  -1       0.95300861  p_y
    1   2   1   0       0.90400362  p_z
    1   2   1   1       0.90735741  p_x
    2   1   0   0       1.26047054  s
    2   2   1  -1       0.98110063  p_y
    2   2   1   0       0.93240334  p_z
    2   2   1   1       0.94714714  p_x
    3   1   0   0       1.20858445  s
    3   2   1  -1       0.94398828  p_y
    3   2   1   0       0.90416694  p_z
    3   2   1   1       0.90782826  p_x
    4   1   0   0       1.26693062  s
    4   2   1  -1       0.98119148  p_y
    4   2   1   0       0.93477852  p_z
    4   2   1   1       0.94727070  p_x
    5   1   0   0       1.17116530  s
    5   2   1  -1       0.94873963  p_y
    5   2   1   0       0.91609850  p_z
    5   2   1   1       0.90768512  p_x
    6   1   0   0       0.91677950  s
    7   1   0   0       1.24278633  s
    7   2   1  -1       1.00296076  p_y
    7   2   1   0       0.93361127  p_z
    7   2   1   1       0.96947616  p_x
    8   1   0   0       1.25228674  s
    8   2   1  -1       0.99903226  p_y
    8   2   1   0       0.93208320  p_z
    8   2   1   1       0.96378510  p_x
    9   1   0   0       1.18791933  s
    9   2   1  -1       0.94642486  p_y
    9   2   1   0       0.90870700  p_z
    9   2   1   1       0.90670652  p_x
   10   1   0   0       0.90610790  s
   11   1   0   0       1.25266208  s
   11   2   1  -1       0.96848266  p_y
   11   2   1   0       0.92386586  p_z
   11   2   1   1       0.93327414  p_x
   12   1   0   0       1.17112727  s
   12   2   1  -1       0.94375981  p_y
   12   2   1   0       0.90912605  p_z
   12   2   1   1       0.91908210  p_x
   13   1   0   0       0.89568141  s
   14   1   0   0       0.89953412  s
   15   1   0   0       1.17704789  s
   15   2   1  -1       0.94513356  p_y
   15   2   1   0       0.90093936  p_z
   15   2   1   1       0.91129923  p_x
   16   1   0   0       1.26451213  s
   16   2   1  -1       0.99375220  p_y
   16   2   1   0       0.92808448  p_z
   16   2   1   1       0.94499898  p_x
   17   1   0   0       1.24494481  s
   17   2   1  -1       0.98085336  p_y
   17   2   1   0       0.93851254  p_z
   17   2   1   1       0.92437883  p_x
   18   1   0   0       0.92783778  s
   19   1   0   0       1.23736063  s
   19   2   1  -1       0.98101179  p_y
   19   2   1   0       0.92849391  p_z
   19   2   1   1       0.92734802  p_x
   20   1   0   0       1.24504173  s
   20   2   1  -1       1.01931653  p_y
   20   2   1   0       0.94039696  p_z
   20   2   1   1       0.96434522  p_x
   21   1   0   0       1.18978780  s
   21   2   1  -1       0.94611267  p_y
   21   2   1   0       0.90518255  p_z
   21   2   1   1       0.91796552  p_x
   22   1   0   0       0.91196592  s
   23   1   0   0       1.23425547  s
   23   2   1  -1       1.00144678  p_y
   23   2   1   0       0.94685256  p_z
   23   2   1   1       0.93906279  p_x
   24   1   0   0       0.94317768  s
   25   1   0   0       0.94107830  s
   26   1   0   0       0.89029269  s
   27   1   0   0       1.19003079  s
   27   2   1  -1       0.94264172  p_y
   27   2   1   0       0.91483598  p_z
   27   2   1   1       0.91046267  p_x
   28   1   0   0       1.22355822  s
   28   2   1  -1       0.98191769  p_y
   28   2   1   0       0.94373652  p_z
   28   2   1   1       0.95968881  p_x
   29   1   0   0       0.89708414  s
   30   1   0   0       1.22580261  s
   30   2   1  -1       0.98380063  p_y
   30   2   1   0       0.93882939  p_z
   30   2   1   1       0.96980355  p_x
   31   1   0   0       1.23929185  s
   31   2   1  -1       0.98785955  p_y
   31   2   1   0       0.96153902  p_z
   31   2   1   1       0.92902309  p_x
   32   1   0   0       0.90005328  s
   33   1   0   0       1.21303675  s
   33   2   1  -1       0.98332513  p_y
   33   2   1   0       0.95965110  p_z
   33   2   1   1       0.94133881  p_x
   34   1   0   0       0.88747580  s
   35   1   0   0       0.92347630  s
   36   1   0   0       0.91183525  s
   37   1   0   0       1.18723739  s
   37   2   1  -1       0.95469533  p_y
   37   2   1   0       0.89166202  p_z
   37   2   1   1       0.92059228  p_x
   38   1   0   0       1.26428561  s
   38   2   1  -1       0.98861526  p_y
   38   2   1   0       0.91712764  p_z
   38   2   1   1       0.94209519  p_x
   39   1   0   0       1.17688212  s
   39   2   1  -1       0.95372153  p_y
   39   2   1   0       0.89228816  p_z
   39   2   1   1       0.91836090  p_x
   40   1   0   0       1.24347682  s
   40   2   1  -1       1.01153640  p_y
   40   2   1   0       0.91954119  p_z
   40   2   1   1       0.98124485  p_x
   41   1   0   0       1.17214795  s
   41   2   1  -1       0.96196420  p_y
   41   2   1   0       0.89860590  p_z
   41   2   1   1       0.91760875  p_x
   42   1   0   0       0.93024896  s
   43   1   0   0       1.23572280  s
   43   2   1  -1       1.03412878  p_y
   43   2   1   0       0.92554645  p_z
   43   2   1   1       0.98308601  p_x
   44   1   0   0       1.26151476  s
   44   2   1  -1       1.01004317  p_y
   44   2   1   0       0.92559766  p_z
   44   2   1   1       0.96562668  p_x
   45   1   0   0       1.18111508  s
   45   2   1  -1       0.95089451  p_y
   45   2   1   0       0.90045015  p_z
   45   2   1   1       0.91430242  p_x
   46   1   0   0       0.87045803  s
   47   1   0   0       1.24253045  s
   47   2   1  -1       0.98082326  p_y
   47   2   1   0       0.92172536  p_z
   47   2   1   1       0.95575188  p_x
   48   1   0   0       1.17138041  s
   48   2   1  -1       0.94791762  p_y
   48   2   1   0       0.89823036  p_z
   48   2   1   1       0.92644859  p_x
   49   1   0   0       0.88110502  s
   50   1   0   0       0.90121334  s
   51   1   0   0       1.18972116  s
   51   2   1  -1       0.95698983  p_y
   51   2   1   0       0.90003675  p_z
   51   2   1   1       0.91028322  p_x
   52   1   0   0       1.25475286  s
   52   2   1  -1       1.00592874  p_y
   52   2   1   0       0.92364568  p_z
   52   2   1   1       0.94704305  p_x
   53   1   0   0       1.23516491  s
   53   2   1  -1       0.99408165  p_y
   53   2   1   0       0.92888825  p_z
   53   2   1   1       0.92923157  p_x
   54   1   0   0       0.89454001  s
   55   1   0   0       1.24108895  s
   55   2   1  -1       1.00032562  p_y
   55   2   1   0       0.92894653  p_z
   55   2   1   1       0.94345189  p_x
   56   1   0   0       1.25398231  s
   56   2   1  -1       1.01939587  p_y
   56   2   1   0       0.92290799  p_z
   56   2   1   1       0.94113123  p_x
   57   1   0   0       1.19806929  s
   57   2   1  -1       0.96102204  p_y
   57   2   1   0       0.89191370  p_z
   57   2   1   1       0.91064631  p_x
   58   1   0   0       0.90671847  s
   59   1   0   0       1.20787342  s
   59   2   1  -1       0.99339882  p_y
   59   2   1   0       0.96675835  p_z
   59   2   1   1       0.93083046  p_x
   60   1   0   0       0.93523793  s
   61   1   0   0       0.92795821  s
   62   1   0   0       0.90315544  s
   63   1   0   0       1.19731787  s
   63   2   1  -1       0.96156810  p_y
   63   2   1   0       0.88946645  p_z
   63   2   1   1       0.91227374  p_x
   64   1   0   0       1.21534680  s
   64   2   1  -1       0.99773206  p_y
   64   2   1   0       0.92753113  p_z
   64   2   1   1       0.95559551  p_x
   65   1   0   0       0.89482035  s
   66   1   0   0       1.23942907  s
   66   2   1  -1       0.97254389  p_y
   66   2   1   0       0.92386978  p_z
   66   2   1   1       0.93364785  p_x
   67   1   0   0       1.21823665  s
   67   2   1  -1       1.00901414  p_y
   67   2   1   0       0.95506414  p_z
   67   2   1   1       0.92617621  p_x
   68   1   0   0       0.91640038  s
   69   1   0   0       1.21481369  s
   69   2   1  -1       1.01734173  p_y
   69   2   1   0       0.95368018  p_z
   69   2   1   1       0.93978353  p_x
   70   1   0   0       0.93123286  s
   71   1   0   0       0.90194707  s
   72   1   0   0       0.89852528  s

Fermi level:                        -0.1421679791 H           -3.8686 eV
Band energy:                       -80.2158409231 H        -2182.7841 eV
TS:                                  0.0000000000 H            0.0000 eV
Band free energy (E-TS):           -80.2158409231 H        -2182.7841 eV
Extrapolated E(0K):                -80.2158409231 H        -2182.7841 eV
Input / Output electrons (q):    204.0000000000    204.0000000000

Energy H0:                         -86.4082737287 H        -2351.2888 eV
Energy SCC:                         -0.0049553919 H           -0.1348 eV
Energy 3rd:                         -0.0009419805 H           -0.0256 eV
Total Electronic energy:           -86.4141711012 H        -2351.4492 eV
Repulsive energy:                    0.8106849211 H           22.0599 eV
Total energy:                      -85.6034861801 H        -2329.3894 eV
Extrapolated to 0:                 -85.6034861801 H        -2329.3894 eV
