|===============================================================================
|
|  DFTB+ release 24.1
|
|  Copyright (C) 2006 - 2024  DFTB+ developers group
|
|===============================================================================
|
|  When publishing results obtained with DFTB+, please cite the following
|  reference:
|
|  * DFTB+, a software package for efficient approximate density functional
|    theory based atomistic simulations, J. Chem. Phys. 152, 124101 (2020).
|    [doi: 10.1063/1.5143190]
|
|  You should also cite additional publications crediting the parametrization
|  data you use. Please consult the documentation of the SK-files for the
|  references.
|
|===============================================================================

Reading input file 'dftb_in.hsd'
Parser version: 14

--------------------------------------------------------------------------------
***  Converting input from parser version 10 to parser version 14 ...
***  Done.

Reading SK-files:
/home/takahashi/qmmm/sk/3ob/C-C.skf
/home/takahashi/qmmm/sk/3ob/C-H.skf
/home/takahashi/qmmm/sk/3ob/H-H.skf
Done.


Processed input in HSD format written to 'dftb_pin.hsd'

Starting initialization...
--------------------------------------------------------------------------------
OpenMP threads:              4
Chosen random seed:          407728669
Current stacksize:           unlimited
Mode:                        Static calculation
Self consistent charges:     Yes
SCC-tolerance:                 0.100000E-04
Max. scc iterations:                    300
Shell resolved Hubbard:      No
Spin polarisation:           No
Nr. of up electrons:           102.000000
Nr. of down electrons:         102.000000
Periodic boundaries:         No
Electronic solver:           Relatively robust
Mixer:                       Broyden mixer
Mixing parameter:                  0.200000
Maximal SCC-cycles:                     300
Nr. of chrg. vec. in memory:            300
Electronic temperature:              0.100000E-07 H      0.272114E-06 eV
Initial charges:             Set automatically (system chrg:   0.000E+00)
Included shells:             C:  s, p
                             H:  s
Full 3rd order correction    Yes
Damped SCC                   Yes
Damped species(s):           H                                                 
Extra options:
                             Mulliken analysis
                             Force calculation
Force type                   original
                             External charges specified

--------------------------------------------------------------------------------

***  Geometry step: 0

 iSCC Total electronic   Diff electronic      SCC error    
    1    0.00000000E+00    0.00000000E+00    0.20746161E+00
    2   -0.86420245E+02   -0.86420245E+02    0.13263846E+00
    3   -0.86439679E+02   -0.19434221E-01    0.10133542E+00
    4   -0.86446928E+02   -0.72491897E-02    0.28287422E-01
    5   -0.86447421E+02   -0.49272755E-03    0.71056575E-02
    6   -0.86447659E+02   -0.23790947E-03    0.27380196E-02
    7   -0.86447705E+02   -0.46049568E-04    0.13096709E-02
    8   -0.86447706E+02   -0.17014467E-05    0.55652966E-03
    9   -0.86447707E+02   -0.24116113E-06    0.16755227E-03
   10   -0.86447707E+02   -0.45187875E-07    0.42423467E-04
   11   -0.86447707E+02   -0.56528222E-08    0.27866994E-04
   12   -0.86447707E+02   -0.46782134E-09    0.62376382E-05
>> Charges saved for restart in charges.bin

Total Energy:                      -85.6606862501 H        -2330.9459 eV
Extrapolated to 0K:                -85.6606862501 H        -2330.9459 eV
Total Mermin free energy:          -85.6606862501 H        -2330.9459 eV
Force related energy:              -85.6606862501 H        -2330.9459 eV


--------------------------------------------------------------------------------
DFTB+ running times                          cpu [s]             wall clock [s]
--------------------------------------------------------------------------------
Global initialisation                  +       0.03 (  3.8%)       0.00 (  0.8%)
SCC                                    +       0.78 ( 94.2%)       0.11 ( 89.9%)
--------------------------------------------------------------------------------
Missing                                +       0.02 (  2.1%)       0.01 (  9.2%)
Total                                  =       0.83 (100.0%)       0.12 (100.0%)
--------------------------------------------------------------------------------
