 Fermi distribution function

Calculation with static geometry


********************************************************************************
 iSCC Total electronic   Diff electronic      SCC error    
   15   -0.86330175E+02   -0.40947867E-07    0.66469259E-05
********************************************************************************

 Total charge:     1.00000000

 Atomic gross charges (e)
 Atom           Charge
    1       0.03464427
    2      -0.10409804
    3       0.05311868
    4      -0.09955982
    5       0.04387261
    6       0.10755935
    7      -0.18539902
    8      -0.17473175
    9       0.03229248
   10       0.11363083
   11      -0.06154273
   12       0.04449058
   13       0.08328250
   14       0.07846364
   15       0.04463669
   16      -0.11158444
   17      -0.10261981
   18       0.10242748
   19      -0.12857165
   20      -0.17755646
   21       0.03779409
   22       0.10872764
   23      -0.08909268
   24       0.08810952
   25       0.07938059
   26       0.08417185
   27       0.05553936
   28      -0.09029871
   29       0.08151257
   30      -0.12467249
   31      -0.08792565
   32       0.09703675
   33      -0.06874706
   34       0.07498051
   35       0.08800559
   36       0.07265730
   37       0.02878327
   38      -0.05132242
   39       0.03129417
   40      -0.04357199
   41       0.03583074
   42       0.12174024
   43      -0.08776644
   44      -0.05954735
   45       0.02533278
   46       0.12769363
   47      -0.05422315
   48       0.04707421
   49       0.11816146
   50       0.12533321
   51       0.03160136
   52      -0.05989097
   53      -0.05704975
   54       0.12454601
   55      -0.08726578
   56      -0.06074176
   57       0.04517358
   58       0.11883810
   59      -0.04972565
   60       0.10430207
   61       0.08789298
   62       0.12097764
   63       0.04464763
   64      -0.06737434
   65       0.09777589
   66      -0.08253394
   67      -0.04579328
   68       0.10448023
   69      -0.06377531
   70       0.12574261
   71       0.10472429
   72       0.09870144


 Atomic net (on-site) populations and hybridisation ratios
 Atom       Population         Hybrid.
    1       2.71153101      0.32211725
    2       2.86573087      0.28356728
    3       2.69722811      0.32569297
    4       2.85016032      0.28745992
    5       2.69580194      0.32604952
    6       0.56465204      0.43534796
    7       2.95520159      0.26119960
    8       2.93995219      0.26501195
    9       2.71821481      0.32044630
   10       0.55712863      0.44287137
   11       2.78064134      0.30483967
   12       2.72873164      0.31781709
   13       0.57994131      0.42005869
   14       0.59047156      0.40952844
   15       2.71058937      0.32235266
   16       2.87848227      0.28037943
   17       2.82607769      0.29348058
   18       0.57214744      0.42785256
   19       2.85899602      0.28525099
   20       2.93625725      0.26593569
   21       2.71833731      0.32041567
   22       0.56175194      0.43824806
   23       2.83421232      0.29144692
   24       0.57628391      0.42371609
   25       0.58538594      0.41461406
   26       0.57886502      0.42113498
   27       2.69485337      0.32628666
   28       2.83852045      0.29036989
   29       0.58831783      0.41168217
   30       2.86533188      0.28366703
   31       2.80249834      0.29937541
   32       0.57310095      0.42689905
   33       2.79516967      0.30120758
   34       0.59462435      0.40537565
   35       0.57865540      0.42134460
   36       0.59901852      0.40098148
   37       2.71550447      0.32112388
   38       2.79656475      0.30085881
   39       2.71702273      0.32074432
   40       2.81982797      0.29504301
   41       2.72720242      0.31819939
   42       0.54577998      0.45422002
   43       2.82508681      0.29372830
   44       2.83976163      0.29005959
   45       2.72098835      0.31975291
   46       0.53437277      0.46562723
   47       2.78585708      0.30353573
   48       2.70799597      0.32300101
   49       0.54335279      0.45664721
   50       0.54030990      0.45969010
   51       2.70395895      0.32401026
   52       2.82459919      0.29385020
   53       2.77323852      0.30669037
   54       0.54065709      0.45934291
   55       2.80581663      0.29854584
   56       2.81749600      0.29562600
   57       2.70345554      0.32413611
   58       0.54807339      0.45192661
   59       2.77997494      0.30500626
   60       0.56261013      0.43738987
   61       0.57948435      0.42051565
   62       0.54843318      0.45156682
   63       2.68933246      0.32766689
   64       2.80145430      0.29963642
   65       0.56957316      0.43042684
   66       2.87915571      0.28021107
   67       2.74426951      0.31393262
   68       0.56164188      0.43835812
   69       2.81735594      0.29566102
   70       0.54319903      0.45680097
   71       0.56198689      0.43801311
   72       0.57246907      0.42753093

Nr. of electrons (up):    102.00000000
Atom populations (up)
 Atom       Population
    1       1.98259871
    2       2.05255816
    3       1.97340074
    4       2.05039474
    5       1.97805677
    6       0.44619184
    7       2.09303980
    8       2.08777597
    9       1.98376862
   10       0.44314985
   11       2.03092572
   12       1.97781745
   13       0.45833957
   14       0.46074422
   15       1.97764978
   16       2.05628072
   17       2.05137134
   18       0.44877730
   19       2.06440941
   20       2.08905665
   21       1.98107317
   22       0.44560857
   23       2.04473034
   24       0.45594238
   25       0.46030096
   26       0.45789960
   27       1.97228901
   28       2.04532869
   29       0.45923483
   30       2.06242494
   31       2.04397592
   32       0.45147193
   33       2.03454548
   34       0.46250984
   35       0.45599689
   36       0.46366155
   37       1.97751567
   38       2.07548548
   39       1.97516434
   40       2.09682128
   41       1.98465509
   42       0.43641323
   43       2.09987953
   44       2.12310289
   45       1.97844515
   46       0.43210746
   47       2.04690646
   48       1.97936627
   49       0.43798766
   50       0.43216781
   51       1.97158042
   52       2.08967330
   53       2.04200988
   54       0.43665311
   55       2.06238797
   56       2.10529189
   57       1.97901710
   58       0.43727644
   59       2.03766488
   60       0.44711648
   61       0.45503161
   62       0.43532284
   63       1.97248249
   64       2.05992104
   65       0.45040552
   66       2.07945090
   67       2.03601966
   68       0.44630566
   69       2.04533336
   70       0.43494547
   71       0.44691887
   72       0.44987133

l-shell populations (up)
 Atom Sh.   l       Population
    1   1   0       0.58998537
    1   2   1       1.39261334
    2   1   0       0.62258591
    2   2   1       1.42997224
    3   1   0       0.59058732
    3   2   1       1.38281342
    4   1   0       0.62005849
    4   2   1       1.43033625
    5   1   0       0.58695816
    5   2   1       1.39109861
    6   1   0       0.44619184
    7   1   0       0.62444979
    7   2   1       1.46859001
    8   1   0       0.62225912
    8   2   1       1.46551685
    9   1   0       0.59144549
    9   2   1       1.39232313
   10   1   0       0.44314985
   11   1   0       0.61099357
   11   2   1       1.41993215
   12   1   0       0.59669139
   12   2   1       1.38112605
   13   1   0       0.45833957
   14   1   0       0.46074422
   15   1   0       0.59204723
   15   2   1       1.38560255
   16   1   0       0.62508297
   16   2   1       1.43119775
   17   1   0       0.61222619
   17   2   1       1.43914515
   18   1   0       0.44877730
   19   1   0       0.61580812
   19   2   1       1.44860129
   20   1   0       0.62095808
   20   2   1       1.46809857
   21   1   0       0.59236106
   21   2   1       1.38871211
   22   1   0       0.44560857
   23   1   0       0.61948890
   23   2   1       1.42524145
   24   1   0       0.45594238
   25   1   0       0.46030096
   26   1   0       0.45789960
   27   1   0       0.58967637
   27   2   1       1.38261264
   28   1   0       0.62025171
   28   2   1       1.42507698
   29   1   0       0.45923483
   30   1   0       0.61688985
   30   2   1       1.44553509
   31   1   0       0.61013697
   31   2   1       1.43383894
   32   1   0       0.45147193
   33   1   0       0.61231426
   33   2   1       1.42223122
   34   1   0       0.46250984
   35   1   0       0.45599689
   36   1   0       0.46366155
   37   1   0       0.58728141
   37   2   1       1.39023426
   38   1   0       0.62160615
   38   2   1       1.45387933
   39   1   0       0.58831660
   39   2   1       1.38684774
   40   1   0       0.63202958
   40   2   1       1.46479170
   41   1   0       0.59431418
   41   2   1       1.39034091
   42   1   0       0.43641323
   43   1   0       0.61962348
   43   2   1       1.48025605
   44   1   0       0.63385331
   44   2   1       1.48924958
   45   1   0       0.58737699
   45   2   1       1.39106817
   46   1   0       0.43210746
   47   1   0       0.61649368
   47   2   1       1.43041278
   48   1   0       0.59118089
   48   2   1       1.38818537
   49   1   0       0.43798766
   50   1   0       0.43216781
   51   1   0       0.58397498
   51   2   1       1.38760544
   52   1   0       0.62728594
   52   2   1       1.46238736
   53   1   0       0.61173951
   53   2   1       1.43027037
   54   1   0       0.43665311
   55   1   0       0.61145010
   55   2   1       1.45093788
   56   1   0       0.62536088
   56   2   1       1.47993101
   57   1   0       0.58841023
   57   2   1       1.39060687
   58   1   0       0.43727644
   59   1   0       0.61532346
   59   2   1       1.42234142
   60   1   0       0.44711648
   61   1   0       0.45503161
   62   1   0       0.43532284
   63   1   0       0.58493338
   63   2   1       1.38754911
   64   1   0       0.61577581
   64   2   1       1.44414523
   65   1   0       0.45040552
   66   1   0       0.63696383
   66   2   1       1.44248707
   67   1   0       0.60731021
   67   2   1       1.42870945
   68   1   0       0.44630566
   69   1   0       0.62222295
   69   2   1       1.42311041
   70   1   0       0.43494547
   71   1   0       0.44691887
   72   1   0       0.44987133

Orbital populations (up)
 Atom Sh.   l   m       Population  Label
    1   1   0   0       0.58998537  s
    1   2   1  -1       0.47907956  p_y
    1   2   1   0       0.45703152  p_z
    1   2   1   1       0.45650226  p_x
    2   1   0   0       0.62258591  s
    2   2   1  -1       0.48833871  p_y
    2   2   1   0       0.46203146  p_z
    2   2   1   1       0.47960207  p_x
    3   1   0   0       0.59058732  s
    3   2   1  -1       0.47407288  p_y
    3   2   1   0       0.45124841  p_z
    3   2   1   1       0.45749212  p_x
    4   1   0   0       0.62005849  s
    4   2   1  -1       0.48737729  p_y
    4   2   1   0       0.46337439  p_z
    4   2   1   1       0.47958457  p_x
    5   1   0   0       0.58695816  s
    5   2   1  -1       0.47591836  p_y
    5   2   1   0       0.45918919  p_z
    5   2   1   1       0.45599106  p_x
    6   1   0   0       0.44619184  s
    7   1   0   0       0.62444979  s
    7   2   1  -1       0.51746113  p_y
    7   2   1   0       0.46903834  p_z
    7   2   1   1       0.48209054  p_x
    8   1   0   0       0.62225912  s
    8   2   1  -1       0.51850132  p_y
    8   2   1   0       0.47123813  p_z
    8   2   1   1       0.47577740  p_x
    9   1   0   0       0.59144549  s
    9   2   1  -1       0.48003200  p_y
    9   2   1   0       0.45671791  p_z
    9   2   1   1       0.45557321  p_x
   10   1   0   0       0.44314985  s
   11   1   0   0       0.61099357  s
   11   2   1  -1       0.48162036  p_y
   11   2   1   0       0.46228804  p_z
   11   2   1   1       0.47602376  p_x
   12   1   0   0       0.59669139  s
   12   2   1  -1       0.47546852  p_y
   12   2   1   0       0.44651987  p_z
   12   2   1   1       0.45913766  p_x
   13   1   0   0       0.45833957  s
   14   1   0   0       0.46074422  s
   15   1   0   0       0.59204723  s
   15   2   1  -1       0.47630817  p_y
   15   2   1   0       0.45316504  p_z
   15   2   1   1       0.45612934  p_x
   16   1   0   0       0.62508297  s
   16   2   1  -1       0.48786625  p_y
   16   2   1   0       0.46290331  p_z
   16   2   1   1       0.48042819  p_x
   17   1   0   0       0.61222619  s
   17   2   1  -1       0.49622099  p_y
   17   2   1   0       0.47399326  p_z
   17   2   1   1       0.46893090  p_x
   18   1   0   0       0.44877730  s
   19   1   0   0       0.61580812  s
   19   2   1  -1       0.50300608  p_y
   19   2   1   0       0.46551143  p_z
   19   2   1   1       0.48008378  p_x
   20   1   0   0       0.62095808  s
   20   2   1  -1       0.51736896  p_y
   20   2   1   0       0.47101590  p_z
   20   2   1   1       0.47971371  p_x
   21   1   0   0       0.59236106  s
   21   2   1  -1       0.47826808  p_y
   21   2   1   0       0.45401305  p_z
   21   2   1   1       0.45643097  p_x
   22   1   0   0       0.44560857  s
   23   1   0   0       0.61948890  s
   23   2   1  -1       0.48853908  p_y
   23   2   1   0       0.47128103  p_z
   23   2   1   1       0.46542133  p_x
   24   1   0   0       0.45594238  s
   25   1   0   0       0.46030096  s
   26   1   0   0       0.45789960  s
   27   1   0   0       0.58967637  s
   27   2   1  -1       0.47478344  p_y
   27   2   1   0       0.44717319  p_z
   27   2   1   1       0.46065601  p_x
   28   1   0   0       0.62025171  s
   28   2   1  -1       0.48581534  p_y
   28   2   1   0       0.46090535  p_z
   28   2   1   1       0.47835629  p_x
   29   1   0   0       0.45923483  s
   30   1   0   0       0.61688985  s
   30   2   1  -1       0.50098269  p_y
   30   2   1   0       0.46548474  p_z
   30   2   1   1       0.47906766  p_x
   31   1   0   0       0.61013697  s
   31   2   1  -1       0.48951587  p_y
   31   2   1   0       0.47754154  p_z
   31   2   1   1       0.46678153  p_x
   32   1   0   0       0.45147193  s
   33   1   0   0       0.61231426  s
   33   2   1  -1       0.48352082  p_y
   33   2   1   0       0.46828525  p_z
   33   2   1   1       0.47042515  p_x
   34   1   0   0       0.46250984  s
   35   1   0   0       0.45599689  s
   36   1   0   0       0.46366155  s
   37   1   0   0       0.58728141  s
   37   2   1  -1       0.47944832  p_y
   37   2   1   0       0.45058509  p_z
   37   2   1   1       0.46020086  p_x
   38   1   0   0       0.62160615  s
   38   2   1  -1       0.49843813  p_y
   38   2   1   0       0.47058347  p_z
   38   2   1   1       0.48485773  p_x
   39   1   0   0       0.58831660  s
   39   2   1  -1       0.47845880  p_y
   39   2   1   0       0.45142178  p_z
   39   2   1   1       0.45696715  p_x
   40   1   0   0       0.63202958  s
   40   2   1  -1       0.50619186  p_y
   40   2   1   0       0.46882700  p_z
   40   2   1   1       0.48977284  p_x
   41   1   0   0       0.59431418  s
   41   2   1  -1       0.47754429  p_y
   41   2   1   0       0.45430008  p_z
   41   2   1   1       0.45849654  p_x
   42   1   0   0       0.43641323  s
   43   1   0   0       0.61962348  s
   43   2   1  -1       0.51873987  p_y
   43   2   1   0       0.46764430  p_z
   43   2   1   1       0.49387187  p_x
   44   1   0   0       0.63385331  s
   44   2   1  -1       0.52728222  p_y
   44   2   1   0       0.46872817  p_z
   44   2   1   1       0.49323919  p_x
   45   1   0   0       0.58737699  s
   45   2   1  -1       0.47880639  p_y
   45   2   1   0       0.45322801  p_z
   45   2   1   1       0.45903376  p_x
   46   1   0   0       0.43210746  s
   47   1   0   0       0.61649368  s
   47   2   1  -1       0.48457649  p_y
   47   2   1   0       0.46554375  p_z
   47   2   1   1       0.48029255  p_x
   48   1   0   0       0.59118089  s
   48   2   1  -1       0.47443366  p_y
   48   2   1   0       0.45407800  p_z
   48   2   1   1       0.45967371  p_x
   49   1   0   0       0.43798766  s
   50   1   0   0       0.43216781  s
   51   1   0   0       0.58397498  s
   51   2   1  -1       0.47886156  p_y
   51   2   1   0       0.44793986  p_z
   51   2   1   1       0.46080403  p_x
   52   1   0   0       0.62728594  s
   52   2   1  -1       0.50833563  p_y
   52   2   1   0       0.46628668  p_z
   52   2   1   1       0.48776505  p_x
   53   1   0   0       0.61173951  s
   53   2   1  -1       0.48994351  p_y
   53   2   1   0       0.47136269  p_z
   53   2   1   1       0.46896418  p_x
   54   1   0   0       0.43665311  s
   55   1   0   0       0.61145010  s
   55   2   1  -1       0.50140928  p_y
   55   2   1   0       0.46460812  p_z
   55   2   1   1       0.48492047  p_x
   56   1   0   0       0.62536088  s
   56   2   1  -1       0.51673436  p_y
   56   2   1   0       0.47151051  p_z
   56   2   1   1       0.49168614  p_x
   57   1   0   0       0.58841023  s
   57   2   1  -1       0.47978641  p_y
   57   2   1   0       0.45026175  p_z
   57   2   1   1       0.46055871  p_x
   58   1   0   0       0.43727644  s
   59   1   0   0       0.61532346  s
   59   2   1  -1       0.48099019  p_y
   59   2   1   0       0.47656820  p_z
   59   2   1   1       0.46478302  p_x
   60   1   0   0       0.44711648  s
   61   1   0   0       0.45503161  s
   62   1   0   0       0.43532284  s
   63   1   0   0       0.58493338  s
   63   2   1  -1       0.47602773  p_y
   63   2   1   0       0.45215038  p_z
   63   2   1   1       0.45937100  p_x
   64   1   0   0       0.61577581  s
   64   2   1  -1       0.50095180  p_y
   64   2   1   0       0.46095385  p_z
   64   2   1   1       0.48223958  p_x
   65   1   0   0       0.45040552  s
   66   1   0   0       0.63696383  s
   66   2   1  -1       0.49687408  p_y
   66   2   1   0       0.46192185  p_z
   66   2   1   1       0.48369113  p_x
   67   1   0   0       0.60731021  s
   67   2   1  -1       0.48405156  p_y
   67   2   1   0       0.48130713  p_z
   67   2   1   1       0.46335076  p_x
   68   1   0   0       0.44630566  s
   69   1   0   0       0.62222295  s
   69   2   1  -1       0.48898812  p_y
   69   2   1   0       0.46211295  p_z
   69   2   1   1       0.47200934  p_x
   70   1   0   0       0.43494547  s
   71   1   0   0       0.44691887  s
   72   1   0   0       0.44987133  s

Nr. of electrons (down):    101.00000000
Atom populations (down)
 Atom       Population
    1       1.98275701
    2       2.05153989
    3       1.97348058
    4       2.04916508
    5       1.97807062
    6       0.44624881
    7       2.09235922
    8       2.08695577
    9       1.98393890
   10       0.44321932
   11       2.03061701
   12       1.97769197
   13       0.45837793
   14       0.46079213
   15       1.97771353
   16       2.05530372
   17       2.05124847
   18       0.44879522
   19       2.06416224
   20       2.08849981
   21       1.98113274
   22       0.44566378
   23       2.04436234
   24       0.45594810
   25       0.46031845
   26       0.45792855
   27       1.97217162
   28       2.04497002
   29       0.45925261
   30       2.06224756
   31       2.04394973
   32       0.45149131
   33       2.03420158
   34       0.46250965
   35       0.45599752
   36       0.46368115
   37       1.99370106
   38       1.97583694
   39       1.99354149
   40       1.94675070
   41       1.97951417
   42       0.44184653
   43       1.98788692
   44       1.93644445
   45       1.99622207
   46       0.44019890
   47       2.00731669
   48       1.97355953
   49       0.44385089
   50       0.44249898
   51       1.99681822
   52       1.97021767
   53       2.01503988
   54       0.43880088
   55       2.02487781
   56       1.95544987
   57       1.97580931
   58       0.44388545
   59       2.01206078
   60       0.44858145
   61       0.45707540
   62       0.44369953
   63       1.98286988
   64       2.00745331
   65       0.45181859
   66       2.00308304
   67       2.00977362
   68       0.44921411
   69       2.01844195
   70       0.43931192
   71       0.44835684
   72       0.45142724

l-shell populations (down)
 Atom Sh.   l       Population
    1   1   0       0.59001881
    1   2   1       1.39273821
    2   1   0       0.62253839
    2   2   1       1.42900150
    3   1   0       0.59060742
    3   2   1       1.38287316
    4   1   0       0.61999959
    4   2   1       1.42916549
    5   1   0       0.58697683
    5   2   1       1.39109379
    6   1   0       0.44624881
    7   1   0       0.62441213
    7   2   1       1.46794709
    8   1   0       0.62221466
    8   2   1       1.46474112
    9   1   0       0.59147899
    9   2   1       1.39245991
   10   1   0       0.44321932
   11   1   0       0.61098123
   11   2   1       1.41963578
   12   1   0       0.59669796
   12   2   1       1.38099402
   13   1   0       0.45837793
   14   1   0       0.46079213
   15   1   0       0.59206463
   15   2   1       1.38564890
   16   1   0       0.62503657
   16   2   1       1.43026715
   17   1   0       0.61222872
   17   2   1       1.43901976
   18   1   0       0.44879522
   19   1   0       0.61579335
   19   2   1       1.44836889
   20   1   0       0.62093403
   20   2   1       1.46756578
   21   1   0       0.59238145
   21   2   1       1.38875130
   22   1   0       0.44566378
   23   1   0       0.61947683
   23   2   1       1.42488551
   24   1   0       0.45594810
   25   1   0       0.46031845
   26   1   0       0.45792855
   27   1   0       0.58967893
   27   2   1       1.38249269
   28   1   0       0.62023528
   28   2   1       1.42473474
   29   1   0       0.45925261
   30   1   0       0.61688299
   30   2   1       1.44536457
   31   1   0       0.61014455
   31   2   1       1.43380518
   32   1   0       0.45149131
   33   1   0       0.61230160
   33   2   1       1.42189998
   34   1   0       0.46250965
   35   1   0       0.45599752
   36   1   0       0.46368115
   37   1   0       0.59073825
   37   2   1       1.40296281
   38   1   0       0.61707110
   38   2   1       1.35876583
   39   1   0       0.59252521
   39   2   1       1.40101629
   40   1   0       0.62491963
   40   2   1       1.32183107
   41   1   0       0.59595031
   41   2   1       1.38356385
   42   1   0       0.44184653
   43   1   0       0.61454491
   43   2   1       1.37334200
   44   1   0       0.62497203
   44   2   1       1.31147242
   45   1   0       0.59099861
   45   2   1       1.40522346
   46   1   0       0.44019890
   47   1   0       0.61515689
   47   2   1       1.39215979
   48   1   0       0.59292128
   48   2   1       1.38063825
   49   1   0       0.44385089
   50   1   0       0.44249898
   51   1   0       0.58890841
   51   2   1       1.40790981
   52   1   0       0.62180160
   52   2   1       1.34841607
   53   1   0       0.61136559
   53   2   1       1.40367428
   54   1   0       0.43880088
   55   1   0       0.61019383
   55   2   1       1.41468398
   56   1   0       0.61827929
   56   2   1       1.33717058
   57   1   0       0.59026566
   57   2   1       1.38554365
   58   1   0       0.44388545
   59   1   0       0.61498952
   59   2   1       1.39707126
   60   1   0       0.44858145
   61   1   0       0.45707540
   62   1   0       0.44369953
   63   1   0       0.58817672
   63   2   1       1.39469316
   64   1   0       0.61381680
   64   2   1       1.39363650
   65   1   0       0.45181859
   66   1   0       0.63371081
   66   2   1       1.36937223
   67   1   0       0.60715892
   67   2   1       1.40261471
   68   1   0       0.44921411
   69   1   0       0.62227021
   69   2   1       1.39617174
   70   1   0       0.43931192
   71   1   0       0.44835684
   72   1   0       0.45142724

Orbital populations (down)
 Atom Sh.   l   m       Population  Label
    1   1   0   0       0.59001881  s
    1   2   1  -1       0.47913483  p_y
    1   2   1   0       0.45707598  p_z
    1   2   1   1       0.45652740  p_x
    2   1   0   0       0.62253839  s
    2   2   1  -1       0.48767898  p_y
    2   2   1   0       0.46188263  p_z
    2   2   1   1       0.47943989  p_x
    3   1   0   0       0.59060742  s
    3   2   1  -1       0.47410264  p_y
    3   2   1   0       0.45126385  p_z
    3   2   1   1       0.45750667  p_x
    4   1   0   0       0.61999959  s
    4   2   1  -1       0.48659431  p_y
    4   2   1   0       0.46319743  p_z
    4   2   1   1       0.47937375  p_x
    5   1   0   0       0.58697683  s
    5   2   1  -1       0.47590282  p_y
    5   2   1   0       0.45920422  p_z
    5   2   1   1       0.45598675  p_x
    6   1   0   0       0.44624881  s
    7   1   0   0       0.62441213  s
    7   2   1  -1       0.51718323  p_y
    7   2   1   0       0.46891372  p_z
    7   2   1   1       0.48185015  p_x
    8   1   0   0       0.62221466  s
    8   2   1  -1       0.51810777  p_y
    8   2   1   0       0.47108491  p_z
    8   2   1   1       0.47554843  p_x
    9   1   0   0       0.59147899  s
    9   2   1  -1       0.48009274  p_y
    9   2   1   0       0.45676449  p_z
    9   2   1   1       0.45560268  p_x
   10   1   0   0       0.44321932  s
   11   1   0   0       0.61098123  s
   11   2   1  -1       0.48141546  p_y
   11   2   1   0       0.46224675  p_z
   11   2   1   1       0.47597357  p_x
   12   1   0   0       0.59669796  s
   12   2   1  -1       0.47539251  p_y
   12   2   1   0       0.44647930  p_z
   12   2   1   1       0.45912221  p_x
   13   1   0   0       0.45837793  s
   14   1   0   0       0.46079213  s
   15   1   0   0       0.59206463  s
   15   2   1  -1       0.47631711  p_y
   15   2   1   0       0.45319283  p_z
   15   2   1   1       0.45613896  p_x
   16   1   0   0       0.62503657  s
   16   2   1  -1       0.48725645  p_y
   16   2   1   0       0.46274959  p_z
   16   2   1   1       0.48026111  p_x
   17   1   0   0       0.61222872  s
   17   2   1  -1       0.49610482  p_y
   17   2   1   0       0.47398392  p_z
   17   2   1   1       0.46893102  p_x
   18   1   0   0       0.44879522  s
   19   1   0   0       0.61579335  s
   19   2   1  -1       0.50297074  p_y
   19   2   1   0       0.46548041  p_z
   19   2   1   1       0.47991774  p_x
   20   1   0   0       0.62093403  s
   20   2   1  -1       0.51704066  p_y
   20   2   1   0       0.47091069  p_z
   20   2   1   1       0.47961442  p_x
   21   1   0   0       0.59238145  s
   21   2   1  -1       0.47826200  p_y
   21   2   1   0       0.45403545  p_z
   21   2   1   1       0.45645385  p_x
   22   1   0   0       0.44566378  s
   23   1   0   0       0.61947683  s
   23   2   1  -1       0.48827637  p_y
   23   2   1   0       0.47122366  p_z
   23   2   1   1       0.46538548  p_x
   24   1   0   0       0.45594810  s
   25   1   0   0       0.46031845  s
   26   1   0   0       0.45792855  s
   27   1   0   0       0.58967893  s
   27   2   1  -1       0.47468236  p_y
   27   2   1   0       0.44716194  p_z
   27   2   1   1       0.46064839  p_x
   28   1   0   0       0.62023528  s
   28   2   1  -1       0.48559157  p_y
   28   2   1   0       0.46085333  p_z
   28   2   1   1       0.47828984  p_x
   29   1   0   0       0.45925261  s
   30   1   0   0       0.61688299  s
   30   2   1  -1       0.50081712  p_y
   30   2   1   0       0.46547626  p_z
   30   2   1   1       0.47907119  p_x
   31   1   0   0       0.61014455  s
   31   2   1  -1       0.48949630  p_y
   31   2   1   0       0.47753597  p_z
   31   2   1   1       0.46677290  p_x
   32   1   0   0       0.45149131  s
   33   1   0   0       0.61230160  s
   33   2   1  -1       0.48333239  p_y
   33   2   1   0       0.46822337  p_z
   33   2   1   1       0.47034423  p_x
   34   1   0   0       0.46250965  s
   35   1   0   0       0.45599752  s
   36   1   0   0       0.46368115  s
   37   1   0   0       0.59073825  s
   37   2   1  -1       0.48489356  p_y
   37   2   1   0       0.45508648  p_z
   37   2   1   1       0.46298278  p_x
   38   1   0   0       0.61707110  s
   38   2   1  -1       0.42774888  p_y
   38   2   1   0       0.46636403  p_z
   38   2   1   1       0.46465293  p_x
   39   1   0   0       0.59252521  s
   39   2   1  -1       0.48424708  p_y
   39   2   1   0       0.45577998  p_z
   39   2   1   1       0.46098923  p_x
   40   1   0   0       0.62491963  s
   40   2   1  -1       0.40573522  p_y
   40   2   1   0       0.46130798  p_z
   40   2   1   1       0.45478787  p_x
   41   1   0   0       0.59595031  s
   41   2   1  -1       0.46968058  p_y
   41   2   1   0       0.45609497  p_z
   41   2   1   1       0.45778830  p_x
   42   1   0   0       0.44184653  s
   43   1   0   0       0.61454491  s
   43   2   1  -1       0.44229795  p_y
   43   2   1   0       0.46201329  p_z
   43   2   1   1       0.46903077  p_x
   44   1   0   0       0.62497203  s
   44   2   1  -1       0.39715537  p_y
   44   2   1   0       0.45863968  p_z
   44   2   1   1       0.45567736  p_x
   45   1   0   0       0.59099861  s
   45   2   1  -1       0.48532353  p_y
   45   2   1   0       0.45747377  p_z
   45   2   1   1       0.46242616  p_x
   46   1   0   0       0.44019890  s
   47   1   0   0       0.61515689  s
   47   2   1  -1       0.45564067  p_y
   47   2   1   0       0.46311598  p_z
   47   2   1   1       0.47340315  p_x
   48   1   0   0       0.59292128  s
   48   2   1  -1       0.46684673  p_y
   48   2   1   0       0.45469525  p_z
   48   2   1   1       0.45909626  p_x
   49   1   0   0       0.44385089  s
   50   1   0   0       0.44249898  s
   51   1   0   0       0.58890841  s
   51   2   1  -1       0.48853844  p_y
   51   2   1   0       0.45392759  p_z
   51   2   1   1       0.46544377  p_x
   52   1   0   0       0.62180160  s
   52   2   1  -1       0.42242047  p_y
   52   2   1   0       0.46102542  p_z
   52   2   1   1       0.46497017  p_x
   53   1   0   0       0.61136559  s
   53   2   1  -1       0.47030233  p_y
   53   2   1   0       0.46932993  p_z
   53   2   1   1       0.46404202  p_x
   54   1   0   0       0.43880088  s
   55   1   0   0       0.61019383  s
   55   2   1  -1       0.47675490  p_y
   55   2   1   0       0.46134742  p_z
   55   2   1   1       0.47658166  p_x
   56   1   0   0       0.61827929  s
   56   2   1  -1       0.41680139  p_y
   56   2   1   0       0.46494699  p_z
   56   2   1   1       0.45542219  p_x
   57   1   0   0       0.59026566  s
   57   2   1  -1       0.47332737  p_y
   57   2   1   0       0.45210786  p_z
   57   2   1   1       0.46010842  p_x
   58   1   0   0       0.44388545  s
   59   1   0   0       0.61498952  s
   59   2   1  -1       0.46270923  p_y
   59   2   1   0       0.47409316  p_z
   59   2   1   1       0.46026886  p_x
   60   1   0   0       0.44858145  s
   61   1   0   0       0.45707540  s
   62   1   0   0       0.44369953  s
   63   1   0   0       0.58817672  s
   63   2   1  -1       0.47765096  p_y
   63   2   1   0       0.45612112  p_z
   63   2   1   1       0.46092107  p_x
   64   1   0   0       0.61381680  s
   64   2   1  -1       0.46346736  p_y
   64   2   1   0       0.45930026  p_z
   64   2   1   1       0.47086888  p_x
   65   1   0   0       0.45181859  s
   66   1   0   0       0.63371081  s
   66   2   1  -1       0.44352078  p_y
   66   2   1   0       0.45949476  p_z
   66   2   1   1       0.46635668  p_x
   67   1   0   0       0.60715892  s
   67   2   1  -1       0.46353123  p_y
   67   2   1   0       0.48028080  p_z
   67   2   1   1       0.45880268  p_x
   68   1   0   0       0.44921411  s
   69   1   0   0       0.62227021  s
   69   2   1  -1       0.46674656  p_y
   69   2   1   0       0.46290977  p_z
   69   2   1   1       0.46651541  p_x
   70   1   0   0       0.43931192  s
   71   1   0   0       0.44835684  s
   72   1   0   0       0.45142724  s

Spin  up
Fermi level:                        -0.2207133241 H           -6.0059 eV
Band energy:                       -47.9918225659 H        -1305.9239 eV
TS:                                  0.0000000000 H            0.0000 eV
Band free energy (E-TS):           -47.9918225659 H        -1305.9239 eV
Extrapolated E(0K):                -47.9918225659 H        -1305.9239 eV
Input / Output electrons (up):    102.0000000004    102.0000000000

Spin  down
Fermi level:                        -0.2433895325 H           -6.6230 eV
Band energy:                       -47.6534866530 H        -1296.7173 eV
TS:                                  0.0000000000 H            0.0000 eV
Band free energy (E-TS):           -47.6534866530 H        -1296.7173 eV
Extrapolated E(0K):                -47.6534866530 H        -1296.7173 eV
Input / Output electrons (down):    100.9999999996    101.0000000000

Energy H0:                         -86.3528636839 H        -2349.7810 eV
Energy SCC:                          0.0241368116 H            0.6568 eV
Energy SPIN:                        -0.0015320128 H           -0.0417 eV
Energy 3rd:                          0.0000834819 H            0.0023 eV
Total Electronic energy:           -86.3301754033 H        -2349.1636 eV
Repulsive energy:                    0.8012162808 H           21.8022 eV
Total energy:                      -85.5289591225 H        -2327.3614 eV
Extrapolated to 0:                 -85.5289591225 H        -2327.3614 eV
Total Mermin free energy:          -85.5289591225 H        -2327.3614 eV
Force related energy:              -85.5289591225 H        -2327.3614 eV

Constraints converged

SCC converged

