 Fermi distribution function

Calculation with static geometry


********************************************************************************
 iSCC Total electronic   Diff electronic      SCC error    
   18   -0.86243598E+02    0.48070888E-07    0.70229744E-06
********************************************************************************

 Total charge:     1.00000000

 Atomic gross charges (e)
 Atom           Charge
    1       0.03657857
    2      -0.12000179
    3       0.03437785
    4      -0.11962842
    5       0.04333541
    6       0.10297200
    7      -0.16330214
    8      -0.15916131
    9       0.03328255
   10       0.11096931
   11      -0.07488732
   12       0.03850061
   13       0.11179512
   14       0.10315588
   15       0.03351348
   16      -0.12292623
   17      -0.10356808
   18       0.09866306
   19      -0.11615094
   20      -0.17243253
   21       0.03401394
   22       0.10037780
   23      -0.09521652
   24       0.08490082
   25       0.10352362
   26       0.11404747
   27       0.03772375
   28      -0.09666004
   29       0.08183633
   30      -0.11627365
   31      -0.10191449
   32       0.09028699
   33      -0.08625591
   34       0.10060582
   35       0.08577029
   36       0.06824610
   37       0.02283296
   38      -0.04848199
   39       0.02812243
   40      -0.03535927
   41       0.04982788
   42       0.10559804
   43      -0.05795693
   44      -0.04011940
   45       0.02662108
   46       0.11123165
   47      -0.06132808
   48       0.05313421
   49       0.10257610
   50       0.10317618
   51       0.02496901
   52      -0.05534344
   53      -0.04570869
   54       0.11391869
   55      -0.07447125
   56      -0.06915828
   57       0.04712720
   58       0.10631804
   59      -0.05110440
   60       0.11374826
   61       0.09692975
   62       0.10986168
   63       0.04709308
   64      -0.07619005
   65       0.11831856
   66      -0.08358333
   67      -0.06312666
   68       0.09987344
   69      -0.05734964
   70       0.12282448
   71       0.10975910
   72       0.10532220


 Atomic net (on-site) populations and hybridisation ratios
 Atom       Population         Hybrid.
    1       2.71062343      0.32234414
    2       2.88245875      0.27938531
    3       2.72299088      0.31925228
    4       2.88173523      0.27956619
    5       2.70033269      0.32491683
    6       0.57216158      0.42783842
    7       2.92643982      0.26839004
    8       2.92800385      0.26799904
    9       2.71464082      0.32133980
   10       0.56181153      0.43818847
   11       2.81037597      0.29740601
   12       2.72975750      0.31756063
   13       0.55003102      0.44996898
   14       0.56709944      0.43290056
   15       2.71941842      0.32014539
   16       2.88733704      0.27816574
   17       2.82286683      0.29428329
   18       0.57824987      0.42175013
   19       2.85047488      0.28738128
   20       2.92869065      0.26782734
   21       2.72041576      0.31989606
   22       0.57273592      0.42726408
   23       2.83659412      0.29085147
   24       0.57941115      0.42058885
   25       0.55969162      0.44030838
   26       0.54606003      0.45393997
   27       2.71569521      0.32107620
   28       2.84649070      0.28837733
   29       0.59007038      0.40992962
   30       2.85863514      0.28534121
   31       2.82339816      0.29415046
   32       0.58069359      0.41930641
   33       2.81956469      0.29510883
   34       0.57048784      0.42951216
   35       0.58059889      0.41940111
   36       0.60639839      0.39360161
   37       2.71568153      0.32107962
   38       2.81057773      0.29735557
   39       2.70532075      0.32366981
   40       2.79593555      0.30101611
   41       2.69002806      0.32749299
   42       0.56549990      0.43450010
   43       2.84137215      0.28965696
   44       2.80694295      0.29826426
   45       2.71043554      0.32239111
   46       0.55584493      0.44415507
   47       2.81329799      0.29667550
   48       2.67993388      0.33001653
   49       0.57576895      0.42423105
   50       0.57357425      0.42642575
   51       2.71484877      0.32128781
   52       2.83026824      0.29243294
   53       2.76997830      0.30750542
   54       0.55110136      0.44889864
   55       2.82858883      0.29285279
   56       2.85636692      0.28590827
   57       2.69050321      0.32737420
   58       0.56537431      0.43462569
   59       2.78098272      0.30475432
   60       0.54891975      0.45108025
   61       0.57618895      0.42381105
   62       0.56714635      0.43285365
   63       2.69550583      0.32612354
   64       2.82672337      0.29331916
   65       0.55171289      0.44828711
   66       2.82718458      0.29320386
   67       2.79307492      0.30173127
   68       0.56791385      0.43208615
   69       2.79109019      0.30222745
   70       0.53734352      0.46265648
   71       0.55730520      0.44269480
   72       0.56093331      0.43906669

Nr. of electrons (up):    102.00000000
Atom populations (up)
 Atom       Population
    1       1.98168362
    2       2.06023476
    3       1.98284333
    4       2.06021238
    5       1.97833370
    6       0.44850030
    7       2.08167007
    8       2.07961809
    9       1.98330491
   10       0.44449232
   11       2.03749858
   12       1.98085179
   13       0.44410144
   14       0.44842000
   15       1.98324560
   16       2.06180153
   17       2.05179924
   18       0.45066509
   19       2.05809259
   20       2.08624233
   21       1.98293868
   22       0.44979176
   23       2.04767956
   24       0.45754878
   25       0.44823727
   26       0.44297493
   27       1.98121557
   28       2.04845878
   29       0.45907766
   30       2.05812848
   31       2.05092651
   32       0.45484904
   33       2.04326981
   34       0.44969768
   35       0.45711658
   36       0.46586866
   37       1.97880827
   38       2.08837231
   39       1.97426904
   40       2.09329702
   41       1.97469379
   42       0.44365586
   43       2.10616139
   44       2.09912032
   45       1.97729431
   46       0.44032912
   47       2.05785775
   48       1.96852189
   49       0.44421459
   50       0.44388663
   51       1.97821976
   52       2.09117447
   53       2.03885960
   54       0.44158384
   55       2.06934955
   56       2.09986961
   57       1.97524207
   58       0.44333160
   59       2.03433532
   60       0.44225675
   61       0.44969307
   62       0.44127390
   63       1.97743579
   64       2.06158976
   65       0.44033312
   66       2.06273415
   67       2.04090405
   68       0.44876124
   69       2.04251780
   70       0.43750751
   71       0.44459087
   72       0.44656249

l-shell populations (up)
 Atom Sh.   l       Population
    1   1   0       0.59069564
    1   2   1       1.39098798
    2   1   0       0.62250381
    2   2   1       1.43773095
    3   1   0       0.59430043
    3   2   1       1.38854289
    4   1   0       0.62294944
    4   2   1       1.43726294
    5   1   0       0.58845155
    5   2   1       1.38988216
    6   1   0       0.44850030
    7   1   0       0.62410149
    7   2   1       1.45756858
    8   1   0       0.62501163
    8   2   1       1.45460646
    9   1   0       0.59047867
    9   2   1       1.39282625
   10   1   0       0.44449232
   11   1   0       0.61557890
   11   2   1       1.42191968
   12   1   0       0.59636919
   12   2   1       1.38448260
   13   1   0       0.44410144
   14   1   0       0.44842000
   15   1   0       0.59219632
   15   2   1       1.39104928
   16   1   0       0.62337579
   16   2   1       1.43842574
   17   1   0       0.61144123
   17   2   1       1.44035800
   18   1   0       0.45066509
   19   1   0       0.61777688
   19   2   1       1.44031571
   20   1   0       0.62236093
   20   2   1       1.46388140
   21   1   0       0.59181713
   21   2   1       1.39112155
   22   1   0       0.44979176
   23   1   0       0.61846888
   23   2   1       1.42921068
   24   1   0       0.45754878
   25   1   0       0.44823727
   26   1   0       0.44297493
   27   1   0       0.59162411
   27   2   1       1.38959146
   28   1   0       0.61999637
   28   2   1       1.42846241
   29   1   0       0.45907766
   30   1   0       0.61896482
   30   2   1       1.43916366
   31   1   0       0.61284674
   31   2   1       1.43807977
   32   1   0       0.45484904
   33   1   0       0.61444217
   33   2   1       1.42882763
   34   1   0       0.44969768
   35   1   0       0.45711658
   36   1   0       0.46586866
   37   1   0       0.58449787
   37   2   1       1.39431039
   38   1   0       0.62341341
   38   2   1       1.46495890
   39   1   0       0.58266831
   39   2   1       1.39160072
   40   1   0       0.62372780
   40   2   1       1.46956922
   41   1   0       0.58653314
   41   2   1       1.38816065
   42   1   0       0.44365586
   43   1   0       0.63009753
   43   2   1       1.47606386
   44   1   0       0.62505694
   44   2   1       1.47406338
   45   1   0       0.58429461
   45   2   1       1.39299970
   46   1   0       0.44032912
   47   1   0       0.62094463
   47   2   1       1.43691313
   48   1   0       0.58430522
   48   2   1       1.38421667
   49   1   0       0.44421459
   50   1   0       0.44388663
   51   1   0       0.58530882
   51   2   1       1.39291094
   52   1   0       0.62610423
   52   2   1       1.46507024
   53   1   0       0.61551636
   53   2   1       1.42334324
   54   1   0       0.44158384
   55   1   0       0.62160968
   55   2   1       1.44773987
   56   1   0       0.63092244
   56   2   1       1.46894717
   57   1   0       0.58562234
   57   2   1       1.38961972
   58   1   0       0.44333160
   59   1   0       0.61735566
   59   2   1       1.41697965
   60   1   0       0.44225675
   61   1   0       0.44969307
   62   1   0       0.44127390
   63   1   0       0.58745818
   63   2   1       1.38997761
   64   1   0       0.61958705
   64   2   1       1.44200270
   65   1   0       0.44033312
   66   1   0       0.61826010
   66   2   1       1.44447405
   67   1   0       0.61745119
   67   2   1       1.42345286
   68   1   0       0.44876124
   69   1   0       0.61774816
   69   2   1       1.42476964
   70   1   0       0.43750751
   71   1   0       0.44459087
   72   1   0       0.44656249

Orbital populations (up)
 Atom Sh.   l   m       Population  Label
    1   1   0   0       0.59069564  s
    1   2   1  -1       0.47654913  p_y
    1   2   1   0       0.45715093  p_z
    1   2   1   1       0.45728792  p_x
    2   1   0   0       0.62250381  s
    2   2   1  -1       0.49405611  p_y
    2   2   1   0       0.46413747  p_z
    2   2   1   1       0.47953736  p_x
    3   1   0   0       0.59430043  s
    3   2   1  -1       0.47672885  p_y
    3   2   1   0       0.45473340  p_z
    3   2   1   1       0.45708065  p_x
    4   1   0   0       0.62294944  s
    4   2   1  -1       0.49493968  p_y
    4   2   1   0       0.46439787  p_z
    4   2   1   1       0.47792539  p_x
    5   1   0   0       0.58845155  s
    5   2   1  -1       0.47488283  p_y
    5   2   1   0       0.45828395  p_z
    5   2   1   1       0.45671538  p_x
    6   1   0   0       0.44850030  s
    7   1   0   0       0.62410149  s
    7   2   1  -1       0.50737203  p_y
    7   2   1   0       0.46337441  p_z
    7   2   1   1       0.48682214  p_x
    8   1   0   0       0.62501163  s
    8   2   1  -1       0.50909511  p_y
    8   2   1   0       0.46570971  p_z
    8   2   1   1       0.47980164  p_x
    9   1   0   0       0.59047867  s
    9   2   1  -1       0.47879598  p_y
    9   2   1   0       0.45654686  p_z
    9   2   1   1       0.45748341  p_x
   10   1   0   0       0.44449232  s
   11   1   0   0       0.61557890  s
   11   2   1  -1       0.48661959  p_y
   11   2   1   0       0.46192353  p_z
   11   2   1   1       0.47337656  p_x
   12   1   0   0       0.59636919  s
   12   2   1  -1       0.47629369  p_y
   12   2   1   0       0.44847649  p_z
   12   2   1   1       0.45971241  p_x
   13   1   0   0       0.44410144  s
   14   1   0   0       0.44842000  s
   15   1   0   0       0.59219632  s
   15   2   1  -1       0.47895359  p_y
   15   2   1   0       0.45590296  p_z
   15   2   1   1       0.45619273  p_x
   16   1   0   0       0.62337579  s
   16   2   1  -1       0.49401889  p_y
   16   2   1   0       0.46471786  p_z
   16   2   1   1       0.47968898  p_x
   17   1   0   0       0.61144123  s
   17   2   1  -1       0.49436143  p_y
   17   2   1   0       0.47423071  p_z
   17   2   1   1       0.47176586  p_x
   18   1   0   0       0.45066509  s
   19   1   0   0       0.61777688  s
   19   2   1  -1       0.49799009  p_y
   19   2   1   0       0.46144156  p_z
   19   2   1   1       0.48088406  p_x
   20   1   0   0       0.62236093  s
   20   2   1  -1       0.51040210  p_y
   20   2   1   0       0.46860899  p_z
   20   2   1   1       0.48487032  p_x
   21   1   0   0       0.59181713  s
   21   2   1  -1       0.47887020  p_y
   21   2   1   0       0.45294563  p_z
   21   2   1   1       0.45930572  p_x
   22   1   0   0       0.44979176  s
   23   1   0   0       0.61846888  s
   23   2   1  -1       0.49117230  p_y
   23   2   1   0       0.47099852  p_z
   23   2   1   1       0.46703985  p_x
   24   1   0   0       0.45754878  s
   25   1   0   0       0.44823727  s
   26   1   0   0       0.44297493  s
   27   1   0   0       0.59162411  s
   27   2   1  -1       0.47816118  p_y
   27   2   1   0       0.44902443  p_z
   27   2   1   1       0.46240585  p_x
   28   1   0   0       0.61999637  s
   28   2   1  -1       0.49153616  p_y
   28   2   1   0       0.46107924  p_z
   28   2   1   1       0.47584701  p_x
   29   1   0   0       0.45907766  s
   30   1   0   0       0.61896482  s
   30   2   1  -1       0.49809161  p_y
   30   2   1   0       0.46002126  p_z
   30   2   1   1       0.48105079  p_x
   31   1   0   0       0.61284674  s
   31   2   1  -1       0.49008215  p_y
   31   2   1   0       0.47553525  p_z
   31   2   1   1       0.47246237  p_x
   32   1   0   0       0.45484904  s
   33   1   0   0       0.61444217  s
   33   2   1  -1       0.48755023  p_y
   33   2   1   0       0.47060617  p_z
   33   2   1   1       0.47067123  p_x
   34   1   0   0       0.44969768  s
   35   1   0   0       0.45711658  s
   36   1   0   0       0.46586866  s
   37   1   0   0       0.58449787  s
   37   2   1  -1       0.48224889  p_y
   37   2   1   0       0.44742394  p_z
   37   2   1   1       0.46463757  p_x
   38   1   0   0       0.62341341  s
   38   2   1  -1       0.51158730  p_y
   38   2   1   0       0.46281512  p_z
   38   2   1   1       0.49055647  p_x
   39   1   0   0       0.58266831  s
   39   2   1  -1       0.48038431  p_y
   39   2   1   0       0.44639118  p_z
   39   2   1   1       0.46482523  p_x
   40   1   0   0       0.62372780  s
   40   2   1  -1       0.51484866  p_y
   40   2   1   0       0.46343172  p_z
   40   2   1   1       0.49128885  p_x
   41   1   0   0       0.58653314  s
   41   2   1  -1       0.47670465  p_y
   41   2   1   0       0.44715385  p_z
   41   2   1   1       0.46430215  p_x
   42   1   0   0       0.44365586  s
   43   1   0   0       0.63009753  s
   43   2   1  -1       0.52375478  p_y
   43   2   1   0       0.46126484  p_z
   43   2   1   1       0.49104424  p_x
   44   1   0   0       0.62505694  s
   44   2   1  -1       0.52200432  p_y
   44   2   1   0       0.46149956  p_z
   44   2   1   1       0.49055950  p_x
   45   1   0   0       0.58429461  s
   45   2   1  -1       0.48325906  p_y
   45   2   1   0       0.44590541  p_z
   45   2   1   1       0.46383523  p_x
   46   1   0   0       0.44032912  s
   47   1   0   0       0.62094463  s
   47   2   1  -1       0.49464899  p_y
   47   2   1   0       0.46138851  p_z
   47   2   1   1       0.48087562  p_x
   48   1   0   0       0.58430522  s
   48   2   1  -1       0.47606384  p_y
   48   2   1   0       0.44805116  p_z
   48   2   1   1       0.46010166  p_x
   49   1   0   0       0.44421459  s
   50   1   0   0       0.44388663  s
   51   1   0   0       0.58530882  s
   51   2   1  -1       0.48036948  p_y
   51   2   1   0       0.44643738  p_z
   51   2   1   1       0.46610408  p_x
   52   1   0   0       0.62610423  s
   52   2   1  -1       0.51333857  p_y
   52   2   1   0       0.45819416  p_z
   52   2   1   1       0.49353751  p_x
   53   1   0   0       0.61551636  s
   53   2   1  -1       0.48482887  p_y
   53   2   1   0       0.46404562  p_z
   53   2   1   1       0.47446875  p_x
   54   1   0   0       0.44158384  s
   55   1   0   0       0.62160968  s
   55   2   1  -1       0.50777321  p_y
   55   2   1   0       0.45718993  p_z
   55   2   1   1       0.48277673  p_x
   56   1   0   0       0.63092244  s
   56   2   1  -1       0.51084070  p_y
   56   2   1   0       0.46011575  p_z
   56   2   1   1       0.49799072  p_x
   57   1   0   0       0.58562234  s
   57   2   1  -1       0.47779475  p_y
   57   2   1   0       0.44647378  p_z
   57   2   1   1       0.46535119  p_x
   58   1   0   0       0.44333160  s
   59   1   0   0       0.61735566  s
   59   2   1  -1       0.47449076  p_y
   59   2   1   0       0.47897752  p_z
   59   2   1   1       0.46351137  p_x
   60   1   0   0       0.44225675  s
   61   1   0   0       0.44969307  s
   62   1   0   0       0.44127390  s
   63   1   0   0       0.58745818  s
   63   2   1  -1       0.47768503  p_y
   63   2   1   0       0.44519656  p_z
   63   2   1   1       0.46709603  p_x
   64   1   0   0       0.61958705  s
   64   2   1  -1       0.50441791  p_y
   64   2   1   0       0.45508324  p_z
   64   2   1   1       0.48250155  p_x
   65   1   0   0       0.44033312  s
   66   1   0   0       0.61826010  s
   66   2   1  -1       0.49308420  p_y
   66   2   1   0       0.45852957  p_z
   66   2   1   1       0.49286028  p_x
   67   1   0   0       0.61745119  s
   67   2   1  -1       0.47979870  p_y
   67   2   1   0       0.47544462  p_z
   67   2   1   1       0.46820953  p_x
   68   1   0   0       0.44876124  s
   69   1   0   0       0.61774816  s
   69   2   1  -1       0.48393417  p_y
   69   2   1   0       0.46394480  p_z
   69   2   1   1       0.47689067  p_x
   70   1   0   0       0.43750751  s
   71   1   0   0       0.44459087  s
   72   1   0   0       0.44656249  s

Nr. of electrons (down):    101.00000000
Atom populations (down)
 Atom       Population
    1       1.98173781
    2       2.05976703
    3       1.98277883
    4       2.05941604
    5       1.97833088
    6       0.44852770
    7       2.08163207
    8       2.07954323
    9       1.98341253
   10       0.44453837
   11       2.03738874
   12       1.98064760
   13       0.44410345
   14       0.44842413
   15       1.98324092
   16       2.06112470
   17       2.05176885
   18       0.45067185
   19       2.05805835
   20       2.08619020
   21       1.98304738
   22       0.44983044
   23       2.04753697
   24       0.45755040
   25       0.44823911
   26       0.44297760
   27       1.98106068
   28       2.04820127
   29       0.45908602
   30       2.05814517
   31       2.05098798
   32       0.45486397
   33       2.04298611
   34       0.44969650
   35       0.45711313
   36       0.46588524
   37       1.99835877
   38       1.96010968
   39       1.99760853
   40       1.94206225
   41       1.97547832
   42       0.45074610
   43       1.95179554
   44       1.94099908
   45       1.99608461
   46       0.44843923
   47       2.00347032
   48       1.97834390
   49       0.45320931
   50       0.45293719
   51       1.99681123
   52       1.96416897
   53       2.00684909
   54       0.44449746
   55       2.00512170
   56       1.96928867
   57       1.97763074
   58       0.45035036
   59       2.01676908
   60       0.44399500
   61       0.45337718
   62       0.44886442
   63       1.97547112
   64       2.01460029
   65       0.44134831
   66       2.02084918
   67       2.02222261
   68       0.45136532
   69       2.01483184
   70       0.43966800
   71       0.44565003
   72       0.44811531

l-shell populations (down)
 Atom Sh.   l       Population
    1   1   0       0.59071448
    1   2   1       1.39102333
    2   1   0       0.62248236
    2   2   1       1.43728466
    3   1   0       0.59429861
    3   2   1       1.38848022
    4   1   0       0.62291184
    4   2   1       1.43650421
    5   1   0       0.58846115
    5   2   1       1.38986973
    6   1   0       0.44852770
    7   1   0       0.62410314
    7   2   1       1.45752893
    8   1   0       0.62500917
    8   2   1       1.45453406
    9   1   0       0.59050165
    9   2   1       1.39291088
   10   1   0       0.44453837
   11   1   0       0.61557439
   11   2   1       1.42181435
   12   1   0       0.59636180
   12   2   1       1.38428580
   13   1   0       0.44410345
   14   1   0       0.44842413
   15   1   0       0.59219624
   15   2   1       1.39104468
   16   1   0       0.62334301
   16   2   1       1.43778169
   17   1   0       0.61144303
   17   2   1       1.44032582
   18   1   0       0.45067185
   19   1   0       0.61777967
   19   2   1       1.44027868
   20   1   0       0.62236068
   20   2   1       1.46382952
   21   1   0       0.59183531
   21   2   1       1.39121207
   22   1   0       0.44983044
   23   1   0       0.61846330
   23   2   1       1.42907367
   24   1   0       0.45755040
   25   1   0       0.44823911
   26   1   0       0.44297760
   27   1   0       0.59161703
   27   2   1       1.38944365
   28   1   0       0.61998268
   28   2   1       1.42821858
   29   1   0       0.45908602
   30   1   0       0.61897100
   30   2   1       1.43917417
   31   1   0       0.61285627
   31   2   1       1.43813171
   32   1   0       0.45486397
   33   1   0       0.61442810
   33   2   1       1.42855801
   34   1   0       0.44969650
   35   1   0       0.45711313
   36   1   0       0.46588524
   37   1   0       0.58849441
   37   2   1       1.40986437
   38   1   0       0.61752623
   38   2   1       1.34258345
   39   1   0       0.58734135
   39   2   1       1.41026718
   40   1   0       0.61660091
   40   2   1       1.32546134
   41   1   0       0.58873863
   41   2   1       1.38673969
   42   1   0       0.45074610
   43   1   0       0.62282932
   43   2   1       1.32896622
   44   1   0       0.61756629
   44   2   1       1.32343279
   45   1   0       0.58830872
   45   2   1       1.40777589
   46   1   0       0.44843923
   47   1   0       0.61891494
   47   2   1       1.38455539
   48   1   0       0.58738698
   48   2   1       1.39095692
   49   1   0       0.45320931
   50   1   0       0.45293719
   51   1   0       0.58946695
   51   2   1       1.40734428
   52   1   0       0.62023363
   52   2   1       1.34393534
   53   1   0       0.61498274
   53   2   1       1.39186636
   54   1   0       0.44449746
   55   1   0       0.61882360
   55   2   1       1.38629809
   56   1   0       0.62491549
   56   2   1       1.34437318
   57   1   0       0.58790174
   57   2   1       1.38972899
   58   1   0       0.45035036
   59   1   0       0.61778349
   59   2   1       1.39898559
   60   1   0       0.44399500
   61   1   0       0.45337718
   62   1   0       0.44886442
   63   1   0       0.58953670
   63   2   1       1.38593442
   64   1   0       0.61770820
   64   2   1       1.39689210
   65   1   0       0.44134831
   66   1   0       0.61680312
   66   2   1       1.40404606
   67   1   0       0.61753897
   67   2   1       1.40468364
   68   1   0       0.45136532
   69   1   0       0.61725912
   69   2   1       1.39757272
   70   1   0       0.43966800
   71   1   0       0.44565003
   72   1   0       0.44811531

Orbital populations (down)
 Atom Sh.   l   m       Population  Label
    1   1   0   0       0.59071448  s
    1   2   1  -1       0.47655571  p_y
    1   2   1   0       0.45717147  p_z
    1   2   1   1       0.45729614  p_x
    2   1   0   0       0.62248236  s
    2   2   1  -1       0.49376581  p_y
    2   2   1   0       0.46406405  p_z
    2   2   1   1       0.47945480  p_x
    3   1   0   0       0.59429861  s
    3   2   1  -1       0.47668650  p_y
    3   2   1   0       0.45472486  p_z
    3   2   1   1       0.45706885  p_x
    4   1   0   0       0.62291184  s
    4   2   1  -1       0.49443442  p_y
    4   2   1   0       0.46428034  p_z
    4   2   1   1       0.47778945  p_x
    5   1   0   0       0.58846115  s
    5   2   1  -1       0.47486662  p_y
    5   2   1   0       0.45828848  p_z
    5   2   1   1       0.45671463  p_x
    6   1   0   0       0.44852770  s
    7   1   0   0       0.62410314  s
    7   2   1  -1       0.50734114  p_y
    7   2   1   0       0.46337296  p_z
    7   2   1   1       0.48681482  p_x
    8   1   0   0       0.62500917  s
    8   2   1  -1       0.50904493  p_y
    8   2   1   0       0.46569950  p_z
    8   2   1   1       0.47978963  p_x
    9   1   0   0       0.59050165  s
    9   2   1  -1       0.47883199  p_y
    9   2   1   0       0.45657679  p_z
    9   2   1   1       0.45750210  p_x
   10   1   0   0       0.44453837  s
   11   1   0   0       0.61557439  s
   11   2   1  -1       0.48654371  p_y
   11   2   1   0       0.46191073  p_z
   11   2   1   1       0.47335991  p_x
   12   1   0   0       0.59636180  s
   12   2   1  -1       0.47615926  p_y
   12   2   1   0       0.44844900  p_z
   12   2   1   1       0.45967754  p_x
   13   1   0   0       0.44410345  s
   14   1   0   0       0.44842413  s
   15   1   0   0       0.59219624  s
   15   2   1  -1       0.47895158  p_y
   15   2   1   0       0.45590223  p_z
   15   2   1   1       0.45619087  p_x
   16   1   0   0       0.62334301  s
   16   2   1  -1       0.49359782  p_y
   16   2   1   0       0.46459823  p_z
   16   2   1   1       0.47958564  p_x
   17   1   0   0       0.61144303  s
   17   2   1  -1       0.49433498  p_y
   17   2   1   0       0.47422794  p_z
   17   2   1   1       0.47176290  p_x
   18   1   0   0       0.45067185  s
   19   1   0   0       0.61777967  s
   19   2   1  -1       0.49795965  p_y
   19   2   1   0       0.46144225  p_z
   19   2   1   1       0.48087678  p_x
   20   1   0   0       0.62236068  s
   20   2   1  -1       0.51036422  p_y
   20   2   1   0       0.46860615  p_z
   20   2   1   1       0.48485914  p_x
   21   1   0   0       0.59183531  s
   21   2   1  -1       0.47891428  p_y
   21   2   1   0       0.45296994  p_z
   21   2   1   1       0.45932785  p_x
   22   1   0   0       0.44983044  s
   23   1   0   0       0.61846330  s
   23   2   1  -1       0.49108087  p_y
   23   2   1   0       0.47097907  p_z
   23   2   1   1       0.46701373  p_x
   24   1   0   0       0.45755040  s
   25   1   0   0       0.44823911  s
   26   1   0   0       0.44297760  s
   27   1   0   0       0.59161703  s
   27   2   1  -1       0.47806532  p_y
   27   2   1   0       0.44900354  p_z
   27   2   1   1       0.46237479  p_x
   28   1   0   0       0.61998268  s
   28   2   1  -1       0.49137487  p_y
   28   2   1   0       0.46103946  p_z
   28   2   1   1       0.47580426  p_x
   29   1   0   0       0.45908602  s
   30   1   0   0       0.61897100  s
   30   2   1  -1       0.49809470  p_y
   30   2   1   0       0.46002921  p_z
   30   2   1   1       0.48105026  p_x
   31   1   0   0       0.61285627  s
   31   2   1  -1       0.49010657  p_y
   31   2   1   0       0.47554631  p_z
   31   2   1   1       0.47247882  p_x
   32   1   0   0       0.45486397  s
   33   1   0   0       0.61442810  s
   33   2   1  -1       0.48739097  p_y
   33   2   1   0       0.47056441  p_z
   33   2   1   1       0.47060263  p_x
   34   1   0   0       0.44969650  s
   35   1   0   0       0.45711313  s
   36   1   0   0       0.46588524  s
   37   1   0   0       0.58849441  s
   37   2   1  -1       0.48987093  p_y
   37   2   1   0       0.45237226  p_z
   37   2   1   1       0.46762118  p_x
   38   1   0   0       0.61752623  s
   38   2   1  -1       0.41887273  p_y
   38   2   1   0       0.45613446  p_z
   38   2   1   1       0.46757626  p_x
   39   1   0   0       0.58734135  s
   39   2   1  -1       0.48994425  p_y
   39   2   1   0       0.45180235  p_z
   39   2   1   1       0.46852059  p_x
   40   1   0   0       0.61660091  s
   40   2   1  -1       0.40219306  p_y
   40   2   1   0       0.45540823  p_z
   40   2   1   1       0.46786005  p_x
   41   1   0   0       0.58873863  s
   41   2   1  -1       0.47272672  p_y
   41   2   1   0       0.45021224  p_z
   41   2   1   1       0.46380073  p_x
   42   1   0   0       0.45074610  s
   43   1   0   0       0.62282932  s
   43   2   1  -1       0.40752135  p_y
   43   2   1   0       0.45294082  p_z
   43   2   1   1       0.46850405  p_x
   44   1   0   0       0.61756629  s
   44   2   1  -1       0.40492809  p_y
   44   2   1   0       0.45212640  p_z
   44   2   1   1       0.46637830  p_x
   45   1   0   0       0.58830872  s
   45   2   1  -1       0.49083250  p_y
   45   2   1   0       0.45054069  p_z
   45   2   1   1       0.46640270  p_x
   46   1   0   0       0.44843923  s
   47   1   0   0       0.61891494  s
   47   2   1  -1       0.45419733  p_y
   47   2   1   0       0.45946753  p_z
   47   2   1   1       0.47089052  p_x
   48   1   0   0       0.58738698  s
   48   2   1  -1       0.47770889  p_y
   48   2   1   0       0.45098862  p_z
   48   2   1   1       0.46225941  p_x
   49   1   0   0       0.45320931  s
   50   1   0   0       0.45293719  s
   51   1   0   0       0.58946695  s
   51   2   1  -1       0.48704156  p_y
   51   2   1   0       0.45152837  p_z
   51   2   1   1       0.46877434  p_x
   52   1   0   0       0.62023363  s
   52   2   1  -1       0.41948293  p_y
   52   2   1   0       0.45180009  p_z
   52   2   1   1       0.47265232  p_x
   53   1   0   0       0.61498274  s
   53   2   1  -1       0.45892179  p_y
   53   2   1   0       0.46378475  p_z
   53   2   1   1       0.46915982  p_x
   54   1   0   0       0.44449746  s
   55   1   0   0       0.61882360  s
   55   2   1  -1       0.46063244  p_y
   55   2   1   0       0.45387382  p_z
   55   2   1   1       0.47179184  p_x
   56   1   0   0       0.62491549  s
   56   2   1  -1       0.43105011  p_y
   56   2   1   0       0.45348968  p_z
   56   2   1   1       0.45983338  p_x
   57   1   0   0       0.58790174  s
   57   2   1  -1       0.47534517  p_y
   57   2   1   0       0.44849899  p_z
   57   2   1   1       0.46588483  p_x
   58   1   0   0       0.45035036  s
   59   1   0   0       0.61778349  s
   59   2   1  -1       0.45956055  p_y
   59   2   1   0       0.47816710  p_z
   59   2   1   1       0.46125794  p_x
   60   1   0   0       0.44399500  s
   61   1   0   0       0.45337718  s
   62   1   0   0       0.44886442  s
   63   1   0   0       0.58953670  s
   63   2   1  -1       0.47219772  p_y
   63   2   1   0       0.44808810  p_z
   63   2   1   1       0.46564860  p_x
   64   1   0   0       0.61770820  s
   64   2   1  -1       0.46967509  p_y
   64   2   1   0       0.45263186  p_z
   64   2   1   1       0.47458515  p_x
   65   1   0   0       0.44134831  s
   66   1   0   0       0.61680312  s
   66   2   1  -1       0.46659093  p_y
   66   2   1   0       0.45745031  p_z
   66   2   1   1       0.48000481  p_x
   67   1   0   0       0.61753897  s
   67   2   1  -1       0.46661527  p_y
   67   2   1   0       0.47428381  p_z
   67   2   1   1       0.46378455  p_x
   68   1   0   0       0.45136532  s
   69   1   0   0       0.61725912  s
   69   2   1  -1       0.46587815  p_y
   69   2   1   0       0.46319843  p_z
   69   2   1   1       0.46849615  p_x
   70   1   0   0       0.43966800  s
   71   1   0   0       0.44565003  s
   72   1   0   0       0.44811531  s

Spin  up
Fermi level:                        -0.1970910690 H           -5.3631 eV
Band energy:                       -45.5896757787 H        -1240.5582 eV
TS:                                  0.0000000000 H            0.0000 eV
Band free energy (E-TS):           -45.5896757787 H        -1240.5582 eV
Extrapolated E(0K):                -45.5896757787 H        -1240.5582 eV
Input / Output electrons (up):    102.0000000000    102.0000000000

Spin  down
Fermi level:                        -0.2132096925 H           -5.8017 eV
Band energy:                       -45.2919847120 H        -1232.4576 eV
TS:                                  0.0000000000 H            0.0000 eV
Band free energy (E-TS):           -45.2919847120 H        -1232.4576 eV
Extrapolated E(0K):                -45.2919847120 H        -1232.4576 eV
Input / Output electrons (down):    101.0000000000    101.0000000000

Energy H0:                         -86.2792547531 H        -2347.7780 eV
Energy SCC:                          0.0372020225 H            1.0123 eV
Energy SPIN:                        -0.0015781094 H           -0.0429 eV
Energy 3rd:                          0.0000330124 H            0.0009 eV
Total Electronic energy:           -86.2435978276 H        -2346.8077 eV
Repulsive energy:                    0.7510569963 H           20.4373 eV
Total energy:                      -85.4925408313 H        -2326.3704 eV
Extrapolated to 0:                 -85.4925408313 H        -2326.3704 eV
Total Mermin free energy:          -85.4925408313 H        -2326.3704 eV
Force related energy:              -85.4925408313 H        -2326.3704 eV

Constraints converged

SCC converged

