            --------------------------------------------------------
                             AMBER SQM VERSION 19
 
                                     By
              Ross C. Walker, Michael F. Crowley, Scott Brozell,
                         Tim Giese, Andreas W. Goetz,
                        Tai-Sung Lee and David A. Case
 
            --------------------------------------------------------
 

--------------------------------------------------------------------------------
  QM CALCULATION INFO
--------------------------------------------------------------------------------

| QMMM: Citation for AMBER QMMM Run:
| QMMM: R.C. Walker, M.F. Crowley and D.A. Case, J. COMP. CHEM. 29:1019, 2008

QMMM: SINGLET STATE CALCULATION
QMMM: RHF CALCULATION, NO. OF DOUBLY OCCUPIED LEVELS = 51

| QMMM: *** Selected Hamiltonian *** 
| QMMM: AM1         

| QMMM: *** Parameter sets in use ***
| QMMM: C : M.J.S.DEWAR et al. JACS, 107, 3902, (1985)
| QMMM: H : M.J.S.DEWAR et al. JACS, 107, 3902, (1985)

| QMMM: *** SCF convergence criteria ***
| QMMM: Energy change                :  0.1D-09 kcal/mol
| QMMM: Error matrix |FP-PF|         :  0.1D+00 au
| QMMM: Density matrix change        :  0.5D-06
| QMMM: Maximum number of SCF cycles :     1000

| QMMM: *** Diagonalization Routine Information ***
| QMMM: Pseudo diagonalizations are allowed.
| QMMM: Auto diagonalization routine selection is in use.
| QMMM:
| QMMM: Timing diagonalization routines:
| QMMM:                              norbs =      102
| QMMM:    diag iterations used for timing =       10
| QMMM:
| QMMM:              Internal diag routine = 0.064669 seconds
| QMMM:                 Dspev diag routine = 0.039757 seconds
| QMMM:                Dspevd diag routine = 0.025385 seconds
| QMMM:                Dspevx diag routine = 0.091103 seconds
| QMMM:                 Dsyev diag routine = 0.037389 seconds
| QMMM:                Dsyevd diag routine = 0.660502 seconds
| QMMM:                Dsyevr diag routine = 0.092097 seconds
| QMMM:
| QMMM:                Pseudo diag routine = 0.006902 seconds
| QMMM:
| QMMM: Using dspevd routine (diag_routine=3).

  QMMM: QM Region Cartesian Coordinates (*=link atom) 
  QMMM: QM_NO.   MM_NO.  ATOM         X         Y         Z
  QMMM:     1        1      C        7.7840    9.4380    5.6780
  QMMM:     2        2      C        6.8000    9.4430    6.6970
  QMMM:     3        3      C        9.0280    8.7090    5.9100
  QMMM:     4        4      C        7.6140   10.1180    4.4650
  QMMM:     5        5      C        6.9950    8.7840    7.8980
  QMMM:     6        6      H        5.9850    9.9100    6.5520
  QMMM:     7        7      C        9.1990    8.0320    7.1340
  QMMM:     8        8      C       10.0040    8.7040    4.9060
  QMMM:     9        9      C        8.5890   10.1130    3.4610
  QMMM:    10       10      H        6.8000   10.5900    4.3340
  QMMM:    11       11      C        6.0110    8.8000    8.9350
  QMMM:    12       12      C        8.2260    8.0590    8.1240
  QMMM:    13       13      H       10.0000    7.5450    7.2860
  QMMM:    14       14      H       10.8180    8.2310    5.0370
  QMMM:    15       15      C        9.8330    9.3840    3.6930
  QMMM:    16       16      C        8.4190   10.7900    2.2370
  QMMM:    17       17      C        6.2220    8.1570   10.1070
  QMMM:    18       18      H        5.1960    9.2690    8.7990
  QMMM:    19       19      C        8.3980    7.3990    9.3780
  QMMM:    20       20      C       10.8180    9.3790    2.6740
  QMMM:    21       21      C        9.3910   10.7620    1.2470
  QMMM:    22       22      H        7.6180   11.2770    2.0850
  QMMM:    23       23      C        7.4400    7.4420   10.3360
  QMMM:    24       24      H        5.5560    8.1800   10.7840
  QMMM:    25       25      H        9.2000    6.9180    9.5440
  QMMM:    26       26      H       11.6320    8.9110    2.8190
  QMMM:    27       27      C       10.6220   10.0380    1.4740
  QMMM:    28       28      C        9.2200   11.4220   -0.0070
  QMMM:    29       29      H        7.5790    6.9970   11.1640
  QMMM:    30       30      C       11.6060   10.0210    0.4360
  QMMM:    31       31      C       10.1770   11.3790   -0.9650
  QMMM:    32       32      H        8.4170   11.9030   -0.1720
  QMMM:    33       33      C       11.3950   10.6650   -0.7360
  QMMM:    34       34      H       12.4210    9.5520    0.5730
  QMMM:    35       35      H       10.0390   11.8240   -1.7930
  QMMM:    36       36      H       12.0620   10.6420   -1.4120

--------------------------------------------------------------------------------
  RESULTS
--------------------------------------------------------------------------------

      iter         sqm energy              rms gradient
      ----    -------------------    -----------------------
xmin    10      111.5867 kcal/mol        0.4303 kcal/(mol*A)
xmin    20      111.5752 kcal/mol        0.0206 kcal/(mol*A)
  ... geometry converged !
 
 Final MO eigenvalues (eV):
 -41.3552  -40.3050  -38.6519  -36.3578  -34.3205  -33.5786  -33.3608  -31.8411
 -30.4124  -29.8411  -27.5692  -26.2819  -24.0191  -23.6979  -22.9450  -22.3385
 -22.1718  -21.2549  -18.7362  -17.8758  -17.8266  -16.6982  -16.5634  -16.4456
 -15.6392  -15.6042  -15.4466  -14.8761  -14.8629  -14.3097  -14.1470  -14.1448
 -13.9150  -13.9133  -13.8423  -13.6267  -13.0881  -12.9227  -12.4492  -12.1801
 -11.8551  -11.7699  -11.6704  -11.4805  -11.4730  -10.8625  -10.3668   -9.9117
  -9.0380   -8.7234   -7.4910   -1.5175   -0.3913   -0.2762    0.5654    0.8466
   1.2590    1.6276    1.7900    2.5609    3.1091    3.3235    3.4250    3.5501
   3.6184    3.6848    3.7541    3.7699    3.8757    3.9645    4.0435    4.0815
   4.1439    4.1464    4.2109    4.2125    4.2515    4.3193    4.5049    4.6076
   4.6339    4.6754    4.7303    4.9400    4.9720    5.0405    5.0749    5.0932
   5.1898    5.3152    5.3509    5.3664    5.5040    5.5745    5.6166    5.6626
   5.7764    5.7815    5.8256    5.9286    6.0552    6.1073

 Heat of formation   =        111.57517636 kcal/mol  (        4.83826271 eV)

 Total SCF energy    =     -69351.74142585 kcal/mol  (    -3007.31717731 eV)
 Electronic energy   =    -481637.46233680 kcal/mol  (   -20885.36760491 eV)
 Core-core repulsion =     412285.72091095 kcal/mol  (    17878.05042760 eV)
 
    Atomic Charges for Step       1 :
  Atom    Element       Mulliken Charge
     1      C                 -0.029
     2      C                 -0.107
     3      C                 -0.029
     4      C                 -0.107
     5      C                 -0.032
     6      H                  0.134
     7      C                 -0.107
     8      C                 -0.107
     9      C                 -0.029
    10      H                  0.135
    11      C                 -0.118
    12      C                 -0.032
    13      H                  0.134
    14      H                  0.135
    15      C                 -0.029
    16      C                 -0.107
    17      C                 -0.126
    18      H                  0.132
    19      C                 -0.118
    20      C                 -0.107
    21      C                 -0.032
    22      H                  0.134
    23      C                 -0.126
    24      H                  0.132
    25      H                  0.132
    26      H                  0.134
    27      C                 -0.032
    28      C                 -0.118
    29      H                  0.132
    30      C                 -0.118
    31      C                 -0.126
    32      H                  0.132
    33      C                 -0.126
    34      H                  0.132
    35      H                  0.132
    36      H                  0.132
 Total Mulliken Charge =      -0.000
 
                  X        Y        Z     TOTAL  
  QM DIPOLE    -0.000   -0.000   -0.000    0.000
 
 Final Structure

  QMMM: QM Region Cartesian Coordinates (*=link atom) 
  QMMM: QM_NO.   MM_NO.  ATOM         X         Y         Z
  QMMM:     1        1      C        7.8018    9.4455    5.6800
  QMMM:     2        2      C        6.8122    9.4596    6.6993
  QMMM:     3        3      C        9.0225    8.7268    5.9064
  QMMM:     4        4      C        7.6137   10.1144    4.4640
  QMMM:     5        5      C        7.0051    8.7977    7.8955
  QMMM:     6        6      H        5.8783   10.0137    6.5170
  QMMM:     7        7      C        9.2043    8.0514    7.1430
  QMMM:     8        8      C       10.0038    8.7072    4.9073
  QMMM:     9        9      C        8.5950   10.0948    3.4648
  QMMM:    10       10      H        6.6767   10.6660    4.2902
  QMMM:    11       11      C        6.0095    8.8044    8.9371
  QMMM:    12       12      C        8.2322    8.0754    8.1231
  QMMM:    13       13      H       10.1443    7.5022    7.3084
  QMMM:    14       14      H       10.9408    8.1556    5.0811
  QMMM:    15       15      C        9.8157    9.3761    3.6913
  QMMM:    16       16      C        8.4132   10.7702    2.2282
  QMMM:    17       17      C        6.2168    8.1473   10.1078
  QMMM:    18       18      H        5.0780    9.3598    8.7495
  QMMM:    19       19      C        8.4043    7.3945    9.3814
  QMMM:    20       20      C       10.8052    9.3619    2.6719
  QMMM:    21       21      C        9.3853   10.7462    1.2481
  QMMM:    22       22      H        7.4732   11.3194    2.0629
  QMMM:    23       23      C        7.4367    7.4292   10.3341
  QMMM:    24       24      H        5.4590    8.1502   10.9052
  QMMM:    25       25      H        9.3458    6.8473    9.5412
  QMMM:    26       26      H       11.7392    8.8077    2.8542
  QMMM:    27       27      C       10.6123   10.0238    1.4757
  QMMM:    28       28      C        9.2131   11.4270   -0.0101
  QMMM:    29       29      H        7.5646    6.9106   11.2958
  QMMM:    30       30      C       11.6079   10.0170    0.4340
  QMMM:    31       31      C       10.1808   11.3923   -0.9629
  QMMM:    32       32      H        8.2717   11.9743   -0.1699
  QMMM:    33       33      C       11.4006   10.6741   -0.7367
  QMMM:    34       34      H       12.5394    9.4615    0.6216
  QMMM:    35       35      H       10.0528   11.9108   -1.9246
  QMMM:    36       36      H       12.1584   10.6711   -1.5340

           --------- Calculation Completed ----------

