            --------------------------------------------------------
                             AMBER SQM VERSION 19
 
                                     By
              Ross C. Walker, Michael F. Crowley, Scott Brozell,
                         Tim Giese, Andreas W. Goetz,
                        Tai-Sung Lee and David A. Case
 
            --------------------------------------------------------
 

--------------------------------------------------------------------------------
  QM CALCULATION INFO
--------------------------------------------------------------------------------

| QMMM: Citation for AMBER QMMM Run:
| QMMM: R.C. Walker, M.F. Crowley and D.A. Case, J. COMP. CHEM. 29:1019, 2008

QMMM: SINGLET STATE CALCULATION
QMMM: RHF CALCULATION, NO. OF DOUBLY OCCUPIED LEVELS = 51

| QMMM: *** Selected Hamiltonian *** 
| QMMM: AM1         

| QMMM: *** Parameter sets in use ***
| QMMM: C : M.J.S.DEWAR et al. JACS, 107, 3902, (1985)
| QMMM: H : M.J.S.DEWAR et al. JACS, 107, 3902, (1985)

| QMMM: *** SCF convergence criteria ***
| QMMM: Energy change                :  0.1D-09 kcal/mol
| QMMM: Error matrix |FP-PF|         :  0.1D+00 au
| QMMM: Density matrix change        :  0.5D-06
| QMMM: Maximum number of SCF cycles :     1000

| QMMM: *** Diagonalization Routine Information ***
| QMMM: Pseudo diagonalizations are allowed.
| QMMM: Auto diagonalization routine selection is in use.
| QMMM:
| QMMM: Timing diagonalization routines:
| QMMM:                              norbs =      102
| QMMM:    diag iterations used for timing =       10
| QMMM:
| QMMM:              Internal diag routine = 0.026018 seconds
| QMMM:                 Dspev diag routine = 0.038716 seconds
| QMMM:                Dspevd diag routine = 0.022430 seconds
| QMMM:                Dspevx diag routine = 0.045648 seconds
| QMMM:                 Dsyev diag routine = 0.024548 seconds
| QMMM:                Dsyevd diag routine = 0.192298 seconds
| QMMM:                Dsyevr diag routine = 0.030226 seconds
| QMMM:
| QMMM:                Pseudo diag routine = 0.011415 seconds
| QMMM:
| QMMM: Using dspevd routine (diag_routine=3).

  QMMM: QM Region Cartesian Coordinates (*=link atom) 
  QMMM: QM_NO.   MM_NO.  ATOM         X         Y         Z
  QMMM:     1        1      C       16.9730   50.2880  103.2340
  QMMM:     2        2      C       16.8170   50.4080  101.8420
  QMMM:     3        3      C       15.9920   49.7310  104.0650
  QMMM:     4        4      C       18.2040   50.7760  103.8380
  QMMM:     5        5      H       16.0150   50.0900  101.4420
  QMMM:     6        6      C       17.7930   50.9730  101.0330
  QMMM:     7        7      H       15.1780   49.4140  103.6920
  QMMM:     8        8      C       16.1710   49.6290  105.4520
  QMMM:     9        9      C       19.1960   51.3480  103.0060
  QMMM:    10       10      C       18.3830   50.6750  105.2260
  QMMM:    11       11      C       19.0170   51.4490  101.6310
  QMMM:    12       12      C       17.6290   51.0980   99.6100
  QMMM:    13       13      C       15.1790   49.0580  106.2840
  QMMM:    14       14      C       17.4020   50.1170  106.0560
  QMMM:    15       15      H       20.0010   51.6690  103.3950
  QMMM:    16       16      H       19.1970   50.9920  105.5980
  QMMM:    17       17      C       20.0130   52.0350  100.7680
  QMMM:    18       18      H       16.8290   50.7920   99.1980
  QMMM:    19       19      C       18.6080   51.6500   98.8480
  QMMM:    20       20      C       15.3580   48.9560  107.6590
  QMMM:    21       21      H       14.3740   48.7360  105.8950
  QMMM:    22       22      C       17.5580   49.9980  107.4480
  QMMM:    23       23      C       19.8150   52.1320   99.4330
  QMMM:    24       24      H       20.8230   52.3590  101.1440
  QMMM:    25       25      H       18.4870   51.7140   97.9080
  QMMM:    26       26      C       14.3620   48.3710  108.5220
  QMMM:    27       27      C       16.5830   49.4320  108.2580
  QMMM:    28       28      H       18.3600   50.3150  107.8490
  QMMM:    29       29      H       20.4840   52.5240   98.8830
  QMMM:    30       30      C       14.5600   48.2730  109.8570
  QMMM:    31       31      H       13.5520   48.0470  108.1470
  QMMM:    32       32      C       16.7460   49.3070  109.6800
  QMMM:    33       33      C       15.7670   48.7560  110.4420
  QMMM:    34       34      H       13.8920   47.8820  110.4070
  QMMM:    35       35      H       17.5460   49.6140  110.0920
  QMMM:    36       36      H       15.8890   48.6910  111.3830

--------------------------------------------------------------------------------
  RESULTS
--------------------------------------------------------------------------------

      iter         sqm energy              rms gradient
      ----    -------------------    -----------------------
xmin    10      111.5752 kcal/mol        0.0045 kcal/(mol*A)
  ... geometry converged !
 
 Final MO eigenvalues (eV):
 -41.3552  -40.3049  -38.6519  -36.3577  -34.3205  -33.5786  -33.3608  -31.8411
 -30.4124  -29.8411  -27.5692  -26.2819  -24.0191  -23.6979  -22.9450  -22.3385
 -22.1718  -21.2549  -18.7363  -17.8758  -17.8266  -16.6982  -16.5634  -16.4456
 -15.6392  -15.6042  -15.4466  -14.8761  -14.8629  -14.3097  -14.1469  -14.1448
 -13.9150  -13.9133  -13.8423  -13.6267  -13.0881  -12.9227  -12.4492  -12.1801
 -11.8551  -11.7699  -11.6704  -11.4805  -11.4730  -10.8625  -10.3668   -9.9117
  -9.0380   -8.7234   -7.4910   -1.5175   -0.3913   -0.2762    0.5654    0.8466
   1.2590    1.6276    1.7900    2.5609    3.1091    3.3235    3.4250    3.5501
   3.6184    3.6848    3.7541    3.7699    3.8757    3.9645    4.0435    4.0815
   4.1439    4.1464    4.2109    4.2125    4.2515    4.3193    4.5049    4.6076
   4.6339    4.6754    4.7303    4.9400    4.9720    5.0405    5.0749    5.0932
   5.1898    5.3152    5.3509    5.3664    5.5039    5.5745    5.6166    5.6626
   5.7764    5.7815    5.8256    5.9286    6.0552    6.1073

 Heat of formation   =        111.57517630 kcal/mol  (        4.83826271 eV)

 Total SCF energy    =     -69351.74142590 kcal/mol  (    -3007.31717731 eV)
 Electronic energy   =    -481637.37525390 kcal/mol  (   -20885.36382871 eV)
 Core-core repulsion =     412285.63382800 kcal/mol  (    17878.04665140 eV)
 
    Atomic Charges for Step       1 :
  Atom    Element       Mulliken Charge
     1      C                 -0.029
     2      C                 -0.107
     3      C                 -0.107
     4      C                 -0.029
     5      H                  0.134
     6      C                 -0.032
     7      H                  0.135
     8      C                 -0.029
     9      C                 -0.107
    10      C                 -0.107
    11      C                 -0.032
    12      C                 -0.118
    13      C                 -0.107
    14      C                 -0.029
    15      H                  0.134
    16      H                  0.135
    17      C                 -0.118
    18      H                  0.132
    19      C                 -0.126
    20      C                 -0.032
    21      H                  0.134
    22      C                 -0.107
    23      C                 -0.126
    24      H                  0.132
    25      H                  0.132
    26      C                 -0.118
    27      C                 -0.032
    28      H                  0.134
    29      H                  0.132
    30      C                 -0.126
    31      H                  0.132
    32      C                 -0.118
    33      C                 -0.126
    34      H                  0.132
    35      H                  0.132
    36      H                  0.132
 Total Mulliken Charge =      -0.000
 
                  X        Y        Z     TOTAL  
  QM DIPOLE     0.000   -0.000   -0.000    0.000
 
 Final Structure

  QMMM: QM Region Cartesian Coordinates (*=link atom) 
  QMMM: QM_NO.   MM_NO.  ATOM         X         Y         Z
  QMMM:     1        1      C       16.9842   50.3000  103.2476
  QMMM:     2        2      C       16.8128   50.4131  101.8418
  QMMM:     3        3      C       15.9980   49.7334  104.0648
  QMMM:     4        4      C       18.1994   50.7795  103.8404
  QMMM:     5        5      H       15.8770   50.0425  101.3952
  QMMM:     6        6      C       17.7898   50.9729  101.0429
  QMMM:     7        7      H       15.0653   49.3653  103.6098
  QMMM:     8        8      C       16.1758   49.6261  105.4499
  QMMM:     9        9      C       19.1940   51.3527  103.0034
  QMMM:    10       10      C       18.3771   50.6722  105.2255
  QMMM:    11       11      C       19.0113   51.4549  101.6387
  QMMM:    12       12      C       17.6283   51.0934   99.6161
  QMMM:    13       13      C       15.1811   49.0529  106.2869
  QMMM:    14       14      C       17.3910   50.1056  106.0427
  QMMM:    15       15      H       20.1236   51.7181  103.4668
  QMMM:    16       16      H       19.3099   51.0402  105.6805
  QMMM:    17       17      C       20.0122   52.0341  100.7790
  QMMM:    18       18      H       16.6910   50.7213   99.1751
  QMMM:    19       19      C       18.6006   51.6472   98.8458
  QMMM:    20       20      C       15.3639   48.9506  107.6516
  QMMM:    21       21      H       14.2515   48.6874  105.8234
  QMMM:    22       22      C       17.5623   49.9924  107.4485
  QMMM:    23       23      C       19.8148   52.1264   99.4382
  QMMM:    24       24      H       20.9393   52.3977  101.2476
  QMMM:    25       25      H       18.4806   51.7408   97.7564
  QMMM:    26       26      C       14.3630   48.3714  108.5112
  QMMM:    27       27      C       16.5853   49.4325  108.2474
  QMMM:    28       28      H       18.4981   50.3630  107.8951
  QMMM:    29       29      H       20.5767   52.5679   98.7789
  QMMM:    30       30      C       14.5604   48.2791  109.8521
  QMMM:    31       31      H       13.4358   48.0078  108.0426
  QMMM:    32       32      C       16.7469   49.3120  109.6742
  QMMM:    33       33      C       15.7746   48.7582  110.4444
  QMMM:    34       34      H       13.7985   47.8376  110.5114
  QMMM:    35       35      H       17.6842   49.6841  110.1151
  QMMM:    36       36      H       15.8946   48.6646  111.5339

           --------- Calculation Completed ----------

