 Fermi distribution function

Calculation with static geometry


********************************************************************************
 iSCC Total electronic   Diff electronic      SCC error    
   15   -0.86308603E+02   -0.49192835E-07    0.59012282E-05
********************************************************************************

 Total charge:     1.00000000

 Atomic gross charges (e)
 Atom           Charge
    1       0.03642295
    2      -0.10455009
    3       0.03750585
    4      -0.10650316
    5       0.03555955
    6       0.11427186
    7      -0.17454272
    8      -0.17686723
    9       0.03312662
   10       0.12192606
   11      -0.07911158
   12       0.05699517
   13       0.07606389
   14       0.07980009
   15       0.04947276
   16      -0.10386094
   17      -0.09849807
   18       0.11427167
   19      -0.13822947
   20      -0.17886636
   21       0.03861024
   22       0.10131389
   23      -0.07993950
   24       0.07967660
   25       0.08263356
   26       0.08439384
   27       0.05658588
   28      -0.08153248
   29       0.08729661
   30      -0.12649816
   31      -0.09816549
   32       0.09270335
   33      -0.07902403
   34       0.07624170
   35       0.09520084
   36       0.07603393
   37       0.01962626
   38      -0.04701056
   39       0.02213187
   40      -0.03008290
   41       0.05356986
   42       0.12394303
   43      -0.07384779
   44      -0.04766656
   45       0.02314633
   46       0.11809344
   47      -0.05777098
   48       0.03765920
   49       0.11953036
   50       0.12169096
   51       0.02342033
   52      -0.05260895
   53      -0.05019307
   54       0.12910611
   55      -0.09284846
   56      -0.07606695
   57       0.04586832
   58       0.11594850
   59      -0.05677165
   60       0.10512183
   61       0.09131236
   62       0.12126797
   63       0.05489547
   64      -0.07678298
   65       0.10062500
   66      -0.07088108
   67      -0.06946919
   68       0.10285179
   69      -0.05374008
   70       0.11568607
   71       0.11284816
   72       0.09748036


 Atomic net (on-site) populations and hybridisation ratios
 Atom       Population         Hybrid.
    1       2.71460541      0.32134865
    2       2.85622980      0.28594255
    3       2.72959159      0.31760210
    4       2.87786171      0.28053457
    5       2.71998962      0.32000259
    6       0.55331683      0.44668317
    7       2.93558925      0.26610269
    8       2.94572908      0.26356773
    9       2.71317912      0.32170522
   10       0.54355828      0.45644172
   11       2.82995181      0.29251205
   12       2.69647088      0.32588228
   13       0.59173539      0.40826461
   14       0.58758973      0.41241027
   15       2.69923642      0.32519089
   16       2.85801230      0.28549693
   17       2.82236675      0.29440831
   18       0.55182648      0.44817352
   19       2.89013029      0.27746743
   20       2.94133740      0.26466565
   21       2.71545109      0.32113723
   22       0.56959437      0.43040563
   23       2.80383963      0.29904009
   24       0.58949213      0.41050787
   25       0.58190436      0.41809564
   26       0.58189415      0.41810585
   27       2.69891536      0.32527116
   28       2.82938303      0.29265424
   29       0.58271195      0.41728805
   30       2.86953473      0.28261632
   31       2.83340013      0.29164997
   32       0.57653472      0.42346528
   33       2.81258906      0.29685273
   34       0.59231370      0.40768630
   35       0.56929655      0.43070345
   36       0.59178045      0.40821955
   37       2.72967528      0.31758118
   38       2.80674522      0.29831369
   39       2.73328604      0.31667849
   40       2.77310597      0.30672351
   41       2.68802942      0.32799264
   42       0.54305226      0.45694774
   43       2.84555944      0.28861014
   44       2.79740573      0.30064857
   45       2.72548066      0.31862984
   46       0.54979055      0.45020945
   47       2.79896905      0.30025774
   48       2.71731980      0.32067005
   49       0.54511542      0.45488458
   50       0.54523023      0.45476977
   51       2.72803326      0.31799168
   52       2.80358704      0.29910324
   53       2.78434393      0.30391402
   54       0.53631518      0.46368482
   55       2.84718450      0.28820387
   56       2.83613466      0.29096633
   57       2.69431954      0.32642012
   58       0.55165662      0.44834338
   59       2.78980434      0.30254891
   60       0.56068189      0.43931811
   61       0.57498682      0.42501318
   62       0.54697690      0.45302310
   63       2.68204461      0.32948885
   64       2.81767129      0.29558218
   65       0.56564168      0.43435832
   66       2.77755794      0.30561051
   67       2.80820967      0.29794758
   68       0.56440349      0.43559651
   69       2.77730493      0.30567377
   70       0.55460506      0.44539494
   71       0.55197602      0.44802398
   72       0.56986381      0.43013619

Nr. of electrons (up):    102.00000000
Atom populations (up)
 Atom       Population
    1       1.98168617
    2       2.05281162
    3       1.98122731
    4       2.05403767
    5       1.98219260
    6       0.44283452
    7       2.08751453
    8       2.08873569
    9       1.98332990
   10       0.43899349
   11       2.03974701
   12       1.97157016
   13       0.46195408
   14       0.46008321
   15       1.97523998
   16       2.05248097
   17       2.04928559
   18       0.44285345
   19       2.06922205
   20       2.08965555
   21       1.98064432
   22       0.44931257
   23       2.04013184
   24       0.46015988
   25       0.45867543
   26       0.45779154
   27       1.97176736
   28       2.04100607
   29       0.45634329
   30       2.06332341
   31       2.04907748
   32       0.45363506
   33       2.03973782
   34       0.46188330
   35       0.45240097
   36       0.46197147
   37       1.98177829
   38       2.08425590
   39       1.97596533
   40       2.08447525
   41       1.97656169
   42       0.43471344
   43       2.11798794
   44       2.11102228
   45       1.97972805
   46       0.43718907
   47       2.04997383
   48       1.97660516
   49       0.43584740
   50       0.43438409
   51       1.97828995
   52       2.08507372
   53       2.04541866
   54       0.43428916
   55       2.07611854
   56       2.10297741
   57       1.97759159
   58       0.43882495
   59       2.03570850
   60       0.44631858
   61       0.45267604
   62       0.43577721
   63       1.97566751
   64       2.05977724
   65       0.44928568
   66       2.05169225
   67       2.04603975
   68       0.44738917
   69       2.04266572
   70       0.44127038
   71       0.44295082
   72       0.45039208

l-shell populations (up)
 Atom Sh.   l       Population
    1   1   0       0.59199855
    1   2   1       1.38968762
    2   1   0       0.62061252
    2   2   1       1.43219909
    3   1   0       0.59608212
    3   2   1       1.38514520
    4   1   0       0.62616082
    4   2   1       1.42787685
    5   1   0       0.59167599
    5   2   1       1.39051661
    6   1   0       0.44283452
    7   1   0       0.62116915
    7   2   1       1.46634537
    8   1   0       0.62313448
    8   2   1       1.46560121
    9   1   0       0.58985317
    9   2   1       1.39347674
   10   1   0       0.43899349
   11   1   0       0.62131285
   11   2   1       1.41843416
   12   1   0       0.59102425
   12   2   1       1.38054592
   13   1   0       0.46195408
   14   1   0       0.46008321
   15   1   0       0.58958507
   15   2   1       1.38565490
   16   1   0       0.61971785
   16   2   1       1.43276312
   17   1   0       0.61171255
   17   2   1       1.43757304
   18   1   0       0.44285345
   19   1   0       0.62071452
   19   2   1       1.44850753
   20   1   0       0.62139818
   20   2   1       1.46825737
   21   1   0       0.59148364
   21   2   1       1.38916069
   22   1   0       0.44931257
   23   1   0       0.61333575
   23   2   1       1.42679609
   24   1   0       0.46015988
   25   1   0       0.45867543
   26   1   0       0.45779154
   27   1   0       0.59089047
   27   2   1       1.38087689
   28   1   0       0.61881127
   28   2   1       1.42219480
   29   1   0       0.45634329
   30   1   0       0.61749744
   30   2   1       1.44582597
   31   1   0       0.61660668
   31   2   1       1.43247080
   32   1   0       0.45363506
   33   1   0       0.61535886
   33   2   1       1.42437896
   34   1   0       0.46188330
   35   1   0       0.45240097
   36   1   0       0.46197147
   37   1   0       0.58897865
   37   2   1       1.39279964
   38   1   0       0.62623204
   38   2   1       1.45802387
   39   1   0       0.59048444
   39   2   1       1.38548090
   40   1   0       0.62120546
   40   2   1       1.46326979
   41   1   0       0.58740926
   41   2   1       1.38915244
   42   1   0       0.43471344
   43   1   0       0.63131323
   43   2   1       1.48667471
   44   1   0       0.62462637
   44   2   1       1.48639590
   45   1   0       0.58792222
   45   2   1       1.39180583
   46   1   0       0.43718907
   47   1   0       0.61951250
   47   2   1       1.43046133
   48   1   0       0.59124493
   48   2   1       1.38536023
   49   1   0       0.43584740
   50   1   0       0.43438409
   51   1   0       0.58913759
   51   2   1       1.38915235
   52   1   0       0.62271522
   52   2   1       1.46235850
   53   1   0       0.61747443
   53   2   1       1.42794423
   54   1   0       0.43428916
   55   1   0       0.62301082
   55   2   1       1.45310772
   56   1   0       0.62612681
   56   2   1       1.47685060
   57   1   0       0.58573822
   57   2   1       1.39185337
   58   1   0       0.43882495
   59   1   0       0.61706314
   59   2   1       1.41864537
   60   1   0       0.44631858
   61   1   0       0.45267604
   62   1   0       0.43577721
   63   1   0       0.58445179
   63   2   1       1.39121573
   64   1   0       0.61882007
   64   2   1       1.44095717
   65   1   0       0.44928568
   66   1   0       0.60829638
   66   2   1       1.44339587
   67   1   0       0.61991605
   67   2   1       1.42612371
   68   1   0       0.44738917
   69   1   0       0.61306965
   69   2   1       1.42959607
   70   1   0       0.44127038
   71   1   0       0.44295082
   72   1   0       0.45039208

Orbital populations (up)
 Atom Sh.   l   m       Population  Label
    1   1   0   0       0.59199855  s
    1   2   1  -1       0.47419670  p_y
    1   2   1   0       0.45883903  p_z
    1   2   1   1       0.45665189  p_x
    2   1   0   0       0.62061252  s
    2   2   1  -1       0.48714406  p_y
    2   2   1   0       0.46380924  p_z
    2   2   1   1       0.48124580  p_x
    3   1   0   0       0.59608212  s
    3   2   1  -1       0.47554378  p_y
    3   2   1   0       0.45274700  p_z
    3   2   1   1       0.45685441  p_x
    4   1   0   0       0.62616082  s
    4   2   1  -1       0.48857593  p_y
    4   2   1   0       0.46211035  p_z
    4   2   1   1       0.47719057  p_x
    5   1   0   0       0.59167599  s
    5   2   1  -1       0.47555129  p_y
    5   2   1   0       0.45904824  p_z
    5   2   1   1       0.45591708  p_x
    6   1   0   0       0.44283452  s
    7   1   0   0       0.62116915  s
    7   2   1  -1       0.51707032  p_y
    7   2   1   0       0.46759097  p_z
    7   2   1   1       0.48168408  p_x
    8   1   0   0       0.62313448  s
    8   2   1  -1       0.52136678  p_y
    8   2   1   0       0.46799155  p_z
    8   2   1   1       0.47624288  p_x
    9   1   0   0       0.58985317  s
    9   2   1  -1       0.47716226  p_y
    9   2   1   0       0.45835011  p_z
    9   2   1   1       0.45796436  p_x
   10   1   0   0       0.43899349  s
   11   1   0   0       0.62131285  s
   11   2   1  -1       0.48477501  p_y
   11   2   1   0       0.45995004  p_z
   11   2   1   1       0.47370911  p_x
   12   1   0   0       0.59102425  s
   12   2   1  -1       0.47398450  p_y
   12   2   1   0       0.44559080  p_z
   12   2   1   1       0.46097062  p_x
   13   1   0   0       0.46195408  s
   14   1   0   0       0.46008321  s
   15   1   0   0       0.58958507  s
   15   2   1  -1       0.47595331  p_y
   15   2   1   0       0.45343404  p_z
   15   2   1   1       0.45626756  p_x
   16   1   0   0       0.61971785  s
   16   2   1  -1       0.48921047  p_y
   16   2   1   0       0.46275394  p_z
   16   2   1   1       0.48079872  p_x
   17   1   0   0       0.61171255  s
   17   2   1  -1       0.49161573  p_y
   17   2   1   0       0.47418529  p_z
   17   2   1   1       0.47177202  p_x
   18   1   0   0       0.44285345  s
   19   1   0   0       0.62071452  s
   19   2   1  -1       0.50740469  p_y
   19   2   1   0       0.46387344  p_z
   19   2   1   1       0.47722940  p_x
   20   1   0   0       0.62139818  s
   20   2   1  -1       0.51812951  p_y
   20   2   1   0       0.47240011  p_z
   20   2   1   1       0.47772774  p_x
   21   1   0   0       0.59148364  s
   21   2   1  -1       0.47614910  p_y
   21   2   1   0       0.45312787  p_z
   21   2   1   1       0.45988372  p_x
   22   1   0   0       0.44931257  s
   23   1   0   0       0.61333575  s
   23   2   1  -1       0.48830341  p_y
   23   2   1   0       0.47028281  p_z
   23   2   1   1       0.46820987  p_x
   24   1   0   0       0.46015988  s
   25   1   0   0       0.45867543  s
   26   1   0   0       0.45779154  s
   27   1   0   0       0.59089047  s
   27   2   1  -1       0.47286520  p_y
   27   2   1   0       0.44534106  p_z
   27   2   1   1       0.46267063  p_x
   28   1   0   0       0.61881127  s
   28   2   1  -1       0.48966375  p_y
   28   2   1   0       0.45761271  p_z
   28   2   1   1       0.47491834  p_x
   29   1   0   0       0.45634329  s
   30   1   0   0       0.61749744  s
   30   2   1  -1       0.50745126  p_y
   30   2   1   0       0.46049773  p_z
   30   2   1   1       0.47787697  p_x
   31   1   0   0       0.61660668  s
   31   2   1  -1       0.48445382  p_y
   31   2   1   0       0.47359223  p_z
   31   2   1   1       0.47442475  p_x
   32   1   0   0       0.45363506  s
   33   1   0   0       0.61535886  s
   33   2   1  -1       0.48126008  p_y
   33   2   1   0       0.47157286  p_z
   33   2   1   1       0.47154602  p_x
   34   1   0   0       0.46188330  s
   35   1   0   0       0.45240097  s
   36   1   0   0       0.46197147  s
   37   1   0   0       0.58897865  s
   37   2   1  -1       0.48308516  p_y
   37   2   1   0       0.45304507  p_z
   37   2   1   1       0.45666941  p_x
   38   1   0   0       0.62623204  s
   38   2   1  -1       0.49878525  p_y
   38   2   1   0       0.46962532  p_z
   38   2   1   1       0.48961329  p_x
   39   1   0   0       0.59048444  s
   39   2   1  -1       0.47753732  p_y
   39   2   1   0       0.44902235  p_z
   39   2   1   1       0.45892123  p_x
   40   1   0   0       0.62120546  s
   40   2   1  -1       0.50326592  p_y
   40   2   1   0       0.47002953  p_z
   40   2   1   1       0.48997434  p_x
   41   1   0   0       0.58740926  s
   41   2   1  -1       0.47895906  p_y
   41   2   1   0       0.45313838  p_z
   41   2   1   1       0.45705499  p_x
   42   1   0   0       0.43471344  s
   43   1   0   0       0.63131323  s
   43   2   1  -1       0.52576637  p_y
   43   2   1   0       0.46860806  p_z
   43   2   1   1       0.49230028  p_x
   44   1   0   0       0.62462637  s
   44   2   1  -1       0.52567689  p_y
   44   2   1   0       0.46793180  p_z
   44   2   1   1       0.49278721  p_x
   45   1   0   0       0.58792222  s
   45   2   1  -1       0.47967882  p_y
   45   2   1   0       0.45287279  p_z
   45   2   1   1       0.45925422  p_x
   46   1   0   0       0.43718907  s
   47   1   0   0       0.61951250  s
   47   2   1  -1       0.48509491  p_y
   47   2   1   0       0.46734929  p_z
   47   2   1   1       0.47801713  p_x
   48   1   0   0       0.59124493  s
   48   2   1  -1       0.47193513  p_y
   48   2   1   0       0.45514209  p_z
   48   2   1   1       0.45828301  p_x
   49   1   0   0       0.43584740  s
   50   1   0   0       0.43438409  s
   51   1   0   0       0.58913759  s
   51   2   1  -1       0.47929215  p_y
   51   2   1   0       0.44808680  p_z
   51   2   1   1       0.46177340  p_x
   52   1   0   0       0.62271522  s
   52   2   1  -1       0.50820861  p_y
   52   2   1   0       0.46572730  p_z
   52   2   1   1       0.48842259  p_x
   53   1   0   0       0.61747443  s
   53   2   1  -1       0.48994404  p_y
   53   2   1   0       0.46772222  p_z
   53   2   1   1       0.47027797  p_x
   54   1   0   0       0.43428916  s
   55   1   0   0       0.62301082  s
   55   2   1  -1       0.50422282  p_y
   55   2   1   0       0.46508910  p_z
   55   2   1   1       0.48379580  p_x
   56   1   0   0       0.62612681  s
   56   2   1  -1       0.51713524  p_y
   56   2   1   0       0.46576054  p_z
   56   2   1   1       0.49395482  p_x
   57   1   0   0       0.58573822  s
   57   2   1  -1       0.47787038  p_y
   57   2   1   0       0.45277564  p_z
   57   2   1   1       0.46120736  p_x
   58   1   0   0       0.43882495  s
   59   1   0   0       0.61706314  s
   59   2   1  -1       0.48148394  p_y
   59   2   1   0       0.47722495  p_z
   59   2   1   1       0.45993647  p_x
   60   1   0   0       0.44631858  s
   61   1   0   0       0.45267604  s
   62   1   0   0       0.43577721  s
   63   1   0   0       0.58445179  s
   63   2   1  -1       0.47676989  p_y
   63   2   1   0       0.45021520  p_z
   63   2   1   1       0.46423064  p_x
   64   1   0   0       0.61882007  s
   64   2   1  -1       0.49950283  p_y
   64   2   1   0       0.46179570  p_z
   64   2   1   1       0.47965864  p_x
   65   1   0   0       0.44928568  s
   66   1   0   0       0.60829638  s
   66   2   1  -1       0.49326970  p_y
   66   2   1   0       0.46666366  p_z
   66   2   1   1       0.48346251  p_x
   67   1   0   0       0.61991605  s
   67   2   1  -1       0.48188049  p_y
   67   2   1   0       0.47699678  p_z
   67   2   1   1       0.46724644  p_x
   68   1   0   0       0.44738917  s
   69   1   0   0       0.61306965  s
   69   2   1  -1       0.48945797  p_y
   69   2   1   0       0.46768485  p_z
   69   2   1   1       0.47245324  p_x
   70   1   0   0       0.44127038  s
   71   1   0   0       0.44295082  s
   72   1   0   0       0.45039208  s

Nr. of electrons (down):    101.00000000
Atom populations (down)
 Atom       Population
    1       1.98189088
    2       2.05173847
    3       1.98126683
    4       2.05246548
    5       1.98224785
    6       0.44289363
    7       2.08702820
    8       2.08813154
    9       1.98354347
   10       0.43908045
   11       2.03936457
   12       1.97143467
   13       0.46198202
   14       0.46011670
   15       1.97528727
   16       2.05137997
   17       2.04921248
   18       0.44287488
   19       2.06900742
   20       2.08921081
   21       1.98074544
   22       0.44937353
   23       2.03980766
   24       0.46016352
   25       0.45869101
   26       0.45781462
   27       1.97164676
   28       2.04052641
   29       0.45636010
   30       2.06317474
   31       2.04908801
   32       0.45366159
   33       2.03928621
   34       0.46187500
   35       0.45239819
   36       0.46199460
   37       1.99859545
   38       1.96275466
   39       2.00190279
   40       1.94560765
   41       1.96986845
   42       0.44134353
   43       1.95585985
   44       1.93664428
   45       1.99712562
   46       0.44471749
   47       2.00779715
   48       1.98573564
   49       0.44462225
   50       0.44392495
   51       1.99828972
   52       1.96753524
   53       2.00477440
   54       0.43660473
   55       2.01672993
   56       1.97308954
   57       1.97654009
   58       0.44522655
   59       2.02106314
   60       0.44855959
   61       0.45601160
   62       0.44295481
   63       1.96943702
   64       2.01700574
   65       0.45008933
   66       2.01918883
   67       2.02342944
   68       0.44975903
   69       2.01107436
   70       0.44304355
   71       0.44420103
   72       0.45212756

l-shell populations (down)
 Atom Sh.   l       Population
    1   1   0       0.59203913
    1   2   1       1.38985176
    2   1   0       0.62056153
    2   2   1       1.43117694
    3   1   0       0.59609545
    3   2   1       1.38517138
    4   1   0       0.62608490
    4   2   1       1.42638058
    5   1   0       0.59169784
    5   2   1       1.39055002
    6   1   0       0.44289363
    7   1   0       0.62114560
    7   2   1       1.46588259
    8   1   0       0.62310018
    8   2   1       1.46503136
    9   1   0       0.58989457
    9   2   1       1.39364890
   10   1   0       0.43908045
   11   1   0       0.62129596
   11   2   1       1.41806861
   12   1   0       0.59102683
   12   2   1       1.38040784
   13   1   0       0.46198202
   14   1   0       0.46011670
   15   1   0       0.58959689
   15   2   1       1.38569037
   16   1   0       0.61966513
   16   2   1       1.43171484
   17   1   0       0.61171808
   17   2   1       1.43749441
   18   1   0       0.44287488
   19   1   0       0.62070140
   19   2   1       1.44830602
   20   1   0       0.62137971
   20   2   1       1.46783110
   21   1   0       0.59150911
   21   2   1       1.38923633
   22   1   0       0.44937353
   23   1   0       0.61332459
   23   2   1       1.42648307
   24   1   0       0.46016352
   25   1   0       0.45869101
   26   1   0       0.45781462
   27   1   0       0.59089064
   27   2   1       1.38075613
   28   1   0       0.61878830
   28   2   1       1.42173811
   29   1   0       0.45636010
   30   1   0       0.61749237
   30   2   1       1.44568237
   31   1   0       0.61661885
   31   2   1       1.43246916
   32   1   0       0.45366159
   33   1   0       0.61533956
   33   2   1       1.42394665
   34   1   0       0.46187500
   35   1   0       0.45239819
   36   1   0       0.46199460
   37   1   0       0.59262902
   37   2   1       1.40596643
   38   1   0       0.62069997
   38   2   1       1.34205468
   39   1   0       0.59551814
   39   2   1       1.40638465
   40   1   0       0.61469565
   40   2   1       1.33091199
   41   1   0       0.58901488
   41   2   1       1.38085356
   42   1   0       0.44134353
   43   1   0       0.62357274
   43   2   1       1.33228711
   44   1   0       0.61631884
   44   2   1       1.32032544
   45   1   0       0.59153172
   45   2   1       1.40559390
   46   1   0       0.44471749
   47   1   0       0.61821319
   47   2   1       1.38958397
   48   1   0       0.59442386
   48   2   1       1.39131178
   49   1   0       0.44462225
   50   1   0       0.44392495
   51   1   0       0.59358869
   51   2   1       1.40470103
   52   1   0       0.61728263
   52   2   1       1.35025261
   53   1   0       0.61638413
   53   2   1       1.38839027
   54   1   0       0.43660473
   55   1   0       0.62041798
   55   2   1       1.39631195
   56   1   0       0.62022516
   56   2   1       1.35286438
   57   1   0       0.58773829
   57   2   1       1.38880180
   58   1   0       0.44522655
   59   1   0       0.61766289
   59   2   1       1.40340026
   60   1   0       0.44855959
   61   1   0       0.45601160
   62   1   0       0.44295481
   63   1   0       0.58621627
   63   2   1       1.38322075
   64   1   0       0.61714532
   64   2   1       1.39986043
   65   1   0       0.45008933
   66   1   0       0.60735151
   66   2   1       1.41183731
   67   1   0       0.61980882
   67   2   1       1.40362062
   68   1   0       0.44975903
   69   1   0       0.61236925
   69   2   1       1.39870511
   70   1   0       0.44304355
   71   1   0       0.44420103
   72   1   0       0.45212756

Orbital populations (down)
 Atom Sh.   l   m       Population  Label
    1   1   0   0       0.59203913  s
    1   2   1  -1       0.47427398  p_y
    1   2   1   0       0.45889470  p_z
    1   2   1   1       0.45668308  p_x
    2   1   0   0       0.62056153  s
    2   2   1  -1       0.48646908  p_y
    2   2   1   0       0.46364571  p_z
    2   2   1   1       0.48106216  p_x
    3   1   0   0       0.59609545  s
    3   2   1  -1       0.47555808  p_y
    3   2   1   0       0.45275255  p_z
    3   2   1   1       0.45686076  p_x
    4   1   0   0       0.62608490  s
    4   2   1  -1       0.48754007  p_y
    4   2   1   0       0.46189485  p_z
    4   2   1   1       0.47694566  p_x
    5   1   0   0       0.59169784  s
    5   2   1  -1       0.47555445  p_y
    5   2   1   0       0.45907198  p_z
    5   2   1   1       0.45592359  p_x
    6   1   0   0       0.44289363  s
    7   1   0   0       0.62114560  s
    7   2   1  -1       0.51688191  p_y
    7   2   1   0       0.46749766  p_z
    7   2   1   1       0.48150302  p_x
    8   1   0   0       0.62310018  s
    8   2   1  -1       0.52107066  p_y
    8   2   1   0       0.46788510  p_z
    8   2   1   1       0.47607560  p_x
    9   1   0   0       0.58989457  s
    9   2   1  -1       0.47723718  p_y
    9   2   1   0       0.45840745  p_z
    9   2   1   1       0.45800427  p_x
   10   1   0   0       0.43908045  s
   11   1   0   0       0.62129596  s
   11   2   1  -1       0.48450467  p_y
   11   2   1   0       0.45990436  p_z
   11   2   1   1       0.47365959  p_x
   12   1   0   0       0.59102683  s
   12   2   1  -1       0.47390006  p_y
   12   2   1   0       0.44555480  p_z
   12   2   1   1       0.46095298  p_x
   13   1   0   0       0.46198202  s
   14   1   0   0       0.46011670  s
   15   1   0   0       0.58959689  s
   15   2   1  -1       0.47596247  p_y
   15   2   1   0       0.45345454  p_z
   15   2   1   1       0.45627337  p_x
   16   1   0   0       0.61966513  s
   16   2   1  -1       0.48849924  p_y
   16   2   1   0       0.46257544  p_z
   16   2   1   1       0.48064016  p_x
   17   1   0   0       0.61171808  s
   17   2   1  -1       0.49154000  p_y
   17   2   1   0       0.47417903  p_z
   17   2   1   1       0.47177538  p_x
   18   1   0   0       0.44287488  s
   19   1   0   0       0.62070140  s
   19   2   1  -1       0.50737957  p_y
   19   2   1   0       0.46385018  p_z
   19   2   1   1       0.47707627  p_x
   20   1   0   0       0.62137971  s
   20   2   1  -1       0.51786940  p_y
   20   2   1   0       0.47230540  p_z
   20   2   1   1       0.47765630  p_x
   21   1   0   0       0.59150911  s
   21   2   1  -1       0.47616226  p_y
   21   2   1   0       0.45316134  p_z
   21   2   1   1       0.45991273  p_x
   22   1   0   0       0.44937353  s
   23   1   0   0       0.61332459  s
   23   2   1  -1       0.48807899  p_y
   23   2   1   0       0.47022918  p_z
   23   2   1   1       0.46817490  p_x
   24   1   0   0       0.46016352  s
   25   1   0   0       0.45869101  s
   26   1   0   0       0.45781462  s
   27   1   0   0       0.59089064  s
   27   2   1  -1       0.47276586  p_y
   27   2   1   0       0.44532976  p_z
   27   2   1   1       0.46266051  p_x
   28   1   0   0       0.61878830  s
   28   2   1  -1       0.48933879  p_y
   28   2   1   0       0.45754384  p_z
   28   2   1   1       0.47485548  p_x
   29   1   0   0       0.45636010  s
   30   1   0   0       0.61749237  s
   30   2   1  -1       0.50729788  p_y
   30   2   1   0       0.46049925  p_z
   30   2   1   1       0.47788524  p_x
   31   1   0   0       0.61661885  s
   31   2   1  -1       0.48445302  p_y
   31   2   1   0       0.47359445  p_z
   31   2   1   1       0.47442169  p_x
   32   1   0   0       0.45366159  s
   33   1   0   0       0.61533956  s
   33   2   1  -1       0.48103193  p_y
   33   2   1   0       0.47148408  p_z
   33   2   1   1       0.47143064  p_x
   34   1   0   0       0.46187500  s
   35   1   0   0       0.45239819  s
   36   1   0   0       0.46199460  s
   37   1   0   0       0.59262902  s
   37   2   1  -1       0.48927073  p_y
   37   2   1   0       0.45727762  p_z
   37   2   1   1       0.45941808  p_x
   38   1   0   0       0.62069997  s
   38   2   1  -1       0.41599625  p_y
   38   2   1   0       0.46476561  p_z
   38   2   1   1       0.46129283  p_x
   39   1   0   0       0.59551814  s
   39   2   1  -1       0.48791078  p_y
   39   2   1   0       0.45472674  p_z
   39   2   1   1       0.46374712  p_x
   40   1   0   0       0.61469565  s
   40   2   1  -1       0.41161291  p_y
   40   2   1   0       0.46317050  p_z
   40   2   1   1       0.45612858  p_x
   41   1   0   0       0.58901488  s
   41   2   1  -1       0.46993635  p_y
   41   2   1   0       0.45524623  p_z
   41   2   1   1       0.45567099  p_x
   42   1   0   0       0.44134353  s
   43   1   0   0       0.62357274  s
   43   2   1  -1       0.41465146  p_y
   43   2   1   0       0.45969494  p_z
   43   2   1   1       0.45794071  p_x
   44   1   0   0       0.61631884  s
   44   2   1  -1       0.40145255  p_y
   44   2   1   0       0.45833092  p_z
   44   2   1   1       0.46054197  p_x
   45   1   0   0       0.59153172  s
   45   2   1  -1       0.48620939  p_y
   45   2   1   0       0.45696442  p_z
   45   2   1   1       0.46242009  p_x
   46   1   0   0       0.44471749  s
   47   1   0   0       0.61821319  s
   47   2   1  -1       0.45372075  p_y
   47   2   1   0       0.46503162  p_z
   47   2   1   1       0.47083159  p_x
   48   1   0   0       0.59442386  s
   48   2   1  -1       0.47290946  p_y
   48   2   1   0       0.45762876  p_z
   48   2   1   1       0.46077356  p_x
   49   1   0   0       0.44462225  s
   50   1   0   0       0.44392495  s
   51   1   0   0       0.59358869  s
   51   2   1  -1       0.48610651  p_y
   51   2   1   0       0.45332704  p_z
   51   2   1   1       0.46526748  p_x
   52   1   0   0       0.61728263  s
   52   2   1  -1       0.42199703  p_y
   52   2   1   0       0.46050628  p_z
   52   2   1   1       0.46774930  p_x
   53   1   0   0       0.61638413  s
   53   2   1  -1       0.46069498  p_y
   53   2   1   0       0.46411230  p_z
   53   2   1   1       0.46358298  p_x
   54   1   0   0       0.43660473  s
   55   1   0   0       0.62041798  s
   55   2   1  -1       0.46703381  p_y
   55   2   1   0       0.45995861  p_z
   55   2   1   1       0.46931952  p_x
   56   1   0   0       0.62022516  s
   56   2   1  -1       0.43087619  p_y
   56   2   1   0       0.46023345  p_z
   56   2   1   1       0.46175474  p_x
   57   1   0   0       0.58773829  s
   57   2   1  -1       0.47276364  p_y
   57   2   1   0       0.45453732  p_z
   57   2   1   1       0.46150084  p_x
   58   1   0   0       0.44522655  s
   59   1   0   0       0.61766289  s
   59   2   1  -1       0.46950396  p_y
   59   2   1   0       0.47556090  p_z
   59   2   1   1       0.45833540  p_x
   60   1   0   0       0.44855959  s
   61   1   0   0       0.45601160  s
   62   1   0   0       0.44295481  s
   63   1   0   0       0.58621627  s
   63   2   1  -1       0.46814900  p_y
   63   2   1   0       0.45305719  p_z
   63   2   1   1       0.46201456  p_x
   64   1   0   0       0.61714532  s
   64   2   1  -1       0.46818732  p_y
   64   2   1   0       0.46025589  p_z
   64   2   1   1       0.47141721  p_x
   65   1   0   0       0.45008933  s
   66   1   0   0       0.60735151  s
   66   2   1  -1       0.46937069  p_y
   66   2   1   0       0.46620386  p_z
   66   2   1   1       0.47626277  p_x
   67   1   0   0       0.61980882  s
   67   2   1  -1       0.46487104  p_y
   67   2   1   0       0.47613396  p_z
   67   2   1   1       0.46261562  p_x
   68   1   0   0       0.44975903  s
   69   1   0   0       0.61236925  s
   69   2   1  -1       0.46573917  p_y
   69   2   1   0       0.46721187  p_z
   69   2   1   1       0.46575407  p_x
   70   1   0   0       0.44304355  s
   71   1   0   0       0.44420103  s
   72   1   0   0       0.45212756  s

Spin  up
Fermi level:                        -0.2209579116 H           -6.0126 eV
Band energy:                       -47.8765557039 H        -1302.7874 eV
TS:                                  0.0000000000 H            0.0000 eV
Band free energy (E-TS):           -47.8765557039 H        -1302.7874 eV
Extrapolated E(0K):                -47.8765557039 H        -1302.7874 eV
Input / Output electrons (up):    102.0000000006    102.0000000000

Spin  down
Fermi level:                        -0.2414696176 H           -6.5707 eV
Band energy:                       -47.5410331975 H        -1293.6573 eV
TS:                                  0.0000000000 H            0.0000 eV
Band free energy (E-TS):           -47.5410331975 H        -1293.6573 eV
Extrapolated E(0K):                -47.5410331975 H        -1293.6573 eV
Input / Output electrons (down):    100.9999999994    101.0000000000

Energy H0:                         -86.3320097060 H        -2349.2135 eV
Energy SCC:                          0.0249045537 H            0.6777 eV
Energy SPIN:                        -0.0015570997 H           -0.0424 eV
Energy 3rd:                          0.0000597179 H            0.0016 eV
Total Electronic energy:           -86.3086025341 H        -2348.5766 eV
Repulsive energy:                    0.7833946958 H           21.3173 eV
Total energy:                      -85.5252078383 H        -2327.2593 eV
Extrapolated to 0:                 -85.5252078383 H        -2327.2593 eV
Total Mermin free energy:          -85.5252078383 H        -2327.2593 eV
Force related energy:              -85.5252078383 H        -2327.2593 eV

Constraints converged

SCC converged

