 Fermi distribution function

Calculation with static geometry


********************************************************************************
 iSCC Total electronic   Diff electronic      SCC error    
    1   -0.86939351E+02    0.00000000E+00    0.20130660E+00
********************************************************************************

 Total charge:    -0.00000000

 Atomic gross charges (e)
 Atom           Charge
    1       0.01219511
    2      -0.18290866
    3       0.00103377
    4      -0.20130660
    5       0.00490819
    6       0.14181081
    7      -0.07708292
    8      -0.06768138
    9       0.00623185
   10       0.14260189
   11      -0.13504437
   12      -0.01024744
   13       0.15755785
   14       0.15807429
   15       0.00309030
   16      -0.19409555
   17      -0.16988597
   18       0.14186848
   19      -0.09653573
   20      -0.06315754
   21      -0.00317414
   22       0.14085119
   23      -0.19761794
   24       0.12081097
   25       0.15069516
   26       0.15888560
   27      -0.00496991
   28      -0.17490009
   29       0.12414892
   30      -0.06297085
   31      -0.17026093
   32       0.13438365
   33      -0.19883909
   34       0.15772914
   35       0.12519754
   36       0.12312726
   37       0.00511912
   38      -0.16162745
   39       0.00898357
   40      -0.18335136
   41      -0.00006565
   42       0.14933749
   43      -0.09313468
   44      -0.06642680
   45       0.00432791
   46       0.14698444
   47      -0.11385981
   48      -0.00082982
   49       0.15050661
   50       0.15287608
   51       0.01277251
   52      -0.19735506
   53      -0.18110198
   54       0.15322157
   55      -0.13022658
   56      -0.05507725
   57      -0.00637594
   58       0.14503859
   59      -0.18722347
   60       0.12459344
   61       0.12837478
   62       0.15289297
   63       0.00176151
   64      -0.19268155
   65       0.12790443
   66      -0.04918712
   67      -0.17662287
   68       0.12436988
   69      -0.19451555
   70       0.15577935
   71       0.12669721
   72       0.12359861

Nr. of electrons (up):    204.00000000
Atom populations (up)
 Atom       Population
    1       3.98780489
    2       4.18290866
    3       3.99896623
    4       4.20130660
    5       3.99509181
    6       0.85818919
    7       4.07708292
    8       4.06768138
    9       3.99376815
   10       0.85739811
   11       4.13504437
   12       4.01024744
   13       0.84244215
   14       0.84192571
   15       3.99690970
   16       4.19409555
   17       4.16988597
   18       0.85813152
   19       4.09653573
   20       4.06315754
   21       4.00317414
   22       0.85914881
   23       4.19761794
   24       0.87918903
   25       0.84930484
   26       0.84111440
   27       4.00496991
   28       4.17490009
   29       0.87585108
   30       4.06297085
   31       4.17026093
   32       0.86561635
   33       4.19883909
   34       0.84227086
   35       0.87480246
   36       0.87687274
   37       3.99488088
   38       4.16162745
   39       3.99101643
   40       4.18335136
   41       4.00006565
   42       0.85066251
   43       4.09313468
   44       4.06642680
   45       3.99567209
   46       0.85301556
   47       4.11385981
   48       4.00082982
   49       0.84949339
   50       0.84712392
   51       3.98722749
   52       4.19735506
   53       4.18110198
   54       0.84677843
   55       4.13022658
   56       4.05507725
   57       4.00637594
   58       0.85496141
   59       4.18722347
   60       0.87540656
   61       0.87162522
   62       0.84710703
   63       3.99823849
   64       4.19268155
   65       0.87209557
   66       4.04918712
   67       4.17662287
   68       0.87563012
   69       4.19451555
   70       0.84422065
   71       0.87330279
   72       0.87640139

l-shell populations (up)
 Atom Sh.   l       Population
    1   1   0       1.18291724
    1   2   1       2.80488765
    2   1   0       1.23428172
    2   2   1       2.94862695
    3   1   0       1.18680831
    3   2   1       2.81215792
    4   1   0       1.23619168
    4   2   1       2.96511492
    5   1   0       1.18694716
    5   2   1       2.80814465
    6   1   0       0.85818919
    7   1   0       1.23652648
    7   2   1       2.84055644
    8   1   0       1.23712069
    8   2   1       2.83056069
    9   1   0       1.18773039
    9   2   1       2.80603776
   10   1   0       0.85739811
   11   1   0       1.23440718
   11   2   1       2.90063719
   12   1   0       1.18868789
   12   2   1       2.82155955
   13   1   0       0.84244215
   14   1   0       0.84192571
   15   1   0       1.18517873
   15   2   1       2.81173098
   16   1   0       1.23475581
   16   2   1       2.95933974
   17   1   0       1.23640737
   17   2   1       2.93347860
   18   1   0       0.85813152
   19   1   0       1.23712762
   19   2   1       2.85940811
   20   1   0       1.23502054
   20   2   1       2.82813699
   21   1   0       1.18998636
   21   2   1       2.81318778
   22   1   0       0.85914881
   23   1   0       1.23781819
   23   2   1       2.95979976
   24   1   0       0.87918903
   25   1   0       0.84930484
   26   1   0       0.84111440
   27   1   0       1.18776681
   27   2   1       2.81720310
   28   1   0       1.23893764
   28   2   1       2.93596245
   29   1   0       0.87585108
   30   1   0       1.23625027
   30   2   1       2.82672058
   31   1   0       1.23878378
   31   2   1       2.93147715
   32   1   0       0.86561635
   33   1   0       1.23760493
   33   2   1       2.96123415
   34   1   0       0.84227086
   35   1   0       0.87480246
   36   1   0       0.87687274
   37   1   0       1.18708036
   37   2   1       2.80780052
   38   1   0       1.23616000
   38   2   1       2.92546745
   39   1   0       1.18883610
   39   2   1       2.80218033
   40   1   0       1.23467910
   40   2   1       2.94867226
   41   1   0       1.18620384
   41   2   1       2.81386181
   42   1   0       0.85066251
   43   1   0       1.23609286
   43   2   1       2.85704183
   44   1   0       1.23361371
   44   2   1       2.83281309
   45   1   0       1.18871259
   45   2   1       2.80695950
   46   1   0       0.85301556
   47   1   0       1.23677082
   47   2   1       2.87708898
   48   1   0       1.18471094
   48   2   1       2.81611887
   49   1   0       0.84949339
   50   1   0       0.84712392
   51   1   0       1.18515907
   51   2   1       2.80206843
   52   1   0       1.23745217
   52   2   1       2.95990289
   53   1   0       1.23899399
   53   2   1       2.94210799
   54   1   0       0.84677843
   55   1   0       1.23237105
   55   2   1       2.89785553
   56   1   0       1.23211931
   56   2   1       2.82295795
   57   1   0       1.18802963
   57   2   1       2.81834632
   58   1   0       0.85496141
   59   1   0       1.23891531
   59   2   1       2.94830816
   60   1   0       0.87540656
   61   1   0       0.87162522
   62   1   0       0.84710703
   63   1   0       1.18637168
   63   2   1       2.81186682
   64   1   0       1.23644952
   64   2   1       2.95623203
   65   1   0       0.87209557
   66   1   0       1.23247841
   66   2   1       2.81670871
   67   1   0       1.24158766
   67   2   1       2.93503521
   68   1   0       0.87563012
   69   1   0       1.23857044
   69   2   1       2.95594511
   70   1   0       0.84422065
   71   1   0       0.87330279
   72   1   0       0.87640139

Orbital populations (up)
 Atom Sh.   l   m       Population  Label
    1   1   0   0       1.18291724  s
    1   2   1  -1       0.95881061  p_y
    1   2   1   0       0.92239226  p_z
    1   2   1   1       0.92368478  p_x
    2   1   0   0       1.23428172  s
    2   2   1  -1       1.01906575  p_y
    2   2   1   0       0.93915357  p_z
    2   2   1   1       0.99040762  p_x
    3   1   0   0       1.18680831  s
    3   2   1  -1       0.96173706  p_y
    3   2   1   0       0.92864850  p_z
    3   2   1   1       0.92177236  p_x
    4   1   0   0       1.23619168  s
    4   2   1  -1       1.03193084  p_y
    4   2   1   0       0.94206472  p_z
    4   2   1   1       0.99111936  p_x
    5   1   0   0       1.18694716  s
    5   2   1  -1       0.96397376  p_y
    5   2   1   0       0.92264099  p_z
    5   2   1   1       0.92152991  p_x
    6   1   0   0       0.85818919  s
    7   1   0   0       1.23652648  s
    7   2   1  -1       0.95259610  p_y
    7   2   1   0       0.91583680  p_z
    7   2   1   1       0.97212353  p_x
    8   1   0   0       1.23712069  s
    8   2   1  -1       0.94613759  p_y
    8   2   1   0       0.91333293  p_z
    8   2   1   1       0.97109017  p_x
    9   1   0   0       1.18773039  s
    9   2   1  -1       0.95872579  p_y
    9   2   1   0       0.92177187  p_z
    9   2   1   1       0.92554010  p_x
   10   1   0   0       0.85739811  s
   11   1   0   0       1.23440718  s
   11   2   1  -1       0.99006407  p_y
   11   2   1   0       0.92939353  p_z
   11   2   1   1       0.98117958  p_x
   12   1   0   0       1.18868789  s
   12   2   1  -1       0.96899410  p_y
   12   2   1   0       0.92731228  p_z
   12   2   1   1       0.92525317  p_x
   13   1   0   0       0.84244215  s
   14   1   0   0       0.84192571  s
   15   1   0   0       1.18517873  s
   15   2   1  -1       0.96054634  p_y
   15   2   1   0       0.93217067  p_z
   15   2   1   1       0.91901396  p_x
   16   1   0   0       1.23475581  s
   16   2   1  -1       1.02867601  p_y
   16   2   1   0       0.94175680  p_z
   16   2   1   1       0.98890693  p_x
   17   1   0   0       1.23640737  s
   17   2   1  -1       1.00060054  p_y
   17   2   1   0       0.96822909  p_z
   17   2   1   1       0.96464897  p_x
   18   1   0   0       0.85813152  s
   19   1   0   0       1.23712762  s
   19   2   1  -1       0.96724839  p_y
   19   2   1   0       0.92016366  p_z
   19   2   1   1       0.97199606  p_x
   20   1   0   0       1.23502054  s
   20   2   1  -1       0.94410803  p_y
   20   2   1   0       0.91217618  p_z
   20   2   1   1       0.97185278  p_x
   21   1   0   0       1.18998636  s
   21   2   1  -1       0.96400657  p_y
   21   2   1   0       0.91904803  p_z
   21   2   1   1       0.93013318  p_x
   22   1   0   0       0.85914881  s
   23   1   0   0       1.23781819  s
   23   2   1  -1       1.02568026  p_y
   23   2   1   0       0.98862211  p_z
   23   2   1   1       0.94549740  p_x
   24   1   0   0       0.87918903  s
   25   1   0   0       0.84930484  s
   26   1   0   0       0.84111440  s
   27   1   0   0       1.18776681  s
   27   2   1  -1       0.96916542  p_y
   27   2   1   0       0.93049332  p_z
   27   2   1   1       0.91754436  p_x
   28   1   0   0       1.23893764  s
   28   2   1  -1       1.01570937  p_y
   28   2   1   0       0.93868337  p_z
   28   2   1   1       0.98156971  p_x
   29   1   0   0       0.87585108  s
   30   1   0   0       1.23625027  s
   30   2   1  -1       0.94334046  p_y
   30   2   1   0       0.91054640  p_z
   30   2   1   1       0.97283372  p_x
   31   1   0   0       1.23878378  s
   31   2   1  -1       1.00847946  p_y
   31   2   1   0       0.98196376  p_z
   31   2   1   1       0.94103392  p_x
   32   1   0   0       0.86561635  s
   33   1   0   0       1.23760493  s
   33   2   1  -1       1.01895557  p_y
   33   2   1   0       0.97762625  p_z
   33   2   1   1       0.96465234  p_x
   34   1   0   0       0.84227086  s
   35   1   0   0       0.87480246  s
   36   1   0   0       0.87687274  s
   37   1   0   0       1.18708036  s
   37   2   1  -1       0.96766164  p_y
   37   2   1   0       0.91476494  p_z
   37   2   1   1       0.92537394  p_x
   38   1   0   0       1.23616000  s
   38   2   1  -1       1.01047289  p_y
   38   2   1   0       0.92660264  p_z
   38   2   1   1       0.98839192  p_x
   39   1   0   0       1.18883610  s
   39   2   1  -1       0.96904051  p_y
   39   2   1   0       0.91263652  p_z
   39   2   1   1       0.92050330  p_x
   40   1   0   0       1.23467910  s
   40   2   1  -1       1.03170159  p_y
   40   2   1   0       0.92906231  p_z
   40   2   1   1       0.98790836  p_x
   41   1   0   0       1.18620384  s
   41   2   1  -1       0.97382337  p_y
   41   2   1   0       0.91705579  p_z
   41   2   1   1       0.92298264  p_x
   42   1   0   0       0.85066251  s
   43   1   0   0       1.23609286  s
   43   2   1  -1       0.95997118  p_y
   43   2   1   0       0.92510392  p_z
   43   2   1   1       0.97196672  p_x
   44   1   0   0       1.23361371  s
   44   2   1  -1       0.94177289  p_y
   44   2   1   0       0.92105085  p_z
   44   2   1   1       0.96998935  p_x
   45   1   0   0       1.18871259  s
   45   2   1  -1       0.97044493  p_y
   45   2   1   0       0.90782978  p_z
   45   2   1   1       0.92868479  p_x
   46   1   0   0       0.85301556  s
   47   1   0   0       1.23677082  s
   47   2   1  -1       0.97485399  p_y
   47   2   1   0       0.92239702  p_z
   47   2   1   1       0.97983798  p_x
   48   1   0   0       1.18471094  s
   48   2   1  -1       0.98316398  p_y
   48   2   1   0       0.90675153  p_z
   48   2   1   1       0.92620337  p_x
   49   1   0   0       0.84949339  s
   50   1   0   0       0.84712392  s
   51   1   0   0       1.18515907  s
   51   2   1  -1       0.96551382  p_y
   51   2   1   0       0.91776935  p_z
   51   2   1   1       0.91878525  p_x
   52   1   0   0       1.23745217  s
   52   2   1  -1       1.03770829  p_y
   52   2   1   0       0.93141933  p_z
   52   2   1   1       0.99077527  p_x
   53   1   0   0       1.23899399  s
   53   2   1  -1       1.02692231  p_y
   53   2   1   0       0.94954106  p_z
   53   2   1   1       0.96564462  p_x
   54   1   0   0       0.84677843  s
   55   1   0   0       1.23237105  s
   55   2   1  -1       0.99138315  p_y
   55   2   1   0       0.93351707  p_z
   55   2   1   1       0.97295531  p_x
   56   1   0   0       1.23211931  s
   56   2   1  -1       0.93268158  p_y
   56   2   1   0       0.91933242  p_z
   56   2   1   1       0.97094395  p_x
   57   1   0   0       1.18802963  s
   57   2   1  -1       0.97990000  p_y
   57   2   1   0       0.90490279  p_z
   57   2   1   1       0.93354352  p_x
   58   1   0   0       0.85496141  s
   59   1   0   0       1.23891531  s
   59   2   1  -1       1.02475311  p_y
   59   2   1   0       0.98017429  p_z
   59   2   1   1       0.94338076  p_x
   60   1   0   0       0.87540656  s
   61   1   0   0       0.87162522  s
   62   1   0   0       0.84710703  s
   63   1   0   0       1.18637168  s
   63   2   1  -1       0.97721355  p_y
   63   2   1   0       0.91935329  p_z
   63   2   1   1       0.91529998  p_x
   64   1   0   0       1.23644952  s
   64   2   1  -1       1.03463061  p_y
   64   2   1   0       0.93784153  p_z
   64   2   1   1       0.98375989  p_x
   65   1   0   0       0.87209557  s
   66   1   0   0       1.23247841  s
   66   2   1  -1       0.93060185  p_y
   66   2   1   0       0.91567094  p_z
   66   2   1   1       0.97043592  p_x
   67   1   0   0       1.24158766  s
   67   2   1  -1       1.01357905  p_y
   67   2   1   0       0.97924556  p_z
   67   2   1   1       0.94221060  p_x
   68   1   0   0       0.87563012  s
   69   1   0   0       1.23857044  s
   69   2   1  -1       1.03996281  p_y
   69   2   1   0       0.95251363  p_z
   69   2   1   1       0.96346867  p_x
   70   1   0   0       0.84422065  s
   71   1   0   0       0.87330279  s
   72   1   0   0       0.87640139  s

Fermi level:                        -0.1603603127 H           -4.3636 eV
Band energy:                       -84.8467483973 H        -2308.7975 eV
TS:                                  0.0000000000 H            0.0000 eV
Band free energy (E-TS):           -84.8467483973 H        -2308.7975 eV
Extrapolated E(0K):                -84.8467483973 H        -2308.7975 eV
Input / Output electrons (q):    204.0000000000    204.0000000000

Energy H0:                         -86.9496904460 H        -2366.0215 eV
Energy SCC:                          0.0133214866 H            0.3625 eV
Energy 3rd:                         -0.0029816818 H           -0.0811 eV
Total Electronic energy:           -86.9393506413 H        -2365.7401 eV
Repulsive energy:                    1.3648503056 H           37.1395 eV
Total energy:                      -85.5745003358 H        -2328.6006 eV
Extrapolated to 0:                 -85.5745003358 H        -2328.6006 eV
