 Fermi distribution function

Calculation with static geometry


********************************************************************************
 iSCC Total electronic   Diff electronic      SCC error    
   17   -0.86329188E+02   -0.30232343E-07    0.93419502E-06
********************************************************************************

 Total charge:     1.00000000

 Atomic gross charges (e)
 Atom           Charge
    1       0.02431650
    2      -0.05108453
    3       0.03005122
    4      -0.03249095
    5       0.05245762
    6       0.11839273
    7      -0.06747942
    8      -0.04767664
    9       0.02283985
   10       0.12188306
   11      -0.05380264
   12       0.04274621
   13       0.11934203
   14       0.11948458
   15       0.01825141
   16      -0.05836046
   17      -0.06208678
   18       0.11719817
   19      -0.07708322
   20      -0.06643688
   21       0.04646097
   22       0.12193395
   23      -0.07117118
   24       0.09780138
   25       0.10984571
   26       0.11489792
   27       0.04881437
   28      -0.07760300
   29       0.10204708
   30      -0.08289073
   31      -0.05016113
   32       0.11004320
   33      -0.05470700
   34       0.11785877
   35       0.09729510
   36       0.09915095
   37       0.03396765
   38      -0.11163037
   39       0.04775858
   40      -0.09983817
   41       0.06111845
   42       0.09849590
   43      -0.18469626
   44      -0.16996229
   45       0.03782769
   46       0.09256290
   47      -0.08965047
   48       0.07337765
   49       0.08367938
   50       0.08195724
   51       0.04827706
   52      -0.10955606
   53      -0.08521304
   54       0.10194166
   55      -0.13467234
   56      -0.18913082
   57       0.05482458
   58       0.09833060
   59      -0.08005015
   60       0.09686273
   61       0.07506632
   62       0.08266121
   63       0.05326156
   64      -0.08158246
   65       0.10604614
   66      -0.12562995
   67      -0.11054231
   68       0.08580280
   69      -0.09984399
   70       0.07459961
   71       0.10371141
   72       0.07978936


 Atomic net (on-site) populations and hybridisation ratios
 Atom       Population         Hybrid.
    1       2.72338652      0.31915337
    2       2.81186681      0.29703330
    3       2.71622693      0.32094327
    4       2.77700779      0.30574805
    5       2.68890864      0.32777284
    6       0.54752148      0.45247852
    7       2.84818619      0.28795345
    8       2.81131860      0.29717035
    9       2.73242744      0.31689314
   10       0.54398766      0.45601234
   11       2.76231929      0.30942018
   12       2.73045089      0.31738728
   13       0.54979046      0.45020954
   14       0.54742889      0.45257111
   15       2.74026401      0.31493400
   16       2.82857495      0.29285626
   17       2.79508640      0.30122840
   18       0.55049972      0.44950028
   19       2.81082427      0.29729393
   20       2.83622187      0.29094453
   21       2.71396504      0.32150874
   22       0.54430145      0.45569855
   23       2.81508338      0.29622916
   24       0.56903718      0.43096282
   25       0.55863206      0.44136794
   26       0.55637292      0.44362708
   27       2.70009675      0.32497581
   28       2.82473680      0.29381580
   29       0.56471271      0.43528729
   30       2.82421372      0.29394657
   31       2.76433447      0.30891638
   32       0.55820375      0.44179625
   33       2.77436012      0.30640997
   34       0.54987088      0.45012912
   35       0.56947923      0.43052077
   36       0.56620782      0.43379218
   37       2.70785065      0.32303734
   38       2.86742509      0.28314373
   39       2.70220378      0.32444905
   40       2.85513144      0.28621714
   41       2.66572198      0.33356950
   42       0.57125155      0.42874845
   43       2.95791698      0.26052076
   44       2.92112644      0.26971839
   45       2.69300878      0.32674781
   46       0.57997263      0.42002737
   47       2.84923045      0.28769239
   48       2.64550214      0.33862447
   49       0.58150611      0.41849389
   50       0.58435898      0.41564102
   51       2.69500450      0.32624887
   52       2.87599028      0.28100243
   53       2.81978821      0.29505295
   54       0.56618961      0.43381039
   55       2.87419670      0.28145083
   56       2.96589087      0.25852728
   57       2.65900225      0.33524944
   58       0.57340433      0.42659567
   59       2.80925324      0.29768669
   60       0.56738851      0.43261149
   61       0.59025944      0.40974056
   62       0.58202194      0.41797806
   63       2.69065233      0.32733692
   64       2.81489531      0.29627617
   65       0.55549130      0.44450870
   66       2.88117371      0.27970657
   67       2.84661129      0.28834718
   68       0.58392774      0.41607226
   69       2.83742870      0.29064282
   70       0.59574445      0.40425555
   71       0.55834503      0.44165497
   72       0.58290359      0.41709641

Nr. of electrons (up):    102.00000000
Atom populations (up)
 Atom       Population
    1       1.97878866
    2       2.08936170
    3       1.97384240
    4       2.08813384
    5       1.97566677
    6       0.43735602
    7       2.10695219
    8       2.10865659
    9       1.97966843
   10       0.43518391
   11       2.04527680
   12       1.98018031
   13       0.43621513
   14       0.43559930
   15       1.97996364
   16       2.09252288
   17       2.04654706
   18       0.44040295
   19       2.05945640
   20       2.10100393
   21       1.97920928
   22       0.43558309
   23       2.04922810
   24       0.45023347
   25       0.44389995
   26       0.43875268
   27       1.97593149
   28       2.06013756
   29       0.44822206
   30       2.06385784
   31       2.03845828
   32       0.44379910
   33       2.03961654
   34       0.43984021
   35       0.45062089
   36       0.44976943
   37       1.98294818
   38       2.05611352
   39       1.97613159
   40       2.05040220
   41       1.96940662
   42       0.45073561
   43       2.09246614
   44       2.08511921
   45       1.98101830
   46       0.45369191
   47       2.04491611
   48       1.96335425
   49       0.45815382
   50       0.45901418
   51       1.97585269
   52       2.05530461
   53       2.04261168
   54       0.44902407
   55       2.06736586
   56       2.09462801
   57       1.97254554
   58       0.45080562
   59       2.04008135
   60       0.45156834
   61       0.46246513
   62       0.45866836
   63       1.97343983
   64       2.04101078
   65       0.44697384
   66       2.06277924
   67       2.05524920
   68       0.45708637
   69       2.05018681
   70       0.46270597
   71       0.44814551
   72       0.46009068

l-shell populations (up)
 Atom Sh.   l       Population
    1   1   0       0.58842344
    1   2   1       1.39036521
    2   1   0       0.62580185
    2   2   1       1.46355986
    3   1   0       0.58879029
    3   2   1       1.38505211
    4   1   0       0.62252695
    4   2   1       1.46560689
    5   1   0       0.58749231
    5   2   1       1.38817447
    6   1   0       0.43735602
    7   1   0       0.63336874
    7   2   1       1.47358346
    8   1   0       0.62881616
    8   2   1       1.47984043
    9   1   0       0.59122845
    9   2   1       1.38843998
   10   1   0       0.43518391
   11   1   0       0.60904214
   11   2   1       1.43623465
   12   1   0       0.59767240
   12   2   1       1.38250791
   13   1   0       0.43621513
   14   1   0       0.43559930
   15   1   0       0.59265974
   15   2   1       1.38730390
   16   1   0       0.63004375
   16   2   1       1.46247912
   17   1   0       0.61639281
   17   2   1       1.43015425
   18   1   0       0.44040295
   19   1   0       0.61846391
   19   2   1       1.44099249
   20   1   0       0.62964194
   20   2   1       1.47136199
   21   1   0       0.59363793
   21   2   1       1.38557135
   22   1   0       0.43558309
   23   1   0       0.62121295
   23   2   1       1.42801515
   24   1   0       0.45023347
   25   1   0       0.44389995
   26   1   0       0.43875268
   27   1   0       0.59040576
   27   2   1       1.38552573
   28   1   0       0.62108066
   28   2   1       1.43905690
   29   1   0       0.44822206
   30   1   0       0.61979994
   30   2   1       1.44405790
   31   1   0       0.61097604
   31   2   1       1.42748224
   32   1   0       0.44379910
   33   1   0       0.61262328
   33   2   1       1.42699327
   34   1   0       0.43984021
   35   1   0       0.45062089
   36   1   0       0.44976943
   37   1   0       0.58653683
   37   2   1       1.39641135
   38   1   0       0.61765064
   38   2   1       1.43846288
   39   1   0       0.58846098
   39   2   1       1.38767061
   40   1   0       0.61576347
   40   2   1       1.43463873
   41   1   0       0.58195473
   41   2   1       1.38745189
   42   1   0       0.45073561
   43   1   0       0.62164557
   43   2   1       1.47082057
   44   1   0       0.61599881
   44   2   1       1.46912040
   45   1   0       0.58294664
   45   2   1       1.39807166
   46   1   0       0.45369191
   47   1   0       0.62197141
   47   2   1       1.42294470
   48   1   0       0.57866898
   48   2   1       1.38468527
   49   1   0       0.45815382
   50   1   0       0.45901418
   51   1   0       0.58594308
   51   2   1       1.38990961
   52   1   0       0.61934356
   52   2   1       1.43596104
   53   1   0       0.61691513
   53   2   1       1.42569655
   54   1   0       0.44902407
   55   1   0       0.61462081
   55   2   1       1.45274505
   56   1   0       0.62372882
   56   2   1       1.47089919
   57   1   0       0.57760963
   57   2   1       1.39493591
   58   1   0       0.45080562
   59   1   0       0.61684360
   59   2   1       1.42323776
   60   1   0       0.45156834
   61   1   0       0.46246513
   62   1   0       0.45866836
   63   1   0       0.58620432
   63   2   1       1.38723551
   64   1   0       0.61245871
   64   2   1       1.42855207
   65   1   0       0.44697384
   66   1   0       0.62069089
   66   2   1       1.44208835
   67   1   0       0.61740297
   67   2   1       1.43784623
   68   1   0       0.45708637
   69   1   0       0.61734835
   69   2   1       1.43283846
   70   1   0       0.46270597
   71   1   0       0.44814551
   72   1   0       0.46009068

Orbital populations (up)
 Atom Sh.   l   m       Population  Label
    1   1   0   0       0.58842344  s
    1   2   1  -1       0.47935102  p_y
    1   2   1   0       0.45419966  p_z
    1   2   1   1       0.45681453  p_x
    2   1   0   0       0.62580185  s
    2   2   1  -1       0.50693174  p_y
    2   2   1   0       0.46784923  p_z
    2   2   1   1       0.48877888  p_x
    3   1   0   0       0.58879029  s
    3   2   1  -1       0.47578434  p_y
    3   2   1   0       0.45208318  p_z
    3   2   1   1       0.45718460  p_x
    4   1   0   0       0.62252695  s
    4   2   1  -1       0.50425104  p_y
    4   2   1   0       0.47027952  p_z
    4   2   1   1       0.49107632  p_x
    5   1   0   0       0.58749231  s
    5   2   1  -1       0.47256607  p_y
    5   2   1   0       0.45808998  p_z
    5   2   1   1       0.45751842  p_x
    6   1   0   0       0.43735602  s
    7   1   0   0       0.63336874  s
    7   2   1  -1       0.51424547  p_y
    7   2   1   0       0.46847345  p_z
    7   2   1   1       0.49086454  p_x
    8   1   0   0       0.62881616  s
    8   2   1  -1       0.51724723  p_y
    8   2   1   0       0.47321579  p_z
    8   2   1   1       0.48937741  p_x
    9   1   0   0       0.59122845  s
    9   2   1  -1       0.47985034  p_y
    9   2   1   0       0.45449415  p_z
    9   2   1   1       0.45409549  p_x
   10   1   0   0       0.43518391  s
   11   1   0   0       0.60904214  s
   11   2   1  -1       0.48870602  p_y
   11   2   1   0       0.46466657  p_z
   11   2   1   1       0.48286206  p_x
   12   1   0   0       0.59767240  s
   12   2   1  -1       0.47563551  p_y
   12   2   1   0       0.45029358  p_z
   12   2   1   1       0.45657882  p_x
   13   1   0   0       0.43621513  s
   14   1   0   0       0.43559930  s
   15   1   0   0       0.59265974  s
   15   2   1  -1       0.47801292  p_y
   15   2   1   0       0.45316379  p_z
   15   2   1   1       0.45612718  p_x
   16   1   0   0       0.63004375  s
   16   2   1  -1       0.50350695  p_y
   16   2   1   0       0.46867797  p_z
   16   2   1   1       0.49029420  p_x
   17   1   0   0       0.61639281  s
   17   2   1  -1       0.48880083  p_y
   17   2   1   0       0.47317340  p_z
   17   2   1   1       0.46818002  p_x
   18   1   0   0       0.44040295  s
   19   1   0   0       0.61846391  s
   19   2   1  -1       0.49483821  p_y
   19   2   1   0       0.46054892  p_z
   19   2   1   1       0.48560536  p_x
   20   1   0   0       0.62964194  s
   20   2   1  -1       0.51355564  p_y
   20   2   1   0       0.46952148  p_z
   20   2   1   1       0.48828487  p_x
   21   1   0   0       0.59363793  s
   21   2   1  -1       0.47630277  p_y
   21   2   1   0       0.45505190  p_z
   21   2   1   1       0.45421668  p_x
   22   1   0   0       0.43558309  s
   23   1   0   0       0.62121295  s
   23   2   1  -1       0.48645201  p_y
   23   2   1   0       0.47947930  p_z
   23   2   1   1       0.46208384  p_x
   24   1   0   0       0.45023347  s
   25   1   0   0       0.44389995  s
   26   1   0   0       0.43875268  s
   27   1   0   0       0.59040576  s
   27   2   1  -1       0.47486030  p_y
   27   2   1   0       0.45009300  p_z
   27   2   1   1       0.46057243  p_x
   28   1   0   0       0.62108066  s
   28   2   1  -1       0.49029299  p_y
   28   2   1   0       0.46227536  p_z
   28   2   1   1       0.48648855  p_x
   29   1   0   0       0.44822206  s
   30   1   0   0       0.61979994  s
   30   2   1  -1       0.49466934  p_y
   30   2   1   0       0.46346496  p_z
   30   2   1   1       0.48592360  p_x
   31   1   0   0       0.61097604  s
   31   2   1  -1       0.48563741  p_y
   31   2   1   0       0.47980210  p_z
   31   2   1   1       0.46204273  p_x
   32   1   0   0       0.44379910  s
   33   1   0   0       0.61262328  s
   33   2   1  -1       0.48157115  p_y
   33   2   1   0       0.47307012  p_z
   33   2   1   1       0.47235199  p_x
   34   1   0   0       0.43984021  s
   35   1   0   0       0.45062089  s
   36   1   0   0       0.44976943  s
   37   1   0   0       0.58653683  s
   37   2   1  -1       0.48198875  p_y
   37   2   1   0       0.44928187  p_z
   37   2   1   1       0.46514073  p_x
   38   1   0   0       0.61765064  s
   38   2   1  -1       0.49580945  p_y
   38   2   1   0       0.45841374  p_z
   38   2   1   1       0.48423969  p_x
   39   1   0   0       0.58846098  s
   39   2   1  -1       0.47868550  p_y
   39   2   1   0       0.44574898  p_z
   39   2   1   1       0.46323613  p_x
   40   1   0   0       0.61576347  s
   40   2   1  -1       0.49282716  p_y
   40   2   1   0       0.45995165  p_z
   40   2   1   1       0.48185992  p_x
   41   1   0   0       0.58195473  s
   41   2   1  -1       0.47832956  p_y
   41   2   1   0       0.44915650  p_z
   41   2   1   1       0.45996582  p_x
   42   1   0   0       0.45073561  s
   43   1   0   0       0.62164557  s
   43   2   1  -1       0.52620920  p_y
   43   2   1   0       0.45922718  p_z
   43   2   1   1       0.48538419  p_x
   44   1   0   0       0.61599881  s
   44   2   1  -1       0.52398906  p_y
   44   2   1   0       0.45900178  p_z
   44   2   1   1       0.48612956  p_x
   45   1   0   0       0.58294664  s
   45   2   1  -1       0.48397943  p_y
   45   2   1   0       0.44637931  p_z
   45   2   1   1       0.46771292  p_x
   46   1   0   0       0.45369191  s
   47   1   0   0       0.62197141  s
   47   2   1  -1       0.48624929  p_y
   47   2   1   0       0.46044787  p_z
   47   2   1   1       0.47624755  p_x
   48   1   0   0       0.57866898  s
   48   2   1  -1       0.47389376  p_y
   48   2   1   0       0.44747218  p_z
   48   2   1   1       0.46331933  p_x
   49   1   0   0       0.45815382  s
   50   1   0   0       0.45901418  s
   51   1   0   0       0.58594308  s
   51   2   1  -1       0.47678484  p_y
   51   2   1   0       0.44792543  p_z
   51   2   1   1       0.46519934  p_x
   52   1   0   0       0.61934356  s
   52   2   1  -1       0.49398190  p_y
   52   2   1   0       0.45942593  p_z
   52   2   1   1       0.48255322  p_x
   53   1   0   0       0.61691513  s
   53   2   1  -1       0.49193952  p_y
   53   2   1   0       0.46358204  p_z
   53   2   1   1       0.47017499  p_x
   54   1   0   0       0.44902407  s
   55   1   0   0       0.61462081  s
   55   2   1  -1       0.51157705  p_y
   55   2   1   0       0.46057280  p_z
   55   2   1   1       0.48059521  p_x
   56   1   0   0       0.62372882  s
   56   2   1  -1       0.52109069  p_y
   56   2   1   0       0.45816414  p_z
   56   2   1   1       0.49164436  p_x
   57   1   0   0       0.57760963  s
   57   2   1  -1       0.48211833  p_y
   57   2   1   0       0.44604073  p_z
   57   2   1   1       0.46677685  p_x
   58   1   0   0       0.45080562  s
   59   1   0   0       0.61684360  s
   59   2   1  -1       0.48303928  p_y
   59   2   1   0       0.47391022  p_z
   59   2   1   1       0.46628825  p_x
   60   1   0   0       0.45156834  s
   61   1   0   0       0.46246513  s
   62   1   0   0       0.45866836  s
   63   1   0   0       0.58620432  s
   63   2   1  -1       0.47671402  p_y
   63   2   1   0       0.44612949  p_z
   63   2   1   1       0.46439199  p_x
   64   1   0   0       0.61245871  s
   64   2   1  -1       0.49177596  p_y
   64   2   1   0       0.45630856  p_z
   64   2   1   1       0.48046755  p_x
   65   1   0   0       0.44697384  s
   66   1   0   0       0.62069089  s
   66   2   1  -1       0.49841914  p_y
   66   2   1   0       0.46059554  p_z
   66   2   1   1       0.48307368  p_x
   67   1   0   0       0.61740297  s
   67   2   1  -1       0.49487522  p_y
   67   2   1   0       0.47100411  p_z
   67   2   1   1       0.47196690  p_x
   68   1   0   0       0.45708637  s
   69   1   0   0       0.61734835  s
   69   2   1  -1       0.49292387  p_y
   69   2   1   0       0.46479146  p_z
   69   2   1   1       0.47512312  p_x
   70   1   0   0       0.46270597  s
   71   1   0   0       0.44814551  s
   72   1   0   0       0.46009068  s

Nr. of electrons (down):    101.00000000
Atom populations (down)
 Atom       Population
    1       1.99689484
    2       1.96172283
    3       1.99610638
    4       1.94435712
    5       1.97187560
    6       0.44425125
    7       1.96052722
    8       1.93902005
    9       1.99749172
   10       0.44293304
   11       2.00852584
   12       1.97707348
   13       0.44444284
   14       0.44491612
   15       2.00178495
   16       1.96583758
   17       2.01553972
   18       0.44239888
   19       2.01762682
   20       1.96543295
   21       1.97432975
   22       0.44248296
   23       2.02194308
   24       0.45196515
   25       0.44625434
   26       0.44634940
   27       1.97525414
   28       2.01746544
   29       0.44973086
   30       2.01903289
   31       2.01170284
   32       0.44615771
   33       2.01509045
   34       0.44230102
   35       0.45208401
   36       0.45107962
   37       1.98308417
   38       2.05551684
   39       1.97610983
   40       2.04943597
   41       1.96947493
   42       0.45076848
   43       2.09223012
   44       2.08484308
   45       1.98115401
   46       0.45374519
   47       2.04473435
   48       1.96326810
   49       0.45816681
   50       0.45902858
   51       1.97587025
   52       2.05425145
   53       2.04260136
   54       0.44903427
   55       2.06730649
   56       2.09450281
   57       1.97262988
   58       0.45086378
   59       2.03996880
   60       0.45156892
   61       0.46246855
   62       0.45867043
   63       1.97329861
   64       2.04057168
   65       0.44698003
   66       2.06285071
   67       2.05529311
   68       0.45711083
   69       2.04965718
   70       0.46269442
   71       0.44814309
   72       0.46011996

l-shell populations (down)
 Atom Sh.   l       Population
    1   1   0       0.59226997
    1   2   1       1.40462487
    2   1   0       0.62000676
    2   2   1       1.34171606
    3   1   0       0.59337874
    3   2   1       1.40272764
    4   1   0       0.61571465
    4   2   1       1.32864246
    5   1   0       0.58943032
    5   2   1       1.38244529
    6   1   0       0.44425125
    7   1   0       0.62657321
    7   2   1       1.33395402
    8   1   0       0.62074581
    8   2   1       1.31827423
    9   1   0       0.59507113
    9   2   1       1.40242060
   10   1   0       0.44293304
   11   1   0       0.60786064
   11   2   1       1.40066520
   12   1   0       0.59999233
   12   2   1       1.37708116
   13   1   0       0.44444284
   14   1   0       0.44491612
   15   1   0       0.59717185
   15   2   1       1.40461310
   16   1   0       0.62420760
   16   2   1       1.34162998
   17   1   0       0.61581762
   17   2   1       1.39972209
   18   1   0       0.44239888
   19   1   0       0.61699326
   19   2   1       1.40063356
   20   1   0       0.62333294
   20   2   1       1.34210000
   21   1   0       0.59555527
   21   2   1       1.37877448
   22   1   0       0.44248296
   23   1   0       0.62091275
   23   2   1       1.40103033
   24   1   0       0.45196515
   25   1   0       0.44625434
   26   1   0       0.44634940
   27   1   0       0.59272452
   27   2   1       1.38252962
   28   1   0       0.61955588
   28   2   1       1.39790956
   29   1   0       0.44973086
   30   1   0       0.61814108
   30   2   1       1.40089182
   31   1   0       0.61063383
   31   2   1       1.40106901
   32   1   0       0.44615771
   33   1   0       0.61242748
   33   2   1       1.40266298
   34   1   0       0.44230102
   35   1   0       0.45208401
   36   1   0       0.45107962
   37   1   0       0.58656250
   37   2   1       1.39652167
   38   1   0       0.61762179
   38   2   1       1.43789506
   39   1   0       0.58846481
   39   2   1       1.38764502
   40   1   0       0.61571762
   40   2   1       1.43371835
   41   1   0       0.58196808
   41   2   1       1.38750685
   42   1   0       0.45076848
   43   1   0       0.62163664
   43   2   1       1.47059349
   44   1   0       0.61598557
   44   2   1       1.46885751
   45   1   0       0.58297761
   45   2   1       1.39817640
   46   1   0       0.45374519
   47   1   0       0.62196247
   47   2   1       1.42277188
   48   1   0       0.57866829
   48   2   1       1.38459981
   49   1   0       0.45816681
   50   1   0       0.45902858
   51   1   0       0.58594716
   51   2   1       1.38992310
   52   1   0       0.61929432
   52   2   1       1.43495714
   53   1   0       0.61691836
   53   2   1       1.42568300
   54   1   0       0.44903427
   55   1   0       0.61462086
   55   2   1       1.45268562
   56   1   0       0.62372544
   56   2   1       1.47077737
   57   1   0       0.57763340
   57   2   1       1.39499648
   58   1   0       0.45086378
   59   1   0       0.61683945
   59   2   1       1.42312935
   60   1   0       0.45156892
   61   1   0       0.46246855
   62   1   0       0.45867043
   63   1   0       0.58619841
   63   2   1       1.38710020
   64   1   0       0.61243760
   64   2   1       1.42813408
   65   1   0       0.44698003
   66   1   0       0.62070424
   66   2   1       1.44214648
   67   1   0       0.61741679
   67   2   1       1.43787633
   68   1   0       0.45711083
   69   1   0       0.61732261
   69   2   1       1.43233457
   70   1   0       0.46269442
   71   1   0       0.44814309
   72   1   0       0.46011996

Orbital populations (down)
 Atom Sh.   l   m       Population  Label
    1   1   0   0       0.59226997  s
    1   2   1  -1       0.48547622  p_y
    1   2   1   0       0.45958915  p_z
    1   2   1   1       0.45955949  p_x
    2   1   0   0       0.62000676  s
    2   2   1  -1       0.42551109  p_y
    2   2   1   0       0.44883881  p_z
    2   2   1   1       0.46736617  p_x
    3   1   0   0       0.59337874  s
    3   2   1  -1       0.48337433  p_y
    3   2   1   0       0.45856646  p_z
    3   2   1   1       0.46078685  p_x
    4   1   0   0       0.61571465  s
    4   2   1  -1       0.41561154  p_y
    4   2   1   0       0.44785275  p_z
    4   2   1   1       0.46517817  p_x
    5   1   0   0       0.58943032  s
    5   2   1  -1       0.46669945  p_y
    5   2   1   0       0.45930963  p_z
    5   2   1   1       0.45643621  p_x
    6   1   0   0       0.44425125  s
    7   1   0   0       0.62657321  s
    7   2   1  -1       0.42351396  p_y
    7   2   1   0       0.44490005  p_z
    7   2   1   1       0.46554000  p_x
    8   1   0   0       0.62074581  s
    8   2   1  -1       0.40882029  p_y
    8   2   1   0       0.44488563  p_z
    8   2   1   1       0.46456831  p_x
    9   1   0   0       0.59507113  s
    9   2   1  -1       0.48593254  p_y
    9   2   1   0       0.45966503  p_z
    9   2   1   1       0.45682303  p_x
   10   1   0   0       0.44293304  s
   11   1   0   0       0.60786064  s
   11   2   1  -1       0.46451285  p_y
   11   2   1   0       0.46012203  p_z
   11   2   1   1       0.47603032  p_x
   12   1   0   0       0.59999233  s
   12   2   1  -1       0.46912371  p_y
   12   2   1   0       0.45137501  p_z
   12   2   1   1       0.45658245  p_x
   13   1   0   0       0.44444284  s
   14   1   0   0       0.44491612  s
   15   1   0   0       0.59717185  s
   15   2   1  -1       0.48575660  p_y
   15   2   1   0       0.45954425  p_z
   15   2   1   1       0.45931225  p_x
   16   1   0   0       0.62420760  s
   16   2   1  -1       0.42653558  p_y
   16   2   1   0       0.44660357  p_z
   16   2   1   1       0.46849082  p_x
   17   1   0   0       0.61581762  s
   17   2   1  -1       0.46648660  p_y
   17   2   1   0       0.47008005  p_z
   17   2   1   1       0.46315544  p_x
   18   1   0   0       0.44239888  s
   19   1   0   0       0.61699326  s
   19   2   1  -1       0.46795506  p_y
   19   2   1   0       0.45540429  p_z
   19   2   1   1       0.47727421  p_x
   20   1   0   0       0.62333294  s
   20   2   1  -1       0.42594859  p_y
   20   2   1   0       0.45013789  p_z
   20   2   1   1       0.46601352  p_x
   21   1   0   0       0.59555527  s
   21   2   1  -1       0.46998132  p_y
   21   2   1   0       0.45531848  p_z
   21   2   1   1       0.45347468  p_x
   22   1   0   0       0.44248296  s
   23   1   0   0       0.62091275  s
   23   2   1  -1       0.46656775  p_y
   23   2   1   0       0.47609786  p_z
   23   2   1   1       0.45836472  p_x
   24   1   0   0       0.45196515  s
   25   1   0   0       0.44625434  s
   26   1   0   0       0.44634940  s
   27   1   0   0       0.59272452  s
   27   2   1  -1       0.47066862  p_y
   27   2   1   0       0.45215029  p_z
   27   2   1   1       0.45971071  p_x
   28   1   0   0       0.61955588  s
   28   2   1  -1       0.46481695  p_y
   28   2   1   0       0.45582856  p_z
   28   2   1   1       0.47726405  p_x
   29   1   0   0       0.44973086  s
   30   1   0   0       0.61814108  s
   30   2   1  -1       0.46749881  p_y
   30   2   1   0       0.45815810  p_z
   30   2   1   1       0.47523491  p_x
   31   1   0   0       0.61063383  s
   31   2   1  -1       0.46851261  p_y
   31   2   1   0       0.47539403  p_z
   31   2   1   1       0.45716238  p_x
   32   1   0   0       0.44615771  s
   33   1   0   0       0.61242748  s
   33   2   1  -1       0.46568765  p_y
   33   2   1   0       0.47038414  p_z
   33   2   1   1       0.46659119  p_x
   34   1   0   0       0.44230102  s
   35   1   0   0       0.45208401  s
   36   1   0   0       0.45107962  s
   37   1   0   0       0.58656250  s
   37   2   1  -1       0.48204653  p_y
   37   2   1   0       0.44931292  p_z
   37   2   1   1       0.46516223  p_x
   38   1   0   0       0.61762179  s
   38   2   1  -1       0.49537734  p_y
   38   2   1   0       0.45838237  p_z
   38   2   1   1       0.48413535  p_x
   39   1   0   0       0.58846481  s
   39   2   1  -1       0.47865484  p_y
   39   2   1   0       0.44575527  p_z
   39   2   1   1       0.46323491  p_x
   40   1   0   0       0.61571762  s
   40   2   1  -1       0.49211304  p_y
   40   2   1   0       0.45989975  p_z
   40   2   1   1       0.48170556  p_x
   41   1   0   0       0.58196808  s
   41   2   1  -1       0.47835520  p_y
   41   2   1   0       0.44917315  p_z
   41   2   1   1       0.45997851  p_x
   42   1   0   0       0.45076848  s
   43   1   0   0       0.62163664  s
   43   2   1  -1       0.52604573  p_y
   43   2   1   0       0.45921795  p_z
   43   2   1   1       0.48532980  p_x
   44   1   0   0       0.61598557  s
   44   2   1  -1       0.52381900  p_y
   44   2   1   0       0.45899150  p_z
   44   2   1   1       0.48604701  p_x
   45   1   0   0       0.58297761  s
   45   2   1  -1       0.48402607  p_y
   45   2   1   0       0.44641468  p_z
   45   2   1   1       0.46773565  p_x
   46   1   0   0       0.45374519  s
   47   1   0   0       0.62196247  s
   47   2   1  -1       0.48611905  p_y
   47   2   1   0       0.46043919  p_z
   47   2   1   1       0.47621364  p_x
   48   1   0   0       0.57866829  s
   48   2   1  -1       0.47381977  p_y
   48   2   1   0       0.44747106  p_z
   48   2   1   1       0.46330897  p_x
   49   1   0   0       0.45816681  s
   50   1   0   0       0.45902858  s
   51   1   0   0       0.58594716  s
   51   2   1  -1       0.47679112  p_y
   51   2   1   0       0.44793147  p_z
   51   2   1   1       0.46520051  p_x
   52   1   0   0       0.61929432  s
   52   2   1  -1       0.49320573  p_y
   52   2   1   0       0.45936924  p_z
   52   2   1   1       0.48238217  p_x
   53   1   0   0       0.61691836  s
   53   2   1  -1       0.49192450  p_y
   53   2   1   0       0.46358585  p_z
   53   2   1   1       0.47017265  p_x
   54   1   0   0       0.44903427  s
   55   1   0   0       0.61462086  s
   55   2   1  -1       0.51152289  p_y
   55   2   1   0       0.46057135  p_z
   55   2   1   1       0.48059138  p_x
   56   1   0   0       0.62372544  s
   56   2   1  -1       0.52101146  p_y
   56   2   1   0       0.45816216  p_z
   56   2   1   1       0.49160374  p_x
   57   1   0   0       0.57763340  s
   57   2   1  -1       0.48214269  p_y
   57   2   1   0       0.44606148  p_z
   57   2   1   1       0.46679231  p_x
   58   1   0   0       0.45086378  s
   59   1   0   0       0.61683945  s
   59   2   1  -1       0.48295719  p_y
   59   2   1   0       0.47390323  p_z
   59   2   1   1       0.46626892  p_x
   60   1   0   0       0.45156892  s
   61   1   0   0       0.46246855  s
   62   1   0   0       0.45867043  s
   63   1   0   0       0.58619841  s
   63   2   1  -1       0.47662444  p_y
   63   2   1   0       0.44612416  p_z
   63   2   1   1       0.46435160  p_x
   64   1   0   0       0.61243760  s
   64   2   1  -1       0.49146709  p_y
   64   2   1   0       0.45628523  p_z
   64   2   1   1       0.48038175  p_x
   65   1   0   0       0.44698003  s
   66   1   0   0       0.62070424  s
   66   2   1  -1       0.49845336  p_y
   66   2   1   0       0.46061188  p_z
   66   2   1   1       0.48308123  p_x
   67   1   0   0       0.61741679  s
   67   2   1  -1       0.49488611  p_y
   67   2   1   0       0.47101116  p_z
   67   2   1   1       0.47197906  p_x
   68   1   0   0       0.45711083  s
   69   1   0   0       0.61732261  s
   69   2   1  -1       0.49262065  p_y
   69   2   1   0       0.46475371  p_z
   69   2   1   1       0.47496021  p_x
   70   1   0   0       0.46269442  s
   71   1   0   0       0.44814309  s
   72   1   0   0       0.46011996  s

Spin  up
Fermi level:                        -0.2256936395 H           -6.1414 eV
Band energy:                       -48.0660756913 H        -1307.9445 eV
TS:                                  0.0000000000 H            0.0000 eV
Band free energy (E-TS):           -48.0660756913 H        -1307.9445 eV
Extrapolated E(0K):                -48.0660756913 H        -1307.9445 eV
Input / Output electrons (up):    102.0000000001    102.0000000000

Spin  down
Fermi level:                        -0.2431615550 H           -6.6168 eV
Band energy:                       -47.7273390306 H        -1298.7270 eV
TS:                                  0.0000000000 H            0.0000 eV
Band free energy (E-TS):           -47.7273390306 H        -1298.7270 eV
Extrapolated E(0K):                -47.7273390306 H        -1298.7270 eV
Input / Output electrons (down):    100.9999999999    101.0000000000

Energy H0:                         -86.3507917958 H        -2349.7246 eV
Energy SCC:                          0.0231635327 H            0.6303 eV
Energy SPIN:                        -0.0015387506 H           -0.0419 eV
Energy 3rd:                         -0.0000211120 H           -0.0006 eV
Total Electronic energy:           -86.3291881256 H        -2349.1367 eV
Repulsive energy:                    0.8276860829 H           22.5225 eV
Total energy:                      -85.5015020427 H        -2326.6142 eV
Extrapolated to 0:                 -85.5015020427 H        -2326.6142 eV
Total Mermin free energy:          -85.5015020427 H        -2326.6142 eV
Force related energy:              -85.5015020427 H        -2326.6142 eV

Constraints converged

SCC converged

