 KPT            1  SPIN            1  KWEIGHT    1.0000000000000000     
     1   -19.617  2.00000
     2   -19.309  2.00000
     3   -18.801  2.00000
     4   -18.109  2.00000
     5   -17.672  2.00000
     6   -17.345  2.00000
     7   -17.256  2.00000
     8   -16.820  2.00000
     9   -16.449  2.00000
    10   -16.119  2.00000
    11   -15.260  2.00000
    12   -14.673  2.00000
    13   -13.665  2.00000
    14   -13.611  2.00000
    15   -13.001  2.00000
    16   -12.902  2.00000
    17   -12.836  2.00000
    18   -12.631  2.00000
    19   -11.432  2.00000
    20   -10.888  2.00000
    21   -10.863  2.00000
    22   -10.361  2.00000
    23   -10.303  2.00000
    24   -10.246  2.00000
    25    -9.803  2.00000
    26    -9.775  2.00000
    27    -9.689  2.00000
    28    -9.636  2.00000
    29    -9.391  2.00000
    30    -9.357  2.00000
    31    -9.083  2.00000
    32    -8.973  2.00000
    33    -8.860  2.00000
    34    -8.813  2.00000
    35    -8.808  2.00000
    36    -8.712  2.00000
    37    -8.683  2.00000
    38    -8.233  2.00000
    39    -8.056  2.00000
    40    -7.920  2.00000
    41    -7.779  2.00000
    42    -7.723  2.00000
    43    -7.440  2.00000
    44    -7.397  2.00000
    45    -7.357  2.00000
    46    -7.160  2.00000
    47    -7.145  2.00000
    48    -6.783  2.00000
    49    -6.347  2.00000
    50    -5.960  2.00000
    51    -4.992  2.00000
    52    -3.657  0.00000
    53    -2.458  0.00000
    54    -1.586  0.00000
    55    -1.286  0.00000
    56    -0.686  0.00000
    57    -0.323  0.00000
    58     0.317  0.00000
    59     0.734  0.00000
    60     2.190  0.00000
    61     3.426  0.00000
    62     4.241  0.00000
    63     7.997  0.00000
    64     8.770  0.00000
    65     8.804  0.00000
    66     8.849  0.00000
    67     9.994  0.00000
    68    10.879  0.00000
    69    11.129  0.00000
    70    11.145  0.00000
    71    11.400  0.00000
    72    12.049  0.00000
    73    12.738  0.00000
    74    12.929  0.00000
    75    14.083  0.00000
    76    14.088  0.00000
    77    15.253  0.00000
    78    16.276  0.00000
    79    16.996  0.00000
    80    17.364  0.00000
    81    17.602  0.00000
    82    17.642  0.00000
    83    17.820  0.00000
    84    18.823  0.00000
    85    18.888  0.00000
    86    19.629  0.00000
    87    19.706  0.00000
    88    21.801  0.00000
    89    21.872  0.00000
    90    21.960  0.00000
    91    22.361  0.00000
    92    23.415  0.00000
    93    23.933  0.00000
    94    24.064  0.00000
    95    25.480  0.00000
    96    25.561  0.00000
    97    25.778  0.00000
    98    25.918  0.00000
    99    27.906  0.00000
   100    29.585  0.00000
   101    30.897  0.00000
   102    31.192  0.00000

