   -0.0221315240    0.0259208326    0.0244063785
    0.0237297614    0.0123315726    0.0601715872
    0.0291233170    0.0576160634   -0.1001754135
    0.0853917514   -0.0576445014   -0.1153138461
   -0.0828072184   -0.0635689228   -0.0703607876
   -0.0625453870   -0.0968190057    0.1327662382
   -0.0421490189    0.0213634814    0.0552924245
    0.0235778411    0.0220711921    0.0397528548
    0.0504886366    0.0420920766   -0.0901320482
    0.0787909752   -0.0756342094   -0.0692856839
   -0.0757213727   -0.0507966505   -0.1037638927
   -0.0692361749   -0.1036945031    0.1549809098
    0.0208833954    0.0132670185    0.0085390252
    0.0152497633    0.0154239095    0.0686624143
    0.0046680532    0.0704778237   -0.0985000012
   -0.0738188622    0.0623127027    0.0322991572
    0.0750784666    0.0300517346    0.0280617117
    0.0054515260    0.0415464207   -0.0127344175
    0.0511547342   -0.0865615312   -0.0174574456
   -0.0614586996   -0.0471632808   -0.1278522000
   -0.0703593836   -0.1014684071    0.1509021819
    0.0787913707   -0.0756341332   -0.0692848921
   -0.0757207458   -0.0507974301   -0.1037634030
   -0.0692355759   -0.1036946682    0.1549799894
   -0.0421492943    0.0213625212    0.0552934251
    0.0235777300    0.0220701042    0.0397550043
    0.0504893453    0.0420925528   -0.0901318911
   -0.0595982700    0.0659972538    0.0096484312
    0.0660306427    0.0286452987    0.0416287289
    0.0096512838    0.0415901628   -0.0168322368
    0.1189347256   -0.0123335313   -0.2078795039
   -0.0800430257   -0.0448489657   -0.0355886323
   -0.0649529024   -0.1072100337    0.1943984375
   -0.0329092574    0.0091081036    0.0746637059
    0.0070620879    0.0414413019    0.0222492632
    0.0785364964    0.0203548561   -0.0710169282
   -0.0578358522    0.0768177360   -0.0155738969
    0.0640879667    0.0223760598    0.0560522844
    0.0112871179    0.0425517558   -0.0210417352
   -0.0595986702    0.0659972453    0.0096479388
    0.0660301753    0.0286454010    0.0416293330
    0.0096510620    0.0415902738   -0.0168319456
   -0.0221311279    0.0259211429    0.0244053581
    0.0237300896    0.0123321210    0.0601708107
    0.0291228291    0.0576153425   -0.1001748715
    0.0511553599   -0.0865598780   -0.0174566244
   -0.0614594293   -0.0471638577   -0.1278525943
   -0.0703600766   -0.1014685486    0.1509032665
    0.1378933893   -0.0986601842   -0.0217732597
   -0.0818187101   -0.0478807348    0.0205484901
   -0.0575259143    0.0385187779   -0.0990530833
   -0.1079073586    0.0659838651    0.0588693990
    0.0955038112    0.0233726033    0.0169296659
   -0.0033403088    0.0482166623   -0.0194278065
    0.0404693585   -0.0890876598    0.0372753920
   -0.0212603807   -0.0069257669   -0.1778492703
   -0.1056572500   -0.1061063153    0.2350949541
    0.0853922795   -0.0576438849   -0.1153138721
   -0.0828066692   -0.0635690495   -0.0703617652
   -0.0625450043   -0.0968188283    0.1327645646
   -0.0329092725    0.0091081735    0.0746637304
    0.0070625493    0.0414416285    0.0222486994
    0.0785370455    0.0203545601   -0.0710186928
   -0.0578363827    0.0768167419   -0.0155743207
    0.0640881019    0.0223766166    0.0560525766
    0.0112870365    0.0425516913   -0.0210416951
    0.0314780755   -0.0939075069    0.0811811278
   -0.1107512385    0.0033871248   -0.0572282428
    0.1170399073   -0.0750712189   -0.0440895088
   -0.0849842032    0.0339488697    0.1025141970
    0.0311254157    0.0457054050    0.0375763697
    0.1084463727    0.0345877575   -0.1096062740
   -0.0759669552    0.0991617044   -0.0449661472
    0.0696377094    0.0079246040    0.0768841777
    0.0172956690    0.0457025358   -0.0359034358
   -0.0738193600    0.0623121610    0.0322991956
    0.0750781426    0.0300520240    0.0280621774
    0.0054513940    0.0415465271   -0.0127342013
    0.0208830480    0.0132669241    0.0085390838
    0.0152496317    0.0154237507    0.0686627936
    0.0046680331    0.0704775615   -0.0984985050
    0.0404696199   -0.0890873759    0.0372744634
   -0.0212600278   -0.0069249387   -0.1778501014
   -0.1056580942   -0.1061068892    0.2350947019
   -0.0076948335    0.0399476323    0.0075597719
    0.0427767444    0.0084547262    0.1041227270
    0.0016282637    0.1071140818   -0.1496268070
    0.1189351282   -0.0123331385   -0.2078796471
   -0.0800426201   -0.0448488720   -0.0355893916
   -0.0649530509   -0.1072099857    0.1943972885
    0.0314779903   -0.0939067263    0.0811800837
   -0.1107509020    0.0033880574   -0.0572293374
    0.1170394456   -0.0750718358   -0.0440909713
   -0.0759671680    0.0991614824   -0.0449654067
    0.0696374779    0.0079241846    0.0768847047
    0.0172958608    0.0457026691   -0.0359027368
    0.1378934318   -0.0986607541   -0.0217728934
   -0.0818192888   -0.0478809870    0.0205496574
   -0.0575258667    0.0385186857   -0.0990519723
   -0.1079074735    0.0659836476    0.0588693211
    0.0955038729    0.0233726936    0.0169295259
   -0.0033400888    0.0482167889   -0.0194278045
   -0.0076947548    0.0399474290    0.0075600790
    0.0427767258    0.0084538124    0.1041233469
    0.0016287464    0.1071148153   -0.1496258434
   -0.0849842278    0.0339486927    0.1025144453
    0.0311251274    0.0457051619    0.0375769551
    0.1084463707    0.0345879086   -0.1096060789
