 Fermi distribution function

Calculation with static geometry


********************************************************************************
 iSCC Total electronic   Diff electronic      SCC error    
   17   -0.86237710E+02    0.50197002E-07    0.83793488E-06
********************************************************************************

 Total charge:     1.00000000

 Atomic gross charges (e)
 Atom           Charge
    1       0.03774859
    2      -0.13039068
    3       0.02121639
    4      -0.13829248
    5       0.03591649
    6       0.11793915
    7      -0.14440454
    8      -0.16408491
    9       0.03370841
   10       0.12637777
   11      -0.10547134
   12       0.05075653
   13       0.09655848
   14       0.10825145
   15       0.04129136
   16      -0.12635888
   17      -0.09376271
   18       0.12200332
   19      -0.11819532
   20      -0.16280434
   21       0.03422406
   22       0.10190766
   23      -0.09354079
   24       0.07219766
   25       0.10020375
   26       0.10447170
   27       0.03903691
   28      -0.09671561
   29       0.09342045
   30      -0.11540505
   31      -0.11445454
   32       0.09303729
   33      -0.10461423
   34       0.10360804
   35       0.09251046
   36       0.08220731
   37       0.03683483
   38      -0.05261407
   39       0.04031515
   40      -0.03756235
   41       0.04375664
   42       0.10732296
   43      -0.07480978
   44      -0.05790987
   45       0.02903049
   46       0.11797596
   47      -0.05504253
   48       0.04323216
   49       0.11911252
   50       0.11366330
   51       0.02673949
   52      -0.05717436
   53      -0.04106809
   54       0.10789093
   55      -0.09084757
   56      -0.07293264
   57       0.02990735
   58       0.11237871
   59      -0.05199546
   60       0.10910480
   61       0.11076304
   62       0.12262420
   63       0.04473494
   64      -0.08944739
   65       0.12082927
   66      -0.06949181
   67      -0.06205832
   68       0.10720818
   69      -0.05461706
   70       0.10686747
   71       0.10856232
   72       0.10861877


 Atomic net (on-site) populations and hybridisation ratios
 Atom       Population         Hybrid.
    1       2.71671871      0.32082032
    2       2.87486748      0.28128313
    3       2.75012768      0.31246808
    4       2.91204321      0.27198920
    5       2.72719743      0.31820064
    6       0.54292674      0.45707326
    7       2.90724419      0.27318895
    8       2.93210659      0.26697335
    9       2.71352800      0.32161800
   10       0.53292141      0.46707859
   11       2.86013951      0.28496512
   12       2.69474543      0.32631364
   13       0.57719430      0.42280570
   14       0.55701484      0.44298516
   15       2.70552772      0.32361807
   16       2.87516249      0.28120938
   17       2.82319002      0.29420250
   18       0.53536870      0.46463130
   19       2.87952903      0.28011774
   20       2.93234122      0.26691470
   21       2.72144231      0.31963942
   22       0.56647155      0.43352845
   23       2.80723142      0.29819214
   24       0.60099254      0.39900746
   25       0.56689231      0.43310769
   26       0.56881878      0.43118122
   27       2.71716626      0.32070844
   28       2.84352779      0.28911805
   29       0.57444857      0.42555143
   30       2.85864963      0.28533759
   31       2.85698901      0.28575275
   32       0.57490007      0.42509993
   33       2.83606887      0.29098278
   34       0.56287953      0.43712047
   35       0.57103039      0.42896961
   36       0.57948830      0.42051170
   37       2.68422576      0.32894356
   38       2.83191029      0.29202243
   39       2.67767868      0.33058033
   40       2.82715462      0.29321134
   41       2.70701308      0.32324673
   42       0.56164039      0.43835961
   43       2.83357329      0.29160668
   44       2.84446133      0.28888467
   45       2.70833751      0.32291562
   46       0.55109186      0.44890814
   47       2.79912373      0.30021907
   48       2.72016782      0.31995805
   49       0.54356784      0.45643216
   50       0.55167925      0.44832075
   51       2.70715921      0.32321020
   52       2.83930690      0.29017328
   53       2.75851417      0.31037146
   54       0.56209819      0.43790181
   55       2.84274268      0.28931433
   56       2.84517786      0.28870553
   57       2.73835842      0.31541040
   58       0.55899601      0.44100399
   59       2.76713956      0.30821511
   60       0.55727940      0.44272060
   61       0.55043098      0.44956902
   62       0.54022853      0.45977147
   63       2.69244965      0.32688759
   64       2.86646630      0.28338342
   65       0.54184635      0.45815365
   66       2.82920434      0.29269892
   67       2.77486161      0.30628460
   68       0.55771729      0.44228271
   69       2.76676966      0.30830759
   70       0.56880460      0.43119540
   71       0.55485683      0.44514317
   72       0.55481940      0.44518060

Nr. of electrons (up):    102.00000000
Atom populations (up)
 Atom       Population
    1       1.98107820
    2       2.06547052
    3       1.98944214
    4       2.06972173
    5       1.98203360
    6       0.44101574
    7       2.07220503
    8       2.08204697
    9       1.98306968
   10       0.43678072
   11       2.05281199
   12       1.97472223
   13       0.45172060
   14       0.44587412
   15       1.97936376
   16       2.06358322
   17       2.04688991
   18       0.43899421
   19       2.05911405
   20       2.08139447
   21       1.98281976
   22       0.44902428
   23       2.04684135
   24       0.46390068
   25       0.44989722
   26       0.44776462
   27       1.98057189
   28       2.04851313
   29       0.45328584
   30       2.05768502
   31       2.05718252
   32       0.45347267
   33       2.05246716
   34       0.44819708
   35       0.45374723
   36       0.45888817
   37       1.97132097
   38       2.09149019
   39       1.96716097
   40       2.09940678
   41       1.97682645
   42       0.44276327
   43       2.10996787
   44       2.12567840
   45       1.97565398
   46       0.43652238
   47       2.05048899
   48       1.97319677
   49       0.43662962
   50       0.43801113
   51       1.97405547
   52       2.08853002
   53       2.03341687
   54       0.44481188
   55       2.07433553
   56       2.11112212
   57       1.98298854
   58       0.44049596
   59       2.03296618
   60       0.44472885
   61       0.44308150
   62       0.43476826
   63       1.97425127
   64       2.06981015
   65       0.43921220
   66       2.05778989
   67       2.03920707
   68       0.44499864
   69       2.03705512
   70       0.44523601
   71       0.44527598
   72       0.44515317

l-shell populations (up)
 Atom Sh.   l       Population
    1   1   0       0.59309317
    1   2   1       1.38798503
    2   1   0       0.61873993
    2   2   1       1.44673059
    3   1   0       0.59873256
    3   2   1       1.39070959
    4   1   0       0.62687394
    4   2   1       1.44284779
    5   1   0       0.59386940
    5   2   1       1.38816420
    6   1   0       0.44101574
    7   1   0       0.62251344
    7   2   1       1.44969160
    8   1   0       0.62504236
    8   2   1       1.45700461
    9   1   0       0.58992706
    9   2   1       1.39314262
   10   1   0       0.43678072
   11   1   0       0.62294156
   11   2   1       1.42987044
   12   1   0       0.58986817
   12   2   1       1.38485406
   13   1   0       0.45172060
   14   1   0       0.44587412
   15   1   0       0.58967519
   15   2   1       1.38968856
   16   1   0       0.61799970
   16   2   1       1.44558352
   17   1   0       0.61310069
   17   2   1       1.43378922
   18   1   0       0.43899421
   19   1   0       0.62366293
   19   2   1       1.43545112
   20   1   0       0.62502800
   20   2   1       1.45636648
   21   1   0       0.59175161
   21   2   1       1.39106816
   22   1   0       0.44902428
   23   1   0       0.61114020
   23   2   1       1.43570115
   24   1   0       0.46390068
   25   1   0       0.44989722
   26   1   0       0.44776462
   27   1   0       0.59228194
   27   2   1       1.38828994
   28   1   0       0.61835899
   28   2   1       1.43015413
   29   1   0       0.45328584
   30   1   0       0.61899618
   30   2   1       1.43868884
   31   1   0       0.61922014
   31   2   1       1.43796238
   32   1   0       0.45347267
   33   1   0       0.61538897
   33   2   1       1.43707819
   34   1   0       0.44819708
   35   1   0       0.45374723
   36   1   0       0.45888817
   37   1   0       0.57948921
   37   2   1       1.39183176
   38   1   0       0.62805626
   38   2   1       1.46343393
   39   1   0       0.57724792
   39   2   1       1.38991305
   40   1   0       0.63359243
   40   2   1       1.46581435
   41   1   0       0.59040805
   41   2   1       1.38641840
   42   1   0       0.44276327
   43   1   0       0.62420883
   43   2   1       1.48575904
   44   1   0       0.63099095
   44   2   1       1.49468746
   45   1   0       0.58499297
   45   2   1       1.39066101
   46   1   0       0.43652238
   47   1   0       0.61772488
   47   2   1       1.43276412
   48   1   0       0.59398821
   48   2   1       1.37920857
   49   1   0       0.43662962
   50   1   0       0.43801113
   51   1   0       0.58374647
   51   2   1       1.39030901
   52   1   0       0.62884540
   52   2   1       1.45968461
   53   1   0       0.61261844
   53   2   1       1.42079843
   54   1   0       0.44481188
   55   1   0       0.62265455
   55   2   1       1.45168098
   56   1   0       0.62696076
   56   2   1       1.48416137
   57   1   0       0.59519721
   57   2   1       1.38779134
   58   1   0       0.44049596
   59   1   0       0.61313135
   59   2   1       1.41983482
   60   1   0       0.44472885
   61   1   0       0.44308150
   62   1   0       0.43476826
   63   1   0       0.58562832
   63   2   1       1.38862294
   64   1   0       0.62852118
   64   2   1       1.44128897
   65   1   0       0.43921220
   66   1   0       0.62024292
   66   2   1       1.43754697
   67   1   0       0.61233308
   67   2   1       1.42687399
   68   1   0       0.44499864
   69   1   0       0.61105576
   69   2   1       1.42599936
   70   1   0       0.44523601
   71   1   0       0.44527598
   72   1   0       0.44515317

Orbital populations (up)
 Atom Sh.   l   m       Population  Label
    1   1   0   0       0.59309317  s
    1   2   1  -1       0.47194503  p_y
    1   2   1   0       0.45875204  p_z
    1   2   1   1       0.45728797  p_x
    2   1   0   0       0.61873993  s
    2   2   1  -1       0.49554413  p_y
    2   2   1   0       0.46657505  p_z
    2   2   1   1       0.48461141  p_x
    3   1   0   0       0.59873256  s
    3   2   1  -1       0.47823868  p_y
    3   2   1   0       0.45571181  p_z
    3   2   1   1       0.45675909  p_x
    4   1   0   0       0.62687394  s
    4   2   1  -1       0.49901372  p_y
    4   2   1   0       0.46407773  p_z
    4   2   1   1       0.47975634  p_x
    5   1   0   0       0.59386940  s
    5   2   1  -1       0.47368891  p_y
    5   2   1   0       0.45840791  p_z
    5   2   1   1       0.45606738  p_x
    6   1   0   0       0.44101574  s
    7   1   0   0       0.62251344  s
    7   2   1  -1       0.50458901  p_y
    7   2   1   0       0.46201191  p_z
    7   2   1   1       0.48309068  p_x
    8   1   0   0       0.62504236  s
    8   2   1  -1       0.51129682  p_y
    8   2   1   0       0.46378734  p_z
    8   2   1   1       0.48192046  p_x
    9   1   0   0       0.58992706  s
    9   2   1  -1       0.47570992  p_y
    9   2   1   0       0.45826329  p_z
    9   2   1   1       0.45916940  p_x
   10   1   0   0       0.43678072  s
   11   1   0   0       0.62294156  s
   11   2   1  -1       0.49269812  p_y
   11   2   1   0       0.46082930  p_z
   11   2   1   1       0.47634301  p_x
   12   1   0   0       0.58986817  s
   12   2   1  -1       0.47532886  p_y
   12   2   1   0       0.44796041  p_z
   12   2   1   1       0.46156479  p_x
   13   1   0   0       0.45172060  s
   14   1   0   0       0.44587412  s
   15   1   0   0       0.58967519  s
   15   2   1  -1       0.47818254  p_y
   15   2   1   0       0.45531437  p_z
   15   2   1   1       0.45619165  p_x
   16   1   0   0       0.61799970  s
   16   2   1  -1       0.49766945  p_y
   16   2   1   0       0.46506138  p_z
   16   2   1   1       0.48285270  p_x
   17   1   0   0       0.61310069  s
   17   2   1  -1       0.48902808  p_y
   17   2   1   0       0.47283229  p_z
   17   2   1   1       0.47192884  p_x
   18   1   0   0       0.43899421  s
   19   1   0   0       0.62366293  s
   19   2   1  -1       0.49933744  p_y
   19   2   1   0       0.45975254  p_z
   19   2   1   1       0.47636114  p_x
   20   1   0   0       0.62502800  s
   20   2   1  -1       0.50740368  p_y
   20   2   1   0       0.46891989  p_z
   20   2   1   1       0.48004291  p_x
   21   1   0   0       0.59175161  s
   21   2   1  -1       0.47640232  p_y
   21   2   1   0       0.45277632  p_z
   21   2   1   1       0.46188951  p_x
   22   1   0   0       0.44902428  s
   23   1   0   0       0.61114020  s
   23   2   1  -1       0.49234794  p_y
   23   2   1   0       0.47324938  p_z
   23   2   1   1       0.47010383  p_x
   24   1   0   0       0.46390068  s
   25   1   0   0       0.44989722  s
   26   1   0   0       0.44776462  s
   27   1   0   0       0.59228194  s
   27   2   1  -1       0.47662402  p_y
   27   2   1   0       0.44778468  p_z
   27   2   1   1       0.46388125  p_x
   28   1   0   0       0.61835899  s
   28   2   1  -1       0.49619111  p_y
   28   2   1   0       0.45841854  p_z
   28   2   1   1       0.47554449  p_x
   29   1   0   0       0.45328584  s
   30   1   0   0       0.61899618  s
   30   2   1  -1       0.50117453  p_y
   30   2   1   0       0.45629812  p_z
   30   2   1   1       0.48121619  p_x
   31   1   0   0       0.61922014  s
   31   2   1  -1       0.48632493  p_y
   31   2   1   0       0.47285795  p_z
   31   2   1   1       0.47877951  p_x
   32   1   0   0       0.45347267  s
   33   1   0   0       0.61538897  s
   33   2   1  -1       0.48632988  p_y
   33   2   1   0       0.47633152  p_z
   33   2   1   1       0.47441679  p_x
   34   1   0   0       0.44819708  s
   35   1   0   0       0.45374723  s
   36   1   0   0       0.45888817  s
   37   1   0   0       0.57948921  s
   37   2   1  -1       0.48092441  p_y
   37   2   1   0       0.44639581  p_z
   37   2   1   1       0.46451154  p_x
   38   1   0   0       0.62805626  s
   38   2   1  -1       0.51015528  p_y
   38   2   1   0       0.46459617  p_z
   38   2   1   1       0.48868248  p_x
   39   1   0   0       0.57724792  s
   39   2   1  -1       0.47671601  p_y
   39   2   1   0       0.44845200  p_z
   39   2   1   1       0.46474505  p_x
   40   1   0   0       0.63359243  s
   40   2   1  -1       0.51437564  p_y
   40   2   1   0       0.46279212  p_z
   40   2   1   1       0.48864659  p_x
   41   1   0   0       0.59040805  s
   41   2   1  -1       0.47411330  p_y
   41   2   1   0       0.44533841  p_z
   41   2   1   1       0.46696669  p_x
   42   1   0   0       0.44276327  s
   43   1   0   0       0.62420883  s
   43   2   1  -1       0.52704013  p_y
   43   2   1   0       0.46353857  p_z
   43   2   1   1       0.49518034  p_x
   44   1   0   0       0.63099095  s
   44   2   1  -1       0.53588888  p_y
   44   2   1   0       0.46396065  p_z
   44   2   1   1       0.49483793  p_x
   45   1   0   0       0.58499297  s
   45   2   1  -1       0.48308559  p_y
   45   2   1   0       0.44697114  p_z
   45   2   1   1       0.46060428  p_x
   46   1   0   0       0.43652238  s
   47   1   0   0       0.61772488  s
   47   2   1  -1       0.49337674  p_y
   47   2   1   0       0.45965482  p_z
   47   2   1   1       0.47973256  p_x
   48   1   0   0       0.59398821  s
   48   2   1  -1       0.47431811  p_y
   48   2   1   0       0.44728836  p_z
   48   2   1   1       0.45760210  p_x
   49   1   0   0       0.43662962  s
   50   1   0   0       0.43801113  s
   51   1   0   0       0.58374647  s
   51   2   1  -1       0.47991348  p_y
   51   2   1   0       0.44514010  p_z
   51   2   1   1       0.46525542  p_x
   52   1   0   0       0.62884540  s
   52   2   1  -1       0.50836023  p_y
   52   2   1   0       0.45568427  p_z
   52   2   1   1       0.49564011  p_x
   53   1   0   0       0.61261844  s
   53   2   1  -1       0.48249675  p_y
   53   2   1   0       0.46338207  p_z
   53   2   1   1       0.47491962  p_x
   54   1   0   0       0.44481188  s
   55   1   0   0       0.62265455  s
   55   2   1  -1       0.50859244  p_y
   55   2   1   0       0.45812744  p_z
   55   2   1   1       0.48496110  p_x
   56   1   0   0       0.62696076  s
   56   2   1  -1       0.51438859  p_y
   56   2   1   0       0.46276054  p_z
   56   2   1   1       0.50701224  p_x
   57   1   0   0       0.59519721  s
   57   2   1  -1       0.47812161  p_y
   57   2   1   0       0.44547556  p_z
   57   2   1   1       0.46419417  p_x
   58   1   0   0       0.44049596  s
   59   1   0   0       0.61313135  s
   59   2   1  -1       0.47264453  p_y
   59   2   1   0       0.48332353  p_z
   59   2   1   1       0.46386676  p_x
   60   1   0   0       0.44472885  s
   61   1   0   0       0.44308150  s
   62   1   0   0       0.43476826  s
   63   1   0   0       0.58562832  s
   63   2   1  -1       0.47758397  p_y
   63   2   1   0       0.44276517  p_z
   63   2   1   1       0.46827380  p_x
   64   1   0   0       0.62852118  s
   64   2   1  -1       0.50619336  p_y
   64   2   1   0       0.45659110  p_z
   64   2   1   1       0.47850450  p_x
   65   1   0   0       0.43921220  s
   66   1   0   0       0.62024292  s
   66   2   1  -1       0.49159417  p_y
   66   2   1   0       0.45504183  p_z
   66   2   1   1       0.49091096  p_x
   67   1   0   0       0.61233308  s
   67   2   1  -1       0.47988350  p_y
   67   2   1   0       0.48003046  p_z
   67   2   1   1       0.46696003  p_x
   68   1   0   0       0.44499864  s
   69   1   0   0       0.61105576  s
   69   2   1  -1       0.48297639  p_y
   69   2   1   0       0.46092133  p_z
   69   2   1   1       0.48210164  p_x
   70   1   0   0       0.44523601  s
   71   1   0   0       0.44527598  s
   72   1   0   0       0.44515317  s

Nr. of electrons (down):    101.00000000
Atom populations (down)
 Atom       Population
    1       1.98117321
    2       2.06492016
    3       1.98934146
    4       2.06857075
    5       1.98204991
    6       0.44104511
    7       2.07219951
    8       2.08203794
    9       1.98322192
   10       0.43684151
   11       2.05265935
   12       1.97452124
   13       0.45172092
   14       0.44587444
   15       1.97934489
   16       2.06277566
   17       2.04687280
   18       0.43900247
   19       2.05908127
   20       2.08140987
   21       1.98295617
   22       0.44906806
   23       2.04669943
   24       0.46390165
   25       0.44989902
   26       0.44776368
   27       1.98039120
   28       2.04820248
   29       0.45329371
   30       2.05772002
   31       2.05727202
   32       0.45349004
   33       2.05214707
   34       0.44819488
   35       0.45374231
   36       0.45890452
   37       1.99184419
   38       1.96112388
   39       1.99252388
   40       1.93815557
   41       1.97941691
   42       0.44991377
   43       1.96484191
   44       1.93223147
   45       1.99531553
   46       0.44550166
   47       2.00455354
   48       1.98357107
   49       0.44425787
   50       0.44832557
   51       1.99920504
   52       1.96864434
   53       2.00765122
   54       0.44729719
   55       2.01651204
   56       1.96181052
   57       1.98710411
   58       0.44712534
   59       2.01902929
   60       0.44616634
   61       0.44615546
   62       0.44260753
   63       1.98101380
   64       2.01963724
   65       0.43995852
   66       2.01170192
   67       2.02285125
   68       0.44779317
   69       2.01756194
   70       0.44789652
   71       0.44616171
   72       0.44622806

l-shell populations (down)
 Atom Sh.   l       Population
    1   1   0       0.59311920
    1   2   1       1.38805401
    2   1   0       0.61871424
    2   2   1       1.44620592
    3   1   0       0.59872761
    3   2   1       1.39061385
    4   1   0       0.62681854
    4   2   1       1.44175221
    5   1   0       0.59388134
    5   2   1       1.38816857
    6   1   0       0.44104511
    7   1   0       0.62251708
    7   2   1       1.44968242
    8   1   0       0.62504356
    8   2   1       1.45699438
    9   1   0       0.58995819
    9   2   1       1.39326373
   10   1   0       0.43684151
   11   1   0       0.62293462
   11   2   1       1.42972473
   12   1   0       0.58986033
   12   2   1       1.38466091
   13   1   0       0.45172092
   14   1   0       0.44587444
   15   1   0       0.58967231
   15   2   1       1.38967257
   16   1   0       0.61796036
   16   2   1       1.44481530
   17   1   0       0.61310365
   17   2   1       1.43376916
   18   1   0       0.43900247
   19   1   0       0.62366577
   19   2   1       1.43541550
   20   1   0       0.62503134
   20   2   1       1.45637853
   21   1   0       0.59177362
   21   2   1       1.39118255
   22   1   0       0.44906806
   23   1   0       0.61113455
   23   2   1       1.43556489
   24   1   0       0.46390165
   25   1   0       0.44989902
   26   1   0       0.44776368
   27   1   0       0.59227238
   27   2   1       1.38811882
   28   1   0       0.61834217
   28   2   1       1.42986031
   29   1   0       0.45329371
   30   1   0       0.61900373
   30   2   1       1.43871629
   31   1   0       0.61923190
   31   2   1       1.43804012
   32   1   0       0.45349004
   33   1   0       0.61537137
   33   2   1       1.43677570
   34   1   0       0.44819488
   35   1   0       0.45374231
   36   1   0       0.45890452
   37   1   0       0.58350686
   37   2   1       1.40833733
   38   1   0       0.62199178
   38   2   1       1.33913210
   39   1   0       0.58220703
   39   2   1       1.41031686
   40   1   0       0.62589487
   40   2   1       1.31226070
   41   1   0       0.59264672
   41   2   1       1.38677019
   42   1   0       0.44991377
   43   1   0       0.61733761
   43   2   1       1.34750430
   44   1   0       0.62173915
   44   2   1       1.31049231
   45   1   0       0.58892068
   45   2   1       1.40639485
   46   1   0       0.44550166
   47   1   0       0.61591242
   47   2   1       1.38864112
   48   1   0       0.59688173
   48   2   1       1.38668934
   49   1   0       0.44425787
   50   1   0       0.44832557
   51   1   0       0.58880815
   51   2   1       1.41039689
   52   1   0       0.62320340
   52   2   1       1.34544094
   53   1   0       0.61219945
   53   2   1       1.39545177
   54   1   0       0.44729719
   55   1   0       0.62007402
   55   2   1       1.39643802
   56   1   0       0.61996771
   56   2   1       1.34184281
   57   1   0       0.59737314
   57   2   1       1.38973096
   58   1   0       0.44712534
   59   1   0       0.61355887
   59   2   1       1.40547041
   60   1   0       0.44616634
   61   1   0       0.44615546
   62   1   0       0.44260753
   63   1   0       0.58835938
   63   2   1       1.39265441
   64   1   0       0.62642784
   64   2   1       1.39320940
   65   1   0       0.43995852
   66   1   0       0.61838845
   66   2   1       1.39331347
   67   1   0       0.61243974
   67   2   1       1.41041151
   68   1   0       0.44779317
   69   1   0       0.61094670
   69   2   1       1.40661524
   70   1   0       0.44789652
   71   1   0       0.44616171
   72   1   0       0.44622806

Orbital populations (down)
 Atom Sh.   l   m       Population  Label
    1   1   0   0       0.59311920  s
    1   2   1  -1       0.47196566  p_y
    1   2   1   0       0.45878549  p_z
    1   2   1   1       0.45730285  p_x
    2   1   0   0       0.61871424  s
    2   2   1  -1       0.49520676  p_y
    2   2   1   0       0.46648712  p_z
    2   2   1   1       0.48451204  p_x
    3   1   0   0       0.59872761  s
    3   2   1  -1       0.47817893  p_y
    3   2   1   0       0.45569612  p_z
    3   2   1   1       0.45673880  p_x
    4   1   0   0       0.62681854  s
    4   2   1  -1       0.49826035  p_y
    4   2   1   0       0.46391335  p_z
    4   2   1   1       0.47957851  p_x
    5   1   0   0       0.59388134  s
    5   2   1  -1       0.47368252  p_y
    5   2   1   0       0.45841724  p_z
    5   2   1   1       0.45606881  p_x
    6   1   0   0       0.44104511  s
    7   1   0   0       0.62251708  s
    7   2   1  -1       0.50457678  p_y
    7   2   1   0       0.46201619  p_z
    7   2   1   1       0.48308945  p_x
    8   1   0   0       0.62504356  s
    8   2   1  -1       0.51128820  p_y
    8   2   1   0       0.46378833  p_z
    8   2   1   1       0.48191785  p_x
    9   1   0   0       0.58995819  s
    9   2   1  -1       0.47576129  p_y
    9   2   1   0       0.45830479  p_z
    9   2   1   1       0.45919764  p_x
   10   1   0   0       0.43684151  s
   11   1   0   0       0.62293462  s
   11   2   1  -1       0.49258933  p_y
   11   2   1   0       0.46081182  p_z
   11   2   1   1       0.47632359  p_x
   12   1   0   0       0.58986033  s
   12   2   1  -1       0.47519641  p_y
   12   2   1   0       0.44793268  p_z
   12   2   1   1       0.46153181  p_x
   13   1   0   0       0.45172092  s
   14   1   0   0       0.44587444  s
   15   1   0   0       0.58967231  s
   15   2   1  -1       0.47817558  p_y
   15   2   1   0       0.45531019  p_z
   15   2   1   1       0.45618680  p_x
   16   1   0   0       0.61796036  s
   16   2   1  -1       0.49714992  p_y
   16   2   1   0       0.46491826  p_z
   16   2   1   1       0.48274712  p_x
   17   1   0   0       0.61310365  s
   17   2   1  -1       0.48900897  p_y
   17   2   1   0       0.47283197  p_z
   17   2   1   1       0.47192821  p_x
   18   1   0   0       0.43900247  s
   19   1   0   0       0.62366577  s
   19   2   1  -1       0.49930798  p_y
   19   2   1   0       0.45975326  p_z
   19   2   1   1       0.47635426  p_x
   20   1   0   0       0.62503134  s
   20   2   1  -1       0.50740816  p_y
   20   2   1   0       0.46892799  p_z
   20   2   1   1       0.48004239  p_x
   21   1   0   0       0.59177362  s
   21   2   1  -1       0.47645884  p_y
   21   2   1   0       0.45280623  p_z
   21   2   1   1       0.46191749  p_x
   22   1   0   0       0.44906806  s
   23   1   0   0       0.61113455  s
   23   2   1  -1       0.49225989  p_y
   23   2   1   0       0.47322942  p_z
   23   2   1   1       0.47007557  p_x
   24   1   0   0       0.46390165  s
   25   1   0   0       0.44989902  s
   26   1   0   0       0.44776368  s
   27   1   0   0       0.59227238  s
   27   2   1  -1       0.47651478  p_y
   27   2   1   0       0.44776107  p_z
   27   2   1   1       0.46384297  p_x
   28   1   0   0       0.61834217  s
   28   2   1  -1       0.49598403  p_y
   28   2   1   0       0.45837194  p_z
   28   2   1   1       0.47550434  p_x
   29   1   0   0       0.45329371  s
   30   1   0   0       0.61900373  s
   30   2   1  -1       0.50118908  p_y
   30   2   1   0       0.45630798  p_z
   30   2   1   1       0.48121923  p_x
   31   1   0   0       0.61923190  s
   31   2   1  -1       0.48636207  p_y
   31   2   1   0       0.47287398  p_z
   31   2   1   1       0.47880407  p_x
   32   1   0   0       0.45349004  s
   33   1   0   0       0.61537137  s
   33   2   1  -1       0.48615604  p_y
   33   2   1   0       0.47628050  p_z
   33   2   1   1       0.47433916  p_x
   34   1   0   0       0.44819488  s
   35   1   0   0       0.45374231  s
   36   1   0   0       0.45890452  s
   37   1   0   0       0.58350686  s
   37   2   1  -1       0.48904017  p_y
   37   2   1   0       0.45159739  p_z
   37   2   1   1       0.46769977  p_x
   38   1   0   0       0.62199178  s
   38   2   1  -1       0.41590563  p_y
   38   2   1   0       0.45763414  p_z
   38   2   1   1       0.46559233  p_x
   39   1   0   0       0.58220703  s
   39   2   1  -1       0.48730871  p_y
   39   2   1   0       0.45385743  p_z
   39   2   1   1       0.46915072  p_x
   40   1   0   0       0.62589487  s
   40   2   1  -1       0.39451469  p_y
   40   2   1   0       0.45413600  p_z
   40   2   1   1       0.46361001  p_x
   41   1   0   0       0.59264672  s
   41   2   1  -1       0.47121426  p_y
   41   2   1   0       0.44866396  p_z
   41   2   1   1       0.46689197  p_x
   42   1   0   0       0.44991377  s
   43   1   0   0       0.61733761  s
   43   2   1  -1       0.41707093  p_y
   43   2   1   0       0.45589935  p_z
   43   2   1   1       0.47453402  p_x
   44   1   0   0       0.62173915  s
   44   2   1  -1       0.38954354  p_y
   44   2   1   0       0.45220985  p_z
   44   2   1   1       0.46873893  p_x
   45   1   0   0       0.58892068  s
   45   2   1  -1       0.49159811  p_y
   45   2   1   0       0.45146478  p_z
   45   2   1   1       0.46333196  p_x
   46   1   0   0       0.44550166  s
   47   1   0   0       0.61591242  s
   47   2   1  -1       0.45861783  p_y
   47   2   1   0       0.45796091  p_z
   47   2   1   1       0.47206238  p_x
   48   1   0   0       0.59688173  s
   48   2   1  -1       0.47648000  p_y
   48   2   1   0       0.45016875  p_z
   48   2   1   1       0.46004059  p_x
   49   1   0   0       0.44425787  s
   50   1   0   0       0.44832557  s
   51   1   0   0       0.58880815  s
   51   2   1  -1       0.48979444  p_y
   51   2   1   0       0.45158776  p_z
   51   2   1   1       0.46901469  p_x
   52   1   0   0       0.62320340  s
   52   2   1  -1       0.41998203  p_y
   52   2   1   0       0.44988137  p_z
   52   2   1   1       0.47557755  p_x
   53   1   0   0       0.61219945  s
   53   2   1  -1       0.46171994  p_y
   53   2   1   0       0.46334086  p_z
   53   2   1   1       0.47039097  p_x
   54   1   0   0       0.44729719  s
   55   1   0   0       0.62007402  s
   55   2   1  -1       0.46583904  p_y
   55   2   1   0       0.45494552  p_z
   55   2   1   1       0.47565346  p_x
   56   1   0   0       0.61996771  s
   56   2   1  -1       0.42723025  p_y
   56   2   1   0       0.45496578  p_z
   56   2   1   1       0.45964678  p_x
   57   1   0   0       0.59737314  s
   57   2   1  -1       0.47675314  p_y
   57   2   1   0       0.44769624  p_z
   57   2   1   1       0.46528158  p_x
   58   1   0   0       0.44712534  s
   59   1   0   0       0.61355887  s
   59   2   1  -1       0.46092431  p_y
   59   2   1   0       0.48274474  p_z
   59   2   1   1       0.46180136  p_x
   60   1   0   0       0.44616634  s
   61   1   0   0       0.44615546  s
   62   1   0   0       0.44260753  s
   63   1   0   0       0.58835938  s
   63   2   1  -1       0.47698032  p_y
   63   2   1   0       0.44665849  p_z
   63   2   1   1       0.46901560  p_x
   64   1   0   0       0.62642784  s
   64   2   1  -1       0.46850074  p_y
   64   2   1   0       0.45372792  p_z
   64   2   1   1       0.47098074  p_x
   65   1   0   0       0.43995852  s
   66   1   0   0       0.61838845  s
   66   2   1  -1       0.46341124  p_y
   66   2   1   0       0.45364999  p_z
   66   2   1   1       0.47625224  p_x
   67   1   0   0       0.61243974  s
   67   2   1  -1       0.46857740  p_y
   67   2   1   0       0.47882337  p_z
   67   2   1   1       0.46301074  p_x
   68   1   0   0       0.44779317  s
   69   1   0   0       0.61094670  s
   69   2   1  -1       0.47024953  p_y
   69   2   1   0       0.46062927  p_z
   69   2   1   1       0.47573645  p_x
   70   1   0   0       0.44789652  s
   71   1   0   0       0.44616171  s
   72   1   0   0       0.44622806  s

Spin  up
Fermi level:                        -0.2008494223 H           -5.4654 eV
Band energy:                       -45.9740482141 H        -1251.0175 eV
TS:                                  0.0000000000 H            0.0000 eV
Band free energy (E-TS):           -45.9740482141 H        -1251.0175 eV
Extrapolated E(0K):                -45.9740482141 H        -1251.0175 eV
Input / Output electrons (up):    102.0000000001    102.0000000000

Spin  down
Fermi level:                        -0.2179932915 H           -5.9319 eV
Band energy:                       -45.6723897113 H        -1242.8090 eV
TS:                                  0.0000000000 H            0.0000 eV
Band free energy (E-TS):           -45.6723897113 H        -1242.8090 eV
Extrapolated E(0K):                -45.6723897113 H        -1242.8090 eV
Input / Output electrons (down):    100.9999999999    101.0000000000

Energy H0:                         -86.2750603879 H        -2347.6638 eV
Energy SCC:                          0.0390520393 H            1.0627 eV
Energy SPIN:                        -0.0017557477 H           -0.0478 eV
Energy 3rd:                          0.0000537928 H            0.0015 eV
Total Electronic energy:           -86.2377103034 H        -2346.6475 eV
Repulsive energy:                    0.7843074332 H           21.3421 eV
Total energy:                      -85.4534028702 H        -2325.3054 eV
Extrapolated to 0:                 -85.4534028702 H        -2325.3054 eV
Total Mermin free energy:          -85.4534028702 H        -2325.3054 eV
Force related energy:              -85.4534028702 H        -2325.3054 eV

Constraints converged

SCC converged

