 Fermi distribution function

Calculation with static geometry


********************************************************************************
 iSCC Total electronic   Diff electronic      SCC error    
   15   -0.86308250E+02   -0.49879418E-07    0.69180633E-05
********************************************************************************

 Total charge:     1.00000000

 Atomic gross charges (e)
 Atom           Charge
    1       0.03645856
    2      -0.10756172
    3       0.03492500
    4      -0.10946657
    5       0.03351617
    6       0.11786628
    7      -0.16955543
    8      -0.17773501
    9       0.03319856
   10       0.12501204
   11      -0.08506860
   12       0.05921369
   13       0.07180364
   14       0.08162497
   15       0.05044142
   16      -0.10489860
   17      -0.09612286
   18       0.11929349
   19      -0.13874198
   20      -0.17530855
   21       0.03892591
   22       0.10205710
   23      -0.08046818
   24       0.07665864
   25       0.08177078
   26       0.08055177
   27       0.05696769
   28      -0.08137706
   29       0.09034183
   30      -0.12760937
   31      -0.09981900
   32       0.09330562
   33      -0.08438854
   34       0.07762147
   35       0.09636914
   36       0.08011578
   37       0.01878336
   38      -0.04719447
   39       0.02146146
   40      -0.02656340
   41       0.05650972
   42       0.12434809
   43      -0.06866043
   44      -0.04671227
   45       0.02257307
   46       0.11473493
   47      -0.05802855
   48       0.03727632
   49       0.11625668
   50       0.12133647
   51       0.02262917
   52      -0.05115891
   53      -0.04889200
   54       0.12880967
   55      -0.09179180
   56      -0.08089841
   57       0.04622602
   58       0.11586756
   59      -0.05790149
   60       0.10513559
   61       0.09017058
   62       0.12295133
   63       0.05608475
   64      -0.07760382
   65       0.10102080
   66      -0.07012322
   67      -0.07440418
   68       0.10217076
   69      -0.05202189
   70       0.11583971
   71       0.11313277
   72       0.09871796


 Atomic net (on-site) populations and hybridisation ratios
 Atom       Population         Hybrid.
    1       2.71625207      0.32093698
    2       2.85494713      0.28626322
    3       2.73456305      0.31635924
    4       2.88196931      0.27950767
    5       2.72618427      0.31845393
    6       0.54600707      0.45399293
    7       2.93157990      0.26710502
    8       2.94596350      0.26350912
    9       2.71333647      0.32166588
   10       0.53701523      0.46298477
   11       2.83813771      0.29046557
   12       2.68963484      0.32759129
   13       0.59922126      0.40077874
   14       0.58440914      0.41559086
   15       2.69711667      0.32572083
   16       2.85572048      0.28606988
   17       2.82296760      0.29425810
   18       0.54192573      0.45807427
   19       2.89650507      0.27587373
   20       2.94139126      0.26465219
   21       2.71569253      0.32107687
   22       0.56741923      0.43258077
   23       2.79840337      0.30039916
   24       0.59465610      0.40534390
   25       0.58397464      0.41602536
   26       0.58943932      0.41056068
   27       2.69883507      0.32529123
   28       2.82837599      0.29290600
   29       0.57846526      0.42153474
   30       2.87065624      0.28233594
   31       2.83907484      0.29023129
   32       0.57514210      0.42485790
   33       2.81669333      0.29582667
   34       0.58967049      0.41032951
   35       0.56751384      0.43248616
   36       0.58429354      0.41570646
   37       2.73138694      0.31715326
   38       2.80999795      0.29750051
   39       2.73405872      0.31648532
   40       2.76635560      0.30841110
   41       2.68139229      0.32965193
   42       0.54278760      0.45721240
   43       2.85113467      0.28721633
   44       2.79092204      0.30226949
   45       2.72606642      0.31848339
   46       0.55677809      0.44322191
   47       2.80345766      0.29913559
   48       2.71606727      0.32098318
   49       0.55403146      0.44596854
   50       0.54540982      0.45459018
   51       2.73219549      0.31695113
   52       2.79945516      0.30013621
   53       2.78596469      0.30350883
   54       0.53908849      0.46091151
   55       2.85427716      0.28643071
   56       2.83859406      0.29035149
   57       2.69219975      0.32695006
   58       0.55138592      0.44861408
   59       2.79080144      0.30229964
   60       0.56074799      0.43925201
   61       0.57799049      0.42200951
   62       0.54306091      0.45693909
   63       2.68524189      0.32868953
   64       2.82006117      0.29498471
   65       0.56543640      0.43456360
   66       2.75923852      0.31019037
   67       2.82387231      0.29403192
   68       0.56599122      0.43400878
   69       2.76836381      0.30790905
   70       0.55353458      0.44646542
   71       0.55343485      0.44656515
   72       0.56732900      0.43267100

Nr. of electrons (up):    102.00000000
Atom populations (up)
 Atom       Population
    1       1.98166066
    2       2.05433836
    3       1.98252085
    4       2.05558038
    5       1.98320957
    6       0.44103685
    7       2.08501440
    8       2.08915873
    9       1.98328595
   10       0.43744816
   11       2.04273743
   12       1.97046267
   13       0.46408428
   14       0.45917176
   15       1.97475643
   16       2.05302924
   17       2.04809521
   18       0.44034221
   19       2.06947924
   20       2.08787369
   21       1.98048171
   22       0.44893982
   23       2.04039357
   24       0.46166897
   25       0.45910669
   26       0.45971250
   27       1.97157764
   28       2.04094590
   29       0.45482084
   30       2.06387812
   31       2.04990172
   32       0.45333301
   33       2.04243453
   34       0.46119417
   35       0.45181708
   36       0.45993023
   37       1.98219359
   38       2.08580596
   39       1.97586900
   40       2.08139034
   41       1.97538188
   42       0.43443107
   43       2.12009160
   44       2.10920572
   45       1.98002938
   46       0.43887536
   47       2.05000733
   48       1.97550013
   49       0.43704935
   50       0.43466015
   51       1.97955573
   52       2.08418448
   53       2.04638062
   54       0.43442004
   55       2.07798848
   56       2.10266647
   57       1.97708790
   58       0.43889519
   59       2.03507159
   60       0.44621825
   61       0.45308119
   62       0.43514493
   63       1.97706931
   64       2.05906119
   65       0.44915423
   66       2.04851308
   67       2.04805158
   68       0.44778672
   69       2.04178119
   70       0.44136369
   71       0.44282220
   72       0.44978844

l-shell populations (up)
 Atom Sh.   l       Population
    1   1   0       0.59251452
    1   2   1       1.38914614
    2   1   0       0.61970260
    2   2   1       1.43463577
    3   1   0       0.59685446
    3   2   1       1.38566639
    4   1   0       0.62655819
    4   2   1       1.42902219
    5   1   0       0.59282185
    5   2   1       1.39038772
    6   1   0       0.44103685
    7   1   0       0.62113365
    7   2   1       1.46388075
    8   1   0       0.62297599
    8   2   1       1.46618275
    9   1   0       0.58983707
    9   2   1       1.39344888
   10   1   0       0.43744816
   11   1   0       0.62228866
   11   2   1       1.42044877
   12   1   0       0.58971576
   12   2   1       1.38074691
   13   1   0       0.46408428
   14   1   0       0.45917176
   15   1   0       0.58917048
   15   2   1       1.38558595
   16   1   0       0.61860847
   16   2   1       1.43442078
   17   1   0       0.61223092
   17   2   1       1.43586429
   18   1   0       0.44034221
   19   1   0       0.62201238
   19   2   1       1.44746686
   20   1   0       0.62212188
   20   2   1       1.46575180
   21   1   0       0.59153581
   21   2   1       1.38894590
   22   1   0       0.44893982
   23   1   0       0.61180804
   23   2   1       1.42858553
   24   1   0       0.46166897
   25   1   0       0.45910669
   26   1   0       0.45971250
   27   1   0       0.59091714
   27   2   1       1.38066050
   28   1   0       0.61839348
   28   2   1       1.42255242
   29   1   0       0.45482084
   30   1   0       0.61752506
   30   2   1       1.44635306
   31   1   0       0.61774939
   31   2   1       1.43215233
   32   1   0       0.45333301
   33   1   0       0.61538833
   33   2   1       1.42704620
   34   1   0       0.46119417
   35   1   0       0.45181708
   36   1   0       0.45993023
   37   1   0       0.58917688
   37   2   1       1.39301671
   38   1   0       0.62715087
   38   2   1       1.45865509
   39   1   0       0.59049159
   39   2   1       1.38537741
   40   1   0       0.61983283
   40   2   1       1.46155750
   41   1   0       0.58617590
   41   2   1       1.38920598
   42   1   0       0.43443107
   43   1   0       0.63442583
   43   2   1       1.48566577
   44   1   0       0.62290996
   44   2   1       1.48629576
   45   1   0       0.58790817
   45   2   1       1.39212121
   46   1   0       0.43887536
   47   1   0       0.62051705
   47   2   1       1.42949028
   48   1   0       0.59066024
   48   2   1       1.38483990
   49   1   0       0.43704935
   50   1   0       0.43466015
   51   1   0       0.59015966
   51   2   1       1.38939608
   52   1   0       0.62183737
   52   2   1       1.46234711
   53   1   0       0.61841121
   53   2   1       1.42796941
   54   1   0       0.43442004
   55   1   0       0.62543340
   55   2   1       1.45255508
   56   1   0       0.62558115
   56   2   1       1.47708532
   57   1   0       0.58523495
   57   2   1       1.39185296
   58   1   0       0.43889519
   59   1   0       0.61708070
   59   2   1       1.41799090
   60   1   0       0.44621825
   61   1   0       0.45308119
   62   1   0       0.43514493
   63   1   0       0.58537604
   63   2   1       1.39169328
   64   1   0       0.61940268
   64   2   1       1.43965851
   65   1   0       0.44915423
   66   1   0       0.60301254
   66   2   1       1.44550054
   67   1   0       0.62300842
   67   2   1       1.42504316
   68   1   0       0.44778672
   69   1   0       0.61065589
   69   2   1       1.43112530
   70   1   0       0.44136369
   71   1   0       0.44282220
   72   1   0       0.44978844

Orbital populations (up)
 Atom Sh.   l   m       Population  Label
    1   1   0   0       0.59251452  s
    1   2   1  -1       0.47335451  p_y
    1   2   1   0       0.45915029  p_z
    1   2   1   1       0.45664133  p_x
    2   1   0   0       0.61970260  s
    2   2   1  -1       0.48777146  p_y
    2   2   1   0       0.46433604  p_z
    2   2   1   1       0.48252827  p_x
    3   1   0   0       0.59685446  s
    3   2   1  -1       0.47586750  p_y
    3   2   1   0       0.45294320  p_z
    3   2   1   1       0.45685569  p_x
    4   1   0   0       0.62655819  s
    4   2   1  -1       0.48911638  p_y
    4   2   1   0       0.46208883  p_z
    4   2   1   1       0.47781699  p_x
    5   1   0   0       0.59282185  s
    5   2   1  -1       0.47538276  p_y
    5   2   1   0       0.45914205  p_z
    5   2   1   1       0.45586292  p_x
    6   1   0   0       0.44103685  s
    7   1   0   0       0.62113365  s
    7   2   1  -1       0.51622774  p_y
    7   2   1   0       0.46728878  p_z
    7   2   1   1       0.48036423  p_x
    8   1   0   0       0.62297599  s
    8   2   1  -1       0.52173292  p_y
    8   2   1   0       0.46756756  p_z
    8   2   1   1       0.47688227  p_x
    9   1   0   0       0.58983707  s
    9   2   1  -1       0.47656028  p_y
    9   2   1   0       0.45868735  p_z
    9   2   1   1       0.45820124  p_x
   10   1   0   0       0.43744816  s
   11   1   0   0       0.62228866  s
   11   2   1  -1       0.48588839  p_y
   11   2   1   0       0.45985283  p_z
   11   2   1   1       0.47470755  p_x
   12   1   0   0       0.58971576  s
   12   2   1  -1       0.47388839  p_y
   12   2   1   0       0.44557837  p_z
   12   2   1   1       0.46128015  p_x
   13   1   0   0       0.46408428  s
   14   1   0   0       0.45917176  s
   15   1   0   0       0.58917048  s
   15   2   1  -1       0.47593060  p_y
   15   2   1   0       0.45334208  p_z
   15   2   1   1       0.45631328  p_x
   16   1   0   0       0.61860847  s
   16   2   1  -1       0.48994117  p_y
   16   2   1   0       0.46284881  p_z
   16   2   1   1       0.48163080  p_x
   17   1   0   0       0.61223092  s
   17   2   1  -1       0.49053990  p_y
   17   2   1   0       0.47371368  p_z
   17   2   1   1       0.47161071  p_x
   18   1   0   0       0.44034221  s
   19   1   0   0       0.62201238  s
   19   2   1  -1       0.50762714  p_y
   19   2   1   0       0.46351971  p_z
   19   2   1   1       0.47632001  p_x
   20   1   0   0       0.62212188  s
   20   2   1  -1       0.51726137  p_y
   20   2   1   0       0.47235204  p_z
   20   2   1   1       0.47613839  p_x
   21   1   0   0       0.59153581  s
   21   2   1  -1       0.47558659  p_y
   21   2   1   0       0.45312401  p_z
   21   2   1   1       0.46023530  p_x
   22   1   0   0       0.44893982  s
   23   1   0   0       0.61180804  s
   23   2   1  -1       0.48874045  p_y
   23   2   1   0       0.47110740  p_z
   23   2   1   1       0.46873768  p_x
   24   1   0   0       0.46166897  s
   25   1   0   0       0.45910669  s
   26   1   0   0       0.45971250  s
   27   1   0   0       0.59091714  s
   27   2   1  -1       0.47265171  p_y
   27   2   1   0       0.44510128  p_z
   27   2   1   1       0.46290751  p_x
   28   1   0   0       0.61839348  s
   28   2   1  -1       0.49032094  p_y
   28   2   1   0       0.45716203  p_z
   28   2   1   1       0.47506944  p_x
   29   1   0   0       0.45482084  s
   30   1   0   0       0.61752506  s
   30   2   1  -1       0.50819956  p_y
   30   2   1   0       0.45996152  p_z
   30   2   1   1       0.47819197  p_x
   31   1   0   0       0.61774939  s
   31   2   1  -1       0.48367332  p_y
   31   2   1   0       0.47312570  p_z
   31   2   1   1       0.47535331  p_x
   32   1   0   0       0.45333301  s
   33   1   0   0       0.61538833  s
   33   2   1  -1       0.48134795  p_y
   33   2   1   0       0.47294444  p_z
   33   2   1   1       0.47275381  p_x
   34   1   0   0       0.46119417  s
   35   1   0   0       0.45181708  s
   36   1   0   0       0.45993023  s
   37   1   0   0       0.58917688  s
   37   2   1  -1       0.48355811  p_y
   37   2   1   0       0.45334628  p_z
   37   2   1   1       0.45611233  p_x
   38   1   0   0       0.62715087  s
   38   2   1  -1       0.49898268  p_y
   38   2   1   0       0.46944067  p_z
   38   2   1   1       0.49023175  p_x
   39   1   0   0       0.59049159  s
   39   2   1  -1       0.47741272  p_y
   39   2   1   0       0.44858292  p_z
   39   2   1   1       0.45938178  p_x
   40   1   0   0       0.61983283  s
   40   2   1  -1       0.50223716  p_y
   40   2   1   0       0.46988600  p_z
   40   2   1   1       0.48943435  p_x
   41   1   0   0       0.58617590  s
   41   2   1  -1       0.47936738  p_y
   41   2   1   0       0.45296460  p_z
   41   2   1   1       0.45687401  p_x
   42   1   0   0       0.43443107  s
   43   1   0   0       0.63442583  s
   43   2   1  -1       0.52654836  p_y
   43   2   1   0       0.46833253  p_z
   43   2   1   1       0.49078488  p_x
   44   1   0   0       0.62290996  s
   44   2   1  -1       0.52551704  p_y
   44   2   1   0       0.46788078  p_z
   44   2   1   1       0.49289794  p_x
   45   1   0   0       0.58790817  s
   45   2   1  -1       0.47983392  p_y
   45   2   1   0       0.45283498  p_z
   45   2   1   1       0.45945231  p_x
   46   1   0   0       0.43887536  s
   47   1   0   0       0.62051705  s
   47   2   1  -1       0.48496446  p_y
   47   2   1   0       0.46729050  p_z
   47   2   1   1       0.47723532  p_x
   48   1   0   0       0.59066024  s
   48   2   1  -1       0.47167295  p_y
   48   2   1   0       0.45514146  p_z
   48   2   1   1       0.45802549  p_x
   49   1   0   0       0.43704935  s
   50   1   0   0       0.43466015  s
   51   1   0   0       0.59015966  s
   51   2   1  -1       0.47923154  p_y
   51   2   1   0       0.44826608  p_z
   51   2   1   1       0.46189846  p_x
   52   1   0   0       0.62183737  s
   52   2   1  -1       0.50801966  p_y
   52   2   1   0       0.46561436  p_z
   52   2   1   1       0.48871309  p_x
   53   1   0   0       0.61841121  s
   53   2   1  -1       0.49022610  p_y
   53   2   1   0       0.46717224  p_z
   53   2   1   1       0.47057107  p_x
   54   1   0   0       0.43442004  s
   55   1   0   0       0.62543340  s
   55   2   1  -1       0.50465910  p_y
   55   2   1   0       0.46482604  p_z
   55   2   1   1       0.48306995  p_x
   56   1   0   0       0.62558115  s
   56   2   1  -1       0.51730732  p_y
   56   2   1   0       0.46500468  p_z
   56   2   1   1       0.49477332  p_x
   57   1   0   0       0.58523495  s
   57   2   1  -1       0.47738303  p_y
   57   2   1   0       0.45325919  p_z
   57   2   1   1       0.46121074  p_x
   58   1   0   0       0.43889519  s
   59   1   0   0       0.61708070  s
   59   2   1  -1       0.48151449  p_y
   59   2   1   0       0.47733951  p_z
   59   2   1   1       0.45913689  p_x
   60   1   0   0       0.44621825  s
   61   1   0   0       0.45308119  s
   62   1   0   0       0.43514493  s
   63   1   0   0       0.58537604  s
   63   2   1  -1       0.47690889  p_y
   63   2   1   0       0.44988316  p_z
   63   2   1   1       0.46490122  p_x
   64   1   0   0       0.61940268  s
   64   2   1  -1       0.49880124  p_y
   64   2   1   0       0.46173043  p_z
   64   2   1   1       0.47912684  p_x
   65   1   0   0       0.44915423  s
   66   1   0   0       0.60301254  s
   66   2   1  -1       0.49318586  p_y
   66   2   1   0       0.46822171  p_z
   66   2   1   1       0.48409297  p_x
   67   1   0   0       0.62300842  s
   67   2   1  -1       0.48148437  p_y
   67   2   1   0       0.47551285  p_z
   67   2   1   1       0.46804594  p_x
   68   1   0   0       0.44778672  s
   69   1   0   0       0.61065589  s
   69   2   1  -1       0.48938671  p_y
   69   2   1   0       0.46881876  p_z
   69   2   1   1       0.47291983  p_x
   70   1   0   0       0.44136369  s
   71   1   0   0       0.44282220  s
   72   1   0   0       0.44978844  s

Nr. of electrons (down):    101.00000000
Atom populations (down)
 Atom       Population
    1       1.98188078
    2       2.05322335
    3       1.98255415
    4       2.05388619
    5       1.98327426
    6       0.44109687
    7       2.08454103
    8       2.08857628
    9       1.98351549
   10       0.43753980
   11       2.04233117
   12       1.97032364
   13       0.46411208
   14       0.45920328
   15       1.97480215
   16       2.05186936
   17       2.04802765
   18       0.44036430
   19       2.06926274
   20       2.08743486
   21       1.98059239
   22       0.44900308
   23       2.04007461
   24       0.46167239
   25       0.45912253
   26       0.45973574
   27       1.97145467
   28       2.04043116
   29       0.45483732
   30       2.06373125
   31       2.04991728
   32       0.45336137
   33       2.04195401
   34       0.46118436
   35       0.45181378
   36       0.45995398
   37       1.99902305
   38       1.96138851
   39       2.00266953
   40       1.94517306
   41       1.96810841
   42       0.44122084
   43       1.94856883
   44       1.93750654
   45       1.99739755
   46       0.44638971
   47       2.00802122
   48       1.98722354
   49       0.44669397
   50       0.44400337
   51       1.99781509
   52       1.96697443
   53       2.00251138
   54       0.43677029
   55       2.01380332
   56       1.97823194
   57       1.97668608
   58       0.44523725
   59       2.02282990
   60       0.44864616
   61       0.45674823
   62       0.44190373
   63       1.96684593
   64       2.01854263
   65       0.44982497
   66       2.02161014
   67       2.02635261
   68       0.45004251
   69       2.01024071
   70       0.44279660
   71       0.44404504
   72       0.45149360

l-shell populations (down)
 Atom Sh.   l       Population
    1   1   0       0.59255777
    1   2   1       1.38932301
    2   1   0       0.61964957
    2   2   1       1.43357379
    3   1   0       0.59686699
    3   2   1       1.38568716
    4   1   0       0.62647626
    4   2   1       1.42740994
    5   1   0       0.59284491
    5   2   1       1.39042935
    6   1   0       0.44109687
    7   1   0       0.62111110
    7   2   1       1.46342992
    8   1   0       0.62294301
    8   2   1       1.46563327
    9   1   0       0.58988147
    9   2   1       1.39363402
   10   1   0       0.43753980
   11   1   0       0.62227051
   11   2   1       1.42006067
   12   1   0       0.58971794
   12   2   1       1.38060570
   13   1   0       0.46411208
   14   1   0       0.45920328
   15   1   0       0.58918172
   15   2   1       1.38562044
   16   1   0       0.61855278
   16   2   1       1.43331658
   17   1   0       0.61223699
   17   2   1       1.43579066
   18   1   0       0.44036430
   19   1   0       0.62199889
   19   2   1       1.44726385
   20   1   0       0.62210377
   20   2   1       1.46533109
   21   1   0       0.59156294
   21   2   1       1.38902945
   22   1   0       0.44900308
   23   1   0       0.61179707
   23   2   1       1.42827755
   24   1   0       0.46167239
   25   1   0       0.45912253
   26   1   0       0.45973574
   27   1   0       0.59091699
   27   2   1       1.38053767
   28   1   0       0.61836867
   28   2   1       1.42206249
   29   1   0       0.45483732
   30   1   0       0.61752035
   30   2   1       1.44621090
   31   1   0       0.61776260
   31   2   1       1.43215468
   32   1   0       0.45336137
   33   1   0       0.61536742
   33   2   1       1.42658658
   34   1   0       0.46118436
   35   1   0       0.45181378
   36   1   0       0.45995398
   37   1   0       0.59284240
   37   2   1       1.40618065
   38   1   0       0.62146991
   38   2   1       1.33991860
   39   1   0       0.59564645
   39   2   1       1.40702308
   40   1   0       0.61344317
   40   2   1       1.33172988
   41   1   0       0.58773347
   41   2   1       1.38037493
   42   1   0       0.44122084
   43   1   0       0.62616465
   43   2   1       1.32240418
   44   1   0       0.61474391
   44   2   1       1.32276263
   45   1   0       0.59151829
   45   2   1       1.40587926
   46   1   0       0.44638971
   47   1   0       0.61926355
   47   2   1       1.38875768
   48   1   0       0.59410591
   48   2   1       1.39311764
   49   1   0       0.44669397
   50   1   0       0.44400337
   51   1   0       0.59445854
   51   2   1       1.40335655
   52   1   0       0.61640915
   52   2   1       1.35056528
   53   1   0       0.61714265
   53   2   1       1.38536873
   54   1   0       0.43677029
   55   1   0       0.62254563
   55   2   1       1.39125769
   56   1   0       0.61999951
   56   2   1       1.35823243
   57   1   0       0.58727888
   57   2   1       1.38940719
   58   1   0       0.44523725
   59   1   0       0.61788439
   59   2   1       1.40494551
   60   1   0       0.44864616
   61   1   0       0.45674823
   62   1   0       0.44190373
   63   1   0       0.58683694
   63   2   1       1.38000900
   64   1   0       0.61779073
   64   2   1       1.40075190
   65   1   0       0.44982497
   66   1   0       0.60236969
   66   2   1       1.41924045
   67   1   0       0.62290360
   67   2   1       1.40344901
   68   1   0       0.45004251
   69   1   0       0.60987561
   69   2   1       1.40036510
   70   1   0       0.44279660
   71   1   0       0.44404504
   72   1   0       0.45149360

Orbital populations (down)
 Atom Sh.   l   m       Population  Label
    1   1   0   0       0.59255777  s
    1   2   1  -1       0.47343857  p_y
    1   2   1   0       0.45921009  p_z
    1   2   1   1       0.45667435  p_x
    2   1   0   0       0.61964957  s
    2   2   1  -1       0.48707249  p_y
    2   2   1   0       0.46416531  p_z
    2   2   1   1       0.48233599  p_x
    3   1   0   0       0.59686699  s
    3   2   1  -1       0.47587949  p_y
    3   2   1   0       0.45294723  p_z
    3   2   1   1       0.45686044  p_x
    4   1   0   0       0.62647626  s
    4   2   1  -1       0.48799376  p_y
    4   2   1   0       0.46185792  p_z
    4   2   1   1       0.47755826  p_x
    5   1   0   0       0.59284491  s
    5   2   1  -1       0.47538922  p_y
    5   2   1   0       0.45916822  p_z
    5   2   1   1       0.45587191  p_x
    6   1   0   0       0.44109687  s
    7   1   0   0       0.62111110  s
    7   2   1  -1       0.51605117  p_y
    7   2   1   0       0.46719685  p_z
    7   2   1   1       0.48018190  p_x
    8   1   0   0       0.62294301  s
    8   2   1  -1       0.52144239  p_y
    8   2   1   0       0.46746553  p_z
    8   2   1   1       0.47672535  p_x
    9   1   0   0       0.58988147  s
    9   2   1  -1       0.47664070  p_y
    9   2   1   0       0.45874876  p_z
    9   2   1   1       0.45824456  p_x
   10   1   0   0       0.43753980  s
   11   1   0   0       0.62227051  s
   11   2   1  -1       0.48559902  p_y
   11   2   1   0       0.45980471  p_z
   11   2   1   1       0.47465694  p_x
   12   1   0   0       0.58971794  s
   12   2   1  -1       0.47380125  p_y
   12   2   1   0       0.44554205  p_z
   12   2   1   1       0.46126240  p_x
   13   1   0   0       0.46411208  s
   14   1   0   0       0.45920328  s
   15   1   0   0       0.58918172  s
   15   2   1  -1       0.47594015  p_y
   15   2   1   0       0.45336184  p_z
   15   2   1   1       0.45631845  p_x
   16   1   0   0       0.61855278  s
   16   2   1  -1       0.48918911  p_y
   16   2   1   0       0.46265971  p_z
   16   2   1   1       0.48146776  p_x
   17   1   0   0       0.61223699  s
   17   2   1  -1       0.49046829  p_y
   17   2   1   0       0.47370792  p_z
   17   2   1   1       0.47161444  p_x
   18   1   0   0       0.44036430  s
   19   1   0   0       0.62199889  s
   19   2   1  -1       0.50760291  p_y
   19   2   1   0       0.46349691  p_z
   19   2   1   1       0.47616403  p_x
   20   1   0   0       0.62210377  s
   20   2   1  -1       0.51700684  p_y
   20   2   1   0       0.47225735  p_z
   20   2   1   1       0.47606690  p_x
   21   1   0   0       0.59156294  s
   21   2   1  -1       0.47560287  p_y
   21   2   1   0       0.45316027  p_z
   21   2   1   1       0.46026632  p_x
   22   1   0   0       0.44900308  s
   23   1   0   0       0.61179707  s
   23   2   1  -1       0.48852024  p_y
   23   2   1   0       0.47105417  p_z
   23   2   1   1       0.46870314  p_x
   24   1   0   0       0.46167239  s
   25   1   0   0       0.45912253  s
   26   1   0   0       0.45973574  s
   27   1   0   0       0.59091699  s
   27   2   1  -1       0.47255090  p_y
   27   2   1   0       0.44508988  p_z
   27   2   1   1       0.46289690  p_x
   28   1   0   0       0.61836867  s
   28   2   1  -1       0.48996877  p_y
   28   2   1   0       0.45708833  p_z
   28   2   1   1       0.47500539  p_x
   29   1   0   0       0.45483732  s
   30   1   0   0       0.61752035  s
   30   2   1  -1       0.50804524  p_y
   30   2   1   0       0.45996429  p_z
   30   2   1   1       0.47820138  p_x
   31   1   0   0       0.61776260  s
   31   2   1  -1       0.48367471  p_y
   31   2   1   0       0.47312918  p_z
   31   2   1   1       0.47535078  p_x
   32   1   0   0       0.45336137  s
   33   1   0   0       0.61536742  s
   33   2   1  -1       0.48110738  p_y
   33   2   1   0       0.47284978  p_z
   33   2   1   1       0.47262942  p_x
   34   1   0   0       0.46118436  s
   35   1   0   0       0.45181378  s
   36   1   0   0       0.45995398  s
   37   1   0   0       0.59284240  s
   37   2   1  -1       0.48983347  p_y
   37   2   1   0       0.45750943  p_z
   37   2   1   1       0.45883775  p_x
   38   1   0   0       0.62146991  s
   38   2   1  -1       0.41469639  p_y
   38   2   1   0       0.46449052  p_z
   38   2   1   1       0.46073169  p_x
   39   1   0   0       0.59564645  s
   39   2   1  -1       0.48824598  p_y
   39   2   1   0       0.45450768  p_z
   39   2   1   1       0.46426942  p_x
   40   1   0   0       0.61344317  s
   40   2   1  -1       0.41253802  p_y
   40   2   1   0       0.46315467  p_z
   40   2   1   1       0.45603720  p_x
   41   1   0   0       0.58773347  s
   41   2   1  -1       0.46994767  p_y
   41   2   1   0       0.45509909  p_z
   41   2   1   1       0.45532817  p_x
   42   1   0   0       0.44122084  s
   43   1   0   0       0.62616465  s
   43   2   1  -1       0.40912720  p_y
   43   2   1   0       0.45876044  p_z
   43   2   1   1       0.45451653  p_x
   44   1   0   0       0.61474391  s
   44   2   1  -1       0.40283964  p_y
   44   2   1   0       0.45842864  p_z
   44   2   1   1       0.46149435  p_x
   45   1   0   0       0.59151829  s
   45   2   1  -1       0.48637572  p_y
   45   2   1   0       0.45690815  p_z
   45   2   1   1       0.46259540  p_x
   46   1   0   0       0.44638971  s
   47   1   0   0       0.61926355  s
   47   2   1  -1       0.45363973  p_y
   47   2   1   0       0.46505076  p_z
   47   2   1   1       0.47006720  p_x
   48   1   0   0       0.59410591  s
   48   2   1  -1       0.47407857  p_y
   48   2   1   0       0.45799350  p_z
   48   2   1   1       0.46104556  p_x
   49   1   0   0       0.44669397  s
   50   1   0   0       0.44400337  s
   51   1   0   0       0.59445854  s
   51   2   1  -1       0.48502795  p_y
   51   2   1   0       0.45331289  p_z
   51   2   1   1       0.46501572  p_x
   52   1   0   0       0.61640915  s
   52   2   1  -1       0.42184879  p_y
   52   2   1   0       0.46039047  p_z
   52   2   1   1       0.46832602  p_x
   53   1   0   0       0.61714265  s
   53   2   1  -1       0.45874821  p_y
   53   2   1   0       0.46320620  p_z
   53   2   1   1       0.46341431  p_x
   54   1   0   0       0.43677029  s
   55   1   0   0       0.62254563  s
   55   2   1  -1       0.46473527  p_y
   55   2   1   0       0.45927556  p_z
   55   2   1   1       0.46724686  p_x
   56   1   0   0       0.61999951  s
   56   2   1  -1       0.43458150  p_y
   56   2   1   0       0.45978082  p_z
   56   2   1   1       0.46387011  p_x
   57   1   0   0       0.58727888  s
   57   2   1  -1       0.47271919  p_y
   57   2   1   0       0.45500522  p_z
   57   2   1   1       0.46168278  p_x
   58   1   0   0       0.44523725  s
   59   1   0   0       0.61788439  s
   59   2   1  -1       0.47090194  p_y
   59   2   1   0       0.47593801  p_z
   59   2   1   1       0.45810556  p_x
   60   1   0   0       0.44864616  s
   61   1   0   0       0.45674823  s
   62   1   0   0       0.44190373  s
   63   1   0   0       0.58683694  s
   63   2   1  -1       0.46578106  p_y
   63   2   1   0       0.45246859  p_z
   63   2   1   1       0.46175935  p_x
   64   1   0   0       0.61779073  s
   64   2   1  -1       0.46907279  p_y
   64   2   1   0       0.46023695  p_z
   64   2   1   1       0.47144215  p_x
   65   1   0   0       0.44982497  s
   66   1   0   0       0.60236969  s
   66   2   1  -1       0.47310978  p_y
   66   2   1   0       0.46798003  p_z
   66   2   1   1       0.47815063  p_x
   67   1   0   0       0.62290360  s
   67   2   1  -1       0.46526937  p_y
   67   2   1   0       0.47467525  p_z
   67   2   1   1       0.46350439  p_x
   68   1   0   0       0.45004251  s
   69   1   0   0       0.60987561  s
   69   2   1  -1       0.46594121  p_y
   69   2   1   0       0.46824686  p_z
   69   2   1   1       0.46617703  p_x
   70   1   0   0       0.44279660  s
   71   1   0   0       0.44404504  s
   72   1   0   0       0.45149360  s

Spin  up
Fermi level:                        -0.2210917376 H           -6.0162 eV
Band energy:                       -47.8636685913 H        -1302.4367 eV
TS:                                  0.0000000000 H            0.0000 eV
Band free energy (E-TS):           -47.8636685913 H        -1302.4367 eV
Extrapolated E(0K):                -47.8636685913 H        -1302.4367 eV
Input / Output electrons (up):    102.0000000007    102.0000000000

Spin  down
Fermi level:                        -0.2411748846 H           -6.5627 eV
Band energy:                       -47.5284823927 H        -1293.3158 eV
TS:                                  0.0000000000 H            0.0000 eV
Band free energy (E-TS):           -47.5284823927 H        -1293.3158 eV
Extrapolated E(0K):                -47.5284823927 H        -1293.3158 eV
Input / Output electrons (down):    100.9999999993    101.0000000000

Energy H0:                         -86.3317551135 H        -2349.2066 eV
Energy SCC:                          0.0250174263 H            0.6808 eV
Energy SPIN:                        -0.0015695809 H           -0.0427 eV
Energy 3rd:                          0.0000572158 H            0.0016 eV
Total Electronic energy:           -86.3082500523 H        -2348.5670 eV
Repulsive energy:                    0.7991749551 H           21.7467 eV
Total energy:                      -85.5090750972 H        -2326.8203 eV
Extrapolated to 0:                 -85.5090750972 H        -2326.8203 eV
Total Mermin free energy:          -85.5090750972 H        -2326.8203 eV
Force related energy:              -85.5090750972 H        -2326.8203 eV

Constraints converged

SCC converged

