 Fermi distribution function

Calculation with static geometry


********************************************************************************
 iSCC Total electronic   Diff electronic      SCC error    
   15   -0.86321541E+02    0.19712492E-06    0.54886567E-05
********************************************************************************

 Total charge:     1.00000000

 Atomic gross charges (e)
 Atom           Charge
    1       0.02073720
    2      -0.04682604
    3       0.02526613
    4      -0.03018748
    5       0.04851625
    6       0.11709345
    7      -0.07371167
    8      -0.04979108
    9       0.01841635
   10       0.12271712
   11      -0.04797241
   12       0.04078335
   13       0.11848079
   14       0.11429736
   15       0.01725314
   16      -0.05287248
   17      -0.06331909
   18       0.11316041
   19      -0.08111721
   20      -0.06921200
   21       0.04195885
   22       0.11776210
   23      -0.06269681
   24       0.10193105
   25       0.11476361
   26       0.11716145
   27       0.04809032
   28      -0.07164187
   29       0.10319345
   30      -0.07787266
   31      -0.05277041
   32       0.10711103
   33      -0.04232910
   34       0.11294799
   35       0.10241329
   36       0.09817913
   37       0.03694229
   38      -0.11923045
   39       0.04025992
   40      -0.14387271
   41       0.02699159
   42       0.11380555
   43      -0.16507915
   44      -0.17478252
   45       0.03717671
   46       0.12034639
   47      -0.08055521
   48       0.03332035
   49       0.10868258
   50       0.11502860
   51       0.04548694
   52      -0.14182551
   53      -0.09264825
   54       0.11588418
   55      -0.12050785
   56      -0.15451842
   57       0.03660553
   58       0.11056027
   59      -0.09475997
   60       0.09069182
   61       0.07428465
   62       0.11106663
   63       0.04711253
   64      -0.11111035
   65       0.08205513
   66      -0.13209100
   67      -0.08429955
   68       0.09343325
   69      -0.10939281
   70       0.11367174
   71       0.08999564
   72       0.08135794


 Atomic net (on-site) populations and hybridisation ratios
 Atom       Population         Hybrid.
    1       2.72672930      0.31831768
    2       2.81235590      0.29691103
    3       2.72611979      0.31847005
    4       2.78416373      0.30395907
    5       2.69257323      0.32685669
    6       0.55559250      0.44440750
    7       2.84733253      0.28816687
    8       2.81835895      0.29541026
    9       2.73334914      0.31666271
   10       0.54854320      0.45145680
   11       2.76959188      0.30760203
   12       2.73357790      0.31660552
   13       0.54536684      0.45463316
   14       0.55513819      0.44486181
   15       2.73900514      0.31524872
   16       2.82350314      0.29412422
   17       2.78854777      0.30286306
   18       0.56178610      0.43821390
   19       2.81383608      0.29654098
   20       2.83144485      0.29213879
   21       2.71564030      0.32108992
   22       0.55317016      0.44682984
   23       2.80969088      0.29757728
   24       0.56270566      0.43729434
   25       0.55033841      0.44966159
   26       0.54649492      0.45350508
   27       2.70345416      0.32413646
   28       2.82238177      0.29440456
   29       0.56680248      0.43319752
   30       2.82133592      0.29466602
   31       2.76902942      0.30774264
   32       0.56336432      0.43663568
   33       2.77090826      0.30727293
   34       0.55693747      0.44306253
   35       0.56450178      0.43549822
   36       0.57355540      0.42644460
   37       2.70657198      0.32335700
   38       2.86174146      0.28456463
   39       2.70733774      0.32316557
   40       2.91778676      0.27055331
   41       2.73497645      0.31625589
   42       0.55339384      0.44660616
   43       2.90027803      0.27493049
   44       2.95209559      0.26197610
   45       2.70835124      0.32291219
   46       0.54132071      0.45867929
   47       2.80993507      0.29751623
   48       2.72124016      0.31968996
   49       0.55254666      0.44745334
   50       0.55012918      0.44987082
   51       2.68922452      0.32769387
   52       2.90428704      0.27392824
   53       2.80722114      0.29819471
   54       0.54894120      0.45105880
   55       2.83806464      0.29048384
   56       2.90881313      0.27279672
   57       2.71137693      0.32215577
   58       0.55604112      0.44395888
   59       2.82397480      0.29400630
   60       0.57607680      0.42392320
   61       0.59313911      0.40686089
   62       0.55791900      0.44208100
   63       2.68614974      0.32846257
   64       2.84365109      0.28908723
   65       0.58526895      0.41473105
   66       2.92582097      0.26854476
   67       2.78163454      0.30459137
   68       0.57248950      0.42751050
   69       2.86172234      0.28456942
   70       0.55490096      0.44509904
   71       0.57660621      0.42339379
   72       0.58972564      0.41027436

Nr. of electrons (up):    102.00000000
Atom populations (up)
 Atom       Population
    1       1.98094015
    2       2.08465443
    3       1.97587970
    4       2.08557264
    5       1.97795983
    6       0.43798847
    7       2.11037988
    8       2.11076793
    9       1.98210281
   10       0.43467074
   11       2.04273863
   12       1.97979504
   13       0.43678891
   14       0.43805146
   15       1.97991379
   16       2.08721509
   17       2.04764384
   18       0.44233905
   19       2.06321284
   20       2.10553156
   21       1.98093788
   22       0.43771370
   23       2.04393723
   24       0.44816446
   25       0.44137258
   26       0.43762252
   27       1.97508886
   28       2.05850914
   29       0.44768166
   30       2.06342036
   31       2.03977844
   32       0.44517798
   33       2.03371561
   34       0.44216019
   35       0.44805656
   36       0.45019272
   37       1.98143755
   38       2.06002090
   39       1.97989666
   40       2.07255617
   41       1.98643957
   42       0.44307479
   43       2.08254792
   44       2.08746948
   45       1.98134689
   46       0.43979336
   47       2.04048706
   48       1.98347488
   49       0.44565834
   50       0.44248137
   51       1.97726132
   52       2.07133463
   53       2.04628163
   54       0.44204638
   55       2.06021115
   56       2.07732454
   57       1.98171390
   58       0.44469643
   59       2.04767579
   60       0.45465656
   61       0.46286022
   62       0.44446303
   63       1.97651053
   64       2.05570982
   65       0.45895602
   66       2.06610232
   67       2.04223042
   68       0.45327471
   69       2.05485880
   70       0.44316074
   71       0.45499785
   72       0.45931162

l-shell populations (up)
 Atom Sh.   l       Population
    1   1   0       0.58903075
    1   2   1       1.39190940
    2   1   0       0.62704578
    2   2   1       1.45760864
    3   1   0       0.59043999
    3   2   1       1.38543971
    4   1   0       0.62531399
    4   2   1       1.46025865
    5   1   0       0.58794238
    5   2   1       1.39001745
    6   1   0       0.43798847
    7   1   0       0.63109470
    7   2   1       1.47928518
    8   1   0       0.62993243
    8   2   1       1.48083550
    9   1   0       0.59042262
    9   2   1       1.39168019
   10   1   0       0.43467074
   11   1   0       0.61227629
   11   2   1       1.43046234
   12   1   0       0.59811668
   12   2   1       1.38167837
   13   1   0       0.43678891
   14   1   0       0.43805146
   15   1   0       0.59182067
   15   2   1       1.38809312
   16   1   0       0.62948899
   16   2   1       1.45772609
   17   1   0       0.61468107
   17   2   1       1.43296277
   18   1   0       0.44233905
   19   1   0       0.61843873
   19   2   1       1.44477412
   20   1   0       0.62743998
   20   2   1       1.47809158
   21   1   0       0.59321550
   21   2   1       1.38772237
   22   1   0       0.43771370
   23   1   0       0.62179602
   23   2   1       1.42214121
   24   1   0       0.44816446
   25   1   0       0.44137258
   26   1   0       0.43762252
   27   1   0       0.59109923
   27   2   1       1.38398962
   28   1   0       0.62180556
   28   2   1       1.43670357
   29   1   0       0.44768166
   30   1   0       0.61980011
   30   2   1       1.44362025
   31   1   0       0.61253315
   31   2   1       1.42724529
   32   1   0       0.44517798
   33   1   0       0.61477680
   33   2   1       1.41893881
   34   1   0       0.44216019
   35   1   0       0.44805656
   36   1   0       0.45019272
   37   1   0       0.58844338
   37   2   1       1.39299417
   38   1   0       0.61849972
   38   2   1       1.44152119
   39   1   0       0.58949801
   39   2   1       1.39039865
   40   1   0       0.62683033
   40   2   1       1.44572585
   41   1   0       0.59371444
   41   2   1       1.39272513
   42   1   0       0.44307479
   43   1   0       0.61635563
   43   2   1       1.46619229
   44   1   0       0.62737510
   44   2   1       1.46009438
   45   1   0       0.58865886
   45   2   1       1.39268803
   46   1   0       0.43979336
   47   1   0       0.61517527
   47   2   1       1.42531179
   48   1   0       0.59053403
   48   2   1       1.39294085
   49   1   0       0.44565834
   50   1   0       0.44248137
   51   1   0       0.58577079
   51   2   1       1.39149053
   52   1   0       0.62321553
   52   2   1       1.44811910
   53   1   0       0.60993335
   53   2   1       1.43634829
   54   1   0       0.44204638
   55   1   0       0.61056716
   55   2   1       1.44964400
   56   1   0       0.62018864
   56   2   1       1.45713590
   57   1   0       0.58841311
   57   2   1       1.39330079
   58   1   0       0.44469643
   59   1   0       0.61409153
   59   2   1       1.43358425
   60   1   0       0.45465656
   61   1   0       0.46286022
   62   1   0       0.44446303
   63   1   0       0.58538190
   63   2   1       1.39112862
   64   1   0       0.61398372
   64   2   1       1.44172610
   65   1   0       0.45895602
   66   1   0       0.63434059
   66   2   1       1.43176173
   67   1   0       0.60607879
   67   2   1       1.43615163
   68   1   0       0.45327471
   69   1   0       0.62070772
   69   2   1       1.43415108
   70   1   0       0.44316074
   71   1   0       0.45499785
   72   1   0       0.45931162

Orbital populations (up)
 Atom Sh.   l   m       Population  Label
    1   1   0   0       0.58903075  s
    1   2   1  -1       0.47931557  p_y
    1   2   1   0       0.45534764  p_z
    1   2   1   1       0.45724619  p_x
    2   1   0   0       0.62704578  s
    2   2   1  -1       0.50332060  p_y
    2   2   1   0       0.46711130  p_z
    2   2   1   1       0.48717674  p_x
    3   1   0   0       0.59043999  s
    3   2   1  -1       0.47622407  p_y
    3   2   1   0       0.45254889  p_z
    3   2   1   1       0.45666675  p_x
    4   1   0   0       0.62531399  s
    4   2   1  -1       0.50289319  p_y
    4   2   1   0       0.46915688  p_z
    4   2   1   1       0.48820858  p_x
    5   1   0   0       0.58794238  s
    5   2   1  -1       0.47344347  p_y
    5   2   1   0       0.45830156  p_z
    5   2   1   1       0.45827242  p_x
    6   1   0   0       0.43798847  s
    7   1   0   0       0.63109470  s
    7   2   1  -1       0.51756620  p_y
    7   2   1   0       0.46852573  p_z
    7   2   1   1       0.49319325  p_x
    8   1   0   0       0.62993243  s
    8   2   1  -1       0.51998583  p_y
    8   2   1   0       0.47247690  p_z
    8   2   1   1       0.48837277  p_x
    9   1   0   0       0.59042262  s
    9   2   1  -1       0.48066477  p_y
    9   2   1   0       0.45546855  p_z
    9   2   1   1       0.45554687  p_x
   10   1   0   0       0.43467074  s
   11   1   0   0       0.61227629  s
   11   2   1  -1       0.48828881  p_y
   11   2   1   0       0.46306386  p_z
   11   2   1   1       0.47910968  p_x
   12   1   0   0       0.59811668  s
   12   2   1  -1       0.47491553  p_y
   12   2   1   0       0.44976521  p_z
   12   2   1   1       0.45699763  p_x
   13   1   0   0       0.43678891  s
   14   1   0   0       0.43805146  s
   15   1   0   0       0.59182067  s
   15   2   1  -1       0.47817804  p_y
   15   2   1   0       0.45369062  p_z
   15   2   1   1       0.45622447  p_x
   16   1   0   0       0.62948899  s
   16   2   1  -1       0.50139488  p_y
   16   2   1   0       0.46768673  p_z
   16   2   1   1       0.48864449  p_x
   17   1   0   0       0.61468107  s
   17   2   1  -1       0.48723527  p_y
   17   2   1   0       0.47445419  p_z
   17   2   1   1       0.47127331  p_x
   18   1   0   0       0.44233905  s
   19   1   0   0       0.61843873  s
   19   2   1  -1       0.49785873  p_y
   19   2   1   0       0.46006840  p_z
   19   2   1   1       0.48684698  p_x
   20   1   0   0       0.62743998  s
   20   2   1  -1       0.51741424  p_y
   20   2   1   0       0.47146260  p_z
   20   2   1   1       0.48921474  p_x
   21   1   0   0       0.59321550  s
   21   2   1  -1       0.47704021  p_y
   21   2   1   0       0.45464371  p_z
   21   2   1   1       0.45603845  p_x
   22   1   0   0       0.43771370  s
   23   1   0   0       0.62179602  s
   23   2   1  -1       0.48294748  p_y
   23   2   1   0       0.47681430  p_z
   23   2   1   1       0.46237943  p_x
   24   1   0   0       0.44816446  s
   25   1   0   0       0.44137258  s
   26   1   0   0       0.43762252  s
   27   1   0   0       0.59109923  s
   27   2   1  -1       0.47317665  p_y
   27   2   1   0       0.44912724  p_z
   27   2   1   1       0.46168573  p_x
   28   1   0   0       0.62180556  s
   28   2   1  -1       0.49186100  p_y
   28   2   1   0       0.46082656  p_z
   28   2   1   1       0.48401602  p_x
   29   1   0   0       0.44768166  s
   30   1   0   0       0.61980011  s
   30   2   1  -1       0.49768332  p_y
   30   2   1   0       0.46118887  p_z
   30   2   1   1       0.48474807  p_x
   31   1   0   0       0.61253315  s
   31   2   1  -1       0.48363974  p_y
   31   2   1   0       0.47856116  p_z
   31   2   1   1       0.46504439  p_x
   32   1   0   0       0.44517798  s
   33   1   0   0       0.61477680  s
   33   2   1  -1       0.47638711  p_y
   33   2   1   0       0.47233735  p_z
   33   2   1   1       0.47021434  p_x
   34   1   0   0       0.44216019  s
   35   1   0   0       0.44805656  s
   36   1   0   0       0.45019272  s
   37   1   0   0       0.58844338  s
   37   2   1  -1       0.47991460  p_y
   37   2   1   0       0.45290074  p_z
   37   2   1   1       0.46017883  p_x
   38   1   0   0       0.61849972  s
   38   2   1  -1       0.49290872  p_y
   38   2   1   0       0.46771143  p_z
   38   2   1   1       0.48090103  p_x
   39   1   0   0       0.58949801  s
   39   2   1  -1       0.48004941  p_y
   39   2   1   0       0.45147858  p_z
   39   2   1   1       0.45887066  p_x
   40   1   0   0       0.62683033  s
   40   2   1  -1       0.49802792  p_y
   40   2   1   0       0.46444468  p_z
   40   2   1   1       0.48325325  p_x
   41   1   0   0       0.59371444  s
   41   2   1  -1       0.48054290  p_y
   41   2   1   0       0.45495192  p_z
   41   2   1   1       0.45723031  p_x
   42   1   0   0       0.44307479  s
   43   1   0   0       0.61635563  s
   43   2   1  -1       0.51164004  p_y
   43   2   1   0       0.46674349  p_z
   43   2   1   1       0.48780876  p_x
   44   1   0   0       0.62737510  s
   44   2   1  -1       0.51269250  p_y
   44   2   1   0       0.46367592  p_z
   44   2   1   1       0.48372595  p_x
   45   1   0   0       0.58865886  s
   45   2   1  -1       0.47858249  p_y
   45   2   1   0       0.45416317  p_z
   45   2   1   1       0.45994237  p_x
   46   1   0   0       0.43979336  s
   47   1   0   0       0.61517527  s
   47   2   1  -1       0.48242159  p_y
   47   2   1   0       0.46416475  p_z
   47   2   1   1       0.47872544  p_x
   48   1   0   0       0.59053403  s
   48   2   1  -1       0.47962475  p_y
   48   2   1   0       0.45121310  p_z
   48   2   1   1       0.46210301  p_x
   49   1   0   0       0.44565834  s
   50   1   0   0       0.44248137  s
   51   1   0   0       0.58577079  s
   51   2   1  -1       0.47970814  p_y
   51   2   1   0       0.45044086  p_z
   51   2   1   1       0.46134154  p_x
   52   1   0   0       0.62321553  s
   52   2   1  -1       0.50225519  p_y
   52   2   1   0       0.46409199  p_z
   52   2   1   1       0.48177192  p_x
   53   1   0   0       0.60993335  s
   53   2   1  -1       0.49698557  p_y
   53   2   1   0       0.47179750  p_z
   53   2   1   1       0.46756522  p_x
   54   1   0   0       0.44204638  s
   55   1   0   0       0.61056716  s
   55   2   1  -1       0.50167013  p_y
   55   2   1   0       0.46686212  p_z
   55   2   1   1       0.48111175  p_x
   56   1   0   0       0.62018864  s
   56   2   1  -1       0.50589594  p_y
   56   2   1   0       0.46722940  p_z
   56   2   1   1       0.48401055  p_x
   57   1   0   0       0.58841311  s
   57   2   1  -1       0.48229176  p_y
   57   2   1   0       0.44846221  p_z
   57   2   1   1       0.46254681  p_x
   58   1   0   0       0.44469643  s
   59   1   0   0       0.61409153  s
   59   2   1  -1       0.49195662  p_y
   59   2   1   0       0.47271012  p_z
   59   2   1   1       0.46891751  p_x
   60   1   0   0       0.45465656  s
   61   1   0   0       0.46286022  s
   62   1   0   0       0.44446303  s
   63   1   0   0       0.58538190  s
   63   2   1  -1       0.47827414  p_y
   63   2   1   0       0.45399274  p_z
   63   2   1   1       0.45886174  p_x
   64   1   0   0       0.61398372  s
   64   2   1  -1       0.50091859  p_y
   64   2   1   0       0.46224323  p_z
   64   2   1   1       0.47856428  p_x
   65   1   0   0       0.45895602  s
   66   1   0   0       0.63434059  s
   66   2   1  -1       0.49245485  p_y
   66   2   1   0       0.45918718  p_z
   66   2   1   1       0.48011969  p_x
   67   1   0   0       0.60607879  s
   67   2   1  -1       0.49310392  p_y
   67   2   1   0       0.47654125  p_z
   67   2   1   1       0.46650646  p_x
   68   1   0   0       0.45327471  s
   69   1   0   0       0.62070772  s
   69   2   1  -1       0.49990842  p_y
   69   2   1   0       0.46283166  p_z
   69   2   1   1       0.47141100  p_x
   70   1   0   0       0.44316074  s
   71   1   0   0       0.45499785  s
   72   1   0   0       0.45931162  s

Nr. of electrons (down):    101.00000000
Atom populations (down)
 Atom       Population
    1       1.99832265
    2       1.96217161
    3       1.99885417
    4       1.94461484
    5       1.97352392
    6       0.44491808
    7       1.96333179
    8       1.93902315
    9       1.99948083
   10       0.44261214
   11       2.00523378
   12       1.97942160
   13       0.44473030
   14       0.44765118
   15       2.00283307
   16       1.96565739
   17       2.01567525
   18       0.44450054
   19       2.01790436
   20       1.96368044
   21       1.97710328
   22       0.44452420
   23       2.01875958
   24       0.44990449
   25       0.44386381
   26       0.44521604
   27       1.97682083
   28       2.01313273
   29       0.44912488
   30       2.01445230
   31       2.01299197
   32       0.44771099
   33       2.00861350
   34       0.44489182
   35       0.44953015
   36       0.45162815
   37       1.98162016
   38       2.05920955
   39       1.97984342
   40       2.07131654
   41       1.98656884
   42       0.44311966
   43       2.08253123
   44       2.08731304
   45       1.98147640
   46       0.43986025
   47       2.04006816
   48       1.98320477
   49       0.44565908
   50       0.44249003
   51       1.97725174
   52       2.07049088
   53       2.04636661
   54       0.44206944
   55       2.06029670
   56       2.07719388
   57       1.98168057
   58       0.44474330
   59       2.04708419
   60       0.45465162
   61       0.46285512
   62       0.44447034
   63       1.97637695
   64       2.05540052
   65       0.45898885
   66       2.06598869
   67       2.04206912
   68       0.45329204
   69       2.05453400
   70       0.44316752
   71       0.45500650
   72       0.45933044

l-shell populations (down)
 Atom Sh.   l       Population
    1   1   0       0.59273320
    1   2   1       1.40558945
    2   1   0       0.62147696
    2   2   1       1.34069466
    3   1   0       0.59514307
    3   2   1       1.40371111
    4   1   0       0.61863809
    4   2   1       1.32597675
    5   1   0       0.58976388
    5   2   1       1.38376004
    6   1   0       0.44491808
    7   1   0       0.62425602
    7   2   1       1.33907577
    8   1   0       0.62173146
    8   2   1       1.31729169
    9   1   0       0.59413570
    9   2   1       1.40534513
   10   1   0       0.44261214
   11   1   0       0.61108432
   11   2   1       1.39414947
   12   1   0       0.60060676
   12   2   1       1.37881484
   13   1   0       0.44473030
   14   1   0       0.44765118
   15   1   0       0.59646461
   15   2   1       1.40636846
   16   1   0       0.62391810
   16   2   1       1.34173929
   17   1   0       0.61405059
   17   2   1       1.40162466
   18   1   0       0.44450054
   19   1   0       0.61675516
   19   2   1       1.40114920
   20   1   0       0.62083514
   20   2   1       1.34284530
   21   1   0       0.59511757
   21   2   1       1.38198570
   22   1   0       0.44452420
   23   1   0       0.62165117
   23   2   1       1.39710841
   24   1   0       0.44990449
   25   1   0       0.44386381
   26   1   0       0.44521604
   27   1   0       0.59362906
   27   2   1       1.38319176
   28   1   0       0.62017318
   28   2   1       1.39295955
   29   1   0       0.44912488
   30   1   0       0.61793375
   30   2   1       1.39651854
   31   1   0       0.61222334
   31   2   1       1.40076863
   32   1   0       0.44771099
   33   1   0       0.61461946
   33   2   1       1.39399404
   34   1   0       0.44489182
   35   1   0       0.44953015
   36   1   0       0.45162815
   37   1   0       0.58847643
   37   2   1       1.39314373
   38   1   0       0.61845992
   38   2   1       1.44074963
   39   1   0       0.58949577
   39   2   1       1.39034765
   40   1   0       0.62677100
   40   2   1       1.44454554
   41   1   0       0.59373857
   41   2   1       1.39283027
   42   1   0       0.44311966
   43   1   0       0.61635876
   43   2   1       1.46617247
   44   1   0       0.62736896
   44   2   1       1.45994408
   45   1   0       0.58868917
   45   2   1       1.39278723
   46   1   0       0.43986025
   47   1   0       0.61515408
   47   2   1       1.42491407
   48   1   0       0.59052088
   48   2   1       1.39268389
   49   1   0       0.44565908
   50   1   0       0.44249003
   51   1   0       0.58577215
   51   2   1       1.39147958
   52   1   0       0.62317678
   52   2   1       1.44731410
   53   1   0       0.60994972
   53   2   1       1.43641689
   54   1   0       0.44206944
   55   1   0       0.61058165
   55   2   1       1.44971505
   56   1   0       0.62018436
   56   2   1       1.45700952
   57   1   0       0.58842749
   57   2   1       1.39325308
   58   1   0       0.44474330
   59   1   0       0.61406242
   59   2   1       1.43302177
   60   1   0       0.45465162
   61   1   0       0.46285512
   62   1   0       0.44447034
   63   1   0       0.58537996
   63   2   1       1.39099699
   64   1   0       0.61397242
   64   2   1       1.44142811
   65   1   0       0.45898885
   66   1   0       0.63434114
   66   2   1       1.43164755
   67   1   0       0.60607954
   67   2   1       1.43598958
   68   1   0       0.45329204
   69   1   0       0.62069650
   69   2   1       1.43383751
   70   1   0       0.44316752
   71   1   0       0.45500650
   72   1   0       0.45933044

Orbital populations (down)
 Atom Sh.   l   m       Population  Label
    1   1   0   0       0.59273320  s
    1   2   1  -1       0.48531844  p_y
    1   2   1   0       0.46051257  p_z
    1   2   1   1       0.45975844  p_x
    2   1   0   0       0.62147696  s
    2   2   1  -1       0.42644794  p_y
    2   2   1   0       0.44852740  p_z
    2   2   1   1       0.46571931  p_x
    3   1   0   0       0.59514307  s
    3   2   1  -1       0.48422329  p_y
    3   2   1   0       0.45914901  p_z
    3   2   1   1       0.46033881  p_x
    4   1   0   0       0.61863809  s
    4   2   1  -1       0.41439006  p_y
    4   2   1   0       0.44807085  p_z
    4   2   1   1       0.46351584  p_x
    5   1   0   0       0.58976388  s
    5   2   1  -1       0.46707092  p_y
    5   2   1   0       0.45944988  p_z
    5   2   1   1       0.45723924  p_x
    6   1   0   0       0.44491808  s
    7   1   0   0       0.62425602  s
    7   2   1  -1       0.42682231  p_y
    7   2   1   0       0.44442632  p_z
    7   2   1   1       0.46782714  p_x
    8   1   0   0       0.62173146  s
    8   2   1  -1       0.40827362  p_y
    8   2   1   0       0.44492603  p_z
    8   2   1   1       0.46409203  p_x
    9   1   0   0       0.59413570  s
    9   2   1  -1       0.48658191  p_y
    9   2   1   0       0.46053902  p_z
    9   2   1   1       0.45822420  p_x
   10   1   0   0       0.44261214  s
   11   1   0   0       0.61108432  s
   11   2   1  -1       0.46256247  p_y
   11   2   1   0       0.45880080  p_z
   11   2   1   1       0.47278619  p_x
   12   1   0   0       0.60060676  s
   12   2   1  -1       0.46972251  p_y
   12   2   1   0       0.45149465  p_z
   12   2   1   1       0.45759768  p_x
   13   1   0   0       0.44473030  s
   14   1   0   0       0.44765118  s
   15   1   0   0       0.59646461  s
   15   2   1  -1       0.48647540  p_y
   15   2   1   0       0.46029393  p_z
   15   2   1   1       0.45959913  p_x
   16   1   0   0       0.62391810  s
   16   2   1  -1       0.42645594  p_y
   16   2   1   0       0.44608292  p_z
   16   2   1   1       0.46920043  p_x
   17   1   0   0       0.61405059  s
   17   2   1  -1       0.46464418  p_y
   17   2   1   0       0.47090841  p_z
   17   2   1   1       0.46607207  p_x
   18   1   0   0       0.44450054  s
   19   1   0   0       0.61675516  s
   19   2   1  -1       0.46841466  p_y
   19   2   1   0       0.45469804  p_z
   19   2   1   1       0.47803650  p_x
   20   1   0   0       0.62083514  s
   20   2   1  -1       0.42503380  p_y
   20   2   1   0       0.45013117  p_z
   20   2   1   1       0.46768033  p_x
   21   1   0   0       0.59511757  s
   21   2   1  -1       0.47125578  p_y
   21   2   1   0       0.45541410  p_z
   21   2   1   1       0.45531583  p_x
   22   1   0   0       0.44452420  s
   23   1   0   0       0.62165117  s
   23   2   1  -1       0.46472781  p_y
   23   2   1   0       0.47358484  p_z
   23   2   1   1       0.45879576  p_x
   24   1   0   0       0.44990449  s
   25   1   0   0       0.44386381  s
   26   1   0   0       0.44521604  s
   27   1   0   0       0.59362906  s
   27   2   1  -1       0.47020764  p_y
   27   2   1   0       0.45171896  p_z
   27   2   1   1       0.46126516  p_x
   28   1   0   0       0.62017318  s
   28   2   1  -1       0.46338835  p_y
   28   2   1   0       0.45404309  p_z
   28   2   1   1       0.47552810  p_x
   29   1   0   0       0.44912488  s
   30   1   0   0       0.61793375  s
   30   2   1  -1       0.46670168  p_y
   30   2   1   0       0.45621539  p_z
   30   2   1   1       0.47360147  p_x
   31   1   0   0       0.61222334  s
   31   2   1  -1       0.46725926  p_y
   31   2   1   0       0.47392532  p_z
   31   2   1   1       0.45958405  p_x
   32   1   0   0       0.44771099  s
   33   1   0   0       0.61461946  s
   33   2   1  -1       0.46105209  p_y
   33   2   1   0       0.46910312  p_z
   33   2   1   1       0.46383883  p_x
   34   1   0   0       0.44489182  s
   35   1   0   0       0.44953015  s
   36   1   0   0       0.45162815  s
   37   1   0   0       0.58847643  s
   37   2   1  -1       0.47998944  p_y
   37   2   1   0       0.45294042  p_z
   37   2   1   1       0.46021387  p_x
   38   1   0   0       0.61845992  s
   38   2   1  -1       0.49233446  p_y
   38   2   1   0       0.46767305  p_z
   38   2   1   1       0.48074213  p_x
   39   1   0   0       0.58949577  s
   39   2   1  -1       0.48001281  p_y
   39   2   1   0       0.45147605  p_z
   39   2   1   1       0.45885878  p_x
   40   1   0   0       0.62677100  s
   40   2   1  -1       0.49720407  p_y
   40   2   1   0       0.46438056  p_z
   40   2   1   1       0.48296091  p_x
   41   1   0   0       0.59373857  s
   41   2   1  -1       0.48059622  p_y
   41   2   1   0       0.45497765  p_z
   41   2   1   1       0.45725640  p_x
   42   1   0   0       0.44311966  s
   43   1   0   0       0.61635876  s
   43   2   1  -1       0.51162141  p_y
   43   2   1   0       0.46674643  p_z
   43   2   1   1       0.48780463  p_x
   44   1   0   0       0.62736896  s
   44   2   1  -1       0.51257945  p_y
   44   2   1   0       0.46367049  p_z
   44   2   1   1       0.48369414  p_x
   45   1   0   0       0.58868917  s
   45   2   1  -1       0.47862325  p_y
   45   2   1   0       0.45419562  p_z
   45   2   1   1       0.45996836  p_x
   46   1   0   0       0.43986025  s
   47   1   0   0       0.61515408  s
   47   2   1  -1       0.48213493  p_y
   47   2   1   0       0.46412863  p_z
   47   2   1   1       0.47865051  p_x
   48   1   0   0       0.59052088  s
   48   2   1  -1       0.47944297  p_y
   48   2   1   0       0.45119074  p_z
   48   2   1   1       0.46205018  p_x
   49   1   0   0       0.44565908  s
   50   1   0   0       0.44249003  s
   51   1   0   0       0.58577215  s
   51   2   1  -1       0.47969621  p_y
   51   2   1   0       0.45044417  p_z
   51   2   1   1       0.46133921  p_x
   52   1   0   0       0.62317678  s
   52   2   1  -1       0.50164642  p_y
   52   2   1   0       0.46405473  p_z
   52   2   1   1       0.48161295  p_x
   53   1   0   0       0.60994972  s
   53   2   1  -1       0.49701676  p_y
   53   2   1   0       0.47181351  p_z
   53   2   1   1       0.46758663  p_x
   54   1   0   0       0.44206944  s
   55   1   0   0       0.61058165  s
   55   2   1  -1       0.50170757  p_y
   55   2   1   0       0.46687681  p_z
   55   2   1   1       0.48113067  p_x
   56   1   0   0       0.62018436  s
   56   2   1  -1       0.50580873  p_y
   56   2   1   0       0.46722761  p_z
   56   2   1   1       0.48397318  p_x
   57   1   0   0       0.58842749  s
   57   2   1  -1       0.48223681  p_y
   57   2   1   0       0.44847469  p_z
   57   2   1   1       0.46254158  p_x
   58   1   0   0       0.44474330  s
   59   1   0   0       0.61406242  s
   59   2   1  -1       0.49157686  p_y
   59   2   1   0       0.47264817  p_z
   59   2   1   1       0.46879673  p_x
   60   1   0   0       0.45465162  s
   61   1   0   0       0.46285512  s
   62   1   0   0       0.44447034  s
   63   1   0   0       0.58537996  s
   63   2   1  -1       0.47817403  p_y
   63   2   1   0       0.45399189  p_z
   63   2   1   1       0.45883107  p_x
   64   1   0   0       0.61397242  s
   64   2   1  -1       0.50069807  p_y
   64   2   1   0       0.46223306  p_z
   64   2   1   1       0.47849697  p_x
   65   1   0   0       0.45898885  s
   66   1   0   0       0.63434114  s
   66   2   1  -1       0.49236180  p_y
   66   2   1   0       0.45919174  p_z
   66   2   1   1       0.48009401  p_x
   67   1   0   0       0.60607954  s
   67   2   1  -1       0.49297807  p_y
   67   2   1   0       0.47653618  p_z
   67   2   1   1       0.46647533  p_x
   68   1   0   0       0.45329204  s
   69   1   0   0       0.62069650  s
   69   2   1  -1       0.49967003  p_y
   69   2   1   0       0.46282194  p_z
   69   2   1   1       0.47134554  p_x
   70   1   0   0       0.44316752  s
   71   1   0   0       0.45500650  s
   72   1   0   0       0.45933044  s

Spin  up
Fermi level:                        -0.1966822006 H           -5.3520 eV
Band energy:                       -45.4439327859 H        -1236.5923 eV
TS:                                  0.0000000000 H            0.0000 eV
Band free energy (E-TS):           -45.4439327859 H        -1236.5923 eV
Extrapolated E(0K):                -45.4439327859 H        -1236.5923 eV
Input / Output electrons (up):    102.0000000005    102.0000000000

Spin  down
Fermi level:                        -0.2112287546 H           -5.7478 eV
Band energy:                       -45.1492144864 H        -1228.5726 eV
TS:                                  0.0000000000 H            0.0000 eV
Band free energy (E-TS):           -45.1492144864 H        -1228.5726 eV
Extrapolated E(0K):                -45.1492144864 H        -1228.5726 eV
Input / Output electrons (down):    100.9999999995    101.0000000000

Energy H0:                         -86.3519352387 H        -2349.7557 eV
Energy SCC:                          0.0318994484 H            0.8680 eV
Energy SPIN:                        -0.0015421894 H           -0.0420 eV
Energy 3rd:                          0.0000372302 H            0.0010 eV
Total Electronic energy:           -86.3215407494 H        -2348.9286 eV
Repulsive energy:                    0.8012162808 H           21.8022 eV
Total energy:                      -85.5203244686 H        -2327.1264 eV
Extrapolated to 0:                 -85.5203244686 H        -2327.1264 eV
Total Mermin free energy:          -85.5203244686 H        -2327.1264 eV
Force related energy:              -85.5203244686 H        -2327.1264 eV

Constraints converged

SCC converged

