 Fermi distribution function

Calculation with static geometry


********************************************************************************
 iSCC Total electronic   Diff electronic      SCC error    
   15   -0.86301319E+02    0.14472104E-06    0.49558554E-05
********************************************************************************

 Total charge:     1.00000000

 Atomic gross charges (e)
 Atom           Charge
    1       0.02224570
    2      -0.05308976
    3       0.00953714
    4      -0.03531903
    5       0.03901046
    6       0.12609975
    7      -0.06412101
    8      -0.05229501
    9       0.01946157
   10       0.13383179
   11      -0.06749942
   12       0.04862684
   13       0.10759640
   14       0.11540344
   15       0.02227698
   16      -0.04987337
   17      -0.05815610
   18       0.12910515
   19      -0.08068289
   20      -0.06390783
   21       0.04327489
   22       0.11077095
   23      -0.06079695
   24       0.09122348
   25       0.11592892
   26       0.11498807
   27       0.04601973
   28      -0.06370809
   29       0.10961582
   30      -0.07264893
   31      -0.06138444
   32       0.10430202
   33      -0.05437290
   34       0.11386338
   35       0.11106825
   36       0.10351457
   37       0.02624954
   38      -0.12761048
   39       0.03967049
   40      -0.11706584
   41       0.04993796
   42       0.11383362
   43      -0.17213981
   44      -0.15675349
   45       0.03062964
   46       0.10553235
   47      -0.08378860
   48       0.04014592
   49       0.10381515
   50       0.11135152
   51       0.03241094
   52      -0.12727568
   53      -0.09540195
   54       0.11765008
   55      -0.14508014
   56      -0.16368314
   57       0.03460267
   58       0.10733145
   59      -0.09248821
   60       0.09105766
   61       0.07848819
   62       0.11369749
   63       0.04125660
   64      -0.11317886
   65       0.08217610
   66      -0.09142908
   67      -0.11365606
   68       0.09457618
   69      -0.10178263
   70       0.10454865
   71       0.09798088
   72       0.08448134


 Atomic net (on-site) populations and hybridisation ratios
 Atom       Population         Hybrid.
    1       2.73178145      0.31705464
    2       2.80393965      0.29901509
    3       2.76096303      0.30975924
    4       2.81121803      0.29719549
    5       2.72208052      0.31947987
    6       0.53825365      0.46174635
    7       2.82872619      0.29281845
    8       2.82278731      0.29430317
    9       2.72825065      0.31793734
   10       0.52881023      0.47118977
   11       2.82327809      0.29418048
   12       2.70127740      0.32468065
   13       0.56365202      0.43634798
   14       0.55118971      0.44881029
   15       2.72631455      0.31842136
   16       2.80392272      0.29901932
   17       2.78661069      0.30334733
   18       0.53259550      0.46740450
   19       2.84049100      0.28987725
   20       2.83295759      0.29176060
   21       2.71257629      0.32185593
   22       0.55907485      0.44092515
   23       2.78043695      0.30489076
   24       0.58023232      0.41976768
   25       0.55018325      0.44981675
   26       0.55547699      0.44452301
   27       2.71085850      0.32228538
   28       2.81329890      0.29667528
   29       0.55942837      0.44057163
   30       2.81833420      0.29541645
   31       2.80226887      0.29943278
   32       0.56443606      0.43556394
   33       2.78852271      0.30286932
   34       0.55374943      0.44625057
   35       0.55322013      0.44677987
   36       0.56111056      0.43888944
   37       2.72319509      0.31920123
   38       2.88752282      0.27811930
   39       2.71490103      0.32127474
   40       2.85462479      0.28634380
   41       2.68705163      0.32823709
   42       0.55286084      0.44713916
   43       2.95176673      0.26205832
   44       2.89834412      0.27541397
   45       2.71727300      0.32068175
   46       0.56567218      0.43432782
   47       2.82662028      0.29334493
   48       2.71241595      0.32189601
   49       0.56599961      0.43400039
   50       0.55497764      0.44502236
   51       2.72163198      0.31959201
   52       2.87322427      0.28169393
   53       2.83062095      0.29234476
   54       0.54983204      0.45016796
   55       2.90642815      0.27339296
   56       2.91869260      0.27032685
   57       2.70308380      0.32422905
   58       0.55956961      0.44043039
   59       2.82428473      0.29392882
   60       0.57460416      0.42539584
   61       0.58966985      0.41033015
   62       0.55195599      0.44804401
   63       2.69938583      0.32515354
   64       2.85437730      0.28640568
   65       0.58423525      0.41576475
   66       2.77900649      0.30524838
   67       2.86199064      0.28450234
   68       0.57350001      0.42649999
   69       2.81695173      0.29576207
   70       0.56457972      0.43542028
   71       0.56839229      0.43160771
   72       0.58154829      0.41845171

Nr. of electrons (up):    102.00000000
Atom populations (up)
 Atom       Population
    1       1.97895851
    2       2.08571246
    3       1.98435237
    4       2.10235636
    5       1.98280587
    6       0.43376659
    7       2.09685847
    8       2.10722775
    9       1.98019804
   10       0.42852311
   11       2.05571858
   12       1.97373501
   13       0.44260345
   14       0.43787685
   15       1.97752831
   16       2.08442469
   17       2.04580810
   18       0.43425061
   19       2.06833524
   20       2.10316941
   21       1.97941557
   22       0.44136602
   23       2.03849319
   24       0.45346466
   25       0.44046834
   26       0.43850091
   27       1.97460294
   28       2.05597333
   29       0.44474626
   30       2.06237346
   31       2.04572799
   32       0.44652655
   33       2.03887849
   34       0.44163457
   35       0.44372962
   36       0.44761355
   37       1.98678095
   38       2.06435842
   39       1.98016846
   40       2.05909262
   41       1.97496258
   42       0.44305311
   43       2.08609471
   44       2.07841396
   45       1.98462298
   46       0.44720272
   47       2.04214827
   48       1.97999311
   49       0.44809101
   50       0.44432227
   51       1.98384683
   52       2.06407416
   53       2.04766118
   54       0.44116071
   55       2.07250881
   56       2.08184578
   57       1.98269877
   58       0.44631054
   59       2.04650225
   60       0.45447356
   61       0.46075785
   62       0.44315109
   63       1.97954585
   64       2.05669994
   65       0.45889762
   66       2.04569065
   67       2.05688713
   68       0.45270564
   69       2.05106829
   70       0.44772700
   71       0.45100626
   72       0.45774972

l-shell populations (up)
 Atom Sh.   l       Population
    1   1   0       0.59156343
    1   2   1       1.38739508
    2   1   0       0.62379365
    2   2   1       1.46191881
    3   1   0       0.59646731
    3   2   1       1.38788506
    4   1   0       0.63283281
    4   2   1       1.46952355
    5   1   0       0.59374980
    5   2   1       1.38905606
    6   1   0       0.43376659
    7   1   0       0.62700782
    7   2   1       1.46985065
    8   1   0       0.63050340
    8   2   1       1.47672436
    9   1   0       0.58859371
    9   2   1       1.39160433
   10   1   0       0.42852311
   11   1   0       0.62388654
   11   2   1       1.43183204
   12   1   0       0.59098265
   12   2   1       1.38275236
   13   1   0       0.44260345
   14   1   0       0.43787685
   15   1   0       0.58896787
   15   2   1       1.38856044
   16   1   0       0.62275087
   16   2   1       1.46167382
   17   1   0       0.61485269
   17   2   1       1.43095541
   18   1   0       0.43425061
   19   1   0       0.62509824
   19   2   1       1.44323701
   20   1   0       0.62871990
   20   2   1       1.47444951
   21   1   0       0.59217576
   21   2   1       1.38723981
   22   1   0       0.44136602
   23   1   0       0.61350591
   23   2   1       1.42498728
   24   1   0       0.45346466
   25   1   0       0.44046834
   26   1   0       0.43850091
   27   1   0       0.59224536
   27   2   1       1.38235758
   28   1   0       0.62013659
   28   2   1       1.43583674
   29   1   0       0.44474626
   30   1   0       0.62043413
   30   2   1       1.44193932
   31   1   0       0.62048850
   31   2   1       1.42523949
   32   1   0       0.44652655
   33   1   0       0.61754633
   33   2   1       1.42133216
   34   1   0       0.44163457
   35   1   0       0.44372962
   36   1   0       0.44761355
   37   1   0       0.59089718
   37   2   1       1.39588377
   38   1   0       0.62239303
   38   2   1       1.44196539
   39   1   0       0.59202277
   39   2   1       1.38814570
   40   1   0       0.61502151
   40   2   1       1.44407111
   41   1   0       0.58583540
   41   2   1       1.38912718
   42   1   0       0.44305311
   43   1   0       0.62815212
   43   2   1       1.45794259
   44   1   0       0.61727389
   44   2   1       1.46114006
   45   1   0       0.58924937
   45   2   1       1.39537361
   46   1   0       0.44720272
   47   1   0       0.61894637
   47   2   1       1.42320190
   48   1   0       0.59109648
   48   2   1       1.38889664
   49   1   0       0.44809101
   50   1   0       0.44432227
   51   1   0       0.59144098
   51   2   1       1.39240585
   52   1   0       0.61759877
   52   2   1       1.44647539
   53   1   0       0.61596000
   53   2   1       1.43170119
   54   1   0       0.44116071
   55   1   0       0.62373143
   55   2   1       1.44877738
   56   1   0       0.62169158
   56   2   1       1.46015420
   57   1   0       0.58522907
   57   2   1       1.39746971
   58   1   0       0.44631054
   59   1   0       0.61621242
   59   2   1       1.43028983
   60   1   0       0.45447356
   61   1   0       0.46075785
   62   1   0       0.44315109
   63   1   0       0.58436612
   63   2   1       1.39517973
   64   1   0       0.61887399
   64   2   1       1.43782595
   65   1   0       0.45889762
   66   1   0       0.60250737
   66   2   1       1.44318328
   67   1   0       0.62151203
   67   2   1       1.43537510
   68   1   0       0.45270564
   69   1   0       0.60916060
   69   2   1       1.44190770
   70   1   0       0.44772700
   71   1   0       0.45100626
   72   1   0       0.45774972

Orbital populations (up)
 Atom Sh.   l   m       Population  Label
    1   1   0   0       0.59156343  s
    1   2   1  -1       0.47290885  p_y
    1   2   1   0       0.45693691  p_z
    1   2   1   1       0.45754932  p_x
    2   1   0   0       0.62379365  s
    2   2   1  -1       0.50283508  p_y
    2   2   1   0       0.46939480  p_z
    2   2   1   1       0.48968893  p_x
    3   1   0   0       0.59646731  s
    3   2   1  -1       0.47811943  p_y
    3   2   1   0       0.45415356  p_z
    3   2   1   1       0.45561207  p_x
    4   1   0   0       0.63283281  s
    4   2   1  -1       0.51198857  p_y
    4   2   1   0       0.46979429  p_z
    4   2   1   1       0.48774069  p_x
    5   1   0   0       0.59374980  s
    5   2   1  -1       0.47280657  p_y
    5   2   1   0       0.45835097  p_z
    5   2   1   1       0.45789852  p_x
    6   1   0   0       0.43376659  s
    7   1   0   0       0.62700782  s
    7   2   1  -1       0.51309809  p_y
    7   2   1   0       0.46571861  p_z
    7   2   1   1       0.49103395  p_x
    8   1   0   0       0.63050340  s
    8   2   1  -1       0.51977020  p_y
    8   2   1   0       0.46850708  p_z
    8   2   1   1       0.48844707  p_x
    9   1   0   0       0.58859371  s
    9   2   1  -1       0.47671036  p_y
    9   2   1   0       0.45711849  p_z
    9   2   1   1       0.45777548  p_x
   10   1   0   0       0.42852311  s
   11   1   0   0       0.62388654  s
   11   2   1  -1       0.49384309  p_y
   11   2   1   0       0.46075710  p_z
   11   2   1   1       0.47723184  p_x
   12   1   0   0       0.59098265  s
   12   2   1  -1       0.47406760  p_y
   12   2   1   0       0.44902342  p_z
   12   2   1   1       0.45966134  p_x
   13   1   0   0       0.44260345  s
   14   1   0   0       0.43787685  s
   15   1   0   0       0.58896787  s
   15   2   1  -1       0.47818579  p_y
   15   2   1   0       0.45396827  p_z
   15   2   1   1       0.45640638  p_x
   16   1   0   0       0.62275087  s
   16   2   1  -1       0.50463136  p_y
   16   2   1   0       0.46772072  p_z
   16   2   1   1       0.48932174  p_x
   17   1   0   0       0.61485269  s
   17   2   1  -1       0.48226332  p_y
   17   2   1   0       0.47420902  p_z
   17   2   1   1       0.47448307  p_x
   18   1   0   0       0.43425061  s
   19   1   0   0       0.62509824  s
   19   2   1  -1       0.50151221  p_y
   19   2   1   0       0.45860682  p_z
   19   2   1   1       0.48311798  p_x
   20   1   0   0       0.62871990  s
   20   2   1  -1       0.51566351  p_y
   20   2   1   0       0.47280726  p_z
   20   2   1   1       0.48597874  p_x
   21   1   0   0       0.59217576  s
   21   2   1  -1       0.47412659  p_y
   21   2   1   0       0.45324564  p_z
   21   2   1   1       0.45986759  p_x
   22   1   0   0       0.44136602  s
   23   1   0   0       0.61350591  s
   23   2   1  -1       0.48376092  p_y
   23   2   1   0       0.47566616  p_z
   23   2   1   1       0.46556021  p_x
   24   1   0   0       0.45346466  s
   25   1   0   0       0.44046834  s
   26   1   0   0       0.43850091  s
   27   1   0   0       0.59224536  s
   27   2   1  -1       0.47141980  p_y
   27   2   1   0       0.44709740  p_z
   27   2   1   1       0.46384038  p_x
   28   1   0   0       0.62013659  s
   28   2   1  -1       0.49758444  p_y
   28   2   1   0       0.45759075  p_z
   28   2   1   1       0.48066154  p_x
   29   1   0   0       0.44474626  s
   30   1   0   0       0.62043413  s
   30   2   1  -1       0.50217330  p_y
   30   2   1   0       0.45599316  p_z
   30   2   1   1       0.48377286  p_x
   31   1   0   0       0.62048850  s
   31   2   1  -1       0.47832840  p_y
   31   2   1   0       0.47381217  p_z
   31   2   1   1       0.47309892  p_x
   32   1   0   0       0.44652655  s
   33   1   0   0       0.61754633  s
   33   2   1  -1       0.47362149  p_y
   33   2   1   0       0.47581355  p_z
   33   2   1   1       0.47189712  p_x
   34   1   0   0       0.44163457  s
   35   1   0   0       0.44372962  s
   36   1   0   0       0.44761355  s
   37   1   0   0       0.59089718  s
   37   2   1  -1       0.48378047  p_y
   37   2   1   0       0.45525903  p_z
   37   2   1   1       0.45684427  p_x
   38   1   0   0       0.62239303  s
   38   2   1  -1       0.49238566  p_y
   38   2   1   0       0.46534139  p_z
   38   2   1   1       0.48423834  p_x
   39   1   0   0       0.59202277  s
   39   2   1  -1       0.47786015  p_y
   39   2   1   0       0.45029268  p_z
   39   2   1   1       0.45999286  p_x
   40   1   0   0       0.61502151  s
   40   2   1  -1       0.49493025  p_y
   40   2   1   0       0.46638306  p_z
   40   2   1   1       0.48275781  p_x
   41   1   0   0       0.58583540  s
   41   2   1  -1       0.47922013  p_y
   41   2   1   0       0.45451660  p_z
   41   2   1   1       0.45539046  p_x
   42   1   0   0       0.44305311  s
   43   1   0   0       0.62815212  s
   43   2   1  -1       0.51307646  p_y
   43   2   1   0       0.46393777  p_z
   43   2   1   1       0.48092835  p_x
   44   1   0   0       0.61727389  s
   44   2   1  -1       0.51291804  p_y
   44   2   1   0       0.46311431  p_z
   44   2   1   1       0.48510771  p_x
   45   1   0   0       0.58924937  s
   45   2   1  -1       0.48099750  p_y
   45   2   1   0       0.45348591  p_z
   45   2   1   1       0.46089020  p_x
   46   1   0   0       0.44720272  s
   47   1   0   0       0.61894637  s
   47   2   1  -1       0.48290875  p_y
   47   2   1   0       0.46547397  p_z
   47   2   1   1       0.47481918  p_x
   48   1   0   0       0.59109648  s
   48   2   1  -1       0.47564231  p_y
   48   2   1   0       0.45275103  p_z
   48   2   1   1       0.46050330  p_x
   49   1   0   0       0.44809101  s
   50   1   0   0       0.44432227  s
   51   1   0   0       0.59144098  s
   51   2   1  -1       0.48008029  p_y
   51   2   1   0       0.45057775  p_z
   51   2   1   1       0.46174782  p_x
   52   1   0   0       0.61759877  s
   52   2   1  -1       0.50062833  p_y
   52   2   1   0       0.46362246  p_z
   52   2   1   1       0.48222460  p_x
   53   1   0   0       0.61596000  s
   53   2   1  -1       0.49627560  p_y
   53   2   1   0       0.46739976  p_z
   53   2   1   1       0.46802582  p_x
   54   1   0   0       0.44116071  s
   55   1   0   0       0.62373143  s
   55   2   1  -1       0.50344197  p_y
   55   2   1   0       0.46654647  p_z
   55   2   1   1       0.47878894  p_x
   56   1   0   0       0.62169158  s
   56   2   1  -1       0.50951869  p_y
   56   2   1   0       0.46159752  p_z
   56   2   1   1       0.48903799  p_x
   57   1   0   0       0.58522907  s
   57   2   1  -1       0.48293341  p_y
   57   2   1   0       0.45040021  p_z
   57   2   1   1       0.46413609  p_x
   58   1   0   0       0.44631054  s
   59   1   0   0       0.61621242  s
   59   2   1  -1       0.49280794  p_y
   59   2   1   0       0.47360285  p_z
   59   2   1   1       0.46387904  p_x
   60   1   0   0       0.45447356  s
   61   1   0   0       0.46075785  s
   62   1   0   0       0.44315109  s
   63   1   0   0       0.58436612  s
   63   2   1  -1       0.48015178  p_y
   63   2   1   0       0.45095400  p_z
   63   2   1   1       0.46407394  p_x
   64   1   0   0       0.61887399  s
   64   2   1  -1       0.49725576  p_y
   64   2   1   0       0.46454919  p_z
   64   2   1   1       0.47602100  p_x
   65   1   0   0       0.45889762  s
   66   1   0   0       0.60250737  s
   66   2   1  -1       0.49250088  p_y
   66   2   1   0       0.46756361  p_z
   66   2   1   1       0.48311879  p_x
   67   1   0   0       0.62151203  s
   67   2   1  -1       0.49284547  p_y
   67   2   1   0       0.47072708  p_z
   67   2   1   1       0.47180254  p_x
   68   1   0   0       0.45270564  s
   69   1   0   0       0.60916060  s
   69   2   1  -1       0.50054887  p_y
   69   2   1   0       0.46827059  p_z
   69   2   1   1       0.47308824  p_x
   70   1   0   0       0.44772700  s
   71   1   0   0       0.45100626  s
   72   1   0   0       0.45774972  s

Nr. of electrons (down):    101.00000000
Atom populations (down)
 Atom       Population
    1       1.99879579
    2       1.96737729
    3       2.00611049
    4       1.93296268
    5       1.97818367
    6       0.44013366
    7       1.96726253
    8       1.94506725
    9       2.00034039
   10       0.43764510
   11       2.01178084
   12       1.97763815
   13       0.44980015
   14       0.44671971
   15       2.00019471
   16       1.96544868
   17       2.01234800
   18       0.43664424
   19       2.01234765
   20       1.96073842
   21       1.97730954
   22       0.44786303
   23       2.02230376
   24       0.45531187
   25       0.44360275
   26       0.44651101
   27       1.97937733
   28       2.00773476
   29       0.44563792
   30       2.01027548
   31       2.01565646
   32       0.44917143
   33       2.01549442
   34       0.44450205
   35       0.44520212
   36       0.44887187
   37       1.98696951
   38       2.06325207
   39       1.98016105
   40       2.05797321
   41       1.97509946
   42       0.44311327
   43       2.08604511
   44       2.07833953
   45       1.98474738
   46       0.44726493
   47       2.04164033
   48       1.97986097
   49       0.44809385
   50       0.44432621
   51       1.98374223
   52       2.06320151
   53       2.04774077
   54       0.44118921
   55       2.07257133
   56       2.08183737
   57       1.98269856
   58       0.44635801
   59       2.04598596
   60       0.45446878
   61       0.46075396
   62       0.44315142
   63       1.97919756
   64       2.05647891
   65       0.45892628
   66       2.04573843
   67       2.05676894
   68       0.45271818
   69       2.05071434
   70       0.44772435
   71       0.45101286
   72       0.45776894

l-shell populations (down)
 Atom Sh.   l       Population
    1   1   0       0.59564365
    1   2   1       1.40315214
    2   1   0       0.61838810
    2   2   1       1.34898919
    3   1   0       0.60087397
    3   2   1       1.40523652
    4   1   0       0.62468497
    4   2   1       1.30827771
    5   1   0       0.59549902
    5   2   1       1.38268465
    6   1   0       0.44013366
    7   1   0       0.62089898
    7   2   1       1.34636355
    8   1   0       0.62271166
    8   2   1       1.32235559
    9   1   0       0.59276233
    9   2   1       1.40757806
   10   1   0       0.43764510
   11   1   0       0.62238601
   11   2   1       1.38939483
   12   1   0       0.59355255
   12   2   1       1.38408561
   13   1   0       0.44980015
   14   1   0       0.44671971
   15   1   0       0.59340752
   15   2   1       1.40678719
   16   1   0       0.61728026
   16   2   1       1.34816842
   17   1   0       0.61412487
   17   2   1       1.39822313
   18   1   0       0.43664424
   19   1   0       0.62273740
   19   2   1       1.38961025
   20   1   0       0.62203096
   20   2   1       1.33870746
   21   1   0       0.59413395
   21   2   1       1.38317560
   22   1   0       0.44786303
   23   1   0       0.61392086
   23   2   1       1.40838290
   24   1   0       0.45531187
   25   1   0       0.44360275
   26   1   0       0.44651101
   27   1   0       0.59491815
   27   2   1       1.38445917
   28   1   0       0.61836982
   28   2   1       1.38936494
   29   1   0       0.44563792
   30   1   0       0.61833972
   30   2   1       1.39193575
   31   1   0       0.62004181
   31   2   1       1.39561465
   32   1   0       0.44917143
   33   1   0       0.61747381
   33   2   1       1.39802060
   34   1   0       0.44450205
   35   1   0       0.44520212
   36   1   0       0.44887187
   37   1   0       0.59093311
   37   2   1       1.39603640
   38   1   0       0.62233930
   38   2   1       1.44091277
   39   1   0       0.59202172
   39   2   1       1.38813932
   40   1   0       0.61496852
   40   2   1       1.44300470
   41   1   0       0.58586206
   41   2   1       1.38923740
   42   1   0       0.44311327
   43   1   0       0.62815121
   43   2   1       1.45789390
   44   1   0       0.61727209
   44   2   1       1.46106744
   45   1   0       0.58928022
   45   2   1       1.39546716
   46   1   0       0.44726493
   47   1   0       0.61892090
   47   2   1       1.42271943
   48   1   0       0.59108931
   48   2   1       1.38877166
   49   1   0       0.44809385
   50   1   0       0.44432621
   51   1   0       0.59143618
   51   2   1       1.39230605
   52   1   0       0.61755820
   52   2   1       1.44564331
   53   1   0       0.61597647
   53   2   1       1.43176430
   54   1   0       0.44118921
   55   1   0       0.62374239
   55   2   1       1.44882895
   56   1   0       0.62169678
   56   2   1       1.46014059
   57   1   0       0.58524681
   57   2   1       1.39745175
   58   1   0       0.44635801
   59   1   0       0.61618748
   59   2   1       1.42979848
   60   1   0       0.45446878
   61   1   0       0.46075396
   62   1   0       0.44315142
   63   1   0       0.58435189
   63   2   1       1.39484566
   64   1   0       0.61886546
   64   2   1       1.43761345
   65   1   0       0.45892628
   66   1   0       0.60251822
   66   2   1       1.44322021
   67   1   0       0.62151387
   67   2   1       1.43525506
   68   1   0       0.45271818
   69   1   0       0.60914515
   69   2   1       1.44156919
   70   1   0       0.44772435
   71   1   0       0.45101286
   72   1   0       0.45776894

Orbital populations (down)
 Atom Sh.   l   m       Population  Label
    1   1   0   0       0.59564365  s
    1   2   1  -1       0.48033169  p_y
    1   2   1   0       0.46270182  p_z
    1   2   1   1       0.46011864  p_x
    2   1   0   0       0.61838810  s
    2   2   1  -1       0.43094880  p_y
    2   2   1   0       0.45036497  p_z
    2   2   1   1       0.46767542  p_x
    3   1   0   0       0.60087397  s
    3   2   1  -1       0.48599157  p_y
    3   2   1   0       0.46026634  p_z
    3   2   1   1       0.45897861  p_x
    4   1   0   0       0.62468497  s
    4   2   1  -1       0.40054912  p_y
    4   2   1   0       0.44654861  p_z
    4   2   1   1       0.46117997  p_x
    5   1   0   0       0.59549902  s
    5   2   1  -1       0.46574100  p_y
    5   2   1   0       0.45977981  p_z
    5   2   1   1       0.45716384  p_x
    6   1   0   0       0.44013366  s
    7   1   0   0       0.62089898  s
    7   2   1  -1       0.43389051  p_y
    7   2   1   0       0.44378321  p_z
    7   2   1   1       0.46868984  p_x
    8   1   0   0       0.62271166  s
    8   2   1  -1       0.41033076  p_y
    8   2   1   0       0.44459875  p_z
    8   2   1   1       0.46742608  p_x
    9   1   0   0       0.59276233  s
    9   2   1  -1       0.48341784  p_y
    9   2   1   0       0.46289838  p_z
    9   2   1   1       0.46126185  p_x
   10   1   0   0       0.43764510  s
   11   1   0   0       0.62238601  s
   11   2   1  -1       0.46129022  p_y
   11   2   1   0       0.45667568  p_z
   11   2   1   1       0.47142893  p_x
   12   1   0   0       0.59355255  s
   12   2   1  -1       0.47145634  p_y
   12   2   1   0       0.45163483  p_z
   12   2   1   1       0.46099444  p_x
   13   1   0   0       0.44980015  s
   14   1   0   0       0.44671971  s
   15   1   0   0       0.59340752  s
   15   2   1  -1       0.48669202  p_y
   15   2   1   0       0.46037722  p_z
   15   2   1   1       0.45971795  p_x
   16   1   0   0       0.61728026  s
   16   2   1  -1       0.42801664  p_y
   16   2   1   0       0.44618224  p_z
   16   2   1   1       0.47396954  p_x
   17   1   0   0       0.61412487  s
   17   2   1  -1       0.45985901  p_y
   17   2   1   0       0.46941815  p_z
   17   2   1   1       0.46894597  p_x
   18   1   0   0       0.43664424  s
   19   1   0   0       0.62273740  s
   19   2   1  -1       0.46453628  p_y
   19   2   1   0       0.45235937  p_z
   19   2   1   1       0.47271460  p_x
   20   1   0   0       0.62203096  s
   20   2   1  -1       0.42155490  p_y
   20   2   1   0       0.44918063  p_z
   20   2   1   1       0.46797193  p_x
   21   1   0   0       0.59413395  s
   21   2   1  -1       0.46903167  p_y
   21   2   1   0       0.45502095  p_z
   21   2   1   1       0.45912298  p_x
   22   1   0   0       0.44786303  s
   23   1   0   0       0.61392086  s
   23   2   1  -1       0.47180235  p_y
   23   2   1   0       0.47347636  p_z
   23   2   1   1       0.46310419  p_x
   24   1   0   0       0.45531187  s
   25   1   0   0       0.44360275  s
   26   1   0   0       0.44651101  s
   27   1   0   0       0.59491815  s
   27   2   1  -1       0.47015344  p_y
   27   2   1   0       0.45021708  p_z
   27   2   1   1       0.46408865  p_x
   28   1   0   0       0.61836982  s
   28   2   1  -1       0.46374225  p_y
   28   2   1   0       0.45064338  p_z
   28   2   1   1       0.47497931  p_x
   29   1   0   0       0.44563792  s
   30   1   0   0       0.61833972  s
   30   2   1  -1       0.46614138  p_y
   30   2   1   0       0.45236242  p_z
   30   2   1   1       0.47343196  p_x
   31   1   0   0       0.62004181  s
   31   2   1  -1       0.46223722  p_y
   31   2   1   0       0.46837152  p_z
   31   2   1   1       0.46500591  p_x
   32   1   0   0       0.44917143  s
   33   1   0   0       0.61747381  s
   33   2   1  -1       0.46145863  p_y
   33   2   1   0       0.47164873  p_z
   33   2   1   1       0.46491325  p_x
   34   1   0   0       0.44450205  s
   35   1   0   0       0.44520212  s
   36   1   0   0       0.44887187  s
   37   1   0   0       0.59093311  s
   37   2   1  -1       0.48385746  p_y
   37   2   1   0       0.45529720  p_z
   37   2   1   1       0.45688174  p_x
   38   1   0   0       0.62233930  s
   38   2   1  -1       0.49163164  p_y
   38   2   1   0       0.46529310  p_z
   38   2   1   1       0.48398803  p_x
   39   1   0   0       0.59202172  s
   39   2   1  -1       0.47785729  p_y
   39   2   1   0       0.45029287  p_z
   39   2   1   1       0.45998916  p_x
   40   1   0   0       0.61496852  s
   40   2   1  -1       0.49420140  p_y
   40   2   1   0       0.46632501  p_z
   40   2   1   1       0.48247828  p_x
   41   1   0   0       0.58586206  s
   41   2   1  -1       0.47927280  p_y
   41   2   1   0       0.45455095  p_z
   41   2   1   1       0.45541365  p_x
   42   1   0   0       0.44311327  s
   43   1   0   0       0.62815121  s
   43   2   1  -1       0.51303814  p_y
   43   2   1   0       0.46393752  p_z
   43   2   1   1       0.48091824  p_x
   44   1   0   0       0.61727209  s
   44   2   1  -1       0.51286174  p_y
   44   2   1   0       0.46311393  p_z
   44   2   1   1       0.48509177  p_x
   45   1   0   0       0.58928022  s
   45   2   1  -1       0.48103776  p_y
   45   2   1   0       0.45351722  p_z
   45   2   1   1       0.46091218  p_x
   46   1   0   0       0.44726493  s
   47   1   0   0       0.61892090  s
   47   2   1  -1       0.48255294  p_y
   47   2   1   0       0.46543145  p_z
   47   2   1   1       0.47473504  p_x
   48   1   0   0       0.59108931  s
   48   2   1  -1       0.47555298  p_y
   48   2   1   0       0.45273812  p_z
   48   2   1   1       0.46048056  p_x
   49   1   0   0       0.44809385  s
   50   1   0   0       0.44432621  s
   51   1   0   0       0.59143618  s
   51   2   1  -1       0.48000354  p_y
   51   2   1   0       0.45057413  p_z
   51   2   1   1       0.46172838  p_x
   52   1   0   0       0.61755820  s
   52   2   1  -1       0.49998728  p_y
   52   2   1   0       0.46358306  p_z
   52   2   1   1       0.48207298  p_x
   53   1   0   0       0.61597647  s
   53   2   1  -1       0.49630231  p_y
   53   2   1   0       0.46741794  p_z
   53   2   1   1       0.46804404  p_x
   54   1   0   0       0.44118921  s
   55   1   0   0       0.62374239  s
   55   2   1  -1       0.50346945  p_y
   55   2   1   0       0.46655706  p_z
   55   2   1   1       0.47880243  p_x
   56   1   0   0       0.62169678  s
   56   2   1  -1       0.50950529  p_y
   56   2   1   0       0.46160595  p_z
   56   2   1   1       0.48902935  p_x
   57   1   0   0       0.58524681  s
   57   2   1  -1       0.48289975  p_y
   57   2   1   0       0.45041290  p_z
   57   2   1   1       0.46413910  p_x
   58   1   0   0       0.44635801  s
   59   1   0   0       0.61618748  s
   59   2   1  -1       0.49248870  p_y
   59   2   1   0       0.47353591  p_z
   59   2   1   1       0.46377387  p_x
   60   1   0   0       0.45446878  s
   61   1   0   0       0.46075396  s
   62   1   0   0       0.44315142  s
   63   1   0   0       0.58435189  s
   63   2   1  -1       0.47991376  p_y
   63   2   1   0       0.45094199  p_z
   63   2   1   1       0.46398991  p_x
   64   1   0   0       0.61886546  s
   64   2   1  -1       0.49709244  p_y
   64   2   1   0       0.46453970  p_z
   64   2   1   1       0.47598130  p_x
   65   1   0   0       0.45892628  s
   66   1   0   0       0.60251822  s
   66   2   1  -1       0.49251626  p_y
   66   2   1   0       0.46757420  p_z
   66   2   1   1       0.48312976  p_x
   67   1   0   0       0.62151387  s
   67   2   1  -1       0.49274970  p_y
   67   2   1   0       0.47072424  p_z
   67   2   1   1       0.47178112  p_x
   68   1   0   0       0.45271818  s
   69   1   0   0       0.60914515  s
   69   2   1  -1       0.50029276  p_y
   69   2   1   0       0.46825764  p_z
   69   2   1   1       0.47301879  p_x
   70   1   0   0       0.44772435  s
   71   1   0   0       0.45101286  s
   72   1   0   0       0.45776894  s

Spin  up
Fermi level:                        -0.1966802098 H           -5.3519 eV
Band energy:                       -45.5542771472 H        -1239.5950 eV
TS:                                  0.0000000000 H            0.0000 eV
Band free energy (E-TS):           -45.5542771472 H        -1239.5950 eV
Extrapolated E(0K):                -45.5542771472 H        -1239.5950 eV
Input / Output electrons (up):    102.0000000004    102.0000000000

Spin  down
Fermi level:                        -0.2112296473 H           -5.7479 eV
Band energy:                       -45.2596160940 H        -1231.5768 eV
TS:                                  0.0000000000 H            0.0000 eV
Band free energy (E-TS):           -45.2596160940 H        -1231.5768 eV
Extrapolated E(0K):                -45.2596160940 H        -1231.5768 eV
Input / Output electrons (down):    100.9999999996    101.0000000000

Energy H0:                         -86.3331561342 H        -2349.2447 eV
Energy SCC:                          0.0333504637 H            0.9075 eV
Energy SPIN:                        -0.0015595955 H           -0.0424 eV
Energy 3rd:                          0.0000463359 H            0.0013 eV
Total Electronic energy:           -86.3013189300 H        -2348.3784 eV
Repulsive energy:                    0.7991749551 H           21.7467 eV
Total energy:                      -85.5021439749 H        -2326.6317 eV
Extrapolated to 0:                 -85.5021439749 H        -2326.6317 eV
Total Mermin free energy:          -85.5021439749 H        -2326.6317 eV
Force related energy:              -85.5021439749 H        -2326.6317 eV

Constraints converged

SCC converged

