 KPT            1  SPIN            1  KWEIGHT    1.0000000000000000     
     1    -21.2906  1.00000
     2    -20.9833  1.00000
     3    -20.4419  1.00000
     4    -20.0422  1.00000
     5    -19.7999  1.00000
     6    -19.6026  1.00000
     7    -19.3034  1.00000
     8    -19.1069  1.00000
     9    -19.0069  1.00000
    10    -18.9103  1.00000
    11    -18.4002  1.00000
    12    -18.3918  1.00000
    13    -18.1161  1.00000
    14    -18.0789  1.00000
    15    -17.7132  1.00000
    16    -17.6239  1.00000
    17    -17.5294  1.00000
    18    -17.1077  1.00000
    19    -16.8480  1.00000
    20    -16.7940  1.00000
    21    -16.3825  1.00000
    22    -16.2713  1.00000
    23    -15.6134  1.00000
    24    -15.3058  1.00000
    25    -15.2194  1.00000
    26    -15.0111  1.00000
    27    -14.6175  1.00000
    28    -14.5649  1.00000
    29    -14.4006  1.00000
    30    -14.2070  1.00000
    31    -13.9671  1.00000
    32    -13.9256  1.00000
    33    -13.3220  1.00000
    34    -13.1534  1.00000
    35    -13.0453  1.00000
    36    -12.9927  1.00000
    37    -12.8987  1.00000
    38    -12.5161  1.00000
    39    -12.4853  1.00000
    40    -11.9741  1.00000
    41    -11.8992  1.00000
    42    -11.8472  1.00000
    43    -11.7197  1.00000
    44    -11.3944  1.00000
    45    -11.3674  1.00000
    46    -11.2942  1.00000
    47    -11.2716  1.00000
    48    -11.1810  1.00000
    49    -11.1307  1.00000
    50    -11.0729  1.00000
    51    -10.9998  1.00000
    52    -10.6369  1.00000
    53    -10.5938  1.00000
    54    -10.5156  1.00000
    55    -10.4992  1.00000
    56    -10.4902  1.00000
    57    -10.4654  1.00000
    58    -10.4133  1.00000
    59    -10.3147  1.00000
    60    -10.2895  1.00000
    61    -10.1420  1.00000
    62    -10.1137  1.00000
    63     -9.9672  1.00000
    64     -9.9436  1.00000
    65     -9.8573  1.00000
    66     -9.8382  1.00000
    67     -9.7820  1.00000
    68     -9.6508  1.00000
    69     -9.6433  1.00000
    70     -9.4740  1.00000
    71     -9.3993  1.00000
    72     -9.3690  1.00000
    73     -9.2505  1.00000
    74     -9.1634  1.00000
    75     -9.1270  1.00000
    76     -9.0935  1.00000
    77     -9.0454  1.00000
    78     -9.0340  1.00000
    79     -9.0221  1.00000
    80     -8.9640  1.00000
    81     -8.8873  1.00000
    82     -8.8671  1.00000
    83     -8.7684  1.00000
    84     -8.6463  1.00000
    85     -8.3837  1.00000
    86     -8.3402  1.00000
    87     -8.3256  1.00000
    88     -8.2022  1.00000
    89     -8.1243  1.00000
    90     -8.0417  1.00000
    91     -7.8523  1.00000
    92     -7.7922  1.00000
    93     -7.6947  1.00000
    94     -7.5355  1.00000
    95     -7.4271  1.00000
    96     -7.3821  1.00000
    97     -7.2959  1.00000
    98     -7.0962  1.00000
    99     -6.7118  1.00000
   100     -6.5822  1.00000
   101     -6.2514  1.00000
   102     -5.4292  1.00000
   103     -5.2656  0.00000
   104     -4.1381  0.00000
   105     -4.0615  0.00000
   106     -3.1635  0.00000
   107     -3.0467  0.00000
   108     -2.8026  0.00000
   109     -2.2814  0.00000
   110     -2.0324  0.00000
   111     -1.8788  0.00000
   112     -1.5602  0.00000
   113     -1.3472  0.00000
   114     -1.0330  0.00000
   115     -0.7527  0.00000
   116     -0.6614  0.00000
   117     -0.1823  0.00000
   118      0.3515  0.00000
   119      0.5293  0.00000
   120      1.8612  0.00000
   121      1.8716  0.00000
   122      2.6430  0.00000
   123      2.9975  0.00000
   124      3.6572  0.00000
   125      6.4733  0.00000
   126      6.6750  0.00000
   127      7.1503  0.00000
   128      7.2945  0.00000
   129      7.5578  0.00000
   130      8.4605  0.00000
   131      8.5479  0.00000
   132      8.5620  0.00000
   133      8.7551  0.00000
   134      9.4097  0.00000
   135      9.5925  0.00000
   136      9.6512  0.00000
   137      9.7246  0.00000
   138      9.9698  0.00000
   139     10.2506  0.00000
   140     10.3214  0.00000
   141     10.5005  0.00000
   142     10.8668  0.00000
   143     10.9309  0.00000
   144     11.1081  0.00000
   145     11.7085  0.00000
   146     11.7580  0.00000
   147     12.0736  0.00000
   148     12.4751  0.00000
   149     12.5035  0.00000
   150     12.7774  0.00000
   151     13.0763  0.00000
   152     13.7854  0.00000
   153     13.9189  0.00000
   154     14.0980  0.00000
   155     14.3553  0.00000
   156     14.3922  0.00000
   157     14.9044  0.00000
   158     15.1370  0.00000
   159     15.8538  0.00000
   160     15.9410  0.00000
   161     16.1356  0.00000
   162     16.1688  0.00000
   163     16.4689  0.00000
   164     16.5467  0.00000
   165     16.9197  0.00000
   166     16.9609  0.00000
   167     17.2299  0.00000
   168     17.3447  0.00000
   169     17.6483  0.00000
   170     17.7519  0.00000
   171     18.0238  0.00000
   172     18.5757  0.00000
   173     18.6675  0.00000
   174     19.0639  0.00000
   175     19.7065  0.00000
   176     20.1023  0.00000
   177     20.4255  0.00000
   178     20.8336  0.00000
   179     21.0734  0.00000
   180     21.3538  0.00000
   181     21.5836  0.00000
   182     22.1319  0.00000
   183     22.2713  0.00000
   184     22.6069  0.00000
   185     22.6203  0.00000
   186     23.0779  0.00000
   187     23.6175  0.00000
   188     23.8237  0.00000
   189     23.9545  0.00000
   190     24.6815  0.00000
   191     25.1105  0.00000
   192     25.1808  0.00000
   193     25.5933  0.00000
   194     25.6008  0.00000
   195     26.3533  0.00000
   196     26.6150  0.00000
   197     26.8829  0.00000
   198     27.4600  0.00000
   199     28.5001  0.00000
   200     29.1005  0.00000
   201     29.6784  0.00000
   202     30.7057  0.00000
   203     31.8048  0.00000
   204     32.2363  0.00000

 KPT            1  SPIN            2  KWEIGHT    1.0000000000000000     
     1    -21.2903  1.00000
     2    -20.9831  1.00000
     3    -20.4417  1.00000
     4    -19.9838  1.00000
     5    -19.7997  1.00000
     6    -19.5535  1.00000
     7    -19.3030  1.00000
     8    -19.0637  1.00000
     9    -19.0065  1.00000
    10    -18.9099  1.00000
    11    -18.3993  1.00000
    12    -18.3483  1.00000
    13    -18.1159  1.00000
    14    -17.9841  1.00000
    15    -17.7129  1.00000
    16    -17.5531  1.00000
    17    -17.4701  1.00000
    18    -17.0449  1.00000
    19    -16.8476  1.00000
    20    -16.7700  1.00000
    21    -16.3169  1.00000
    22    -16.2708  1.00000
    23    -15.5194  1.00000
    24    -15.3055  1.00000
    25    -15.2192  1.00000
    26    -14.9416  1.00000
    27    -14.6173  1.00000
    28    -14.5647  1.00000
    29    -14.4004  1.00000
    30    -14.2068  1.00000
    31    -13.9162  1.00000
    32    -13.8754  1.00000
    33    -13.2663  1.00000
    34    -13.1161  1.00000
    35    -13.0031  1.00000
    36    -12.9921  1.00000
    37    -12.8442  1.00000
    38    -12.5158  1.00000
    39    -12.4851  1.00000
    40    -11.9738  1.00000
    41    -11.8989  1.00000
    42    -11.8469  1.00000
    43    -11.6658  1.00000
    44    -11.3935  1.00000
    45    -11.3670  1.00000
    46    -11.2940  1.00000
    47    -11.2713  1.00000
    48    -11.1270  1.00000
    49    -11.0889  1.00000
    50    -11.0646  1.00000
    51    -10.9994  1.00000
    52    -10.6364  1.00000
    53    -10.5633  1.00000
    54    -10.4977  1.00000
    55    -10.4918  1.00000
    56    -10.4676  1.00000
    57    -10.4265  1.00000
    58    -10.3872  1.00000
    59    -10.3143  1.00000
    60    -10.2892  1.00000
    61    -10.1417  1.00000
    62    -10.0599  1.00000
    63     -9.9193  1.00000
    64     -9.9018  1.00000
    65     -9.8533  1.00000
    66     -9.8060  1.00000
    67     -9.7615  1.00000
    68     -9.6078  1.00000
    69     -9.5998  1.00000
    70     -9.4737  1.00000
    71     -9.3983  1.00000
    72     -9.3688  1.00000
    73     -9.1924  1.00000
    74     -9.1126  1.00000
    75     -9.0948  1.00000
    76     -9.0799  1.00000
    77     -9.0317  1.00000
    78     -9.0016  1.00000
    79     -8.9784  1.00000
    80     -8.9142  1.00000
    81     -8.8668  1.00000
    82     -8.8457  1.00000
    83     -8.7568  1.00000
    84     -8.6461  1.00000
    85     -8.3476  1.00000
    86     -8.3267  1.00000
    87     -8.3002  1.00000
    88     -8.1054  1.00000
    89     -8.0864  1.00000
    90     -8.0407  1.00000
    91     -7.8241  1.00000
    92     -7.7373  1.00000
    93     -7.6228  1.00000
    94     -7.5340  1.00000
    95     -7.3827  1.00000
    96     -7.3524  1.00000
    97     -7.2738  1.00000
    98     -7.0303  1.00000
    99     -6.7098  1.00000
   100     -6.5816  1.00000
   101     -6.1747  1.00000
   102     -5.3023  0.00000
   103     -5.2625  0.00000
   104     -4.1378  0.00000
   105     -3.9359  0.00000
   106     -3.1634  0.00000
   107     -3.0463  0.00000
   108     -2.7194  0.00000
   109     -2.2812  0.00000
   110     -2.0335  0.00000
   111     -1.8785  0.00000
   112     -1.4917  0.00000
   113     -1.3468  0.00000
   114     -0.9904  0.00000
   115     -0.7525  0.00000
   116     -0.5970  0.00000
   117     -0.0988  0.00000
   118      0.3918  0.00000
   119      0.5295  0.00000
   120      1.8614  0.00000
   121      1.9103  0.00000
   122      2.6432  0.00000
   123      3.0379  0.00000
   124      3.7052  0.00000
   125      6.4734  0.00000
   126      6.6751  0.00000
   127      7.1504  0.00000
   128      7.2947  0.00000
   129      7.5916  0.00000
   130      8.4821  0.00000
   131      8.5488  0.00000
   132      8.5836  0.00000
   133      8.7707  0.00000
   134      9.4100  0.00000
   135      9.5928  0.00000
   136      9.6779  0.00000
   137      9.7248  0.00000
   138      9.9700  0.00000
   139     10.3177  0.00000
   140     10.3218  0.00000
   141     10.5008  0.00000
   142     10.9019  0.00000
   143     10.9826  0.00000
   144     11.1584  0.00000
   145     11.7545  0.00000
   146     11.7596  0.00000
   147     12.0738  0.00000
   148     12.5037  0.00000
   149     12.5183  0.00000
   150     12.8130  0.00000
   151     13.0765  0.00000
   152     13.8048  0.00000
   153     13.9373  0.00000
   154     14.0982  0.00000
   155     14.3559  0.00000
   156     14.4456  0.00000
   157     14.9047  0.00000
   158     15.1574  0.00000
   159     15.8541  0.00000
   160     15.9984  0.00000
   161     16.1575  0.00000
   162     16.1692  0.00000
   163     16.5133  0.00000
   164     16.5470  0.00000
   165     16.9611  0.00000
   166     16.9717  0.00000
   167     17.2749  0.00000
   168     17.3452  0.00000
   169     17.6486  0.00000
   170     17.7950  0.00000
   171     18.0576  0.00000
   172     18.6272  0.00000
   173     18.6705  0.00000
   174     19.1142  0.00000
   175     19.7069  0.00000
   176     20.1026  0.00000
   177     20.4907  0.00000
   178     20.8338  0.00000
   179     21.1300  0.00000
   180     21.4253  0.00000
   181     21.5838  0.00000
   182     22.1322  0.00000
   183     22.3263  0.00000
   184     22.6071  0.00000
   185     22.6706  0.00000
   186     23.1512  0.00000
   187     23.6178  0.00000
   188     23.8715  0.00000
   189     23.9548  0.00000
   190     24.7312  0.00000
   191     25.1107  0.00000
   192     25.2379  0.00000
   193     25.5935  0.00000
   194     25.6488  0.00000
   195     26.4045  0.00000
   196     26.6153  0.00000
   197     26.8832  0.00000
   198     27.5105  0.00000
   199     28.5003  0.00000
   200     29.1570  0.00000
   201     29.6786  0.00000
   202     30.7511  0.00000
   203     31.8504  0.00000
   204     32.2365  0.00000

