 KPT            1  SPIN            1  KWEIGHT    1.0000000000000000     
     1   -23.459  1.00000
     2   -22.992  1.00000
     3   -22.434  1.00000
     4   -21.734  1.00000
     5   -21.528  1.00000
     6   -21.032  1.00000
     7   -20.838  1.00000
     8   -20.449  1.00000
     9   -20.118  1.00000
    10   -19.730  1.00000
    11   -18.935  1.00000
    12   -18.406  1.00000
    13   -17.280  1.00000
    14   -17.275  1.00000
    15   -16.782  1.00000
    16   -16.530  1.00000
    17   -16.491  1.00000
    18   -16.232  1.00000
    19   -15.017  1.00000
    20   -14.572  1.00000
    21   -14.540  1.00000
    22   -13.904  1.00000
    23   -13.883  1.00000
    24   -13.803  1.00000
    25   -13.530  1.00000
    26   -13.519  1.00000
    27   -13.344  1.00000
    28   -13.257  1.00000
    29   -13.034  1.00000
    30   -12.914  1.00000
    31   -12.748  1.00000
    32   -12.548  1.00000
    33   -12.459  1.00000
    34   -12.436  1.00000
    35   -12.419  1.00000
    36   -12.412  1.00000
    37   -12.204  1.00000
    38   -11.830  1.00000
    39   -11.678  1.00000
    40   -11.641  1.00000
    41   -11.333  1.00000
    42   -11.316  1.00000
    43   -11.080  1.00000
    44   -11.043  1.00000
    45   -10.894  1.00000
    46   -10.826  1.00000
    47   -10.721  1.00000
    48   -10.408  1.00000
    49   -10.046  1.00000
    50    -9.576  1.00000
    51    -8.731  1.00000
    52    -7.509  0.00000
    53    -6.153  0.00000
    54    -5.247  0.00000
    55    -4.968  0.00000
    56    -4.284  0.00000
    57    -4.015  0.00000
    58    -3.526  0.00000
    59    -2.888  0.00000
    60    -1.449  0.00000
    61    -0.229  0.00000
    62     0.422  0.00000
    63     4.339  0.00000
    64     5.441  0.00000
    65     5.622  0.00000
    66     5.666  0.00000
    67     6.586  0.00000
    68     7.202  0.00000
    69     7.515  0.00000
    70     7.672  0.00000
    71     7.696  0.00000
    72     8.431  0.00000
    73     9.228  0.00000
    74     9.406  0.00000
    75    10.960  0.00000
    76    10.965  0.00000
    77    11.710  0.00000
    78    12.476  0.00000
    79    13.488  0.00000
    80    13.557  0.00000
    81    14.075  0.00000
    82    14.284  0.00000
    83    14.543  0.00000
    84    15.369  0.00000
    85    15.403  0.00000
    86    15.472  0.00000
    87    16.327  0.00000
    88    17.636  0.00000
    89    17.639  0.00000
    90    18.470  0.00000
    91    18.581  0.00000
    92    19.962  0.00000
    93    20.148  0.00000
    94    20.620  0.00000
    95    21.107  0.00000
    96    21.749  0.00000
    97    21.915  0.00000
    98    22.082  0.00000
    99    23.922  0.00000
   100    25.624  0.00000
   101    26.806  0.00000
   102    27.182  0.00000

 KPT            1  SPIN            2  KWEIGHT    1.0000000000000000     
     1   -23.400  1.00000
     2   -22.944  1.00000
     3   -22.390  1.00000
     4   -21.691  1.00000
     5   -21.431  1.00000
     6   -20.956  1.00000
     7   -20.782  1.00000
     8   -20.381  1.00000
     9   -20.095  1.00000
    10   -19.666  1.00000
    11   -18.840  1.00000
    12   -18.337  1.00000
    13   -17.228  1.00000
    14   -17.226  1.00000
    15   -16.727  1.00000
    16   -16.492  1.00000
    17   -16.450  1.00000
    18   -16.178  1.00000
    19   -14.961  1.00000
    20   -14.515  1.00000
    21   -14.491  1.00000
    22   -13.857  1.00000
    23   -13.827  1.00000
    24   -13.759  1.00000
    25   -13.475  1.00000
    26   -13.457  1.00000
    27   -13.293  1.00000
    28   -13.228  1.00000
    29   -12.990  1.00000
    30   -12.871  1.00000
    31   -12.675  1.00000
    32   -12.494  1.00000
    33   -12.419  1.00000
    34   -12.396  1.00000
    35   -12.374  1.00000
    36   -12.361  1.00000
    37   -12.151  1.00000
    38   -11.795  1.00000
    39   -11.641  1.00000
    40   -11.541  1.00000
    41   -11.305  1.00000
    42   -11.279  1.00000
    43   -11.001  1.00000
    44   -10.990  1.00000
    45   -10.874  1.00000
    46   -10.807  1.00000
    47   -10.671  1.00000
    48   -10.335  1.00000
    49   -10.046  1.00000
    50    -9.501  1.00000
    51    -8.598  0.00000
    52    -7.381  0.00000
    53    -6.070  0.00000
    54    -5.251  0.00000
    55    -4.896  0.00000
    56    -4.247  0.00000
    57    -3.949  0.00000
    58    -3.441  0.00000
    59    -2.849  0.00000
    60    -1.410  0.00000
    61    -0.190  0.00000
    62     0.469  0.00000
    63     4.374  0.00000
    64     5.470  0.00000
    65     5.640  0.00000
    66     5.682  0.00000
    67     6.615  0.00000
    68     7.276  0.00000
    69     7.570  0.00000
    70     7.704  0.00000
    71     7.748  0.00000
    72     8.481  0.00000
    73     9.272  0.00000
    74     9.446  0.00000
    75    10.976  0.00000
    76    10.981  0.00000
    77    11.773  0.00000
    78    12.483  0.00000
    79    13.553  0.00000
    80    13.578  0.00000
    81    14.132  0.00000
    82    14.337  0.00000
    83    14.570  0.00000
    84    15.426  0.00000
    85    15.435  0.00000
    86    15.501  0.00000
    87    16.380  0.00000
    88    17.707  0.00000
    89    17.712  0.00000
    90    18.533  0.00000
    91    18.633  0.00000
    92    20.023  0.00000
    93    20.193  0.00000
    94    20.666  0.00000
    95    21.171  0.00000
    96    21.826  0.00000
    97    21.954  0.00000
    98    22.141  0.00000
    99    23.966  0.00000
   100    25.672  0.00000
   101    26.852  0.00000
   102    27.234  0.00000

