   -0.0678172850   -0.0187895560    0.1473494124
   -0.1123531072   -0.1098981115    0.4229524698
    0.3453989542    0.3236317496   -1.0173036404
    0.2165837862    0.0116694401   -0.3181298675
   -0.0807499367    0.0326827866   -0.1109389211
   -0.1230094202   -0.2087775059    0.5120507183
   -0.2285468265   -0.1309456492    0.5550577881
   -0.0373826775   -0.0324875730    0.1796839265
    0.3566115038    0.2785346219   -0.9338553237
    0.2710859228    0.0346029146   -0.4079554101
    0.0345308327    0.1153034557   -0.3756683510
   -0.4077025236   -0.3754049897    1.1815907281
    0.1456512553    0.1274545836   -0.3664129610
   -0.0012764730   -0.0376440200    0.1968354898
   -0.0937456427    0.0600181000    0.0269837816
   -0.0155332376    0.0593306148   -0.0049255053
    0.0555594564    0.0495267833    0.0440426348
    0.0032662855    0.0400427502    0.0100003509
    0.1507756820   -0.0881791565   -0.0369449623
    0.0041758263    0.0643276110   -0.2679590761
   -0.2321779568   -0.1702601326    0.5462020161
    0.2710866287    0.0346032326   -0.4079558348
    0.0345317476    0.1153035590   -0.3756687385
   -0.4077024327   -0.3754058598    1.1815896434
   -0.2285464102   -0.1309458075    0.5550558514
   -0.0373816236   -0.0324872357    0.1796823070
    0.3566122758    0.2785353571   -0.9338562040
   -0.0203262898    0.0549861120    0.0089058587
    0.0550265875    0.0536215810    0.0355013609
    0.0089068021    0.0354838654    0.0134581688
    0.0858228597   -0.0624210214   -0.0318027057
   -0.2446003147   -0.0941569485    0.3129021263
    0.3541816999    0.1202346898   -0.6985224808
   -0.1585593190   -0.0361367060    0.3029710831
    0.0925535417    0.1090792831   -0.2133763387
    0.0302456339   -0.0765965713    0.1844075130
   -0.0298002859    0.0538254157    0.0216532030
    0.0576538065    0.0563988027    0.0273367221
    0.0135455736    0.0314271674    0.0173656723
   -0.0203268025    0.0549860438    0.0089057192
    0.0550264537    0.0536218489    0.0355011068
    0.0089067943    0.0354841358    0.0134581069
   -0.0678181871   -0.0187906328    0.1473518836
   -0.1123548244   -0.1098995314    0.4229568916
    0.3453982798    0.3236316138   -1.0173009316
    0.1507767264   -0.0881767571   -0.0369436222
    0.0041759287    0.0643264310   -0.2679601483
   -0.2321779395   -0.1702604851    0.5462021481
   -0.0312329518   -0.1705133784    0.3526888113
    0.1830220267    0.1281323918   -0.5463140910
   -0.3958586545   -0.1716973753    0.7453255288
   -0.0282841466    0.0589286893    0.0105968247
    0.0690670558    0.0462719753    0.0389199978
   -0.0105603381    0.0496753715    0.0051614876
   -0.0447440675   -0.2598038205    0.5236475137
   -0.0773528905   -0.0310963560    0.0025031934
    0.1385310534    0.1963939587   -0.6310917762
    0.2165851362    0.0116710210   -0.3181308050
   -0.0807491073    0.0326829434   -0.1109404168
   -0.1230093782   -0.2087784093    0.5120490420
   -0.1585592453   -0.0361375877    0.3029697333
    0.0925538925    0.1090803195   -0.2133769670
    0.0302459100   -0.0765966264    0.1844062934
   -0.0298011557    0.0538241580    0.0216536961
    0.0576533254    0.0563987647    0.0273388253
    0.0135452391    0.0314269198    0.0173665477
    0.2950399524    0.2207228654   -0.8205521456
   -0.1329809776   -0.0292248376    0.1215666950
   -0.0726449973   -0.2540044954    0.5764777199
   -0.0150448088    0.0395848279    0.0438547686
    0.0345267302    0.0708698088    0.0356513874
    0.0543534399    0.0302540122   -0.0170041474
   -0.0408121089    0.0676197501    0.0057424112
    0.0574890695    0.0522716698    0.0383334808
    0.0270171348    0.0277954014    0.0116842341
   -0.0155337941    0.0593301491   -0.0049257234
    0.0555597322    0.0495275596    0.0440415431
    0.0032663869    0.0400430529    0.0099998438
    0.1456512188    0.1274548348   -0.3664125192
   -0.0012765182   -0.0376446719    0.1968349732
   -0.0937453193    0.0600188187    0.0269852183
   -0.0447442062   -0.2598041394    0.5236473188
   -0.0773535048   -0.0310969934    0.0025060477
    0.1385303345    0.1963936246   -0.6310908871
    0.0157416084    0.0380634995    0.0142566546
    0.0430909643    0.0560230090    0.0580247628
    0.0036412738    0.0632489748   -0.0329286129
    0.0858231760   -0.0624209419   -0.0318022283
   -0.2446009380   -0.0941576282    0.3129035193
    0.3541813068    0.1202348940   -0.6985221548
    0.2950402526    0.2207241321   -0.8205538099
   -0.1329795699   -0.0292226068    0.1215617021
   -0.0726451500   -0.2540051473    0.5764752606
   -0.0408124251    0.0676194204    0.0057432352
    0.0574887322    0.0522712979    0.0383341047
    0.0270172599    0.0277956532    0.0116847747
   -0.0312330991   -0.1705138117    0.3526892467
    0.1830220337    0.1281326065   -0.5463139369
   -0.3958584655   -0.1716977310    0.7453254882
   -0.0282842018    0.0589285623    0.0105967184
    0.0690671271    0.0462720545    0.0389198140
   -0.0105601841    0.0496754943    0.0051615105
    0.0157420917    0.0380634606    0.0142560499
    0.0430909655    0.0560224864    0.0580250571
    0.0036416198    0.0632494889   -0.0329280649
   -0.0150452027    0.0395846732    0.0438554956
    0.0345264459    0.0708695911    0.0356519502
    0.0543533857    0.0302540789   -0.0170038508
