 Fermi distribution function

Calculation with static geometry


********************************************************************************
 iSCC Total electronic   Diff electronic      SCC error    
   17   -0.86269654E+02   -0.18264345E-07    0.83448005E-06
********************************************************************************

 Total charge:     1.00000000

 Atomic gross charges (e)
 Atom           Charge
    1       0.02640125
    2      -0.04466863
    3       0.02421711
    4      -0.02635659
    5       0.05082688
    6       0.11315765
    7      -0.07015660
    8      -0.04661552
    9       0.02348168
   10       0.11964805
   11      -0.04906286
   12       0.04301009
   13       0.12230250
   14       0.11520758
   15       0.01875119
   16      -0.04877783
   17      -0.06611261
   18       0.10959314
   19      -0.07803604
   20      -0.07244642
   21       0.04669934
   22       0.11202365
   23      -0.06474605
   24       0.09902550
   25       0.11539618
   26       0.12258808
   27       0.04738406
   28      -0.06720664
   29       0.09790327
   30      -0.08104780
   31      -0.05277738
   32       0.10253062
   33      -0.04668449
   34       0.11425742
   35       0.10111941
   36       0.08921967
   37       0.03680428
   38      -0.11159462
   39       0.05069108
   40      -0.10537043
   41       0.05348927
   42       0.09632512
   43      -0.16774578
   44      -0.15582073
   45       0.03851162
   46       0.10031458
   47      -0.08889836
   48       0.06927500
   49       0.06969784
   50       0.06922241
   51       0.04748705
   52      -0.11021201
   53      -0.08430083
   54       0.10287713
   55      -0.12669931
   56      -0.17211035
   57       0.04604017
   58       0.09681743
   59      -0.07349564
   60       0.09898159
   61       0.06812234
   62       0.06828409
   63       0.05135321
   64      -0.08656816
   65       0.09929868
   66      -0.13465468
   67      -0.10211139
   68       0.08882373
   69      -0.09205222
   70       0.08620924
   71       0.09637640
   72       0.07658340


 Atomic net (on-site) populations and hybridisation ratios
 Atom       Population         Hybrid.
    1       2.72102501      0.31974375
    2       2.81104986      0.29723753
    3       2.73041226      0.31739694
    4       2.78603502      0.30349124
    5       2.69137679      0.32715580
    6       0.56168679      0.43831321
    7       2.83964807      0.29008798
    8       2.81699078      0.29575230
    9       2.72648540      0.31837865
   10       0.55322374      0.44677626
   11       2.77869255      0.30532686
   12       2.72951030      0.31762243
   13       0.54023732      0.45976268
   14       0.55517372      0.44482628
   15       2.73623581      0.31594105
   16       2.81816992      0.29545752
   17       2.78817078      0.30295731
   18       0.56739879      0.43260121
   19       2.81098679      0.29725330
   20       2.83218164      0.29195459
   21       2.70943201      0.32264200
   22       0.56050604      0.43949396
   23       2.81041932      0.29739517
   24       0.56512875      0.43487125
   25       0.54874350      0.45125650
   26       0.53878265      0.46121735
   27       2.70549440      0.32362640
   28       2.81846133      0.29538467
   29       0.57336089      0.42663911
   30       2.82462326      0.29384418
   31       2.77152753      0.30711812
   32       0.56844169      0.43155831
   33       2.77848038      0.30537990
   34       0.55676419      0.44323581
   35       0.56561505      0.43438495
   36       0.58463913      0.41536087
   37       2.70350103      0.32412474
   38       2.86795763      0.28301059
   39       2.68689519      0.32827620
   40       2.85979082      0.28505229
   41       2.68185619      0.32953595
   42       0.57449453      0.42550547
   43       2.94866270      0.26283432
   44       2.91480822      0.27129795
   45       2.69651747      0.32587063
   46       0.56744299      0.43255701
   47       2.84076370      0.28980908
   48       2.65746829      0.33563293
   49       0.60718109      0.39281891
   50       0.60635261      0.39364739
   51       2.69337092      0.32665727
   52       2.88065626      0.27983593
   53       2.80930674      0.29767332
   54       0.56205772      0.43794228
   55       2.87598740      0.28100315
   56       2.95603024      0.26099244
   57       2.68341128      0.32914718
   58       0.57483110      0.42516890
   59       2.80273569      0.29931608
   60       0.56337082      0.43662918
   61       0.60436168      0.39563832
   62       0.60729192      0.39270808
   63       2.69125142      0.32718714
   64       2.82952299      0.29261925
   65       0.56933064      0.43066936
   66       2.87703036      0.28074241
   67       2.83424418      0.29143896
   68       0.57942585      0.42057415
   69       2.82702402      0.29324400
   70       0.57406017      0.42593983
   71       0.56985365      0.43014635
   72       0.58902895      0.41097105

Nr. of electrons (up):    102.00000000
Atom populations (up)
 Atom       Population
    1       1.97783356
    2       2.08394600
    3       1.97647862
    4       2.08703495
    5       1.97702532
    6       0.43987685
    7       2.10752788
    8       2.10988595
    9       1.97941463
   10       0.43594867
   11       2.04296253
   12       1.97938309
   13       0.43498621
   14       0.43752699
   15       1.97921210
   16       2.08479676
   17       2.04859490
   18       0.44411560
   19       2.06097544
   20       2.10711022
   21       1.97897385
   22       0.44056951
   23       2.04482855
   24       0.44965005
   25       0.44109785
   26       0.43496971
   27       1.97582244
   28       2.05538022
   29       0.45032624
   30       2.06374984
   31       2.03994767
   32       0.44751499
   33       2.03550619
   34       0.44156367
   35       0.44870142
   36       0.45467787
   37       1.98152719
   38       2.05609167
   39       1.97466794
   40       2.05319754
   41       1.97322172
   42       0.45182105
   43       2.08398382
   44       2.07804200
   45       1.98066996
   46       0.44981502
   47       2.04453538
   48       1.96540737
   49       0.46514439
   50       0.46538144
   51       1.97624930
   52       2.05565835
   53       2.04215431
   54       0.44855670
   55       2.06337875
   56       2.08611750
   57       1.97693269
   58       0.45156071
   59       2.03680178
   60       0.45050903
   61       0.46593702
   62       0.46585670
   63       1.97440074
   64       2.04352273
   65       0.45034761
   66       2.06728873
   67       2.05103056
   68       0.45557485
   69       2.04629180
   70       0.45690079
   71       0.45181319
   72       0.46169335

l-shell populations (up)
 Atom Sh.   l       Population
    1   1   0       0.58884179
    1   2   1       1.38899177
    2   1   0       0.62708315
    2   2   1       1.45686285
    3   1   0       0.59150789
    3   2   1       1.38497072
    4   1   0       0.62682714
    4   2   1       1.46020781
    5   1   0       0.58807081
    5   2   1       1.38895451
    6   1   0       0.43987685
    7   1   0       0.63003052
    7   2   1       1.47749735
    8   1   0       0.63062695
    8   2   1       1.47925900
    9   1   0       0.58952515
    9   2   1       1.38988948
   10   1   0       0.43594867
   11   1   0       0.61445497
   11   2   1       1.42850756
   12   1   0       0.59753288
   12   2   1       1.38185021
   13   1   0       0.43498621
   14   1   0       0.43752699
   15   1   0       0.59136830
   15   2   1       1.38784380
   16   1   0       0.62847024
   16   2   1       1.45632652
   17   1   0       0.61360300
   17   2   1       1.43499190
   18   1   0       0.44411560
   19   1   0       0.61839452
   19   2   1       1.44258092
   20   1   0       0.62712278
   20   2   1       1.47998744
   21   1   0       0.59245994
   21   2   1       1.38651391
   22   1   0       0.44056951
   23   1   0       0.62103923
   23   2   1       1.42378932
   24   1   0       0.44965005
   25   1   0       0.44109785
   26   1   0       0.43496971
   27   1   0       0.59144378
   27   2   1       1.38437867
   28   1   0       0.62141486
   28   2   1       1.43396536
   29   1   0       0.45032624
   30   1   0       0.62019246
   30   2   1       1.44355738
   31   1   0       0.61297987
   31   2   1       1.42696780
   32   1   0       0.44751499
   33   1   0       0.61550982
   33   2   1       1.41999637
   34   1   0       0.44156367
   35   1   0       0.44870142
   36   1   0       0.45467787
   37   1   0       0.58631161
   37   2   1       1.39521558
   38   1   0       0.61800557
   38   2   1       1.43808610
   39   1   0       0.58491737
   39   2   1       1.38975057
   40   1   0       0.61690189
   40   2   1       1.43629565
   41   1   0       0.58498968
   41   2   1       1.38823204
   42   1   0       0.45182105
   43   1   0       0.62336199
   43   2   1       1.46062183
   44   1   0       0.61695347
   44   2   1       1.46108854
   45   1   0       0.58479051
   45   2   1       1.39587945
   46   1   0       0.44981502
   47   1   0       0.61979337
   47   2   1       1.42474201
   48   1   0       0.58191612
   48   2   1       1.38349125
   49   1   0       0.46514439
   50   1   0       0.46538144
   51   1   0       0.58570932
   51   2   1       1.39053998
   52   1   0       0.62111753
   52   2   1       1.43454082
   53   1   0       0.61409985
   53   2   1       1.42805446
   54   1   0       0.44855670
   55   1   0       0.61760616
   55   2   1       1.44577258
   56   1   0       0.62483944
   56   2   1       1.46127806
   57   1   0       0.58261425
   57   2   1       1.39431844
   58   1   0       0.45156071
   59   1   0       0.61618799
   59   2   1       1.42061379
   60   1   0       0.45050903
   61   1   0       0.46593702
   62   1   0       0.46585670
   63   1   0       0.58591824
   63   2   1       1.38848250
   64   1   0       0.61621870
   64   2   1       1.42730403
   65   1   0       0.45034761
   66   1   0       0.61650796
   66   2   1       1.45078078
   67   1   0       0.61607925
   67   2   1       1.43495131
   68   1   0       0.45557485
   69   1   0       0.61586148
   69   2   1       1.43043032
   70   1   0       0.45690079
   71   1   0       0.45181319
   72   1   0       0.46169335

Orbital populations (up)
 Atom Sh.   l   m       Population  Label
    1   1   0   0       0.58884179  s
    1   2   1  -1       0.47717698  p_y
    1   2   1   0       0.45500862  p_z
    1   2   1   1       0.45680617  p_x
    2   1   0   0       0.62708315  s
    2   2   1  -1       0.50309336  p_y
    2   2   1   0       0.46750663  p_z
    2   2   1   1       0.48626286  p_x
    3   1   0   0       0.59150789  s
    3   2   1  -1       0.47591268  p_y
    3   2   1   0       0.45276578  p_z
    3   2   1   1       0.45629226  p_x
    4   1   0   0       0.62682714  s
    4   2   1  -1       0.50428917  p_y
    4   2   1   0       0.46932543  p_z
    4   2   1   1       0.48659321  p_x
    5   1   0   0       0.58807081  s
    5   2   1  -1       0.47316067  p_y
    5   2   1   0       0.45786694  p_z
    5   2   1   1       0.45792690  p_x
    6   1   0   0       0.43987685  s
    7   1   0   0       0.63003052  s
    7   2   1  -1       0.51615372  p_y
    7   2   1   0       0.46750234  p_z
    7   2   1   1       0.49384129  p_x
    8   1   0   0       0.63062695  s
    8   2   1  -1       0.51965889  p_y
    8   2   1   0       0.47146278  p_z
    8   2   1   1       0.48813734  p_x
    9   1   0   0       0.58952515  s
    9   2   1  -1       0.47907184  p_y
    9   2   1   0       0.45513523  p_z
    9   2   1   1       0.45568242  p_x
   10   1   0   0       0.43594867  s
   11   1   0   0       0.61445497  s
   11   2   1  -1       0.48875125  p_y
   11   2   1   0       0.46256007  p_z
   11   2   1   1       0.47719624  p_x
   12   1   0   0       0.59753288  s
   12   2   1  -1       0.47476351  p_y
   12   2   1   0       0.44949496  p_z
   12   2   1   1       0.45759174  p_x
   13   1   0   0       0.43498621  s
   14   1   0   0       0.43752699  s
   15   1   0   0       0.59136830  s
   15   2   1  -1       0.47786495  p_y
   15   2   1   0       0.45382594  p_z
   15   2   1   1       0.45615291  p_x
   16   1   0   0       0.62847024  s
   16   2   1  -1       0.50136414  p_y
   16   2   1   0       0.46772656  p_z
   16   2   1   1       0.48723582  p_x
   17   1   0   0       0.61360300  s
   17   2   1  -1       0.48805879  p_y
   17   2   1   0       0.47470299  p_z
   17   2   1   1       0.47223012  p_x
   18   1   0   0       0.44411560  s
   19   1   0   0       0.61839452  s
   19   2   1  -1       0.49756814  p_y
   19   2   1   0       0.45967107  p_z
   19   2   1   1       0.48534170  p_x
   20   1   0   0       0.62712278  s
   20   2   1  -1       0.51802524  p_y
   20   2   1   0       0.47179846  p_z
   20   2   1   1       0.49016374  p_x
   21   1   0   0       0.59245994  s
   21   2   1  -1       0.47616348  p_y
   21   2   1   0       0.45380205  p_z
   21   2   1   1       0.45654838  p_x
   22   1   0   0       0.44056951  s
   23   1   0   0       0.62103923  s
   23   2   1  -1       0.48492837  p_y
   23   2   1   0       0.47506797  p_z
   23   2   1   1       0.46379298  p_x
   24   1   0   0       0.44965005  s
   25   1   0   0       0.44109785  s
   26   1   0   0       0.43496971  s
   27   1   0   0       0.59144378  s
   27   2   1  -1       0.47346008  p_y
   27   2   1   0       0.44868531  p_z
   27   2   1   1       0.46223328  p_x
   28   1   0   0       0.62141486  s
   28   2   1  -1       0.49209041  p_y
   28   2   1   0       0.46023774  p_z
   28   2   1   1       0.48163721  p_x
   29   1   0   0       0.45032624  s
   30   1   0   0       0.62019246  s
   30   2   1  -1       0.49907946  p_y
   30   2   1   0       0.46008826  p_z
   30   2   1   1       0.48438966  p_x
   31   1   0   0       0.61297987  s
   31   2   1  -1       0.48306946  p_y
   31   2   1   0       0.47731877  p_z
   31   2   1   1       0.46657957  p_x
   32   1   0   0       0.44751499  s
   33   1   0   0       0.61550982  s
   33   2   1  -1       0.47819499  p_y
   33   2   1   0       0.47163116  p_z
   33   2   1   1       0.47017021  p_x
   34   1   0   0       0.44156367  s
   35   1   0   0       0.44870142  s
   36   1   0   0       0.45467787  s
   37   1   0   0       0.58631161  s
   37   2   1  -1       0.48167251  p_y
   37   2   1   0       0.44918314  p_z
   37   2   1   1       0.46435993  p_x
   38   1   0   0       0.61800557  s
   38   2   1  -1       0.49633810  p_y
   38   2   1   0       0.45846552  p_z
   38   2   1   1       0.48328248  p_x
   39   1   0   0       0.58491737  s
   39   2   1  -1       0.47837440  p_y
   39   2   1   0       0.44645196  p_z
   39   2   1   1       0.46492420  p_x
   40   1   0   0       0.61690189  s
   40   2   1  -1       0.49438959  p_y
   40   2   1   0       0.45962247  p_z
   40   2   1   1       0.48228359  p_x
   41   1   0   0       0.58498968  s
   41   2   1  -1       0.47757518  p_y
   41   2   1   0       0.44874557  p_z
   41   2   1   1       0.46191129  p_x
   42   1   0   0       0.45182105  s
   43   1   0   0       0.62336199  s
   43   2   1  -1       0.52364181  p_y
   43   2   1   0       0.45768070  p_z
   43   2   1   1       0.47929931  p_x
   44   1   0   0       0.61695347  s
   44   2   1  -1       0.52340767  p_y
   44   2   1   0       0.45774336  p_z
   44   2   1   1       0.47993750  p_x
   45   1   0   0       0.58479051  s
   45   2   1  -1       0.48428379  p_y
   45   2   1   0       0.44606057  p_z
   45   2   1   1       0.46553509  p_x
   46   1   0   0       0.44981502  s
   47   1   0   0       0.61979337  s
   47   2   1  -1       0.48799378  p_y
   47   2   1   0       0.45986520  p_z
   47   2   1   1       0.47688303  p_x
   48   1   0   0       0.58191612  s
   48   2   1  -1       0.47568299  p_y
   48   2   1   0       0.44579541  p_z
   48   2   1   1       0.46201285  p_x
   49   1   0   0       0.46514439  s
   50   1   0   0       0.46538144  s
   51   1   0   0       0.58570932  s
   51   2   1  -1       0.47806780  p_y
   51   2   1   0       0.44732071  p_z
   51   2   1   1       0.46515148  p_x
   52   1   0   0       0.62111753  s
   52   2   1  -1       0.49403635  p_y
   52   2   1   0       0.45688252  p_z
   52   2   1   1       0.48362194  p_x
   53   1   0   0       0.61409985  s
   53   2   1  -1       0.49250165  p_y
   53   2   1   0       0.46380540  p_z
   53   2   1   1       0.47174741  p_x
   54   1   0   0       0.44855670  s
   55   1   0   0       0.61760616  s
   55   2   1  -1       0.51139984  p_y
   55   2   1   0       0.45864131  p_z
   55   2   1   1       0.47573144  p_x
   56   1   0   0       0.62483944  s
   56   2   1  -1       0.51557623  p_y
   56   2   1   0       0.45645021  p_z
   56   2   1   1       0.48925162  p_x
   57   1   0   0       0.58261425  s
   57   2   1  -1       0.48294066  p_y
   57   2   1   0       0.44445451  p_z
   57   2   1   1       0.46692327  p_x
   58   1   0   0       0.45156071  s
   59   1   0   0       0.61618799  s
   59   2   1  -1       0.48178060  p_y
   59   2   1   0       0.47258879  p_z
   59   2   1   1       0.46624440  p_x
   60   1   0   0       0.45050903  s
   61   1   0   0       0.46593702  s
   62   1   0   0       0.46585670  s
   63   1   0   0       0.58591824  s
   63   2   1  -1       0.47785605  p_y
   63   2   1   0       0.44534552  p_z
   63   2   1   1       0.46528093  p_x
   64   1   0   0       0.61621870  s
   64   2   1  -1       0.49357153  p_y
   64   2   1   0       0.45625479  p_z
   64   2   1   1       0.47747772  p_x
   65   1   0   0       0.45034761  s
   66   1   0   0       0.61650796  s
   66   2   1  -1       0.50108943  p_y
   66   2   1   0       0.45922068  p_z
   66   2   1   1       0.49047067  p_x
   67   1   0   0       0.61607925  s
   67   2   1  -1       0.49294830  p_y
   67   2   1   0       0.47087405  p_z
   67   2   1   1       0.47112897  p_x
   68   1   0   0       0.45557485  s
   69   1   0   0       0.61586148  s
   69   2   1  -1       0.49064310  p_y
   69   2   1   0       0.46289762  p_z
   69   2   1   1       0.47688960  p_x
   70   1   0   0       0.45690079  s
   71   1   0   0       0.45181319  s
   72   1   0   0       0.46169335  s

Nr. of electrons (down):    101.00000000
Atom populations (down)
 Atom       Population
    1       1.99576520
    2       1.96072263
    3       1.99930427
    4       1.93932163
    5       1.97214780
    6       0.44696550
    7       1.96262872
    8       1.93672957
    9       1.99710369
   10       0.44440329
   11       2.00610033
   12       1.97760682
   13       0.44271129
   14       0.44726542
   15       2.00203671
   16       1.96398106
   17       2.01751771
   18       0.44629126
   19       2.01706060
   20       1.96533620
   21       1.97432681
   22       0.44740684
   23       2.01991750
   24       0.45132445
   25       0.44350597
   26       0.44244222
   27       1.97679350
   28       2.01182642
   29       0.45177049
   30       2.01729796
   31       2.01282972
   32       0.44995438
   33       2.01117830
   34       0.44417892
   35       0.45017916
   36       0.45610246
   37       1.98166853
   38       2.05550296
   39       1.97464098
   40       2.05217289
   41       1.97328901
   42       0.45185383
   43       2.08376196
   44       2.07777873
   45       1.98081842
   46       0.44987040
   47       2.04436298
   48       1.96531763
   49       0.46515777
   50       0.46539615
   51       1.97626365
   52       2.05455366
   53       2.04214652
   54       0.44856617
   55       2.06332057
   56       2.08599286
   57       1.97702714
   58       0.45162186
   59       2.03669387
   60       0.45050937
   61       0.46594064
   62       0.46585921
   63       1.97424605
   64       2.04304543
   65       0.45035371
   66       2.06736595
   67       2.05108083
   68       0.45560143
   69       2.04576042
   70       0.45688998
   71       0.45181041
   72       0.46172325

l-shell populations (down)
 Atom Sh.   l       Population
    1   1   0       0.59265698
    1   2   1       1.40310821
    2   1   0       0.62146978
    2   2   1       1.33925286
    3   1   0       0.59621317
    3   2   1       1.40309110
    4   1   0       0.61982135
    4   2   1       1.31950028
    5   1   0       0.58988864
    5   2   1       1.38225916
    6   1   0       0.44696550
    7   1   0       0.62331717
    7   2   1       1.33931155
    8   1   0       0.62235967
    8   2   1       1.31436989
    9   1   0       0.59333070
    9   2   1       1.40377299
   10   1   0       0.44440329
   11   1   0       0.61328062
   11   2   1       1.39281972
   12   1   0       0.59992592
   12   2   1       1.37768091
   13   1   0       0.44271129
   14   1   0       0.44726542
   15   1   0       0.59600942
   15   2   1       1.40602729
   16   1   0       0.62295393
   16   2   1       1.34102714
   17   1   0       0.61300170
   17   2   1       1.40451600
   18   1   0       0.44629126
   19   1   0       0.61678255
   19   2   1       1.40027804
   20   1   0       0.62054826
   20   2   1       1.34478794
   21   1   0       0.59431046
   21   2   1       1.38001635
   22   1   0       0.44740684
   23   1   0       0.62088034
   23   2   1       1.39903717
   24   1   0       0.45132445
   25   1   0       0.44350597
   26   1   0       0.44244222
   27   1   0       0.59391990
   27   2   1       1.38287360
   28   1   0       0.61988408
   28   2   1       1.39194234
   29   1   0       0.45177049
   30   1   0       0.61843316
   30   2   1       1.39886479
   31   1   0       0.61262085
   31   2   1       1.40020887
   32   1   0       0.44995438
   33   1   0       0.61535806
   33   2   1       1.39582024
   34   1   0       0.44417892
   35   1   0       0.45017916
   36   1   0       0.45610246
   37   1   0       0.58633797
   37   2   1       1.39533055
   38   1   0       0.61797699
   38   2   1       1.43752597
   39   1   0       0.58492071
   39   2   1       1.38972027
   40   1   0       0.61685312
   40   2   1       1.43531977
   41   1   0       0.58500291
   41   2   1       1.38828610
   42   1   0       0.45185383
   43   1   0       0.62335336
   43   2   1       1.46040860
   44   1   0       0.61694109
   44   2   1       1.46083764
   45   1   0       0.58482340
   45   2   1       1.39599502
   46   1   0       0.44987040
   47   1   0       0.61978495
   47   2   1       1.42457803
   48   1   0       0.58191488
   48   2   1       1.38340276
   49   1   0       0.46515777
   50   1   0       0.46539615
   51   1   0       0.58571300
   51   2   1       1.39055065
   52   1   0       0.62106554
   52   2   1       1.43348812
   53   1   0       0.61410301
   53   2   1       1.42804350
   54   1   0       0.44856617
   55   1   0       0.61760599
   55   2   1       1.44571458
   56   1   0       0.62483637
   56   2   1       1.46115648
   57   1   0       0.58263980
   57   2   1       1.39438734
   58   1   0       0.45162186
   59   1   0       0.61618400
   59   2   1       1.42050986
   60   1   0       0.45050937
   61   1   0       0.46594064
   62   1   0       0.46585921
   63   1   0       0.58591162
   63   2   1       1.38833443
   64   1   0       0.61619559
   64   2   1       1.42684984
   65   1   0       0.45035371
   66   1   0       0.61652100
   66   2   1       1.45084495
   67   1   0       0.61609391
   67   2   1       1.43498692
   68   1   0       0.45560143
   69   1   0       0.61583474
   69   2   1       1.42992568
   70   1   0       0.45688998
   71   1   0       0.45181041
   72   1   0       0.46172325

Orbital populations (down)
 Atom Sh.   l   m       Population  Label
    1   1   0   0       0.59265698  s
    1   2   1  -1       0.48346490  p_y
    1   2   1   0       0.46031104  p_z
    1   2   1   1       0.45933227  p_x
    2   1   0   0       0.62146978  s
    2   2   1  -1       0.42632178  p_y
    2   2   1   0       0.44865849  p_z
    2   2   1   1       0.46427258  p_x
    3   1   0   0       0.59621317  s
    3   2   1  -1       0.48385787  p_y
    3   2   1   0       0.45931948  p_z
    3   2   1   1       0.45991375  p_x
    4   1   0   0       0.61982135  s
    4   2   1  -1       0.41069449  p_y
    4   2   1   0       0.44767688  p_z
    4   2   1   1       0.46112891  p_x
    5   1   0   0       0.58988864  s
    5   2   1  -1       0.46637644  p_y
    5   2   1   0       0.45899273  p_z
    5   2   1   1       0.45688999  p_x
    6   1   0   0       0.44696550  s
    7   1   0   0       0.62331717  s
    7   2   1  -1       0.42682449  p_y
    7   2   1   0       0.44354274  p_z
    7   2   1   1       0.46894432  p_x
    8   1   0   0       0.62235967  s
    8   2   1  -1       0.40587310  p_y
    8   2   1   0       0.44425468  p_z
    8   2   1   1       0.46424212  p_x
    9   1   0   0       0.59333070  s
    9   2   1  -1       0.48499548  p_y
    9   2   1   0       0.46029941  p_z
    9   2   1   1       0.45847810  p_x
   10   1   0   0       0.44440329  s
   11   1   0   0       0.61328062  s
   11   2   1  -1       0.46302212  p_y
   11   2   1   0       0.45854514  p_z
   11   2   1   1       0.47125246  p_x
   12   1   0   0       0.59992592  s
   12   2   1  -1       0.46862230  p_y
   12   2   1   0       0.45107092  p_z
   12   2   1   1       0.45798768  p_x
   13   1   0   0       0.44271129  s
   14   1   0   0       0.44726542  s
   15   1   0   0       0.59600942  s
   15   2   1  -1       0.48611350  p_y
   15   2   1   0       0.46040575  p_z
   15   2   1   1       0.45950803  p_x
   16   1   0   0       0.62295393  s
   16   2   1  -1       0.42627633  p_y
   16   2   1   0       0.44610123  p_z
   16   2   1   1       0.46864957  p_x
   17   1   0   0       0.61300170  s
   17   2   1  -1       0.46624118  p_y
   17   2   1   0       0.47107446  p_z
   17   2   1   1       0.46720037  p_x
   18   1   0   0       0.44629126  s
   19   1   0   0       0.61678255  s
   19   2   1  -1       0.46887808  p_y
   19   2   1   0       0.45458937  p_z
   19   2   1   1       0.47681058  p_x
   20   1   0   0       0.62054826  s
   20   2   1  -1       0.42511149  p_y
   20   2   1   0       0.45002858  p_z
   20   2   1   1       0.46964788  p_x
   21   1   0   0       0.59431046  s
   21   2   1  -1       0.46981607  p_y
   21   2   1   0       0.45456185  p_z
   21   2   1   1       0.45563843  p_x
   22   1   0   0       0.44740684  s
   23   1   0   0       0.62088034  s
   23   2   1  -1       0.46711427  p_y
   23   2   1   0       0.47179993  p_z
   23   2   1   1       0.46012297  p_x
   24   1   0   0       0.45132445  s
   25   1   0   0       0.44350597  s
   26   1   0   0       0.44244222  s
   27   1   0   0       0.59391990  s
   27   2   1  -1       0.47000948  p_y
   27   2   1   0       0.45119890  p_z
   27   2   1   1       0.46166522  p_x
   28   1   0   0       0.61988408  s
   28   2   1  -1       0.46402463  p_y
   28   2   1   0       0.45378661  p_z
   28   2   1   1       0.47413109  p_x
   29   1   0   0       0.45177049  s
   30   1   0   0       0.61843316  s
   30   2   1  -1       0.46900210  p_y
   30   2   1   0       0.45577417  p_z
   30   2   1   1       0.47408852  p_x
   31   1   0   0       0.61262085  s
   31   2   1  -1       0.46695884  p_y
   31   2   1   0       0.47254131  p_z
   31   2   1   1       0.46070872  p_x
   32   1   0   0       0.44995438  s
   33   1   0   0       0.61535806  s
   33   2   1  -1       0.46381247  p_y
   33   2   1   0       0.46823747  p_z
   33   2   1   1       0.46377030  p_x
   34   1   0   0       0.44417892  s
   35   1   0   0       0.45017916  s
   36   1   0   0       0.45610246  s
   37   1   0   0       0.58633797  s
   37   2   1  -1       0.48173228  p_y
   37   2   1   0       0.44921583  p_z
   37   2   1   1       0.46438245  p_x
   38   1   0   0       0.61797699  s
   38   2   1  -1       0.49591049  p_y
   38   2   1   0       0.45843481  p_z
   38   2   1   1       0.48318067  p_x
   39   1   0   0       0.58492071  s
   39   2   1  -1       0.47834135  p_y
   39   2   1   0       0.44645751  p_z
   39   2   1   1       0.46492141  p_x
   40   1   0   0       0.61685312  s
   40   2   1  -1       0.49363062  p_y
   40   2   1   0       0.45956645  p_z
   40   2   1   1       0.48212270  p_x
   41   1   0   0       0.58500291  s
   41   2   1  -1       0.47759859  p_y
   41   2   1   0       0.44876200  p_z
   41   2   1   1       0.46192551  p_x
   42   1   0   0       0.45185383  s
   43   1   0   0       0.62335336  s
   43   2   1  -1       0.52349644  p_y
   43   2   1   0       0.45767328  p_z
   43   2   1   1       0.47923888  p_x
   44   1   0   0       0.61694109  s
   44   2   1  -1       0.52324903  p_y
   44   2   1   0       0.45773482  p_z
   44   2   1   1       0.47985378  p_x
   45   1   0   0       0.58482340  s
   45   2   1  -1       0.48433716  p_y
   45   2   1   0       0.44609871  p_z
   45   2   1   1       0.46555914  p_x
   46   1   0   0       0.44987040  s
   47   1   0   0       0.61978495  s
   47   2   1  -1       0.48786695  p_y
   47   2   1   0       0.45985691  p_z
   47   2   1   1       0.47685417  p_x
   48   1   0   0       0.58191488  s
   48   2   1  -1       0.47560458  p_y
   48   2   1   0       0.44579396  p_z
   48   2   1   1       0.46200421  p_x
   49   1   0   0       0.46515777  s
   50   1   0   0       0.46539615  s
   51   1   0   0       0.58571300  s
   51   2   1  -1       0.47807287  p_y
   51   2   1   0       0.44732621  p_z
   51   2   1   1       0.46515158  p_x
   52   1   0   0       0.62106554  s
   52   2   1  -1       0.49322359  p_y
   52   2   1   0       0.45682335  p_z
   52   2   1   1       0.48344118  p_x
   53   1   0   0       0.61410301  s
   53   2   1  -1       0.49248993  p_y
   53   2   1   0       0.46380947  p_z
   53   2   1   1       0.47174411  p_x
   54   1   0   0       0.44856617  s
   55   1   0   0       0.61760599  s
   55   2   1  -1       0.51134481  p_y
   55   2   1   0       0.45863862  p_z
   55   2   1   1       0.47573114  p_x
   56   1   0   0       0.62483637  s
   56   2   1  -1       0.51550289  p_y
   56   2   1   0       0.45644961  p_z
   56   2   1   1       0.48920398  p_x
   57   1   0   0       0.58263980  s
   57   2   1  -1       0.48296587  p_y
   57   2   1   0       0.44447700  p_z
   57   2   1   1       0.46694448  p_x
   58   1   0   0       0.45162186  s
   59   1   0   0       0.61618400  s
   59   2   1  -1       0.48170494  p_y
   59   2   1   0       0.47258138  p_z
   59   2   1   1       0.46622354  p_x
   60   1   0   0       0.45050937  s
   61   1   0   0       0.46594064  s
   62   1   0   0       0.46585921  s
   63   1   0   0       0.58591162  s
   63   2   1  -1       0.47775233  p_y
   63   2   1   0       0.44533961  p_z
   63   2   1   1       0.46524249  p_x
   64   1   0   0       0.61619559  s
   64   2   1  -1       0.49322592  p_y
   64   2   1   0       0.45622748  p_z
   64   2   1   1       0.47739643  p_x
   65   1   0   0       0.45035371  s
   66   1   0   0       0.61652100  s
   66   2   1  -1       0.50111739  p_y
   66   2   1   0       0.45923675  p_z
   66   2   1   1       0.49049081  p_x
   67   1   0   0       0.61609391  s
   67   2   1  -1       0.49296701  p_y
   67   2   1   0       0.47088218  p_z
   67   2   1   1       0.47113773  p_x
   68   1   0   0       0.45560143  s
   69   1   0   0       0.61583474  s
   69   2   1  -1       0.49035498  p_y
   69   2   1   0       0.46285995  p_z
   69   2   1   1       0.47671075  p_x
   70   1   0   0       0.45688998  s
   71   1   0   0       0.45181041  s
   72   1   0   0       0.46172325  s

Spin  up
Fermi level:                        -0.2259390039 H           -6.1481 eV
Band energy:                       -48.0903943192 H        -1308.6062 eV
TS:                                  0.0000000000 H            0.0000 eV
Band free energy (E-TS):           -48.0903943192 H        -1308.6062 eV
Extrapolated E(0K):                -48.0903943192 H        -1308.6062 eV
Input / Output electrons (up):    102.0000000001    102.0000000000

Spin  down
Fermi level:                        -0.2433277290 H           -6.6213 eV
Band energy:                       -47.7516022454 H        -1299.3872 eV
TS:                                  0.0000000000 H            0.0000 eV
Band free energy (E-TS):           -47.7516022454 H        -1299.3872 eV
Extrapolated E(0K):                -47.7516022454 H        -1299.3872 eV
Input / Output electrons (down):    100.9999999999    101.0000000000

Energy H0:                         -86.2918603632 H        -2348.1210 eV
Energy SCC:                          0.0237238824 H            0.6456 eV
Energy SPIN:                        -0.0015556583 H           -0.0423 eV
Energy 3rd:                          0.0000380908 H            0.0010 eV
Total Electronic energy:           -86.2696540484 H        -2347.5167 eV
Repulsive energy:                    0.7644060814 H           20.8005 eV
Total energy:                      -85.5052479670 H        -2326.7162 eV
Extrapolated to 0:                 -85.5052479670 H        -2326.7162 eV
Total Mermin free energy:          -85.5052479670 H        -2326.7162 eV
Force related energy:              -85.5052479670 H        -2326.7162 eV

Constraints converged

SCC converged

